[TensorRT-Cookbook] Version: 1.0.0
[08/27/2026-02:56:15] [TRT] [W] ModelImporter.cpp:1047: Make sure output z has Int64 binding.
[08/27/2026-02:56:26] [TRT] [W] Using default stream in enqueueV3() may lead to performance issues due to additional calls to cudaStreamSynchronize() by TensorRT to ensure correct synchronization. Please use non-default stream instead.
Input ->DataType.FLOAT, (-1, 1, 28, 28), (1, 1, 28, 28), x
Output->DataType.FLOAT, (-1, 10), (1, 10), y
Output->DataType.INT64, (-1,), (1,), z
Engine information (txt format):
Layers:
Name: Reformatting CopyNode for Input Tensor 0 to node_conv2d + node_relu, LayerType: NoOp, Inputs: [ { Name: x, Location: Device, Dimensions: [1,1,28,28], Datatype: Float, Format: (Linear) Row major linear format }], Outputs: [ { Name: Reformatted Input Tensor 0 to node_conv2d + node_relu, Location: Device, Dimensions: [1,1,28,28], Datatype: Float, Format: (NHWC) Channel major format }], TacticValue: 0x0000000000000000, StreamId: 0, Metadata:
Name: node_conv2d + node_relu, LayerType: CaskConvolution, Inputs: [ { Name: Reformatted Input Tensor 0 to node_conv2d + node_relu, Location: Device, Dimensions: [1,1,28,28], Datatype: Float, Format: (NHWC) Channel major format }], Outputs: [ { Name: relu, Location: Device, Dimensions: [1,32,28,28], Datatype: Float, Format: (NHWC) Channel major format }], ParameterType: Convolution, Kernel: [5,5], PaddingMode: kEXPLICIT_ROUND_DOWN, PrePadding: [2,2], PostPadding: [2,2], Stride: [1,1], Dilation: [1,1], OutMaps: 32, Groups: 1, Weights: {"Type": "Float", "Count": 800}, Bias: {"Type": "Float", "Count": 32}, HasBias: 1, HasReLU: 1, HasSparseWeights: 0, HasDynamicFilter: 0, HasDynamicBias: 0, HasResidual: 0, ConvXAsActInputIdx: -1, BiasAsActInputIdx: -1, ResAsActInputIdx: -1, Activation: RELU, TacticName: sm80_xmma_fprop_implicit_gemm_indexed_wo_smem_f32f32_tf32f32_f32_nhwckrsc_nhwc_tilesize128x16x32_stage1_warpsize4x1x1_g1_tensor16x8x8_aligna4_alignc4, TacticValue: 0xcf8ea142095f02d2, StreamId: 0, Metadata: [ONNX Layer: node_conv2d][ONNX Layer: node_relu]
Name: Reformatting CopyNode for Input Tensor 0 to node_max_pool2d, LayerType: NoOp, Inputs: [ { Name: relu, Location: Device, Dimensions: [1,32,28,28], Datatype: Float, Format: (NHWC) Channel major format }], Outputs: [ { Name: Reformatted Input Tensor 0 to node_max_pool2d, Location: Device, Dimensions: [1,32,28,28], Datatype: Float, Format: (NHWC4) Channel major format where channel % 4 == 0 }], TacticValue: 0x0000000000000000, StreamId: 0, Metadata:
Name: node_max_pool2d, LayerType: CaskPooling, Inputs: [ { Name: Reformatted Input Tensor 0 to node_max_pool2d, Location: Device, Dimensions: [1,32,28,28], Datatype: Float, Format: (NHWC4) Channel major format where channel % 4 == 0 }], Outputs: [ { Name: max_pool2d, Location: Device, Dimensions: [1,32,14,14], Datatype: Float, Format: (NHWC4) Channel major format where channel % 4 == 0 }], ParameterType: Pooling, PoolingType: MAX, WindowSize: [2,2], PaddingMode: kEXPLICIT_ROUND_DOWN, PrePadding: [0,0], PostPadding: [0,0], Stride: [2,2], BlendFactor: 0, AverageCountExcludesPadding: 1, TacticName: sm50_xmma_pooling_max_nhwc_FP32FP32_WINDOWSIZE_0_PROPAGATE_NAN_2D, TacticValue: 0x8382d5c464539e87, StreamId: 0, Metadata: [ONNX Layer: node_max_pool2d]
Name: node_conv2d_1 + node_relu_1, LayerType: CaskConvolution, Inputs: [ { Name: max_pool2d, Location: Device, Dimensions: [1,32,14,14], Datatype: Float, Format: (NHWC4) Channel major format where channel % 4 == 0 }], Outputs: [ { Name: relu_1, Location: Device, Dimensions: [1,64,14,14], Datatype: Float, Format: (NHWC4) Channel major format where channel % 4 == 0 }], ParameterType: Convolution, Kernel: [5,5], PaddingMode: kEXPLICIT_ROUND_DOWN, PrePadding: [2,2], PostPadding: [2,2], Stride: [1,1], Dilation: [1,1], OutMaps: 64, Groups: 1, Weights: {"Type": "Float", "Count": 51200}, Bias: {"Type": "Float", "Count": 64}, HasBias: 1, HasReLU: 1, HasSparseWeights: 0, HasDynamicFilter: 0, HasDynamicBias: 0, HasResidual: 0, ConvXAsActInputIdx: -1, BiasAsActInputIdx: -1, ResAsActInputIdx: -1, Activation: RELU, TacticName: sm90_xmma_fprop_implicit_gemm_f32f32_tf32f32_f32_nhwckrsc_nhwc_tilesize64x32x32_cgasize1x1x1_warpgroupsize1x1x1_g1_beta0, TacticValue: 0xee5f2503f9e3e566, StreamId: 0, Metadata: [ONNX Layer: node_conv2d_1][ONNX Layer: node_relu_1]
Name: Reformatting CopyNode for Input Tensor 0 to node_max_pool2d_1, LayerType: Reformat, Inputs: [ { Name: relu_1, Location: Device, Dimensions: [1,64,14,14], Datatype: Float, Format: (NHWC4) Channel major format where channel % 4 == 0 }], Outputs: [ { Name: Reformatted Input Tensor 0 to node_max_pool2d_1, Location: Device, Dimensions: [1,64,14,14], Datatype: Float, Format: (Linear) Row major linear format }], ParameterType: Reformat, Origin: REFORMAT, TacticValue: 0x0000000000000000, StreamId: 0, Metadata:
Name: node_max_pool2d_1, LayerType: CaskPooling, Inputs: [ { Name: Reformatted Input Tensor 0 to node_max_pool2d_1, Location: Device, Dimensions: [1,64,14,14], Datatype: Float, Format: (Linear) Row major linear format }], Outputs: [ { Name: max_pool2d_1, Location: Device, Dimensions: [1,64,7,7], Datatype: Float, Format: (Linear) Row major linear format }], ParameterType: Pooling, PoolingType: MAX, WindowSize: [2,2], PaddingMode: kEXPLICIT_ROUND_DOWN, PrePadding: [0,0], PostPadding: [0,0], Stride: [2,2], BlendFactor: 0, AverageCountExcludesPadding: 1, TacticName: sm50_xmma_pooling_tiled_FP32NCHW_kMAX_tP2_tQ16_tR2_tS2_tU2_tV2_tUnroll5_tThreads128, TacticValue: 0x0090bbea764abf95, StreamId: 0, Metadata: [ONNX Layer: node_max_pool2d_1]
Name: __mye258_0_myl7_0, LayerType: shape_call, Inputs: [], Constants: [], Outputs: [], TacticName: , StreamId: 0, Metadata:
Name: node_linear_myl7_1, LayerType: gemm, Inputs: [ { Name: max_pool2d_1, Dimensions: [-1,3136], Strides: [3136,1], StrideOrder: [1,0], Datatype: Float, Format: (Linear) Row major linear format }], Constants: [ { Name: gemm1.weight_constantFloat_myl7, Dimensions: [3136,1024], Strides: [1,3136], StrideOrder: [0,1], Datatype: Float, Format: (Transposed) Transposed format }, { Name: __mye807node_linear_alpha_myl7, Dimensions: [1], Strides: [1], StrideOrder: [0], Datatype: Float, Format: (Linear) Row major linear format }, { Name: __mye808node_linear_beta_myl7, Dimensions: [1], Strides: [1], StrideOrder: [0], Datatype: Float, Format: (Linear) Row major linear format }, { Name: gemm1.bias + ONNXTRT_Broadcast_constantFloat_myl7, Dimensions: [1,1024], Strides: [1024,1], StrideOrder: [1,0], Datatype: Float, Format: (Linear) Row major linear format }], Outputs: [ { Name: y.1_4_myl7, Dimensions: [-1,1024], Strides: [1024,1], StrideOrder: [1,0], Datatype: Float, Format: (Linear) Row major linear format }], TacticName: sm80_xmma_gemm_f32f32_tf32f32_f32_tn_n_tilesize32x32x64_stage3_warpsize2x1x2_tensor16x8x8, StreamId: 0, Metadata: [ONNX Layer: node_linear][ONNX Layer: node_relu_2]
Name: node_linear_1_2_myl7_2, LayerType: gemm, Inputs: [ { Name: y.1_4_myl7, Dimensions: [-1,1024], Strides: [1024,1], StrideOrder: [1,0], Datatype: Float, Format: (Linear) Row major linear format }], Constants: [ { Name: __mye911dconst_myl7, Dimensions: [1024,10], Strides: [10,1], StrideOrder: [1,0], Datatype: Float, Format: (Linear) Row major linear format }, { Name: __mye821node_linear_1_2_alpha_myl7, Dimensions: [1], Strides: [1], StrideOrder: [0], Datatype: Float, Format: (Linear) Row major linear format }, { Name: __mye822node_linear_1_2_beta_myl7, Dimensions: [1], Strides: [1], StrideOrder: [0], Datatype: Float, Format: (Linear) Row major linear format }, { Name: gemm2.bias + ONNXTRT_Broadcast_4_constantFloat_myl7, Dimensions: [1,10], Strides: [10,1], StrideOrder: [1,0], Datatype: Float, Format: (Linear) Row major linear format }], Outputs: [ { Name: y, Dimensions: [-1,10], Strides: [10,1], StrideOrder: [1,0], Datatype: Float, Format: (Linear) Row major linear format }], TacticName: sm80_xmma_gemm_f32f32_tf32f32_f32_nn_n_tilesize32x32x64_stage3_warpsize2x2x1_tensor16x8x8_aligna4_alignc4, StreamId: 0, Metadata: [ONNX Layer: node_linear_1]
Name: __myl_MaxrSubExpSum_myl7_3, LayerType: kgen, Inputs: [ { Name: y, Dimensions: [-1,10], Strides: [10,1], StrideOrder: [1,0], Datatype: Float, Format: (Linear) Row major linear format }, { Name: y, Dimensions: [-1,10], Strides: [10,1], StrideOrder: [1,0], Datatype: Float, Format: (Linear) Row major linear format }], Constants: [], Outputs: [ { Name: __myln_k_arg__bb1_7_myl7, Dimensions: [-1,1], Strides: [1,1], StrideOrder: [1,0], Datatype: Float, Format: (Linear) Row major linear format }, { Name: __myln_k_arg__bb1_6_myl7, Dimensions: [-1,10], Strides: [10,1], StrideOrder: [1,0], Datatype: Float, Format: (Linear) Row major linear format }], TacticName: __myl_MaxrSubExpSum_0x9b491439b1ec4f930b7aee6b500a5b14, StreamId: 0, Metadata: [ONNX Layer: node_softmax]
Name: __myl_DivTopk_myl7_4, LayerType: kgen, Inputs: [ { Name: __myln_k_arg__bb1_6_myl7, Dimensions: [-1,10], Strides: [10,1], StrideOrder: [1,0], Datatype: Float, Format: (Linear) Row major linear format }, { Name: __myln_k_arg__bb1_7_myl7, Dimensions: [-1,1], Strides: [1,1], StrideOrder: [1,0], Datatype: Float, Format: (Linear) Row major linear format }], Constants: [], Outputs: [ { Name: node_argmax_output.1_myl7, Dimensions: [-1,1], Strides: [1,1], StrideOrder: [1,0], Datatype: Float, Format: (Linear) Row major linear format }, { Name: __myln_k_arg__bb1_9_myl7, Dimensions: [-1,1], Strides: [1,1], StrideOrder: [1,0], Datatype: Int32, Format: (Linear) Row major linear format }], TacticName: __myl_DivTopk_0xd338bd079653ea9f37a999777c298fb5, StreamId: 0, Metadata: [ONNX Layer: node_softmax][ONNX Layer: node_argmax]
Name: __myl_CastReshCast_myl7_5, LayerType: kgen, Inputs: [ { Name: __myln_k_arg__bb1_9_myl7, Dimensions: [-1,1], Strides: [1,1], StrideOrder: [1,0], Datatype: Int32, Format: (Linear) Row major linear format }], Constants: [], Outputs: [ { Name: z, Dimensions: [-1], Strides: [1], StrideOrder: [0], Datatype: Int64, Format: (Linear) Row major linear format }], TacticName: __myl_CastReshCast_0x7e556c1fcf49ff5863fbd50ee9d770ed, StreamId: 0, Metadata:
Name: Reformatting CopyNode for Input Tensor 0 to node_conv2d + node_relu [profile 1], LayerType: NoOp, Inputs: [ { Name: x [profile 1], Location: Device, Dimensions: [1,1,28,28], Datatype: Float, Format: (Linear) Row major linear format }], Outputs: [ { Name: Reformatted Input Tensor 0 to node_conv2d + node_relu [profile 1], Location: Device, Dimensions: [1,1,28,28], Datatype: Float, Format: (NHWC) Channel major format }], TacticValue: 0x0000000000000000, StreamId: 0, Metadata:
Name: node_conv2d + node_relu [profile 1], LayerType: CaskConvolution, Inputs: [ { Name: Reformatted Input Tensor 0 to node_conv2d + node_relu [profile 1], Location: Device, Dimensions: [1,1,28,28], Datatype: Float, Format: (NHWC) Channel major format }], Outputs: [ { Name: relu [profile 1], Location: Device, Dimensions: [1,32,28,28], Datatype: Float, Format: (NHWC) Channel major format }], ParameterType: Convolution, Kernel: [5,5], PaddingMode: kEXPLICIT_ROUND_DOWN, PrePadding: [2,2], PostPadding: [2,2], Stride: [1,1], Dilation: [1,1], OutMaps: 32, Groups: 1, Weights: {"Type": "Float", "Count": 800}, Bias: {"Type": "Float", "Count": 32}, HasBias: 1, HasReLU: 1, HasSparseWeights: 0, HasDynamicFilter: 0, HasDynamicBias: 0, HasResidual: 0, ConvXAsActInputIdx: -1, BiasAsActInputIdx: -1, ResAsActInputIdx: -1, Activation: RELU, TacticName: sm80_xmma_fprop_implicit_gemm_indexed_wo_smem_f32f32_tf32f32_f32_nhwckrsc_nhwc_tilesize128x16x32_stage1_warpsize4x1x1_g1_tensor16x8x8_aligna4_alignc4, TacticValue: 0xcf8ea142095f02d2, StreamId: 0, Metadata: [ONNX Layer: node_conv2d][ONNX Layer: node_relu]
Name: Reformatting CopyNode for Input Tensor 0 to node_max_pool2d [profile 1], LayerType: NoOp, Inputs: [ { Name: relu [profile 1], Location: Device, Dimensions: [1,32,28,28], Datatype: Float, Format: (NHWC) Channel major format }], Outputs: [ { Name: Reformatted Input Tensor 0 to node_max_pool2d [profile 1], Location: Device, Dimensions: [1,32,28,28], Datatype: Float, Format: (NHWC4) Channel major format where channel % 4 == 0 }], TacticValue: 0x0000000000000000, StreamId: 0, Metadata:
Name: node_max_pool2d [profile 1], LayerType: CaskPooling, Inputs: [ { Name: Reformatted Input Tensor 0 to node_max_pool2d [profile 1], Location: Device, Dimensions: [1,32,28,28], Datatype: Float, Format: (NHWC4) Channel major format where channel % 4 == 0 }], Outputs: [ { Name: max_pool2d [profile 1], Location: Device, Dimensions: [1,32,14,14], Datatype: Float, Format: (NHWC4) Channel major format where channel % 4 == 0 }], ParameterType: Pooling, PoolingType: MAX, WindowSize: [2,2], PaddingMode: kEXPLICIT_ROUND_DOWN, PrePadding: [0,0], PostPadding: [0,0], Stride: [2,2], BlendFactor: 0, AverageCountExcludesPadding: 1, TacticName: sm50_xmma_pooling_max_nhwc_FP32FP32_WINDOWSIZE_0_PROPAGATE_NAN_2D, TacticValue: 0x8382d5c464539e87, StreamId: 0, Metadata: [ONNX Layer: node_max_pool2d]
Name: node_conv2d_1 + node_relu_1 [profile 1], LayerType: CaskConvolution, Inputs: [ { Name: max_pool2d [profile 1], Location: Device, Dimensions: [1,32,14,14], Datatype: Float, Format: (NHWC4) Channel major format where channel % 4 == 0 }], Outputs: [ { Name: relu_1 [profile 1], Location: Device, Dimensions: [1,64,14,14], Datatype: Float, Format: (NHWC4) Channel major format where channel % 4 == 0 }], ParameterType: Convolution, Kernel: [5,5], PaddingMode: kEXPLICIT_ROUND_DOWN, PrePadding: [2,2], PostPadding: [2,2], Stride: [1,1], Dilation: [1,1], OutMaps: 64, Groups: 1, Weights: {"Type": "Float", "Count": 51200}, Bias: {"Type": "Float", "Count": 64}, HasBias: 1, HasReLU: 1, HasSparseWeights: 0, HasDynamicFilter: 0, HasDynamicBias: 0, HasResidual: 0, ConvXAsActInputIdx: -1, BiasAsActInputIdx: -1, ResAsActInputIdx: -1, Activation: RELU, TacticName: sm90_xmma_fprop_implicit_gemm_f32f32_tf32f32_f32_nhwckrsc_nhwc_tilesize64x32x32_cgasize1x1x1_warpgroupsize1x1x1_g1_beta0, TacticValue: 0xee5f2503f9e3e566, StreamId: 0, Metadata: [ONNX Layer: node_conv2d_1][ONNX Layer: node_relu_1]
Name: Reformatting CopyNode for Input Tensor 0 to node_max_pool2d_1 [profile 1], LayerType: Reformat, Inputs: [ { Name: relu_1 [profile 1], Location: Device, Dimensions: [1,64,14,14], Datatype: Float, Format: (NHWC4) Channel major format where channel % 4 == 0 }], Outputs: [ { Name: Reformatted Input Tensor 0 to node_max_pool2d_1 [profile 1], Location: Device, Dimensions: [1,64,14,14], Datatype: Float, Format: (Linear) Row major linear format }], ParameterType: Reformat, Origin: REFORMAT, TacticValue: 0x0000000000000000, StreamId: 0, Metadata:
Name: node_max_pool2d_1 [profile 1], LayerType: CaskPooling, Inputs: [ { Name: Reformatted Input Tensor 0 to node_max_pool2d_1 [profile 1], Location: Device, Dimensions: [1,64,14,14], Datatype: Float, Format: (Linear) Row major linear format }], Outputs: [ { Name: max_pool2d_1 [profile 1], Location: Device, Dimensions: [1,64,7,7], Datatype: Float, Format: (Linear) Row major linear format }], ParameterType: Pooling, PoolingType: MAX, WindowSize: [2,2], PaddingMode: kEXPLICIT_ROUND_DOWN, PrePadding: [0,0], PostPadding: [0,0], Stride: [2,2], BlendFactor: 0, AverageCountExcludesPadding: 1, TacticName: sm50_xmma_pooling_tiled_FP32NCHW_kMAX_tP2_tQ16_tR2_tS2_tU2_tV2_tUnroll5_tThreads128, TacticValue: 0x0090bbea764abf95, StreamId: 0, Metadata: [ONNX Layer: node_max_pool2d_1]
Name: __mye258_0_myl15_0, LayerType: shape_call, Inputs: [], Constants: [], Outputs: [], TacticName: , StreamId: 0, Metadata:
Name: node_linear [profile 1]_myl15_1, LayerType: gemm, Inputs: [ { Name: max_pool2d_1 [profile 1], Dimensions: [-1,3136], Strides: [3136,1], StrideOrder: [1,0], Datatype: Float, Format: (Linear) Row major linear format }], Constants: [ { Name: gemm1.weight_constantFloat_myl15, Dimensions: [3136,1024], Strides: [1,3136], StrideOrder: [0,1], Datatype: Float, Format: (Transposed) Transposed format }, { Name: __mye807node_linear [profile 1]_alpha_myl15, Dimensions: [1], Strides: [1], StrideOrder: [0], Datatype: Float, Format: (Linear) Row major linear format }, { Name: __mye808node_linear [profile 1]_beta_myl15, Dimensions: [1], Strides: [1], StrideOrder: [0], Datatype: Float, Format: (Linear) Row major linear format }, { Name: gemm1.bias + ONNXTRT_Broadcast_constantFloat_myl15, Dimensions: [1,1024], Strides: [1024,1], StrideOrder: [1,0], Datatype: Float, Format: (Linear) Row major linear format }], Outputs: [ { Name: y [profile 1].1_4_myl15, Dimensions: [-1,1024], Strides: [1024,1], StrideOrder: [1,0], Datatype: Float, Format: (Linear) Row major linear format }], TacticName: sm80_xmma_gemm_f32f32_tf32f32_f32_tn_n_tilesize32x32x64_stage3_warpsize2x1x2_tensor16x8x8, StreamId: 0, Metadata: [ONNX Layer: node_linear][ONNX Layer: node_relu_2]
Name: node_linear_1_2 [profile 1]_myl15_2, LayerType: gemm, Inputs: [ { Name: y [profile 1].1_4_myl15, Dimensions: [-1,1024], Strides: [1024,1], StrideOrder: [1,0], Datatype: Float, Format: (Linear) Row major linear format }], Constants: [ { Name: __mye911dconst_myl15, Dimensions: [1024,10], Strides: [10,1], StrideOrder: [1,0], Datatype: Float, Format: (Linear) Row major linear format }, { Name: __mye821node_linear_1_2 [profile 1]_alpha_myl15, Dimensions: [1], Strides: [1], StrideOrder: [0], Datatype: Float, Format: (Linear) Row major linear format }, { Name: __mye822node_linear_1_2 [profile 1]_beta_myl15, Dimensions: [1], Strides: [1], StrideOrder: [0], Datatype: Float, Format: (Linear) Row major linear format }, { Name: gemm2.bias + ONNXTRT_Broadcast_4_constantFloat_myl15, Dimensions: [1,10], Strides: [10,1], StrideOrder: [1,0], Datatype: Float, Format: (Linear) Row major linear format }], Outputs: [ { Name: y [profile 1], Dimensions: [-1,10], Strides: [10,1], StrideOrder: [1,0], Datatype: Float, Format: (Linear) Row major linear format }], TacticName: sm80_xmma_gemm_f32f32_tf32f32_f32_nn_n_tilesize32x32x64_stage3_warpsize2x2x1_tensor16x8x8_aligna4_alignc4, StreamId: 0, Metadata: [ONNX Layer: node_linear_1]
Name: __myl_MaxrSubExpSum_myl15_3, LayerType: kgen, Inputs: [ { Name: y [profile 1], Dimensions: [-1,10], Strides: [10,1], StrideOrder: [1,0], Datatype: Float, Format: (Linear) Row major linear format }, { Name: y [profile 1], Dimensions: [-1,10], Strides: [10,1], StrideOrder: [1,0], Datatype: Float, Format: (Linear) Row major linear format }], Constants: [], Outputs: [ { Name: __myln_k_arg__bb1_7_myl15, Dimensions: [-1,1], Strides: [1,1], StrideOrder: [1,0], Datatype: Float, Format: (Linear) Row major linear format }, { Name: __myln_k_arg__bb1_6_myl15, Dimensions: [-1,10], Strides: [10,1], StrideOrder: [1,0], Datatype: Float, Format: (Linear) Row major linear format }], TacticName: __myl_MaxrSubExpSum_0x9b491439b1ec4f930b7aee6b500a5b14, StreamId: 0, Metadata: [ONNX Layer: node_softmax]
Name: __myl_DivTopk_myl15_4, LayerType: kgen, Inputs: [ { Name: __myln_k_arg__bb1_6_myl15, Dimensions: [-1,10], Strides: [10,1], StrideOrder: [1,0], Datatype: Float, Format: (Linear) Row major linear format }, { Name: __myln_k_arg__bb1_7_myl15, Dimensions: [-1,1], Strides: [1,1], StrideOrder: [1,0], Datatype: Float, Format: (Linear) Row major linear format }], Constants: [], Outputs: [ { Name: node_argmax_output [profile 1].1_myl15, Dimensions: [-1,1], Strides: [1,1], StrideOrder: [1,0], Datatype: Float, Format: (Linear) Row major linear format }, { Name: __myln_k_arg__bb1_9_myl15, Dimensions: [-1,1], Strides: [1,1], StrideOrder: [1,0], Datatype: Int32, Format: (Linear) Row major linear format }], TacticName: __myl_DivTopk_0xd338bd079653ea9f37a999777c298fb5, StreamId: 0, Metadata: [ONNX Layer: node_softmax][ONNX Layer: node_argmax]
Name: __myl_CastReshCast_myl15_5, LayerType: kgen, Inputs: [ { Name: __myln_k_arg__bb1_9_myl15, Dimensions: [-1,1], Strides: [1,1], StrideOrder: [1,0], Datatype: Int32, Format: (Linear) Row major linear format }], Constants: [], Outputs: [ { Name: z [profile 1], Dimensions: [-1], Strides: [1], StrideOrder: [0], Datatype: Int64, Format: (Linear) Row major linear format }], TacticName: __myl_CastReshCast_0x7e556c1fcf49ff5863fbd50ee9d770ed, StreamId: 0, Metadata:

I/O Tensors:
 Name: x, IOMode: Input, DataType: Float, Dimensions: [-1,1,28,28], Location: Device, IsShapeInferenceIO: false, ProfileInfo: [ { MinShape: [1,1,28,28], OptShape: [2,1,28,28], MaxShape: [4,1,28,28], Format: Row major linear FP32 format (kLINEAR) }, { MinShape: [1,1,28,28], OptShape: [2,1,28,28], MaxShape: [4,1,28,28], Format: Row major linear FP32 format (kLINEAR) }]
 Name: y, IOMode: Output, DataType: Float, Dimensions: [-1,10], Location: Device, IsShapeInferenceIO: false, ProfileInfo: [ { Format: Row major linear FP32 format (kLINEAR) }, { Format: Row major linear FP32 format (kLINEAR) }]
 Name: z, IOMode: Output, DataType: Int64, Dimensions: [-1], Location: Device, IsShapeInferenceIO: false, ProfileInfo: [ { Format: Row major linear INT64 format (kLINEAR) }, { Format: Row major linear INT64 format (kLINEAR) }]

Engine Metadata:
 Multi-Device: Disabled

x
[[[[  0.   0.   0.   0.   0.   0.   0.   0.   1.   0.   2.   1.   0.
      0.   1.   0.   0.   2.   0.   1.   1.   1.   0.   0.   0.   0.
      0.   0.]
   [  0.   0.   0.   0.   0.   0.   0.   0.   2.   2.   0.   0.   0.
      0.   1.   0.   1.   0.   0.   0.   0.   0.   0.   1.   0.   0.
      0.   0.]
   [  0.   0.   0.   0.   0.   0.   0.   0.   0.   2.   0.   2.   2.
      0.   0.   0.   0.   1.   0.   0.   2.   1.   6.   0.   0.   0.
      0.   0.]
   [  0.   0.   0.   0.   0.   0.   0.   0.   0.   1.   0.   0.   0.
      3.   0.   0.   0.   0.   2.   1.   0.   0.   0.   0.   0.   0.
      0.   0.]
   [  0.   0.   0.   0.   0.   0.   0.   0.   0.   1.   0.   3.   2.
      0.   4.  53. 129. 208. 173. 136.  10.   0.   0.   2.   0.   0.
      0.   0.]
   [  0.   0.   0.   0.   0.   0.   0.   0.   3.   0.   0.   0.   1.
     56. 173. 245. 250. 255. 251. 253. 169.   6.   0.   1.   0.   0.
      0.   0.]
   [  0.   0.   0.   0.   0.   0.   0.   0.   0.   0.   2.   3.  52.
    238. 255. 216. 109.  75. 116. 255. 250.  79.   0.   0.   0.   0.
      0.   0.]
   [  0.   0.   0.   0.   0.   0.   0.   0.   0.   0.   2.  40. 240.
    252. 128.  11.   0.   1.  51. 255. 251.  78.   0.   1.   0.   0.
      0.   0.]
   [  0.   0.   0.   0.   0.   0.   0.   0.   1.   0.  10. 181. 253.
    138.   0.   0.   0.  32. 216. 253. 203.  18.   1.   0.   0.   0.
      0.   0.]
   [  0.   0.   0.   0.   0.   0.   0.   0.   0.   3.   6. 204. 255.
     58.   1.   0. 104. 252. 254. 220.  27.   0.   3.   1.   0.   0.
      0.   0.]
   [  0.   0.   0.   0.   0.   0.   0.   0.   1.   0.   1. 172. 252.
     65.  34. 126. 239. 255. 201.  56.   3.   1.   0.   0.   0.   0.
      0.   0.]
   [  0.   0.   0.   0.   0.   0.   0.   0.   0.   2.   0. 178. 255.
    222. 228. 249. 255. 251. 192. 146.  26.   4.   0.   1.   0.   0.
      0.   0.]
   [  0.   0.   0.   0.   0.   0.   0.   0.   1.   1.   0. 140. 252.
    249. 253. 250. 185. 234. 136.  10.   2.   0.   0.   2.   0.   0.
      0.   0.]
   [  0.   0.   0.   0.   0.   0.   0.   0.   0.   1.   0.  70. 245.
    255. 252. 251. 191.  26.   2.   0.   1.   1.   3.   0.   0.   0.
      0.   0.]
   [  0.   0.   0.   0.   0.   0.   0.   0.   1.   0.   3.  38. 167.
    255. 255. 238.  17.   0.   1.   1.   0.   1.   0.   4.   0.   0.
      0.   0.]
   [  0.   0.   0.   0.   0.   0.   0.   0.   0.   0. 107. 243. 250.
    206. 202. 254. 226.  28.   0.   0.   2.   1.   1.   0.   0.   0.
      0.   0.]
   [  0.   0.   3.   1.   0.   0.   3.   0.   0. 102. 242. 253. 195.
     46.  41. 242. 253. 149.   0.   0.   2.   0.   0.   3.   0.   0.
      0.   0.]
   [  1.   1.   0.   1.   0.   1.   0.   9. 155. 253. 247. 116.  15.
      0.   0.  73. 250. 251.  52.   3.   0.   3.   3.   0.   0.   0.
      0.   0.]
   [  0.   3.   2.   0.   0.   0.   0.  41. 252. 255. 122.   0.   0.
      1.   3.  17. 254. 251.  62.   0.   0.   1.   0.   3.   0.   0.
      0.   0.]
   [  3.   0.   2.   0.   2.   4.   0. 198. 254. 220.  13.   0.   0.
      1.   0.  45. 255. 243.  42.   2.   2.   1.   0.   3.   0.   0.
      0.   0.]
   [  1.   1.   0.   0.   0.   0.  71. 248. 253.  67.   2.   1.   0.
     12. 101. 232. 251. 128.   0.   0.   0.   0.   1.   0.   0.   0.
      0.   0.]
   [  0.   2.   0.   0.   4.   0.  76. 254. 254.  80.  16.  79. 169.
    202. 254. 253. 169.   4.   0.   3.   1.   3.   1.   1.   0.   0.
      0.   0.]
   [  0.   0.   0.   3.   0.   1.  39. 227. 253. 253. 236. 255. 252.
    253. 196. 109.   6.   1.   3.   0.   0.   0.   1.   0.   0.   0.
      0.   0.]
   [  0.   1.   0.   0.   1.   1.   0.  48. 229. 255. 253. 223. 101.
     59.   0.   0.   0.   2.   0.   1.   2.   0.   1.   1.   0.   0.
      0.   0.]
   [  0.   0.   0.   0.   0.   0.   0.   0.   0.   0.   0.   0.   0.
      0.   0.   0.   0.   0.   0.   0.   0.   0.   0.   0.   0.   0.
      0.   0.]
   [  0.   0.   0.   0.   0.   0.   0.   0.   0.   0.   0.   0.   0.
      0.   0.   0.   0.   0.   0.   0.   0.   0.   0.   0.   0.   0.
      0.   0.]
   [  0.   0.   0.   0.   0.   0.   0.   0.   0.   0.   0.   0.   0.
      0.   0.   0.   0.   0.   0.   0.   0.   0.   0.   0.   0.   0.
      0.   0.]
   [  0.   0.   0.   0.   0.   0.   0.   0.   0.   0.   0.   0.   0.
      0.   0.   0.   0.   0.   0.   0.   0.   0.   0.   0.   0.   0.
      0.   0.]]]]
y
[[-5.088133   -2.3532653   6.905129    7.531381   -9.480327   -0.21823335
  -4.0191855  -2.3085804  18.147247    0.6640431 ]]
z
[8]

================ Public members of <tensorrt.tensorrt.EngineInspector object at 0x71f38c16f7b0> (instance)
 1 Callback members: ['error_recorder']
 2 Callable methods: ['get_engine_information', 'get_layer_information']
 1 Non-callable attributions: ['execution_context']
Finish
