[TensorRT-Cookbook] Version: 1.0.0
[08/28/2026-01:07:13] [TRT] [W] Using default stream in enqueueV3() may lead to performance issues due to additional calls to cudaStreamSynchronize() by TensorRT to ensure correct synchronization. Please use non-default stream instead.
============================== Start [case_hand_written_plugin,(),{}]
[check]:True,maxAbsDiff=0.000e+00,meanAbsDiff=0.000e+00,maxRelDiff=0.000e+00,meanRelDiff=0.000e+00
[08/28/2026-01:07:34] [TRT] [W] Using default stream in enqueueV3() may lead to performance issues due to additional calls to cudaStreamSynchronize() by TensorRT to ensure correct synchronization. Please use non-default stream instead.
    generated by the Makefile: ['add_scalar.c', 'add_scalar.f78e0bba_0d1d.c', 'add_scalar.f78e0bba_0d1d.h', 'add_scalar.h']
    plugin .so size: 161 KiB (the cubin is inside it)
============================== End   [case_hand_written_plugin]
============================== Start [case_the_fp32_argument_trap,(),{}]
    generated C prototype: CUresult k_f78e0bba_0d1d(CUstream stream, CUdeviceptr x_ptr, CUdeviceptr y_ptr, double scalar, int32_t n_element);
    as generated (double): launch returned 0, x + 1.0 = [0. 1. 2. 3. 4. 5. 6. 7.]
    after the sed (float) : launch returned 0, x + 1.0 = [1. 2. 3. 4. 5. 6. 7. 8.]
    -> the launch succeeds either way; only the numbers differ, which is the dangerous part
============================== End   [case_the_fp32_argument_trap]
============================== Start [case_no_python_no_triton_at_runtime,(),{}]
[TensorRT-Cookbook] Version: 1.0.0
[08/28/2026-01:07:19] [TRT] [W] Using default stream in enqueueV3() may lead to performance issues due to additional calls to cudaStreamSynchronize() by TensorRT to ensure correct synchronization. Please use non-default stream instead.
    subprocess: engine built and run with triton import blocked, result correct
    AddScalarTritonPlugin.so NEEDED: libcudart.so.13, libcuda.so.1, libstdc++.so.6, libgcc_s.so.1, libc.so.6
============================== End   [case_no_python_no_triton_at_runtime]
============================== Start [case_generated_plugin_with_tactics,(),{}]
    generated 339 lines of C++ for GeluTriton from a 9-key spec, 3 AOT variants -> 3 TensorRT tactics
[check]:True,maxAbsDiff=2.384e-07,meanAbsDiff=3.198e-08,maxRelDiff=4.973e-03,meanRelDiff=4.476e-04
[08/28/2026-01:07:43] [TRT] [W] WARNING The logger passed into createInferBuilder differs from one already registered for an existing builder, runtime, or refitter. So the current new logger is ignored, and TensorRT will use the existing one which is returned by nvinfer1::getLogger() instead.
[08/28/2026-01:07:43] [TRT] [W] WARNING The logger passed into createInferRuntime differs from one already registered for an existing builder, runtime, or refitter. So the current new logger is ignored, and TensorRT will use the existing one which is returned by nvinfer1::getLogger() instead.
[08/28/2026-01:07:43] [TRT] [W] Using default stream in enqueueV3() may lead to performance issues due to additional calls to cudaStreamSynchronize() by TensorRT to ensure correct synchronization. Please use non-default stream instead.
    builder timed 3 tactics and kept 0x0000000000000003 -> BLOCK_SIZE=4096, num_warps=8
    all tactics    : 0.0134 ms
    only variant 1 : 0.0245 ms
    -> letting the builder choose is 1.83x the fixed first variant
============================== End   [case_generated_plugin_with_tactics]

Finish
