[TensorRT-Cookbook] Version: 1.0.0
[07/22/2026-00:37:27] [TRT] [W] ModelImporter.cpp:1047: Make sure output z has Int64 binding.
[07/22/2026-00:37:35] [TRT] [W] ModelImporter.cpp:1047: Make sure output z has Int64 binding.
[07/22/2026-00:37:43] [TRT] [W] ModelImporter.cpp:1047: Make sure output z has Int64 binding.
[07/22/2026-00:37:52] [TRT] [W] ModelImporter.cpp:1047: Make sure output z has Int64 binding.
[07/22/2026-00:38:00] [TRT] [W] ModelImporter.cpp:1047: Make sure output z has Int64 binding.
-rw-r--r-- 1 wili dip 97K Jul 22 00:38 model.TimingCache
[07/22/2026-00:38:08] [TRT] [W] ModelImporter.cpp:1047: Make sure output z has Int64 binding.
-rw-r--r-- 1 wili dip 97K Jul 22 00:38 model.TimingCache
[07/22/2026-00:38:13] [TRT] [W] ModelImporter.cpp:1047: Make sure output z has Int64 binding.
-rw-r--r-- 1 wili dip 97K Jul 22 00:38 model.TimingCache
[07/22/2026-00:38:19] [TRT] [W] ModelImporter.cpp:1047: Make sure output z has Int64 binding.
-rw-r--r-- 1 wili dip 97K Jul 22 00:38 model.TimingCache
[07/22/2026-00:38:24] [TRT] [W] ModelImporter.cpp:1047: Make sure output z has Int64 binding.
-rw-r--r-- 1 wili dip 97K Jul 22 00:38 model.TimingCache
[07/22/2026-00:38:29] [TRT] [W] ModelImporter.cpp:1047: Make sure output z has Int64 binding.
[07/22/2026-00:38:36] [TRT] [W] WARNING The logger passed into createInferBuilder differs from one already registered for an existing builder, runtime, or refitter. So the current new logger is ignored, and TensorRT will use the existing one which is returned by nvinfer1::getLogger() instead.
[07/22/2026-00:38:36] [TRT] [W] WARNING The logger passed into createInferBuilder differs from one already registered for an existing builder, runtime, or refitter. So the current new logger is ignored, and TensorRT will use the existing one which is returned by nvinfer1::getLogger() instead.
[07/22/2026-00:38:36] [TRT] [W] ModelImporter.cpp:1047: Make sure output z has Int64 binding.
# Case 0 --------------------------------------------------
network_index = 0, b_use_timing_cache = 0, build time:   7505.018 ms
# Case 1 --------------------------------------------------
network_index = 0, b_use_timing_cache = 0, build time:   6810.143 ms
# Case 2 --------------------------------------------------
network_index = 1, b_use_timing_cache = 0, build time:   7679.805 ms
# Case 3 --------------------------------------------------
network_index = 1, b_use_timing_cache = 0, build time:   7648.762 ms
# Case 4 --------------------------------------------------
network_index = 0, b_use_timing_cache = 1, build time:   6777.149 ms
Succeeded saving model.TimingCache
# Case 5 --------------------------------------------------
Succeeded loading model.TimingCache
network_index = 0, b_use_timing_cache = 1, build time:   4144.840 ms
Succeeded saving model.TimingCache
# Case 6 --------------------------------------------------
Succeeded loading model.TimingCache
network_index = 1, b_use_timing_cache = 1, build time:   5562.220 ms
Succeeded saving model.TimingCache
# Case 7 --------------------------------------------------
Succeeded loading model.TimingCache
network_index = 1, b_use_timing_cache = 1, build time:   4570.420 ms
Succeeded saving model.TimingCache
# Case 8 --------------------------------------------------
Succeeded loading model.TimingCache
network_index = 0, b_use_timing_cache = 1, build time:   4121.657 ms
Succeeded saving model.TimingCache
============================== Start [case_editable,(),{}]
Succeeded saving model.TimingCache
Succeeded loading model.TimingCache
Type of timing cache key: <class 'tensorrt.tensorrt.TimingCacheKey'>
Old cache value: tacticHash=1533504529776467, timingMSec=0.007069
Timing cache update status: True
New cache value: tacticHash=1533504529776467, timingMSec=0.005655
Succeeded saving model-editable.TimingCache
Succeeded loading model-editable.TimingCache
============================== End   [case_editable]
Finish
