[TensorRT-Cookbook] Version: 1.0.0
[08/27/2026-03:05:19] [TRT] [W] ModelImporter.cpp:1047: Make sure output z has Int64 binding.
[08/27/2026-03:05:31] [TRT] [W] Using default stream in enqueueV3() may lead to performance issues due to additional calls to cudaStreamSynchronize() by TensorRT to ensure correct synchronization. Please use non-default stream instead.
[08/27/2026-03:05:31] [TRT] [W] ModelImporter.cpp:1047: Make sure output z has Int64 binding.
[08/27/2026-03:05:42] [TRT] [W] Using default stream in enqueueV3() may lead to performance issues due to additional calls to cudaStreamSynchronize() by TensorRT to ensure correct synchronization. Please use non-default stream instead.
============================== Start [case_full_engine,(),{}]
Full engine:      12.6MiB
Input ->DataType.FLOAT, (-1, 1, 28, 28), (1, 1, 28, 28), x
Output->DataType.FLOAT, (-1, 10), (1, 10), y
Output->DataType.INT64, (-1,), (1,), z
============================== End   [case_full_engine]
============================== Start [case_stripped_engine,(),{}]
Stripped engine:  202.7KiB
Saved  12.4MiB, i.e. 98.4% of the full plan
Input ->DataType.FLOAT, (-1, 1, 28, 28), (1, 1, 28, 28), x
Output->DataType.FLOAT, (-1, 10), (1, 10), y
Output->DataType.INT64, (-1,), (1,), z
Output before refitting: [0. 0. 0. 0. 0.]
The next check is EXPECTED to report False - the weights are not in the plan yet:
[check] before refit:False,maxAbsDiff=1.815e+01,meanAbsDiff=5.672e+00,maxRelDiff=9.999e-01,meanRelDiff=9.992e-01
    worstPair=(0.0:18.147247314453125)@[np.int64(0), np.int64(8)]
[08/27/2026-03:05:42] [TRT] [W] Using default stream in enqueueV3() may lead to performance issues due to additional calls to cudaStreamSynchronize() by TensorRT to ensure correct synchronization. Please use non-default stream instead.
Input ->DataType.FLOAT, (-1, 1, 28, 28), (1, 1, 28, 28), x
Output->DataType.FLOAT, (-1, 10), (1, 10), y
Output->DataType.INT64, (-1,), (1,), z
Output after refitting:  [-5.088133  -2.3532653  6.905129   7.531381  -9.480327 ]
[check] after refit:True,maxAbsDiff=0.000e+00,meanAbsDiff=0.000e+00,maxRelDiff=0.000e+00,meanRelDiff=0.000e+00
[08/27/2026-03:05:42] [TRT] [W] ModelImporter.cpp:1047: Make sure output z has Int64 binding.
[08/27/2026-03:05:52] [TRT] [W] Using default stream in enqueueV3() may lead to performance issues due to additional calls to cudaStreamSynchronize() by TensorRT to ensure correct synchronization. Please use non-default stream instead.
============================== End   [case_stripped_engine]
============================== Start [case_strip_and_refit_identical,(),{}]
Stripped + REFIT_IDENTICAL:  203.8KiB
Input ->DataType.FLOAT, (-1, 1, 28, 28), (1, 1, 28, 28), x
Output->DataType.FLOAT, (-1, 10), (1, 10), y
Output->DataType.INT64, (-1,), (1,), z
[check]:True,maxAbsDiff=0.000e+00,meanAbsDiff=0.000e+00,maxRelDiff=0.000e+00,meanRelDiff=0.000e+00
============================== End   [case_strip_and_refit_identical]
Finish
