[TensorRT-Cookbook] Version: 1.0.0
[08/27/2026-03:12:54] [TRT] [I] [MemUsageChange] Init CUDA: CPU +57, GPU +0, now: CPU 188, GPU 462 (MiB)
[08/27/2026-03:12:54] [TRT] [V] Trying to load shared library libnvinfer_builder_resource_sm90.so.11.1.0
[08/27/2026-03:12:54] [TRT] [V] Loaded shared library libnvinfer_builder_resource_sm90.so.11.1.0
[08/27/2026-03:12:54] [TRT] [V] CUDA lazy loading is enabled.
[08/27/2026-03:12:54] [TRT] [V] Global registry found AddScalar creator.
[08/27/2026-03:12:54] [TRT] [V] Global registry found AddScalar creator.
[08/27/2026-03:12:55] [TRT] [I] [MemUsageChange] Init builder kernel library: CPU +523, GPU +10, now: CPU 910, GPU 472 (MiB)
[08/27/2026-03:12:55] [TRT] [V] Original: 2 layers
[08/27/2026-03:12:55] [TRT] [V] After dead-layer removal: 2 layers
[08/27/2026-03:12:55] [TRT] [V] SYMBOLIC CHECKS
[08/27/2026-03:12:55] [TRT] [V] GRAPH NODES
[08/27/2026-03:12:55] [TRT] [V] PLUGIN_V3 (Unnamed Layer* 0) [PluginV3_V3ONE]
[08/27/2026-03:12:55] [TRT] [V]     Input 0
[08/27/2026-03:12:55] [TRT] [V]         [1,3]	(# 0 (SHAPE inputT0))
[08/27/2026-03:12:55] [TRT] [V]         [1,4]	(# 1 (SHAPE inputT0))
[08/27/2026-03:12:55] [TRT] [V]         [1,5]	(# 2 (SHAPE inputT0))
[08/27/2026-03:12:55] [TRT] [V]     Output 0
[08/27/2026-03:12:55] [TRT] [V]         [1,3]	(# 0 (SHAPE inputT0))
[08/27/2026-03:12:55] [TRT] [V]         [1,4]	(# 1 (SHAPE inputT0))
[08/27/2026-03:12:55] [TRT] [V]         [1,5]	(# 2 (SHAPE inputT0))
[08/27/2026-03:12:55] [TRT] [V] PLUGIN_V3 (Unnamed Layer* 1) [PluginV3_V3ONE]
[08/27/2026-03:12:55] [TRT] [V]     Input 0
[08/27/2026-03:12:55] [TRT] [V]         [1,3]	(# 0 (SHAPE inputT0))
[08/27/2026-03:12:55] [TRT] [V]         [1,4]	(# 1 (SHAPE inputT0))
[08/27/2026-03:12:55] [TRT] [V]         [1,5]	(# 2 (SHAPE inputT0))
[08/27/2026-03:12:55] [TRT] [V]     Output 0
[08/27/2026-03:12:55] [TRT] [V]         [1,3]	(# 0 (SHAPE inputT0))
[08/27/2026-03:12:55] [TRT] [V]         [1,4]	(# 1 (SHAPE inputT0))
[08/27/2026-03:12:55] [TRT] [V]         [1,5]	(# 2 (SHAPE inputT0))
[08/27/2026-03:12:55] [TRT] [V] Graph construction completed in 0.000410617 seconds.
[08/27/2026-03:12:55] [TRT] [V] After adding DebugOutput nodes: 2 layers
[08/27/2026-03:12:55] [TRT] [V] After Myelin optimization: 2 layers
[08/27/2026-03:12:55] [TRT] [V] Applying ScaleNodes fusions.
[08/27/2026-03:12:55] [TRT] [V] After scale fusion: 2 layers
[08/27/2026-03:12:55] [TRT] [V] After dupe layer removal: 2 layers
[08/27/2026-03:12:55] [TRT] [V] After final dead-layer removal: 2 layers
[08/27/2026-03:12:55] [TRT] [V] After tensor merging: 2 layers
[08/27/2026-03:12:55] [TRT] [V] After vertical fusions: 2 layers
[08/27/2026-03:12:55] [TRT] [V] After dupe layer removal: 2 layers
[08/27/2026-03:12:55] [TRT] [V] After final dead-layer removal: 2 layers
[08/27/2026-03:12:55] [TRT] [V] After tensor merging: 2 layers
[08/27/2026-03:12:55] [TRT] [V] After slice removal: 2 layers
[08/27/2026-03:12:55] [TRT] [V] After concat removal: 2 layers
[08/27/2026-03:12:55] [TRT] [V] Trying to split Reshape and strided tensor
[08/27/2026-03:12:55] [TRT] [V] Graph optimization time: 0.000362046 seconds.
[08/27/2026-03:12:55] [TRT] [V] Building graph using backend strategy 2
[08/27/2026-03:12:55] [TRT] [I] Global timing cache in use. Profiling results in this builder pass will be stored.
[08/27/2026-03:12:55] [TRT] [V] Constructing optimization profile number 0 [1/1].
[08/27/2026-03:12:55] [TRT] [V] Applying generic optimizations to the graph for inference.
[08/27/2026-03:12:55] [TRT] [V] Reserving memory for host IO tensors. Host: 0 bytes
[08/27/2026-03:12:55] [TRT] [V] =============== Computing costs for (Unnamed Layer* 0) [PluginV3_V3ONE]
[08/27/2026-03:12:55] [TRT] [V] *************** Autotuning format combination: Float((* (# 1 (SHAPE inputT0)) (# 2 (SHAPE inputT0))),(# 2 (SHAPE inputT0)),1) -> Float((* (# 1 (SHAPE inputT0)) (# 2 (SHAPE inputT0))),(# 2 (SHAPE inputT0)),1) where E0=(* (# 1 (SHAPE inputT0)) (# 2 (SHAPE inputT0))) ***************
[08/27/2026-03:12:55] [TRT] [V] --------------- Timing Runner: (Unnamed Layer* 0) [PluginV3_V3ONE] (PluginV3[0x80000049])
[08/27/2026-03:12:55] [TRT] [V] Initializing plugin at: allocateResources
[08/27/2026-03:12:55] [TRT] [V] Tactic: 0x0000000000000001 Time: 100.117
[08/27/2026-03:12:55] [TRT] [V] Initializing plugin at: allocateResources
[08/27/2026-03:12:55] [TRT] [V] Tactic: 0x0000000000000002 Time: 0.00591177
[08/27/2026-03:12:55] [TRT] [V] (Unnamed Layer* 0) [PluginV3_V3ONE] (PluginV3[0x80000049]) profiling completed in 0.420209 seconds. Fastest Tactic: 0x0000000000000002 Time: 0.00591177
[08/27/2026-03:12:55] [TRT] [V] >>>>>>>>>>>>>>> Chose Runner Type: PluginV3 Tactic: 0x0000000000000002
[08/27/2026-03:12:55] [TRT] [V] =============== Computing costs for (Unnamed Layer* 1) [PluginV3_V3ONE]
[08/27/2026-03:12:55] [TRT] [V] (Unnamed Layer* 1) [PluginV3_V3ONE] [Float((* (# 1 (SHAPE inputT0)) (# 2 (SHAPE inputT0))),(# 2 (SHAPE inputT0)),1) -> Float((* (# 1 (SHAPE inputT0)) (# 2 (SHAPE inputT0))),(# 2 (SHAPE inputT0)),1) where E0=(* (# 1 (SHAPE inputT0)) (# 2 (SHAPE inputT0)))] got cached result: PluginV3, tactic 0x0000000000000002, 0.00591177 ms
[08/27/2026-03:12:55] [TRT] [V] =============== Computing reformatting costs for available format set
[08/27/2026-03:12:55] [TRT] [V] =============== Computing reformatting costs for available format set
[08/27/2026-03:12:55] [TRT] [V] =============== Computing reformatting costs for available format set
[08/27/2026-03:12:55] [TRT] [V] =============== Computing reformatting costs for available format set
[08/27/2026-03:12:55] [TRT] [V] Formats and tactics selection completed in 0.420864 seconds.
[08/27/2026-03:12:55] [TRT] [V] After reformat layers: 2 layers
[08/27/2026-03:12:55] [TRT] [V] Total number of blocks in pre-optimized block assignment: 2
[08/27/2026-03:12:55] [TRT] [I] Detected 1 inputs and 1 output network tensors.
[08/27/2026-03:12:55] [TRT] [V] Layer: (Unnamed Layer* 0) [PluginV3_V3ONE] Host Persistent: 336 bytes Device Persistent: 0 bytes Scratch Memory: 0 bytes
[08/27/2026-03:12:55] [TRT] [V] Layer: (Unnamed Layer* 1) [PluginV3_V3ONE] Host Persistent: 336 bytes Device Persistent: 0 bytes Scratch Memory: 0 bytes
[08/27/2026-03:12:55] [TRT] [V] Skipped printing memory information for 0 layers with 0 memory size i.e. Host Persistent + Device Persistent + Scratch Memory == 0.
[08/27/2026-03:12:55] [TRT] [I] Total Host Persistent Memory: 672 bytes
[08/27/2026-03:12:55] [TRT] [I] Total Device Persistent Memory: 0 bytes
[08/27/2026-03:12:55] [TRT] [I] Max Scratch Memory: 0 bytes
[08/27/2026-03:12:55] [TRT] [I] [BlockAssignment] Started assigning block shifts. This will take 1 steps to complete.
[08/27/2026-03:12:55] [TRT] [I] [BlockAssignment] Algorithm ShiftNTopDown took 0.01188ms to assign 1 blocks to 1 nodes requiring 512 bytes.
[08/27/2026-03:12:55] [TRT] [V] Total number of blocks in optimized block assignment: 1
[08/27/2026-03:12:55] [TRT] [I] Total Activation Memory: 512 bytes
[08/27/2026-03:12:55] [TRT] [I] Total Weights Memory: 0 bytes
[08/27/2026-03:12:55] [TRT] [V] Total number of generated kernels selected for the engine: 0
[08/27/2026-03:12:55] [TRT] [V] Disabling unused tactic source: EDGE_MASK_CONVOLUTIONS
[08/27/2026-03:12:55] [TRT] [V] Disabling unused tactic source: JIT_CONVOLUTIONS
[08/27/2026-03:12:55] [TRT] [V] Initializing plugin at: allocateResources
[08/27/2026-03:12:55] [TRT] [V] Initializing plugin at: allocateResources
[08/27/2026-03:12:55] [TRT] [I] Engine generation completed in 0.423719 seconds.
[08/27/2026-03:12:55] [TRT] [V] Engine Layer Information:
Layer(PluginV3): (Unnamed Layer* 0) [PluginV3_V3ONE], Tactic: 0x0000000000000002, inputT0 (Float[-1,-1,-1]) -> (Unnamed Layer* 0) [PluginV3_V3ONE]_output (Float[-1,-1,-1])
Layer(PluginV3): (Unnamed Layer* 1) [PluginV3_V3ONE], Tactic: 0x0000000000000002, (Unnamed Layer* 0) [PluginV3_V3ONE]_output (Float[-1,-1,-1]) -> outputT0 (Float[-1,-1,-1])
[08/27/2026-03:12:55] [TRT] [I] [MemUsageStats] Peak memory usage of TRT CPU/GPU memory allocators: CPU 0 MiB, GPU 1 MiB
[08/27/2026-03:12:55] [TRT] [V] Adding 1 engine(s) to plan file.
[08/27/2026-03:12:55] [TRT] [V] Adding 1 engine weights(s) to plan file.
[08/27/2026-03:12:55] [TRT] [V] Serializing timing cache. UUID = GPU-bf3fb1c0-7c31-de83-bc83-f336a4d39236, commit ID = 4386a28e57cc88cc
[08/27/2026-03:12:55] [TRT] [I] Serialized 27 bytes of code generator cache.
[08/27/2026-03:12:55] [TRT] [I] Serialized 3 bytes of compilation cache.
[08/27/2026-03:12:55] [TRT] [I] Serialized 1 timing cache entries
[08/27/2026-03:12:55] [TRT] [I] Loaded engine size: 0 MiB
[08/27/2026-03:12:55] [TRT] [V] Local registry did not find AddScalar creator. Will try parent registry if enabled.
[08/27/2026-03:12:55] [TRT] [V] Global registry found AddScalar creator.
[08/27/2026-03:12:55] [TRT] [V] Local registry did not find AddScalar creator. Will try parent registry if enabled.
[08/27/2026-03:12:55] [TRT] [V] Global registry found AddScalar creator.
[08/27/2026-03:12:55] [TRT] [V] Initializing plugin at: allocateResources
[08/27/2026-03:12:55] [TRT] [V] Initializing plugin at: allocateResources
[08/27/2026-03:12:55] [TRT] [V] Deserialization required 179 microseconds.
[08/27/2026-03:12:55] [TRT] [V] Total per-runner device persistent memory is 0
[08/27/2026-03:12:55] [TRT] [V] Total per-runner host persistent memory is 672
[08/27/2026-03:12:55] [TRT] [V] Allocated device scratch memory of size 512
[08/27/2026-03:12:55] [TRT] [V] - Runner scratch: 512 bytes
[08/27/2026-03:12:55] [TRT] [I] [MemUsageChange] TensorRT-managed allocation in IExecutionContext creation: CPU +0, GPU +0, now: CPU 0, GPU 0 (MiB)
[08/27/2026-03:12:55] [TRT] [V] CUDA lazy loading is enabled.
[08/27/2026-03:12:55] [TRT] [W] Using default stream in enqueueV3() may lead to performance issues due to additional calls to cudaStreamSynchronize() by TensorRT to ensure correct synchronization. Please use non-default stream instead.
Fail loading timing cache file model.TimingCache, we will create one during this building
Succeed saving timing cache file model.TimingCache
#--------------------------------------------------------------------
Input ->DataType.FLOAT, (-1, -1, -1), (3, 4, 5), inputT0
Output->DataType.FLOAT, (-1, -1, -1), (3, 4, 5), outputT0
inputT0
[[[ 0.  1.  2.  3.  4.]
  [ 5.  6.  7.  8.  9.]
  [10. 11. 12. 13. 14.]
  [15. 16. 17. 18. 19.]]

 [[20. 21. 22. 23. 24.]
  [25. 26. 27. 28. 29.]
  [30. 31. 32. 33. 34.]
  [35. 36. 37. 38. 39.]]

 [[40. 41. 42. 43. 44.]
  [45. 46. 47. 48. 49.]
  [50. 51. 52. 53. 54.]
  [55. 56. 57. 58. 59.]]]
outputT0
[[[ 2.  3.  4.  5.  6.]
  [ 7.  8.  9. 10. 11.]
  [12. 13. 14. 15. 16.]
  [17. 18. 19. 20. 21.]]

 [[22. 23. 24. 25. 26.]
  [27. 28. 29. 30. 31.]
  [32. 33. 34. 35. 36.]
  [37. 38. 39. 40. 41.]]

 [[42. 43. 44. 45. 46.]
  [47. 48. 49. 50. 51.]
  [52. 53. 54. 55. 56.]
  [57. 58. 59. 60. 61.]]]
[check]:True,maxAbsDiff=0.000e+00,meanAbsDiff=0.000e+00,maxRelDiff=0.000e+00,meanRelDiff=0.000e+00
[08/27/2026-03:12:55] [TRT] [I] Loaded engine size: 0 MiB
[08/27/2026-03:12:55] [TRT] [V] Local registry did not find AddScalar creator. Will try parent registry if enabled.
[08/27/2026-03:12:55] [TRT] [V] Global registry found AddScalar creator.
[08/27/2026-03:12:55] [TRT] [V] Local registry did not find AddScalar creator. Will try parent registry if enabled.
[08/27/2026-03:12:55] [TRT] [V] Global registry found AddScalar creator.
[08/27/2026-03:12:55] [TRT] [V] Initializing plugin at: allocateResources
[08/27/2026-03:12:55] [TRT] [V] Initializing plugin at: allocateResources
[08/27/2026-03:12:55] [TRT] [V] Deserialization required 275 microseconds.
[08/27/2026-03:12:55] [TRT] [V] Total per-runner device persistent memory is 0
[08/27/2026-03:12:55] [TRT] [V] Total per-runner host persistent memory is 672
[08/27/2026-03:12:55] [TRT] [V] Allocated device scratch memory of size 512
[08/27/2026-03:12:55] [TRT] [V] - Runner scratch: 512 bytes
[08/27/2026-03:12:55] [TRT] [I] [MemUsageChange] TensorRT-managed allocation in IExecutionContext creation: CPU +0, GPU +0, now: CPU 0, GPU 0 (MiB)
[08/27/2026-03:12:55] [TRT] [V] CUDA lazy loading is enabled.
[08/27/2026-03:12:55] [TRT] [W] Using default stream in enqueueV3() may lead to performance issues due to additional calls to cudaStreamSynchronize() by TensorRT to ensure correct synchronization. Please use non-default stream instead.
#--------------------------------------------------------------------
Input ->DataType.FLOAT, (-1, -1, -1), (3, 4, 5), inputT0
Output->DataType.FLOAT, (-1, -1, -1), (3, 4, 5), outputT0
inputT0
[[[ 0.  1.  2.  3.  4.]
  [ 5.  6.  7.  8.  9.]
  [10. 11. 12. 13. 14.]
  [15. 16. 17. 18. 19.]]

 [[20. 21. 22. 23. 24.]
  [25. 26. 27. 28. 29.]
  [30. 31. 32. 33. 34.]
  [35. 36. 37. 38. 39.]]

 [[40. 41. 42. 43. 44.]
  [45. 46. 47. 48. 49.]
  [50. 51. 52. 53. 54.]
  [55. 56. 57. 58. 59.]]]
outputT0
[[[ 2.  3.  4.  5.  6.]
  [ 7.  8.  9. 10. 11.]
  [12. 13. 14. 15. 16.]
  [17. 18. 19. 20. 21.]]

 [[22. 23. 24. 25. 26.]
  [27. 28. 29. 30. 31.]
  [32. 33. 34. 35. 36.]
  [37. 38. 39. 40. 41.]]

 [[42. 43. 44. 45. 46.]
  [47. 48. 49. 50. 51.]
  [52. 53. 54. 55. 56.]
  [57. 58. 59. 60. 61.]]]
[check]:True,maxAbsDiff=0.000e+00,meanAbsDiff=0.000e+00,maxRelDiff=0.000e+00,meanRelDiff=0.000e+00
[08/27/2026-03:12:55] [TRT] [V] Trying to load shared library libnvinfer_builder_resource_sm90.so.11.1.0
[08/27/2026-03:12:55] [TRT] [V] Loaded shared library libnvinfer_builder_resource_sm90.so.11.1.0
[08/27/2026-03:12:55] [TRT] [V] CUDA lazy loading is enabled.
[08/27/2026-03:12:55] [TRT] [V] Loaded 1 timing cache entries.
[08/27/2026-03:12:55] [TRT] [V] Loaded 27 bytes of code generator cache.
[08/27/2026-03:12:55] [TRT] [V] Loaded 3 bytes of compilation cache.
[08/27/2026-03:12:55] [TRT] [V] Global registry found AddScalar creator.
[08/27/2026-03:12:55] [TRT] [V] Global registry found AddScalar creator.
[08/27/2026-03:12:56] [TRT] [I] [MemUsageChange] Init builder kernel library: CPU -518, GPU +8, now: CPU 910, GPU 474 (MiB)
[08/27/2026-03:12:56] [TRT] [V] Original: 2 layers
[08/27/2026-03:12:56] [TRT] [V] After dead-layer removal: 2 layers
[08/27/2026-03:12:56] [TRT] [V] SYMBOLIC CHECKS
[08/27/2026-03:12:56] [TRT] [V] GRAPH NODES
[08/27/2026-03:12:56] [TRT] [V] PLUGIN_V3 (Unnamed Layer* 0) [PluginV3_V3ONE]
[08/27/2026-03:12:56] [TRT] [V]     Input 0
[08/27/2026-03:12:56] [TRT] [V]         [1,3]	(# 0 (SHAPE inputT0))
[08/27/2026-03:12:56] [TRT] [V]         [1,4]	(# 1 (SHAPE inputT0))
[08/27/2026-03:12:56] [TRT] [V]         [1,5]	(# 2 (SHAPE inputT0))
[08/27/2026-03:12:56] [TRT] [V]     Output 0
[08/27/2026-03:12:56] [TRT] [V]         [1,3]	(# 0 (SHAPE inputT0))
[08/27/2026-03:12:56] [TRT] [V]         [1,4]	(# 1 (SHAPE inputT0))
[08/27/2026-03:12:56] [TRT] [V]         [1,5]	(# 2 (SHAPE inputT0))
[08/27/2026-03:12:56] [TRT] [V] PLUGIN_V3 (Unnamed Layer* 1) [PluginV3_V3ONE]
[08/27/2026-03:12:56] [TRT] [V]     Input 0
[08/27/2026-03:12:56] [TRT] [V]         [1,3]	(# 0 (SHAPE inputT0))
[08/27/2026-03:12:56] [TRT] [V]         [1,4]	(# 1 (SHAPE inputT0))
[08/27/2026-03:12:56] [TRT] [V]         [1,5]	(# 2 (SHAPE inputT0))
[08/27/2026-03:12:56] [TRT] [V]     Output 0
[08/27/2026-03:12:56] [TRT] [V]         [1,3]	(# 0 (SHAPE inputT0))
[08/27/2026-03:12:56] [TRT] [V]         [1,4]	(# 1 (SHAPE inputT0))
[08/27/2026-03:12:56] [TRT] [V]         [1,5]	(# 2 (SHAPE inputT0))
[08/27/2026-03:12:56] [TRT] [V] Graph construction completed in 0.000401107 seconds.
[08/27/2026-03:12:56] [TRT] [V] After adding DebugOutput nodes: 2 layers
[08/27/2026-03:12:56] [TRT] [V] After Myelin optimization: 2 layers
[08/27/2026-03:12:56] [TRT] [V] Applying ScaleNodes fusions.
[08/27/2026-03:12:56] [TRT] [V] After scale fusion: 2 layers
[08/27/2026-03:12:56] [TRT] [V] After dupe layer removal: 2 layers
[08/27/2026-03:12:56] [TRT] [V] After final dead-layer removal: 2 layers
[08/27/2026-03:12:56] [TRT] [V] After tensor merging: 2 layers
[08/27/2026-03:12:56] [TRT] [V] After vertical fusions: 2 layers
[08/27/2026-03:12:56] [TRT] [V] After dupe layer removal: 2 layers
[08/27/2026-03:12:56] [TRT] [V] After final dead-layer removal: 2 layers
[08/27/2026-03:12:56] [TRT] [V] After tensor merging: 2 layers
[08/27/2026-03:12:56] [TRT] [V] After slice removal: 2 layers
[08/27/2026-03:12:56] [TRT] [V] After concat removal: 2 layers
[08/27/2026-03:12:56] [TRT] [V] Trying to split Reshape and strided tensor
[08/27/2026-03:12:56] [TRT] [V] Graph optimization time: 0.000305295 seconds.
[08/27/2026-03:12:56] [TRT] [V] Building graph using backend strategy 2
[08/27/2026-03:12:56] [TRT] [I] Global timing cache in use. Profiling results in this builder pass will be stored.
[08/27/2026-03:12:56] [TRT] [V] Constructing optimization profile number 0 [1/1].
[08/27/2026-03:12:56] [TRT] [V] Applying generic optimizations to the graph for inference.
[08/27/2026-03:12:56] [TRT] [V] Reserving memory for host IO tensors. Host: 0 bytes
[08/27/2026-03:12:56] [TRT] [V] =============== Computing costs for (Unnamed Layer* 0) [PluginV3_V3ONE]
[08/27/2026-03:12:56] [TRT] [V] (Unnamed Layer* 0) [PluginV3_V3ONE] [Float((* (# 1 (SHAPE inputT0)) (# 2 (SHAPE inputT0))),(# 2 (SHAPE inputT0)),1) -> Float((* (# 1 (SHAPE inputT0)) (# 2 (SHAPE inputT0))),(# 2 (SHAPE inputT0)),1) where E0=(* (# 1 (SHAPE inputT0)) (# 2 (SHAPE inputT0)))] got cached result: PluginV3, tactic 0x0000000000000002, 0.00591177 ms
[08/27/2026-03:12:56] [TRT] [V] =============== Computing costs for (Unnamed Layer* 1) [PluginV3_V3ONE]
[08/27/2026-03:12:56] [TRT] [V] (Unnamed Layer* 1) [PluginV3_V3ONE] [Float((* (# 1 (SHAPE inputT0)) (# 2 (SHAPE inputT0))),(# 2 (SHAPE inputT0)),1) -> Float((* (# 1 (SHAPE inputT0)) (# 2 (SHAPE inputT0))),(# 2 (SHAPE inputT0)),1) where E0=(* (# 1 (SHAPE inputT0)) (# 2 (SHAPE inputT0)))] got cached result: PluginV3, tactic 0x0000000000000002, 0.00591177 ms
[08/27/2026-03:12:56] [TRT] [V] =============== Computing reformatting costs for available format set
[08/27/2026-03:12:56] [TRT] [V] =============== Computing reformatting costs for available format set
[08/27/2026-03:12:56] [TRT] [V] =============== Computing reformatting costs for available format set
[08/27/2026-03:12:56] [TRT] [V] =============== Computing reformatting costs for available format set
[08/27/2026-03:12:56] [TRT] [V] Formats and tactics selection completed in 0.000474799 seconds.
[08/27/2026-03:12:56] [TRT] [V] After reformat layers: 2 layers
[08/27/2026-03:12:56] [TRT] [V] Total number of blocks in pre-optimized block assignment: 2
[08/27/2026-03:12:56] [TRT] [I] Detected 1 inputs and 1 output network tensors.
[08/27/2026-03:12:56] [TRT] [V] Layer: (Unnamed Layer* 0) [PluginV3_V3ONE] Host Persistent: 336 bytes Device Persistent: 0 bytes Scratch Memory: 0 bytes
[08/27/2026-03:12:56] [TRT] [V] Layer: (Unnamed Layer* 1) [PluginV3_V3ONE] Host Persistent: 336 bytes Device Persistent: 0 bytes Scratch Memory: 0 bytes
[08/27/2026-03:12:56] [TRT] [V] Skipped printing memory information for 0 layers with 0 memory size i.e. Host Persistent + Device Persistent + Scratch Memory == 0.
[08/27/2026-03:12:56] [TRT] [I] Total Host Persistent Memory: 672 bytes
[08/27/2026-03:12:56] [TRT] [I] Total Device Persistent Memory: 0 bytes
[08/27/2026-03:12:56] [TRT] [I] Max Scratch Memory: 0 bytes
[08/27/2026-03:12:56] [TRT] [I] [BlockAssignment] Started assigning block shifts. This will take 1 steps to complete.
[08/27/2026-03:12:56] [TRT] [I] [BlockAssignment] Algorithm ShiftNTopDown took 0.01269ms to assign 1 blocks to 1 nodes requiring 512 bytes.
[08/27/2026-03:12:56] [TRT] [V] Total number of blocks in optimized block assignment: 1
[08/27/2026-03:12:56] [TRT] [I] Total Activation Memory: 512 bytes
[08/27/2026-03:12:56] [TRT] [I] Total Weights Memory: 0 bytes
[08/27/2026-03:12:56] [TRT] [V] Total number of generated kernels selected for the engine: 0
[08/27/2026-03:12:56] [TRT] [V] Disabling unused tactic source: EDGE_MASK_CONVOLUTIONS
[08/27/2026-03:12:56] [TRT] [V] Disabling unused tactic source: JIT_CONVOLUTIONS
[08/27/2026-03:12:56] [TRT] [V] Initializing plugin at: allocateResources
[08/27/2026-03:12:56] [TRT] [V] Initializing plugin at: allocateResources
[08/27/2026-03:12:56] [TRT] [I] Engine generation completed in 0.00267648 seconds.
[08/27/2026-03:12:56] [TRT] [V] Engine Layer Information:
Layer(PluginV3): (Unnamed Layer* 0) [PluginV3_V3ONE], Tactic: 0x0000000000000002, inputT0 (Float[-1,-1,-1]) -> (Unnamed Layer* 0) [PluginV3_V3ONE]_output (Float[-1,-1,-1])
Layer(PluginV3): (Unnamed Layer* 1) [PluginV3_V3ONE], Tactic: 0x0000000000000002, (Unnamed Layer* 0) [PluginV3_V3ONE]_output (Float[-1,-1,-1]) -> outputT0 (Float[-1,-1,-1])
[08/27/2026-03:12:56] [TRT] [I] [MemUsageStats] Peak memory usage of TRT CPU/GPU memory allocators: CPU 0 MiB, GPU 1 MiB
[08/27/2026-03:12:56] [TRT] [V] Adding 1 engine(s) to plan file.
[08/27/2026-03:12:56] [TRT] [V] Adding 1 engine weights(s) to plan file.
[08/27/2026-03:12:56] [TRT] [V] Serializing timing cache. UUID = GPU-bf3fb1c0-7c31-de83-bc83-f336a4d39236, commit ID = 4386a28e57cc88cc
[08/27/2026-03:12:56] [TRT] [I] Serialized 27 bytes of code generator cache.
[08/27/2026-03:12:56] [TRT] [I] Serialized 3 bytes of compilation cache.
[08/27/2026-03:12:56] [TRT] [I] Serialized 1 timing cache entries
[08/27/2026-03:12:56] [TRT] [I] Loaded engine size: 0 MiB
[08/27/2026-03:12:56] [TRT] [V] Local registry did not find AddScalar creator. Will try parent registry if enabled.
[08/27/2026-03:12:56] [TRT] [V] Global registry found AddScalar creator.
[08/27/2026-03:12:56] [TRT] [V] Local registry did not find AddScalar creator. Will try parent registry if enabled.
[08/27/2026-03:12:56] [TRT] [V] Global registry found AddScalar creator.
[08/27/2026-03:12:56] [TRT] [V] Initializing plugin at: allocateResources
[08/27/2026-03:12:56] [TRT] [V] Initializing plugin at: allocateResources
[08/27/2026-03:12:56] [TRT] [V] Deserialization required 161 microseconds.
[08/27/2026-03:12:56] [TRT] [V] Total per-runner device persistent memory is 0
[08/27/2026-03:12:56] [TRT] [V] Total per-runner host persistent memory is 672
[08/27/2026-03:12:56] [TRT] [V] Allocated device scratch memory of size 512
[08/27/2026-03:12:56] [TRT] [V] - Runner scratch: 512 bytes
[08/27/2026-03:12:56] [TRT] [I] [MemUsageChange] TensorRT-managed allocation in IExecutionContext creation: CPU +0, GPU +0, now: CPU 0, GPU 0 (MiB)
[08/27/2026-03:12:56] [TRT] [V] CUDA lazy loading is enabled.
[08/27/2026-03:12:56] [TRT] [W] Using default stream in enqueueV3() may lead to performance issues due to additional calls to cudaStreamSynchronize() by TensorRT to ensure correct synchronization. Please use non-default stream instead.
Succeed loading timing cache file model.TimingCache
Succeed saving timing cache file model.TimingCache
#--------------------------------------------------------------------
Input ->DataType.FLOAT, (-1, -1, -1), (3, 4, 5), inputT0
Output->DataType.FLOAT, (-1, -1, -1), (3, 4, 5), outputT0
inputT0
[[[ 0.  1.  2.  3.  4.]
  [ 5.  6.  7.  8.  9.]
  [10. 11. 12. 13. 14.]
  [15. 16. 17. 18. 19.]]

 [[20. 21. 22. 23. 24.]
  [25. 26. 27. 28. 29.]
  [30. 31. 32. 33. 34.]
  [35. 36. 37. 38. 39.]]

 [[40. 41. 42. 43. 44.]
  [45. 46. 47. 48. 49.]
  [50. 51. 52. 53. 54.]
  [55. 56. 57. 58. 59.]]]
outputT0
[[[ 2.  3.  4.  5.  6.]
  [ 7.  8.  9. 10. 11.]
  [12. 13. 14. 15. 16.]
  [17. 18. 19. 20. 21.]]

 [[22. 23. 24. 25. 26.]
  [27. 28. 29. 30. 31.]
  [32. 33. 34. 35. 36.]
  [37. 38. 39. 40. 41.]]

 [[42. 43. 44. 45. 46.]
  [47. 48. 49. 50. 51.]
  [52. 53. 54. 55. 56.]
  [57. 58. 59. 60. 61.]]]
[check]:True,maxAbsDiff=0.000e+00,meanAbsDiff=0.000e+00,maxRelDiff=0.000e+00,meanRelDiff=0.000e+00
[08/27/2026-03:12:56] [TRT] [I] Loaded engine size: 0 MiB
[08/27/2026-03:12:56] [TRT] [V] Local registry did not find AddScalar creator. Will try parent registry if enabled.
[08/27/2026-03:12:56] [TRT] [V] Global registry found AddScalar creator.
[08/27/2026-03:12:56] [TRT] [V] Local registry did not find AddScalar creator. Will try parent registry if enabled.
[08/27/2026-03:12:56] [TRT] [V] Global registry found AddScalar creator.
[08/27/2026-03:12:56] [TRT] [V] Initializing plugin at: allocateResources
[08/27/2026-03:12:56] [TRT] [V] Initializing plugin at: allocateResources
[08/27/2026-03:12:56] [TRT] [V] Deserialization required 271 microseconds.
[08/27/2026-03:12:56] [TRT] [V] Total per-runner device persistent memory is 0
[08/27/2026-03:12:56] [TRT] [V] Total per-runner host persistent memory is 672
[08/27/2026-03:12:56] [TRT] [V] Allocated device scratch memory of size 512
[08/27/2026-03:12:56] [TRT] [V] - Runner scratch: 512 bytes
[08/27/2026-03:12:56] [TRT] [I] [MemUsageChange] TensorRT-managed allocation in IExecutionContext creation: CPU +0, GPU +0, now: CPU 0, GPU 0 (MiB)
[08/27/2026-03:12:56] [TRT] [V] CUDA lazy loading is enabled.
[08/27/2026-03:12:56] [TRT] [W] Using default stream in enqueueV3() may lead to performance issues due to additional calls to cudaStreamSynchronize() by TensorRT to ensure correct synchronization. Please use non-default stream instead.
#--------------------------------------------------------------------
Input ->DataType.FLOAT, (-1, -1, -1), (3, 4, 5), inputT0
Output->DataType.FLOAT, (-1, -1, -1), (3, 4, 5), outputT0
inputT0
[[[ 0.  1.  2.  3.  4.]
  [ 5.  6.  7.  8.  9.]
  [10. 11. 12. 13. 14.]
  [15. 16. 17. 18. 19.]]

 [[20. 21. 22. 23. 24.]
  [25. 26. 27. 28. 29.]
  [30. 31. 32. 33. 34.]
  [35. 36. 37. 38. 39.]]

 [[40. 41. 42. 43. 44.]
  [45. 46. 47. 48. 49.]
  [50. 51. 52. 53. 54.]
  [55. 56. 57. 58. 59.]]]
outputT0
[[[ 2.  3.  4.  5.  6.]
  [ 7.  8.  9. 10. 11.]
  [12. 13. 14. 15. 16.]
  [17. 18. 19. 20. 21.]]

 [[22. 23. 24. 25. 26.]
  [27. 28. 29. 30. 31.]
  [32. 33. 34. 35. 36.]
  [37. 38. 39. 40. 41.]]

 [[42. 43. 44. 45. 46.]
  [47. 48. 49. 50. 51.]
  [52. 53. 54. 55. 56.]
  [57. 58. 59. 60. 61.]]]
[check]:True,maxAbsDiff=0.000e+00,meanAbsDiff=0.000e+00,maxRelDiff=0.000e+00,meanRelDiff=0.000e+00
Finish
