[TensorRT-Cookbook] Version: 1.0.0
[08/27/2026-03:13:52] [TRT] [W] Using default stream in enqueueV3() may lead to performance issues due to additional calls to cudaStreamSynchronize() by TensorRT to ensure correct synchronization. Please use non-default stream instead.
============================== Start [case_dali_to_tensorrt,(),{}]
Input ->DataType.FLOAT, (1, 3, 224, 224), (1, 3, 224, 224), inputT0
Output->DataType.FLOAT, (1, 3, 224, 224), (1, 3, 224, 224), outputT0
inputT0
[[[[0.72124016 0.18515797 0.4420049  ... 0.69134367 0.15026419
    0.9219328 ]
   [0.80587935 0.6031139  0.2975168  ... 0.35089612 0.88879156
    0.74774915]
   [0.15452456 0.9993731  0.15149562 ... 0.72920275 0.78339
    0.6806515 ]
   ...
   [0.9224941  0.2797649  0.16997232 ... 0.01673643 0.34344545
    0.72466063]
   [0.4923205  0.04377218 0.5984339  ... 0.41921198 0.89580166
    0.5248761 ]
   [0.19215918 0.7876364  0.3744543  ... 0.9053476  0.82980174
    0.01732532]]

  [[0.3144014  0.5908758  0.0901991  ... 0.24886738 0.13606441
    0.8153849 ]
   [0.4828431  0.03556858 0.88297623 ... 0.56355387 0.3001018
    0.45961064]
   [0.22774577 0.20196958 0.01147137 ... 0.01869849 0.3818997
    0.16178076]
   ...
   [0.39938968 0.19175038 0.9836379  ... 0.64057344 0.7396126
    0.11784019]
   [0.9335963  0.4037545  0.48575196 ... 0.20210499 0.2524213
    0.83164287]
   [0.2460926  0.15074097 0.9915709  ... 0.41686073 0.9515454
    0.43461892]]

  [[0.18239793 0.08976599 0.5883544  ... 0.79396707 0.12692934
    0.9418258 ]
   [0.19151229 0.75891805 0.5737403  ... 0.20007086 0.14715138
    0.47184083]
   [0.6636659  0.85050917 0.38416559 ... 0.32530034 0.2940834
    0.32563588]
   ...
   [0.3234005  0.3644501  0.61395746 ... 0.40250716 0.04723103
    0.65675855]
   [0.69718105 0.19840974 0.94172764 ... 0.5129059  0.37557492
    0.1731457 ]
   [0.2837286  0.5059791  0.8887634  ... 0.10512848 0.34552875
    0.9939285 ]]]]
outputT0
[[[[0.72124016 0.18515797 0.4420049  ... 0.69134367 0.15026419
    0.9219328 ]
   [0.80587935 0.6031139  0.2975168  ... 0.35089612 0.88879156
    0.74774915]
   [0.15452456 0.9993731  0.15149562 ... 0.72920275 0.78339
    0.6806515 ]
   ...
   [0.9224941  0.2797649  0.16997232 ... 0.01673643 0.34344545
    0.72466063]
   [0.4923205  0.04377218 0.5984339  ... 0.41921198 0.89580166
    0.5248761 ]
   [0.19215918 0.7876364  0.3744543  ... 0.9053476  0.82980174
    0.01732532]]

  [[0.3144014  0.5908758  0.0901991  ... 0.24886738 0.13606441
    0.8153849 ]
   [0.4828431  0.03556858 0.88297623 ... 0.56355387 0.3001018
    0.45961064]
   [0.22774577 0.20196958 0.01147137 ... 0.01869849 0.3818997
    0.16178076]
   ...
   [0.39938968 0.19175038 0.9836379  ... 0.64057344 0.7396126
    0.11784019]
   [0.9335963  0.4037545  0.48575196 ... 0.20210499 0.2524213
    0.83164287]
   [0.2460926  0.15074097 0.9915709  ... 0.41686073 0.9515454
    0.43461892]]

  [[0.18239793 0.08976599 0.5883544  ... 0.79396707 0.12692934
    0.9418258 ]
   [0.19151229 0.75891805 0.5737403  ... 0.20007086 0.14715138
    0.47184083]
   [0.6636659  0.85050917 0.38416559 ... 0.32530034 0.2940834
    0.32563588]
   ...
   [0.3234005  0.3644501  0.61395746 ... 0.40250716 0.04723103
    0.65675855]
   [0.69718105 0.19840974 0.94172764 ... 0.5129059  0.37557492
    0.1731457 ]
   [0.2837286  0.5059791  0.8887634  ... 0.10512848 0.34552875
    0.9939285 ]]]]
DALI -> TensorRT inference check passed
============================== End   [case_dali_to_tensorrt]
Finish
