[I] RUNNING | Command: /usr/local/bin/polygraphy debug repeat --until 6 --artifacts flaky-artifact.txt --check bash -c n=$(($(cat iteration-counter.txt) + 1)); echo $n > iteration-counter.txt; echo "iteration $n" > flaky-artifact.txt; test $((n % 3)) -ne 0
[I]     RUNNING | Iteration 1
[I]     Running check command: bash -c n=$(($(cat iteration-counter.txt) + 1)); echo $n > iteration-counter.txt; echo "iteration $n" > flaky-artifact.txt; test $((n % 3)) -ne 0
[I]     Moving flaky-artifact.txt to polygraphy_artifacts/good/flaky-artifact_08-27-26_10-33-53_N0.txt
[I]     Saving debug replay to polygraphy_debug_replay.json
[I]     PASSED | Iteration 1 | Duration 1.6621830463409424s
[I]     RUNNING | Iteration 2
[I]     Running check command: bash -c n=$(($(cat iteration-counter.txt) + 1)); echo $n > iteration-counter.txt; echo "iteration $n" > flaky-artifact.txt; test $((n % 3)) -ne 0
[I]     Moving flaky-artifact.txt to polygraphy_artifacts/good/flaky-artifact_08-27-26_10-33-53_N1.txt
[I]     Saving debug replay to polygraphy_debug_replay.json
[I]     PASSED | Iteration 2 | Duration 0.19319820404052734s
[I]     RUNNING | Iteration 3
[I]     Running check command: bash -c n=$(($(cat iteration-counter.txt) + 1)); echo $n > iteration-counter.txt; echo "iteration $n" > flaky-artifact.txt; test $((n % 3)) -ne 0
[I]     ========== CAPTURED STDOUT ==========
[E]     ========== CAPTURED STDERR ==========
[I]     Moving flaky-artifact.txt to polygraphy_artifacts/bad/flaky-artifact_08-27-26_10-33-53_N2.txt
[I]     Saving debug replay to polygraphy_debug_replay.json
[E]     FAILED | Iteration 3 | Duration 0.20183300971984863s
[I]     RUNNING | Iteration 4
[I]     Running check command: bash -c n=$(($(cat iteration-counter.txt) + 1)); echo $n > iteration-counter.txt; echo "iteration $n" > flaky-artifact.txt; test $((n % 3)) -ne 0
[I]     Moving flaky-artifact.txt to polygraphy_artifacts/good/flaky-artifact_08-27-26_10-33-53_N3.txt
[I]     Saving debug replay to polygraphy_debug_replay.json
[I]     PASSED | Iteration 4 | Duration 0.2003788948059082s
[I]     RUNNING | Iteration 5
[I]     Running check command: bash -c n=$(($(cat iteration-counter.txt) + 1)); echo $n > iteration-counter.txt; echo "iteration $n" > flaky-artifact.txt; test $((n % 3)) -ne 0
[I]     Moving flaky-artifact.txt to polygraphy_artifacts/good/flaky-artifact_08-27-26_10-33-53_N4.txt
[I]     Saving debug replay to polygraphy_debug_replay.json
[I]     PASSED | Iteration 5 | Duration 0.2069225311279297s
[I]     RUNNING | Iteration 6
[I]     Running check command: bash -c n=$(($(cat iteration-counter.txt) + 1)); echo $n > iteration-counter.txt; echo "iteration $n" > flaky-artifact.txt; test $((n % 3)) -ne 0
[I]     ========== CAPTURED STDOUT ==========
[E]     ========== CAPTURED STDERR ==========
[I]     Moving flaky-artifact.txt to polygraphy_artifacts/bad/flaky-artifact_08-27-26_10-33-53_N5.txt
[I]     Saving debug replay to polygraphy_debug_replay.json
[E]     FAILED | Iteration 6 | Duration 0.21345257759094238s
[I] Finished 6 iteration(s) | Passed: 4/6 | Pass Rate: 66.66666666666667%
[I] PASSED | Runtime: 2.712s | Command: /usr/local/bin/polygraphy debug repeat --until 6 --artifacts flaky-artifact.txt --check bash -c n=$(($(cat iteration-counter.txt) + 1)); echo $n > iteration-counter.txt; echo "iteration $n" > flaky-artifact.txt; test $((n % 3)) -ne 0
polygraphy_artifacts/:
total 8
drwxr-xr-x 2 wili dip 4096 Aug 27 10:33 bad
drwxr-xr-x 2 wili dip 4096 Aug 27 10:33 good

polygraphy_artifacts/bad:
total 0
-rw-r--r-- 1 wili dip 12 Aug 27 10:33 flaky-artifact_08-27-26_10-33-53_N2.txt
-rw-r--r-- 1 wili dip 12 Aug 27 10:33 flaky-artifact_08-27-26_10-33-53_N5.txt

polygraphy_artifacts/good:
total 38820
-rw-r--r-- 1 wili dip       12 Aug 27 10:33 flaky-artifact_08-27-26_10-33-53_N0.txt
-rw-r--r-- 1 wili dip       12 Aug 27 10:33 flaky-artifact_08-27-26_10-33-53_N1.txt
-rw-r--r-- 1 wili dip       12 Aug 27 10:33 flaky-artifact_08-27-26_10-33-53_N3.txt
-rw-r--r-- 1 wili dip       12 Aug 27 10:33 flaky-artifact_08-27-26_10-33-53_N4.txt
-rw-r--r-- 1 wili dip 13189284 Aug 27 10:33 polygraphy_debug_08-27-26_10-33-34_N0.engine
-rw-r--r-- 1 wili dip 13189708 Aug 27 10:33 polygraphy_debug_08-27-26_10-33-34_N1.engine
-rw-r--r-- 1 wili dip 13189284 Aug 27 10:33 polygraphy_debug_08-27-26_10-33-34_N2.engine
