[I] RUNNING | Command: /usr/local/bin/polygraphy run /work/trt-samples-for-hackathon-cn-wili/cookbook/00-Data/model/model-trained.onnx --trt --save-engine model-trained.trt --save-timing-cache model-trained.TimingCache --trt-min-shapes x:[1,1,28,28] --trt-opt-shapes x:[4,1,28,28] --trt-max-shapes x:[16,1,28,28] --memory-pool-limit workspace:1G --builder-optimization-level 5 --max-aux-streams 4 --input-shapes x:[4,1,28,28] --verbose
[V] Loaded Module: polygraphy | Version: 0.50.3 | Path: ['/usr/local/lib/python3.12/dist-packages/polygraphy']
[V] Loaded extension modules: []
[I] Will generate inference input data according to provided TensorMetadata: {x [shape=(4, 1, 28, 28)]}
[V] Loaded Module: tensorrt | Version: 11.1.0.106 | Path: ['/usr/local/lib/python3.12/dist-packages/tensorrt']
[I] TF32 is disabled by default. Turn on TF32 for better performance with minor accuracy differences.
[I] trt-runner-N0-08/27/26-10:30:09     | Activating and starting inference
[V] [MemUsageChange] Init CUDA: CPU +30, GPU +0, now: CPU 43, GPU 458 (MiB)
[V] ----------------------------------------------------------------
[V] Input filename:   /work/trt-samples-for-hackathon-cn-wili/cookbook/00-Data/model/model-trained.onnx
[V] ONNX IR version:  0.0.10
[V] Opset version:    18
[V] Producer name:    pytorch
[V] Producer version: 2.11.0a0+a6c236b9fd.nv26.03.46836102
[V] Domain:
[V] Model version:    0
[V] Doc string:
[V] ----------------------------------------------------------------
[W] ModelImporter.cpp:1047: Make sure output z has Int64 binding.
[V] Setting TensorRT Optimization Profiles
[V] Input tensor: x (dtype=DataType.FLOAT, shape=(-1, 1, 28, 28)) | Setting input tensor shapes to: (min=[1, 1, 28, 28], opt=[4, 1, 28, 28], max=[16, 1, 28, 28])
[I] Configuring with profiles:[
        Profile 0:
            {x [min=[1, 1, 28, 28], opt=[4, 1, 28, 28], max=[16, 1, 28, 28]]}
    ]
[I] Building engine with configuration:
    Flags                  | [STRONGLY_TYPED]
    Engine Capability      | EngineCapability.STANDARD
    Memory Pools           | [WORKSPACE: 1024.00 MiB, TACTIC_DRAM: 81071.25 MiB, TACTIC_SHARED_MEMORY: 1024.00 MiB]
    Tactic Sources         | [EDGE_MASK_CONVOLUTIONS, JIT_CONVOLUTIONS]
    Profiling Verbosity    | ProfilingVerbosity.DETAILED
[V] [MemUsageChange] Init builder kernel library: CPU +523, GPU +10, now: CPU 777, GPU 470 (MiB)
[V] Global timing cache in use. Profiling results in this builder pass will be stored.
[V] Compiler backend is used during engine build.
[V] [MS] Number of streams used is 3
[V] [MS] Number of events used is 2
[V] Detected 1 inputs and 2 output network tensors.
[V] Total Host Persistent Memory: 20048 bytes
[V] Total Device Persistent Memory: 0 bytes
[V] Max Scratch Memory: 919040 bytes
[V] [BlockAssignment] Started assigning block shifts. This will take 12 steps to complete.
[V] [BlockAssignment] Algorithm ShiftNTopDown took 0.20897ms to assign 10 blocks to 12 nodes requiring 4095488 bytes.
[V] Total Activation Memory: 4094976 bytes
[V] Total Weights Memory: 13100840 bytes
[V] Compiler backend is used during engine execution.
[V] Engine generation completed in 7.23095 seconds.
[V] [MS] Running engine with multi stream info
[V] [MS] Number of aux streams is 2
[V] [MS] Number of total worker streams is 3
[V] [MS] The main stream provided by execute/enqueue calls is the first worker stream
[V] [MemUsageChange] TensorRT-managed allocation in IExecutionContext creation: CPU +0, GPU +4, now: CPU 0, GPU 17 (MiB)
[V] Global timing cache in use. Profiling results in this builder pass will be stored.
[V] Compiler backend is used during engine build.
[V] [MS] Multi stream is disabled as cannot find an opportunity to leverage it
[W] [MS] Multi stream is disabled because the stream assignment failed.
[V] Detected 1 inputs and 2 output network tensors.
[V] Total Host Persistent Memory: 8560 bytes
[V] Total Device Persistent Memory: 0 bytes
[V] Max Scratch Memory: 1204224 bytes
[V] [BlockAssignment] Started assigning block shifts. This will take 6 steps to complete.
[V] [BlockAssignment] Algorithm ShiftNTopDown took 0.03158ms to assign 3 blocks to 6 nodes requiring 2590720 bytes.
[V] Total Activation Memory: 2590208 bytes
[V] Total Weights Memory: 13098880 bytes
[V] Compiler backend is used during engine execution.
[V] Engine generation completed in 1.75037 seconds.
[V] [MemUsageChange] TensorRT-managed allocation in IExecutionContext creation: CPU +0, GPU +3, now: CPU 0, GPU 28 (MiB)
[V] Global timing cache in use. Profiling results in this builder pass will be stored.
[V] Compiler backend is used during engine build.
[V] [MS] Multi stream is disabled as cannot find an opportunity to leverage it
[V] Detected 1 inputs and 2 output network tensors.
[V] Total Host Persistent Memory: 19728 bytes
[V] Total Device Persistent Memory: 0 bytes
[V] Max Scratch Memory: 984576 bytes
[V] [BlockAssignment] Started assigning block shifts. This will take 5 steps to complete.
[V] [BlockAssignment] Algorithm ShiftNTopDown took 0.03271ms to assign 2 blocks to 5 nodes requiring 2007040 bytes.
[V] Total Activation Memory: 2007040 bytes
[V] Total Weights Memory: 13100672 bytes
[V] Compiler backend is used during engine execution.
[V] Engine generation completed in 0.128824 seconds.
[V] [MemUsageChange] TensorRT-managed allocation in IExecutionContext creation: CPU +0, GPU +2, now: CPU 0, GPU 27 (MiB)
[V] [MemUsageStats] Peak memory usage of TRT CPU/GPU memory allocators: CPU 0 MiB, GPU 28 MiB
[I] Finished engine building in 9.779 seconds
[V] Loaded Module: fcntl
[V] Serialized 855 bytes of code generator cache.
[V] Serialized 80567 bytes of compilation cache.
[V] Serialized 39 timing cache entries
[I] Saving tactic timing cache to model-trained.TimingCache
[V] Loaded engine size: 12 MiB
[V] [MemUsageChange] TensorRT-managed allocation in IExecutionContext creation: CPU +0, GPU +2, now: CPU 0, GPU 14 (MiB)
[V] Found candidate CUDA libraries: ['/usr/local/cuda/lib64/libcudart.so.13', '/usr/local/cuda/lib64/libcudart.so.13.3.29', '/usr/local/cuda/lib64/libcudart.so']
[V] Loading inputs from data loader
[V] Generating data using numpy seed: 1
[V] Loaded Module: numpy | Version: 2.1.0 | Path: ['/usr/local/lib/python3.12/dist-packages/numpy']
[V] Input tensor: x | Generating input data in range: [0.0, 1.0]
[I] trt-runner-N0-08/27/26-10:30:09
    ---- Inference Input(s) ----
    {x [dtype=float32, shape=(4, 1, 28, 28)]}
[V] trt-runner-N0-08/27/26-10:30:09     | Input metadata is: {x [dtype=float32, shape=(-1, 1, 28, 28)]}
[V] Loaded Module: torch | Version: 2.13.0a0+9186a08b2c.nv26.07 | Path: ['/usr/local/lib/python3.12/dist-packages/torch']
[I] trt-runner-N0-08/27/26-10:30:09
    ---- Inference Output(s) ----
    {y [dtype=float32, shape=(4, 10)],
     z [dtype=int64, shape=(4,)]}
[I] trt-runner-N0-08/27/26-10:30:09     | Completed 1 iteration(s) in 1393 ms | Average inference time: 1393 ms.
[V] Successfully ran: ['trt-runner-N0-08/27/26-10:30:09']
[I] PASSED | Runtime: 12.954s | Command: /usr/local/bin/polygraphy run /work/trt-samples-for-hackathon-cn-wili/cookbook/00-Data/model/model-trained.onnx --trt --save-engine model-trained.trt --save-timing-cache model-trained.TimingCache --trt-min-shapes x:[1,1,28,28] --trt-opt-shapes x:[4,1,28,28] --trt-max-shapes x:[16,1,28,28] --memory-pool-limit workspace:1G --builder-optimization-level 5 --max-aux-streams 4 --input-shapes x:[4,1,28,28] --verbose
