[TensorRT-Cookbook] Version: 1.0.0
[07/22/2026-00:22:41] [TRT] [I] [MemUsageChange] Init CUDA: CPU +57, GPU +0, now: CPU 189, GPU 627 (MiB)
[07/22/2026-00:22:41] [TRT] [V] Trying to load shared library libnvinfer_builder_resource_sm100.so.11.0.0
[07/22/2026-00:22:41] [TRT] [V] Loaded shared library libnvinfer_builder_resource_sm100.so.11.0.0
[07/22/2026-00:22:41] [TRT] [V] CUDA lazy loading is enabled.
[07/22/2026-00:22:41] [TRT] [V] Compiler backend convergence mode enabled
[07/22/2026-00:22:42] [TRT] [I] [MemUsageChange] Init builder kernel library: CPU +321, GPU +8, now: CPU 707, GPU 635 (MiB)
[07/22/2026-00:22:42] [TRT] [V] Original: 1 layers
[07/22/2026-00:22:42] [TRT] [V] After dead-layer removal: 1 layers
[07/22/2026-00:22:42] [TRT] [V] SYMBOLIC CHECKS
[07/22/2026-00:22:42] [TRT] [V] GRAPH NODES
[07/22/2026-00:22:42] [TRT] [V] DYNAMIC_QUANTIZE (Unnamed Layer* 0) [DynamicQuantize]
[07/22/2026-00:22:42] [TRT] [V]     Input 0
[07/22/2026-00:22:42] [TRT] [V]         3	3
[07/22/2026-00:22:42] [TRT] [V]         16	16
[07/22/2026-00:22:42] [TRT] [V]     Output 0
[07/22/2026-00:22:42] [TRT] [V]         3	3
[07/22/2026-00:22:42] [TRT] [V]         16	16
[07/22/2026-00:22:42] [TRT] [V]     Output 1
[07/22/2026-00:22:42] [TRT] [V]         3	3
[07/22/2026-00:22:42] [TRT] [V]         1	1
[07/22/2026-00:22:42] [TRT] [V] Graph construction completed in 0.00177795 seconds.
[07/22/2026-00:22:42] [TRT] [V] After adding DebugOutput nodes: 1 layers
[07/22/2026-00:22:42] [TRT] [V] QDQ graph optimizer - constant folding of Q/DQ initializers
[07/22/2026-00:22:42] [TRT] [V] After Myelin optimization: 1 layers
[07/22/2026-00:22:42] [TRT] [V] QDQ graph optimizer - constant folding of Q/DQ initializers
[07/22/2026-00:22:42] [TRT] [V] QDQ graph optimizer forward pass - DQ motions and fusions
[07/22/2026-00:22:42] [TRT] [V] QDQ graph optimizer backward pass
[07/22/2026-00:22:42] [TRT] [V] QDQ graph optimizer quantization pass - Generate quantized ops
[07/22/2026-00:22:42] [TRT] [V] After dupe layer removal: 1 layers
[07/22/2026-00:22:42] [TRT] [V] After final dead-layer removal: 1 layers
[07/22/2026-00:22:42] [TRT] [V] After tensor merging: 1 layers
[07/22/2026-00:22:42] [TRT] [V] QDQ graph optimizer quantization epilogue pass
[07/22/2026-00:22:42] [TRT] [V] QDQ optimization pass
[07/22/2026-00:22:42] [TRT] [V] QDQ graph optimizer constant fold dangling QDQ pass
[07/22/2026-00:22:42] [TRT] [V] After dupe layer removal: 1 layers
[07/22/2026-00:22:42] [TRT] [V] After final dead-layer removal: 1 layers
[07/22/2026-00:22:42] [TRT] [V] After tensor merging: 1 layers
[07/22/2026-00:22:42] [TRT] [V] After vertical fusions: 1 layers
[07/22/2026-00:22:42] [TRT] [V] After dupe layer removal: 1 layers
[07/22/2026-00:22:42] [TRT] [V] After final dead-layer removal: 1 layers
[07/22/2026-00:22:42] [TRT] [V] After tensor merging: 1 layers
[07/22/2026-00:22:42] [TRT] [V] After slice removal: 1 layers
[07/22/2026-00:22:42] [TRT] [V] After concat removal: 1 layers
[07/22/2026-00:22:42] [TRT] [V] Trying to split Reshape and strided tensor
[07/22/2026-00:22:42] [TRT] [V] Graph optimization time: 0.00415856 seconds.
[07/22/2026-00:22:42] [TRT] [V] Building graph using backend strategy 2
[07/22/2026-00:22:42] [TRT] [I] Local timing cache in use. Profiling results in this builder pass will not be stored.
[07/22/2026-00:22:42] [TRT] [V] Constructing optimization profile number 0 [1/1].
[07/22/2026-00:22:42] [TRT] [V] Applying generic optimizations to the graph for inference.
[07/22/2026-00:22:42] [TRT] [V] Reserving memory for host IO tensors. Host: 0 bytes
[07/22/2026-00:22:42] [TRT] [V] =============== Computing costs for {ForeignNode[(Unnamed Layer* 0) [DynamicQuantize]]}
[07/22/2026-00:22:42] [TRT] [V] ForeignNode {ForeignNode[(Unnamed Layer* 0) [DynamicQuantize]]} metadata: 
[07/22/2026-00:22:42] [TRT] [V] *************** Autotuning format combination: Float(16,1) -> FP8(16,1), Float(1,1) ***************
[07/22/2026-00:22:42] [TRT] [V] --------------- Timing Runner: {ForeignNode[(Unnamed Layer* 0) [DynamicQuantize]]} (Myelin[0x80000023])
[07/22/2026-00:22:42] [TRT] [I] Compiler backend is used during engine build.
[07/22/2026-00:22:42] [TRT] [V]  (foreignNode) Set user's cuda kernel library
[07/22/2026-00:22:42] [TRT] [V]  (foreignNode) Using legacy CPU-only mode.
[07/22/2026-00:22:42] [TRT] [V] Subgraph compilation completed in 0.112 seconds.
[07/22/2026-00:22:42] [TRT] [V] Tactic: 0x0000000000000000 Time: 0
[07/22/2026-00:22:42] [TRT] [V] {ForeignNode[(Unnamed Layer* 0) [DynamicQuantize]]} (Myelin[0x80000023]) profiling completed in 0.115997 seconds. Fastest Tactic: 0x0000000000000000 Time: 0
[07/22/2026-00:22:42] [TRT] [V] >>>>>>>>>>>>>>> Chose Runner Type: Myelin Tactic: 0x0000000000000000
[07/22/2026-00:22:42] [TRT] [V] =============== Computing reformatting costs for available format set
[07/22/2026-00:22:42] [TRT] [V] =============== Computing reformatting costs for available format set
[07/22/2026-00:22:42] [TRT] [V] =============== Computing reformatting costs for available format set
[07/22/2026-00:22:42] [TRT] [V] Formats and tactics selection completed in 0.122094 seconds.
[07/22/2026-00:22:42] [TRT] [V] After reformat layers: 1 layers
[07/22/2026-00:22:42] [TRT] [V] Total number of blocks in pre-optimized block assignment: 1
[07/22/2026-00:22:42] [TRT] [I] Detected 1 inputs and 2 output network tensors.
[07/22/2026-00:22:42] [TRT] [V] Layer: {ForeignNode[(Unnamed Layer* 0) [DynamicQuantize]]} Host Persistent: 80 bytes Device Persistent: 0 bytes Scratch Memory: 0 bytes
[07/22/2026-00:22:42] [TRT] [V] Skipped printing memory information for 0 layers with 0 memory size i.e. Host Persistent + Device Persistent + Scratch Memory == 0.
[07/22/2026-00:22:42] [TRT] [I] Total Host Persistent Memory: 80 bytes
[07/22/2026-00:22:42] [TRT] [I] Total Device Persistent Memory: 0 bytes
[07/22/2026-00:22:42] [TRT] [I] Max Scratch Memory: 0 bytes
[07/22/2026-00:22:42] [TRT] [V] Total number of blocks in optimized block assignment: 0
[07/22/2026-00:22:42] [TRT] [I] Total Activation Memory: 0 bytes
[07/22/2026-00:22:42] [TRT] [I] Total Weights Memory: 516 bytes
[07/22/2026-00:22:42] [TRT] [V] Total number of generated kernels selected for the engine: 0
[07/22/2026-00:22:42] [TRT] [I] Compiler backend is used during engine execution.
[07/22/2026-00:22:42] [TRT] [V] Disabling unused tactic source: EDGE_MASK_CONVOLUTIONS
[07/22/2026-00:22:42] [TRT] [V] Disabling unused tactic source: JIT_CONVOLUTIONS
[07/22/2026-00:22:42] [TRT] [I] Engine generation completed in 0.133818 seconds.
[07/22/2026-00:22:42] [TRT] [V] Engine Layer Information:
Layer(Myelin): {ForeignNode[(Unnamed Layer* 0) [DynamicQuantize]]}, Tactic: 0x0000000000000000, tensor (Float[3,16]) -> (Unnamed Layer* 0) [DynamicQuantize]_output (FP8[3,16]), (Unnamed Layer* 0) [DynamicQuantize]_output_1 (Float[3,1])
[07/22/2026-00:22:42] [TRT] [I] [MemUsageStats] Peak memory usage of TRT CPU/GPU memory allocators: CPU 0 MiB, GPU 1 MiB
[07/22/2026-00:22:42] [TRT] [V] Adding 1 engine(s) to plan file.
[07/22/2026-00:22:42] [TRT] [V] Adding 1 engine weights(s) to plan file.
[07/22/2026-00:22:42] [TRT] [I] Loaded engine size: 0 MiB
[07/22/2026-00:22:42] [TRT] [V] Deserialization required 5423 microseconds.
[07/22/2026-00:22:42] [TRT] [V] Total per-runner device persistent memory is 0
[07/22/2026-00:22:42] [TRT] [V] Total per-runner host persistent memory is 80
[07/22/2026-00:22:42] [TRT] [V] Allocated device scratch memory of size 0
[07/22/2026-00:22:42] [TRT] [V] - Runner scratch: 0 bytes
[07/22/2026-00:22:42] [TRT] [I] [MemUsageChange] TensorRT-managed allocation in IExecutionContext creation: CPU +0, GPU +0, now: CPU 0, GPU 0 (MiB)
[07/22/2026-00:22:42] [TRT] [V] CUDA lazy loading is enabled.
[07/22/2026-00:22:42] [TRT] [W] Using default stream in enqueueV3() may lead to performance issues due to additional calls to cudaStreamSynchronize() by TensorRT to ensure correct synchronization. Please use non-default stream instead.
[07/22/2026-00:22:43] [TRT] [W] Using default stream in enqueueV3() may lead to performance issues due to additional calls to cudaStreamSynchronize() by TensorRT to ensure correct synchronization. Please use non-default stream instead.
[07/22/2026-00:22:43] [TRT] [E] Error Code: 9: Skipping tactic 0x0000000000000000 due to exception [api_compile.cpp:4893: validate_quantize_operation] DynamicQuantize operation with double_quant_scale must have scalar block_size. In compileGraph at /_src/optimizer/myelin/codeGenerator.cpp:1825
[07/22/2026-00:22:43] [TRT] [E] IBuilder::buildSerializedNetwork: Error Code 10: Internal Error (Could not find any implementation for node {ForeignNode[(Unnamed Layer* 0) [Constant]...(Unnamed Layer* 1) [DynamicQuantize]]}. In computeCosts at /_src/optimizer/common/tactic/optimizer.cpp:4284)
============================== Start [case_v1,(),{}]

================ Public members of <tensorrt.tensorrt.IDynamicQuantizeLayer object at 0x7af4de76e870> (instance)
 0 Callback members: []
 0 Callable methods: []
 5 Non-callable attributions: ['axis', 'block_shape', 'block_size', 'scale_type', 'to_type']
Input ->DataType.FLOAT, (3, 16), (3, 16), tensor
Output->DataType.FP8, (3, 16), (3, 16), (Unnamed Layer* 0) [DynamicQuantize]_output
Output->DataType.FLOAT, (3, 1), (3, 1), (Unnamed Layer* 0) [DynamicQuantize]_output_1
tensor
[[-1.         -0.9583333  -0.9166667  -0.875      -0.8333333  -0.7916667
  -0.75       -0.7083334  -0.6666666  -0.625      -0.5833334  -0.5416666
  -0.5        -0.4583333  -0.4166667  -0.375     ]
 [-0.3333333  -0.2916667  -0.25       -0.20833331 -0.16666669 -0.125
  -0.08333331 -0.04166669  0.          0.04166663  0.08333337  0.125
   0.16666663  0.20833337  0.25        0.29166663]
 [ 0.33333337  0.375       0.41666663  0.45833337  0.5         0.5416666
   0.5833334   0.625       0.6666666   0.7083334   0.75        0.7916666
   0.8333334   0.875       0.9166666   0.9583334 ]]
(Unnamed Layer* 0) [DynamicQuantize]_output
[[b'\xFE' b'\xFD' b'\xFD' b'\xFC' b'\xFC' b'\xFB' b'\xFA' b'\xFA' b'\xF9'
  b'\xF9' b'\xF8' b'\xF7' b'\xF6' b'\xF5' b'\xF4' b'\xF2']
 [b'\xFE' b'\xFC' b'\xFB' b'\xF9' b'\xF6' b'\xF3' b'\xEE' b'\xE6' b'\x00'
  b'\x66' b'\x6E' b'\x73' b'\x76' b'\x79' b'\x7B' b'\x7C']
 [b'\x72' b'\x73' b'\x74' b'\x75' b'\x77' b'\x78' b'\x79' b'\x79' b'\x7A'
  b'\x7A' b'\x7B' b'\x7C' b'\x7C' b'\x7D' b'\x7D' b'\x7E']]
(Unnamed Layer* 0) [DynamicQuantize]_output_1
[[0.00223214]
 [0.00074405]
 [0.00213914]]
============================== End   [case_v1]
============================== Start [case_v1_double_quantization,(),{}]
case_v1_double_quantization build succeeded
============================== End   [case_v1_double_quantization]
============================== Start [case_v2,(),{}]
Input ->DataType.FLOAT, (8, 8), (8, 8), tensor
Output->DataType.FP8, (8, 8), (8, 8), (Unnamed Layer* 0) [DynamicQuantize]_output
Output->DataType.FLOAT, (2, 2), (2, 2), (Unnamed Layer* 0) [DynamicQuantize]_output_1
tensor
[[-1.      -0.96875 -0.9375  -0.90625 -0.875   -0.84375 -0.8125  -0.78125]
 [-0.75    -0.71875 -0.6875  -0.65625 -0.625   -0.59375 -0.5625  -0.53125]
 [-0.5     -0.46875 -0.4375  -0.40625 -0.375   -0.34375 -0.3125  -0.28125]
 [-0.25    -0.21875 -0.1875  -0.15625 -0.125   -0.09375 -0.0625  -0.03125]
 [ 0.       0.03125  0.0625   0.09375  0.125    0.15625  0.1875   0.21875]
 [ 0.25     0.28125  0.3125   0.34375  0.375    0.40625  0.4375   0.46875]
 [ 0.5      0.53125  0.5625   0.59375  0.625    0.65625  0.6875   0.71875]
 [ 0.75     0.78125  0.8125   0.84375  0.875    0.90625  0.9375   0.96875]]
(Unnamed Layer* 0) [DynamicQuantize]_output
[[b'\xFE' b'\xFE' b'\xFD' b'\xFD' b'\xFE' b'\xFE' b'\xFD' b'\xFC']
 [b'\xFA' b'\xFA' b'\xFA' b'\xF9' b'\xFA' b'\xFA' b'\xF9' b'\xF8']
 [b'\xF6' b'\xF5' b'\xF4' b'\xF3' b'\xF4' b'\xF3' b'\xF2' b'\xF1']
 [b'\xEE' b'\xEC' b'\xEA' b'\xE9' b'\xE8' b'\xE4' b'\xE0' b'\xD8']
 [b'\x00' b'\x58' b'\x60' b'\x64' b'\x66' b'\x69' b'\x6B' b'\x6D']
 [b'\x70' b'\x71' b'\x72' b'\x73' b'\x73' b'\x74' b'\x75' b'\x76']
 [b'\x78' b'\x79' b'\x79' b'\x7A' b'\x79' b'\x79' b'\x7A' b'\x7A']
 [b'\x7C' b'\x7D' b'\x7D' b'\x7E' b'\x7D' b'\x7D' b'\x7E' b'\x7E']]
(Unnamed Layer* 0) [DynamicQuantize]_output_1
[[0.00223214 0.00195312]
 [0.00188337 0.00216239]]
============================== End   [case_v2]
============================== Start [case_v2_double_quantization,(),{}]
============================== End   [case_v2_double_quantization]
Members of tensorrt.tensorrt.DataType:
 0 -> FLOAT
 1 -> HALF
 7 -> BF16
 2 -> INT8
 3 -> INT32
 8 -> INT64
 4 -> BOOL
 5 -> UINT8
 6 -> FP8
 9 -> INT4
10 -> FP4
11 -> E8M0
Finish
