[TensorRT-Cookbook] Version: 1.0.0
============================== Start [case_partition_scaling,(),{}]
    device: 114 SM, minSmPartitionSize=8, smCoscheduledAlignment=8
    default stream (all 114 SM):   0.137 ms
    green stream,  16 SM         :   0.547 ms  (3.98x of the whole GPU, SM ratio 7.12x)
    green stream,  32 SM         :   0.298 ms  (2.17x of the whole GPU, SM ratio 3.56x)
    green stream,  64 SM         :   0.167 ms  (1.21x of the whole GPU, SM ratio 1.78x)
    green stream, 114 SM         :   0.141 ms  (1.03x of the whole GPU, SM ratio 1.00x)
    -> a partition of every SM costs nothing, so the mechanism itself is free
============================== End   [case_partition_scaling]
============================== Start [case_noisy_neighbour,(),{}]
    alone, default stream                     : median  0.036 ms, p95  0.038 ms
    background job, both on default stream    : median  0.147 ms, p95  0.299 ms  ( 4.09x /  7.88x)
    background job, green 32 SM / 82 SM        : median  0.067 ms, p95  0.126 ms  ( 1.86x /  3.33x)
    -> this is the MIG experiment, without MIG: same process, no root, no restart
============================== End   [case_noisy_neighbour]
============================== Start [case_auxiliary_streams_escape_the_partition,(),{}]
    partitions: latency job 32 SM, background job 82 SM (disjoint)
    background idle                              : median  0.055 ms, p95  0.057 ms
    background on its partition, max_aux_streams=0      : median  0.066 ms ( 1.20x), p95  0.098 ms ( 1.71x)
    background on its partition, max_aux_streams=4      : median  0.112 ms ( 2.04x), p95  0.200 ms ( 3.50x)
    background on its partition, default (-1, TRT decides): median  0.125 ms ( 2.28x), p95  0.182 ms ( 3.19x)
    -> build with `max_aux_streams = 0` or the isolation is a p95 illusion
============================== End   [case_auxiliary_streams_escape_the_partition]
============================== Start [case_build_is_not_partition_aware,(),{}]
    primary context: cudaGetDeviceProperties.multiProcessorCount=114, cuCtxGetDevResource=114
    green context  : cudaGetDeviceProperties.multiProcessorCount=114, cuCtxGetDevResource=32
    built on the whole GPU (1), run on 32 SM:   0.303 ms
    built on the whole GPU (2), run on 32 SM:   0.310 ms
    built inside the partition, run on 32 SM:   0.245 ms
    build-to-build spread of two identical builds: 0.008 ms; partition effect: 0.057 ms
    -> the tactic search is empirical, so it adapts to the partition even though the reported
       device properties do not: build where you will run
============================== End   [case_build_is_not_partition_aware]

Finish
