[TensorRT-Cookbook] Version: 1.0.0
[TensorRT-Cookbook] Version: 1.0.0
[TensorRT-Cookbook] Version: 1.0.0
[07/22/2026-00:22:15] [TRT] [W] Using default stream in enqueueV3() may lead to performance issues due to additional calls to cudaStreamSynchronize() by TensorRT to ensure correct synchronization. Please use non-default stream instead.
[07/22/2026-00:22:15] [TRT] [W] Using default stream in enqueueV3() may lead to performance issues due to additional calls to cudaStreamSynchronize() by TensorRT to ensure correct synchronization. Please use non-default stream instead.
Members of tensorrt.tensorrt.CollectiveOperation:
 0 -> ALL_REDUCE
 1 -> ALL_GATHER
 2 -> BROADCAST
 3 -> REDUCE
 4 -> REDUCE_SCATTER
 5 -> ALL_TO_ALL
 6 -> GATHER
 7 -> SCATTER
Members of tensorrt.tensorrt.ReduceOperation:
 0 -> SUM
 1 -> PROD
 2 -> MAX
 3 -> MIN
 4 -> AVG
 5 -> NONE
Input ->DataType.FLOAT, (4, 3), (4, 3), input
Output->DataType.FLOAT, (4, 3), (4, 3), output
[check]:True,maxAbsDiff=0.000e+00,meanAbsDiff=0.000e+00,maxRelDiff=0.000e+00,meanRelDiff=0.000e+00
Members of tensorrt.tensorrt.CollectiveOperation:
 0 -> ALL_REDUCE
 1 -> ALL_GATHER
 2 -> BROADCAST
 3 -> REDUCE
 4 -> REDUCE_SCATTER
 5 -> ALL_TO_ALL
 6 -> GATHER
 7 -> SCATTER
Members of tensorrt.tensorrt.ReduceOperation:
 0 -> SUM
 1 -> PROD
 2 -> MAX
 3 -> MIN
 4 -> AVG
 5 -> NONE
Input ->DataType.FLOAT, (4, 3), (4, 3), input
Output->DataType.FLOAT, (4, 3), (4, 3), output
[check]:True,maxAbsDiff=0.000e+00,meanAbsDiff=0.000e+00,maxRelDiff=0.000e+00,meanRelDiff=0.000e+00
Rank 1 PASSED

================ Public members of <tensorrt.tensorrt.IDistCollectiveLayer object at 0x7504306543b0> (instance)
 0 Callback members: []
 0 Callable methods: []
 0 Non-callable attributions: []
Finish child process
Rank 0 PASSED

================ Public members of <tensorrt.tensorrt.IDistCollectiveLayer object at 0x730f0bc5ae70> (instance)
 0 Callback members: []
 0 Callable methods: []
 0 Non-callable attributions: []
Finish child process
[TensorRT-Cookbook] Version: 1.0.0
[TensorRT-Cookbook] Version: 1.0.0
[07/22/2026-00:22:20] [TRT] [W] Using default stream in enqueueV3() may lead to performance issues due to additional calls to cudaStreamSynchronize() by TensorRT to ensure correct synchronization. Please use non-default stream instead.
[07/22/2026-00:22:20] [TRT] [W] Using default stream in enqueueV3() may lead to performance issues due to additional calls to cudaStreamSynchronize() by TensorRT to ensure correct synchronization. Please use non-default stream instead.
Members of tensorrt.tensorrt.CollectiveOperation:
 0 -> ALL_REDUCE
 1 -> ALL_GATHER
 2 -> BROADCAST
 3 -> REDUCE
 4 -> REDUCE_SCATTER
 5 -> ALL_TO_ALL
 6 -> GATHER
 7 -> SCATTER
Members of tensorrt.tensorrt.ReduceOperation:
 0 -> SUM
 1 -> PROD
 2 -> MAX
 3 -> MIN
 4 -> AVG
 5 -> NONE
Input ->DataType.FLOAT, (4, 3), (4, 3), input
Output->DataType.FLOAT, (8, 3), (8, 3), output
[check]:True,maxAbsDiff=0.000e+00,meanAbsDiff=0.000e+00,maxRelDiff=0.000e+00,meanRelDiff=0.000e+00
Members of tensorrt.tensorrt.CollectiveOperation:
 0 -> ALL_REDUCE
 1 -> ALL_GATHER
 2 -> BROADCAST
 3 -> REDUCE
 4 -> REDUCE_SCATTER
 5 -> ALL_TO_ALL
 6 -> GATHER
 7 -> SCATTER
Members of tensorrt.tensorrt.ReduceOperation:
 0 -> SUM
 1 -> PROD
 2 -> MAX
 3 -> MIN
 4 -> AVG
 5 -> NONE
Input ->DataType.FLOAT, (4, 3), (4, 3), input
Output->DataType.FLOAT, (8, 3), (8, 3), output
[check]:True,maxAbsDiff=0.000e+00,meanAbsDiff=0.000e+00,maxRelDiff=0.000e+00,meanRelDiff=0.000e+00
Rank 0 PASSED

================ Public members of <tensorrt.tensorrt.IDistCollectiveLayer object at 0x743ff62b3db0> (instance)
 0 Callback members: []
 0 Callable methods: []
 0 Non-callable attributions: []
Finish child process
Rank 1 PASSED

================ Public members of <tensorrt.tensorrt.IDistCollectiveLayer object at 0x7af4599db0f0> (instance)
 0 Callback members: []
 0 Callable methods: []
 0 Non-callable attributions: []
Finish child process
[TensorRT-Cookbook] Version: 1.0.0
[TensorRT-Cookbook] Version: 1.0.0
[07/22/2026-00:22:25] [TRT] [W] Using default stream in enqueueV3() may lead to performance issues due to additional calls to cudaStreamSynchronize() by TensorRT to ensure correct synchronization. Please use non-default stream instead.
[07/22/2026-00:22:25] [TRT] [W] Using default stream in enqueueV3() may lead to performance issues due to additional calls to cudaStreamSynchronize() by TensorRT to ensure correct synchronization. Please use non-default stream instead.
Members of tensorrt.tensorrt.CollectiveOperation:
 0 -> ALL_REDUCE
 1 -> ALL_GATHER
 2 -> BROADCAST
 3 -> REDUCE
 4 -> REDUCE_SCATTER
 5 -> ALL_TO_ALL
 6 -> GATHER
 7 -> SCATTER
Members of tensorrt.tensorrt.ReduceOperation:
 0 -> SUM
 1 -> PROD
 2 -> MAX
 3 -> MIN
 4 -> AVG
 5 -> NONE
Input ->DataType.FLOAT, (4, 3), (4, 3), input
Output->DataType.FLOAT, (4, 3), (4, 3), output
[check]:True,maxAbsDiff=0.000e+00,meanAbsDiff=0.000e+00,maxRelDiff=0.000e+00,meanRelDiff=0.000e+00
Members of tensorrt.tensorrt.CollectiveOperation:
 0 -> ALL_REDUCE
 1 -> ALL_GATHER
 2 -> BROADCAST
 3 -> REDUCE
 4 -> REDUCE_SCATTER
 5 -> ALL_TO_ALL
 6 -> GATHER
 7 -> SCATTER
Members of tensorrt.tensorrt.ReduceOperation:
 0 -> SUM
 1 -> PROD
 2 -> MAX
 3 -> MIN
 4 -> AVG
 5 -> NONE
Input ->DataType.FLOAT, (4, 3), (4, 3), input
Output->DataType.FLOAT, (4, 3), (4, 3), output
[check]:True,maxAbsDiff=0.000e+00,meanAbsDiff=0.000e+00,maxRelDiff=0.000e+00,meanRelDiff=0.000e+00
Rank 1 PASSED

================ Public members of <tensorrt.tensorrt.IDistCollectiveLayer object at 0x7442050f34f0> (instance)
 0 Callback members: []
 0 Callable methods: []
 0 Non-callable attributions: []
Finish child process
Rank 0 PASSED

================ Public members of <tensorrt.tensorrt.IDistCollectiveLayer object at 0x77b2a21da6f0> (instance)
 0 Callback members: []
 0 Callable methods: []
 0 Non-callable attributions: []
Finish child process
[TensorRT-Cookbook] Version: 1.0.0
[TensorRT-Cookbook] Version: 1.0.0
[07/22/2026-00:22:30] [TRT] [W] Using default stream in enqueueV3() may lead to performance issues due to additional calls to cudaStreamSynchronize() by TensorRT to ensure correct synchronization. Please use non-default stream instead.
[07/22/2026-00:22:30] [TRT] [W] Using default stream in enqueueV3() may lead to performance issues due to additional calls to cudaStreamSynchronize() by TensorRT to ensure correct synchronization. Please use non-default stream instead.
Members of tensorrt.tensorrt.CollectiveOperation:
 0 -> ALL_REDUCE
 1 -> ALL_GATHER
 2 -> BROADCAST
 3 -> REDUCE
 4 -> REDUCE_SCATTER
 5 -> ALL_TO_ALL
 6 -> GATHER
 7 -> SCATTER
Members of tensorrt.tensorrt.ReduceOperation:
 0 -> SUM
 1 -> PROD
 2 -> MAX
 3 -> MIN
 4 -> AVG
 5 -> NONE
Input ->DataType.FLOAT, (4, 3), (4, 3), input
Output->DataType.FLOAT, (4, 3), (4, 3), output
[check]:True,maxAbsDiff=0.000e+00,meanAbsDiff=0.000e+00,maxRelDiff=0.000e+00,meanRelDiff=0.000e+00
Members of tensorrt.tensorrt.CollectiveOperation:
 0 -> ALL_REDUCE
 1 -> ALL_GATHER
 2 -> BROADCAST
 3 -> REDUCE
 4 -> REDUCE_SCATTER
 5 -> ALL_TO_ALL
 6 -> GATHER
 7 -> SCATTER
Members of tensorrt.tensorrt.ReduceOperation:
 0 -> SUM
 1 -> PROD
 2 -> MAX
 3 -> MIN
 4 -> AVG
 5 -> NONE
Input ->DataType.FLOAT, (4, 3), (4, 3), input
Output->DataType.FLOAT, (4, 3), (4, 3), output
Rank 1 PASSED

================ Public members of <tensorrt.tensorrt.IDistCollectiveLayer object at 0x730f561daf70> (instance)
 0 Callback members: []
 0 Callable methods: []
 0 Non-callable attributions: []
Finish child process
Rank 0 PASSED

================ Public members of <tensorrt.tensorrt.IDistCollectiveLayer object at 0x7e0b69b99d70> (instance)
 0 Callback members: []
 0 Callable methods: []
 0 Non-callable attributions: []
Finish child process
[TensorRT-Cookbook] Version: 1.0.0
[TensorRT-Cookbook] Version: 1.0.0
[07/22/2026-00:22:35] [TRT] [W] Using default stream in enqueueV3() may lead to performance issues due to additional calls to cudaStreamSynchronize() by TensorRT to ensure correct synchronization. Please use non-default stream instead.
[07/22/2026-00:22:35] [TRT] [W] Using default stream in enqueueV3() may lead to performance issues due to additional calls to cudaStreamSynchronize() by TensorRT to ensure correct synchronization. Please use non-default stream instead.
Members of tensorrt.tensorrt.CollectiveOperation:
 0 -> ALL_REDUCE
 1 -> ALL_GATHER
 2 -> BROADCAST
 3 -> REDUCE
 4 -> REDUCE_SCATTER
 5 -> ALL_TO_ALL
 6 -> GATHER
 7 -> SCATTER
Members of tensorrt.tensorrt.ReduceOperation:
 0 -> SUM
 1 -> PROD
 2 -> MAX
 3 -> MIN
 4 -> AVG
 5 -> NONE
Input ->DataType.FLOAT, (4, 3), (4, 3), input
Output->DataType.FLOAT, (2, 3), (2, 3), output
[check]:True,maxAbsDiff=0.000e+00,meanAbsDiff=0.000e+00,maxRelDiff=0.000e+00,meanRelDiff=0.000e+00
Members of tensorrt.tensorrt.CollectiveOperation:
 0 -> ALL_REDUCE
 1 -> ALL_GATHER
 2 -> BROADCAST
 3 -> REDUCE
 4 -> REDUCE_SCATTER
 5 -> ALL_TO_ALL
 6 -> GATHER
 7 -> SCATTER
Members of tensorrt.tensorrt.ReduceOperation:
 0 -> SUM
 1 -> PROD
 2 -> MAX
 3 -> MIN
 4 -> AVG
 5 -> NONE
Input ->DataType.FLOAT, (4, 3), (4, 3), input
Output->DataType.FLOAT, (2, 3), (2, 3), output
[check]:True,maxAbsDiff=0.000e+00,meanAbsDiff=0.000e+00,maxRelDiff=0.000e+00,meanRelDiff=0.000e+00
Rank 1 PASSED

================ Public members of <tensorrt.tensorrt.IDistCollectiveLayer object at 0x7bdb281d70b0> (instance)
 0 Callback members: []
 0 Callable methods: []
 0 Non-callable attributions: []
Finish child process
Rank 0 PASSED

================ Public members of <tensorrt.tensorrt.IDistCollectiveLayer object at 0x7bf6b6f222f0> (instance)
 0 Callback members: []
 0 Callable methods: []
 0 Non-callable attributions: []
Finish child process
Members of tensorrt.tensorrt.CollectiveOperation:
 0 -> ALL_REDUCE
 1 -> ALL_GATHER
 2 -> BROADCAST
 3 -> REDUCE
 4 -> REDUCE_SCATTER
 5 -> ALL_TO_ALL
 6 -> GATHER
 7 -> SCATTER
Members of tensorrt.tensorrt.ReduceOperation:
 0 -> SUM
 1 -> PROD
 2 -> MAX
 3 -> MIN
 4 -> AVG
 5 -> NONE
============================== Start [case_normal,('all_reduce',),{}]
============================== End   [case_normal]
============================== Start [case_normal,('all_gather',),{}]
============================== End   [case_normal]
============================== Start [case_normal,('broadcast',),{}]
============================== End   [case_normal]
============================== Start [case_normal,('reduce',),{}]
============================== End   [case_normal]
============================== Start [case_normal,('reduce_scatter',),{}]
============================== End   [case_normal]
Finish parent process
