N=  2 done, max|flat - loop| = 0.000e+00
N=  4 done, max|flat - loop| = 0.000e+00
N=  8 done, max|flat - loop| = 0.000e+00
N= 16 done, max|flat - loop| = 0.000e+00
N= 32 done, max|flat - loop| = 0.000e+00
N= 64 done, max|flat - loop| = 0.000e+00
N=128 done, max|flat - loop| = 0.000e+00
N=256 done, max|flat - loop| = 0.000e+00

=====================================================================================================================================================
   N |  Node(F) Node(L) |  Layer(F) Layer(L) |  Parse(F)s Parse(L)s |  Build(F)s Build(L)s |   Eng(F)MB  Eng(L)MB |   Lat(F)ms  Lat(L)ms |    MaxDiff
-----------------------------------------------------------------------------------------------------------------------------------------------------
   2 |       13      12 |        25       34 |      0.003     0.005 |       8.47      6.33 |        1.0       1.1 |      0.026     0.060 |  0.000e+00
   4 |       25      12 |        49       34 |      0.003     0.004 |       6.49      6.22 |        2.0       2.1 |      0.042     0.107 |  0.000e+00
   8 |       49      12 |        97       34 |      0.005     0.005 |       6.48      6.21 |        4.1       4.1 |      0.081     0.194 |  0.000e+00
  16 |       97      12 |       193       34 |      0.008     0.006 |       6.60      6.20 |        8.1       8.1 |      0.166     0.369 |  0.000e+00
  32 |      193      12 |       385       34 |      0.117     0.009 |       6.86      6.10 |       16.2      16.1 |      0.316     0.705 |  0.000e+00
  64 |      385      12 |       769       34 |      0.026     0.210 |       7.69      6.30 |       32.4      32.2 |      0.676     1.429 |  0.000e+00
 128 |      769      12 |      1537       34 |      0.429     0.022 |       8.99      6.15 |       64.7      64.3 |      1.495     2.763 |  0.000e+00
 256 |     1537      12 |      3073       34 |      0.831     0.792 |      12.65      6.28 |      129.4     128.6 |      2.956     5.722 |  0.000e+00
=====================================================================================================================================================
(F) = flat / unrolled graph, (L) = single `Loop` node with stacked weights

Finish
