[08/27/2026-03:18:41] [TRT] [W] Functionality provided through tensorrt.plugin module is experimental.
[TensorRT-Cookbook] Version: 1.0.0
============================== Start [case_aot_dynamo_compile,(),{}]
    AOT (torch_tensorrt.dynamo.compile)
      no cache        :   24.56 s
      build + save    :   22.66 s
      load from cache :    0.86 s
      -> reusing is 29x faster than building
      engines in engine_cache/: 1
============================== End   [case_aot_dynamo_compile]
============================== Start [case_jit_torch_compile,(),{}]
    JIT (torch.compile, backend=tensorrt)
      no cache        :   30.11 s
      build + save    :   27.52 s
      load from cache :    1.69 s
      -> reusing is 18x faster than building
      engines in engine_cache/: 1
============================== End   [case_jit_torch_compile]
============================== Start [case_weight_agnostic,(),{}]
    every parameter replaced, then recompiled in 0.83 s
    engines in cache: 1 -> 1 (unchanged, so the hash ignored the weights)
    max |eager - TensorRT| = 1.634e-07 -> the engine was refitted, not just reused
============================== End   [case_weight_agnostic]
============================== Start [case_custom_cache,(),{}]
    AOT with a custom in-memory cache
      no cache        :   22.73 s
      build + save    :   22.49 s
      load from cache :    0.82 s
      -> reusing is 28x faster than building
      RAMEngineCache: 1 blob(s), 1 save(s), 1 hit(s), 2 miss(es)
      nothing on disk: 0 file(s) in engine_cache/
============================== End   [case_custom_cache]

Finish
