[TensorRT-Cookbook] Version: 1.0.0
[07/22/2026-00:23:34] [TRT] [W] Using default stream in enqueueV3() may lead to performance issues due to additional calls to cudaStreamSynchronize() by TensorRT to ensure correct synchronization. Please use non-default stream instead.
============================== Start [case_simple,(),{}]

================ Public members of <tensorrt.tensorrt.IGridSampleLayer object at 0x705e5eb4cc70> (instance)
 0 Callback members: []
 0 Callable methods: []
 3 Non-callable attributions: ['align_corners', 'interpolation_mode', 'sample_mode']
Input ->DataType.FLOAT, (1, 3, 4, 5), (1, 3, 4, 5), tensor
Input ->DataType.FLOAT, (1, 6, 10, 2), (1, 6, 10, 2), tensor1
Output->DataType.FLOAT, (1, 3, 6, 10), (1, 3, 6, 10), (Unnamed Layer* 0) [GridSample]_output
tensor
[[[[  0.   1.   2.   3.   4.]
   [ 10.  11.  12.  13.  14.]
   [ 20.  21.  22.  23.  24.]
   [ 30.  31.  32.  33.  34.]]

  [[100. 101. 102. 103. 104.]
   [110. 111. 112. 113. 114.]
   [120. 121. 122. 123. 124.]
   [130. 131. 132. 133. 134.]]

  [[200. 201. 202. 203. 204.]
   [210. 211. 212. 213. 214.]
   [220. 221. 222. 223. 224.]
   [230. 231. 232. 233. 234.]]]]
tensor1
[[[[ 0.33333334 -1.        ]
   [-0.33333334 -0.5       ]
   [ 0.33333334  1.        ]
   [-0.33333334  1.        ]
   [-1.         -1.        ]
   [-1.         -0.5       ]
   [ 1.          1.        ]
   [ 1.         -1.        ]
   [ 0.33333334  1.        ]
   [ 0.33333334 -1.        ]]

  [[-0.33333334  0.5       ]
   [ 0.33333334 -0.5       ]
   [-0.33333334 -1.        ]
   [ 1.          0.        ]
   [ 0.33333334 -1.        ]
   [ 0.33333334  1.        ]
   [ 0.33333334  1.        ]
   [ 0.33333334 -0.5       ]
   [-1.         -0.5       ]
   [ 1.         -1.        ]]

  [[-1.         -0.5       ]
   [ 1.          0.5       ]
   [ 0.33333334 -0.5       ]
   [-0.33333334  1.        ]
   [-0.33333334 -1.        ]
   [-1.          0.        ]
   [-0.33333334  0.5       ]
   [-0.33333334 -1.        ]
   [ 1.         -1.        ]
   [ 0.33333334  0.        ]]

  [[-0.33333334  1.        ]
   [-1.          0.        ]
   [ 0.33333334  0.        ]
   [-1.         -1.        ]
   [ 0.33333334 -1.        ]
   [-0.33333334  0.5       ]
   [ 1.         -0.5       ]
   [-1.          1.        ]
   [-1.         -0.5       ]
   [ 0.33333334  0.        ]]

  [[-0.33333334 -0.5       ]
   [ 1.          0.        ]
   [-1.         -0.5       ]
   [-0.33333334  1.        ]
   [-1.         -0.5       ]
   [ 0.33333334 -1.        ]
   [-0.33333334  0.5       ]
   [ 1.          1.        ]
   [-1.          0.5       ]
   [ 1.          0.5       ]]

  [[-1.         -1.        ]
   [-1.         -0.5       ]
   [ 0.33333334  0.5       ]
   [ 1.         -1.        ]
   [ 1.          0.        ]
   [ 0.33333334  1.        ]
   [ 1.         -1.        ]
   [ 0.33333334  0.5       ]
   [ 1.          0.5       ]
   [-0.33333334  0.5       ]]]]
(Unnamed Layer* 0) [GridSample]_output
[[[[  1.4166667    6.1666665   16.416668    15.583333     0.
      2.5          8.5          1.          16.416668     1.4166667 ]
   [ 26.166666     7.8333335    0.58333325   9.5          1.4166667
     16.416668    16.416668     7.8333335    2.5          1.        ]
   [  2.5         14.5          7.8333335   15.583333     0.58333325
      7.5         26.166666     0.58333325   1.          17.833334  ]
   [ 15.583333     7.5         17.833334     0.           1.4166667
     26.166666     4.5          7.5          2.5         17.833334  ]
   [  6.1666665    9.5          2.5         15.583333     2.5
      1.4166667   26.166666     8.5         12.5         14.5       ]
   [  0.           2.5         27.833332     1.           9.5
     16.416668     1.          27.833332    14.5         26.166666  ]]

  [[ 51.416668   106.16667     66.416664    65.583336    25.
     52.5         33.5         26.          66.416664    51.416668  ]
   [126.16667    107.833336    50.583332    59.5         51.416668
     66.416664    66.416664   107.833336    52.5         26.        ]
   [ 52.5         64.5        107.833336    65.583336    50.583332
     57.5        126.16667     50.583332    26.         117.833336  ]
   [ 65.583336    57.5        117.833336    25.          51.416668
    126.16667     54.5         32.5         52.5        117.833336  ]
   [106.16667     59.5         52.5         65.583336    52.5
     51.416668   126.16667     33.5         62.5         64.5       ]
   [ 25.          52.5        127.833336    26.          59.5
     66.416664    26.         127.833336    64.5        126.16667   ]]

  [[101.416664   206.16667    116.416664   115.583336    50.
    102.5         58.5         51.         116.416664   101.416664  ]
   [226.16667    207.83334    100.583336   109.5        101.416664
    116.416664   116.416664   207.83334    102.5         51.        ]
   [102.5        114.5        207.83334    115.583336   100.583336
    107.5        226.16667    100.583336    51.         217.83333   ]
   [115.583336   107.5        217.83333     50.         101.416664
    226.16667    104.5         57.5        102.5        217.83333   ]
   [206.16667    109.5        102.5        115.583336   102.5
    101.416664   226.16667     58.5        112.5        114.5       ]
   [ 50.         102.5        227.83334     51.         109.5
    116.416664    51.         227.83334    114.5        226.16667   ]]]]
============================== End   [case_simple]
Members of tensorrt.tensorrt.InterpolationMode:
 0 -> NEAREST
 1 -> LINEAR
 2 -> CUBIC
Members of tensorrt.tensorrt.SampleMode:
 0 -> STRICT_BOUNDS
 1 -> WRAP
 2 -> CLAMP
 3 -> FILL
 4 -> REFLECT
Finish
