[TensorRT-Cookbook] Version: 1.0.0
[08/27/2026-03:27:02] [TRT] [W] ModelImporter.cpp:1047: Make sure output z has Int64 binding.
[08/27/2026-03:27:15] [TRT] [W] Using default stream in enqueueV3() may lead to performance issues due to additional calls to cudaStreamSynchronize() by TensorRT to ensure correct synchronization. Please use non-default stream instead.
============================== Start [case_simple,(),{}]
Input ->DataType.FLOAT, (-1, 1, 28, 28), (1, 1, 28, 28), x
Output->DataType.FLOAT, (-1, 10), (1, 10), y
Output->DataType.INT64, (-1,), (1,), z
Information of context input / output.
Using Optimization Profile: 0
=======================================================
  Name  |I/O|Location|  BuildShape   | ContextShape |
-------------------------------------------------------
x       | I |  GPU   |(-1, 1, 28, 28)|(1, 1, 28, 28)|
y       | O |  GPU   |   (-1, 10)    |   (1, 10)    |
z       | O |  GPU   |     (-1,)     |     (1,)     |
=======================================================
============================== End   [case_simple]
============================== Start [case_dds_and_shape_input,(),{}]
Input ->DataType.FLOAT, (-1, -1, -1), (3, 4, 5), tensor
Input ->DataType.INT32, (), (), tensor1
Output->DataType.FLOAT, (-1, -1, -1), (3, 2, 5), (Unnamed Layer* 0) [TopK]_output
Output->DataType.INT32, (-1, -1, -1), (3, 2, 5), (Unnamed Layer* 0) [TopK]_output (1)
Information of context input / output.
Using Optimization Profile: 0
===========================================================================
                Name                |I/O|Location| BuildShape |ContextShape|
---------------------------------------------------------------------------
tensor                              | I |  GPU   |(-1, -1, -1)|(3, 4, 5)|
tensor1                             | I |  CPU   |     ()     |   [2]   |
(Unnamed Layer* 0) [TopK]_output    | O |  GPU   |(-1, -1, -1)|(3, 2, 5)|
(Unnamed Layer* 0) [TopK]_output (1)| O |  GPU   |(-1, -1, -1)|(3, 2, 5)|
===========================================================================
tensor
[[[50. 15. 23.  0. 18.]
  [11. 51. 25.  4.  2.]
  [22. 40. 32. 44. 55.]
  [ 6. 48. 56. 12. 16.]]

 [[49. 54. 34. 33. 43.]
  [ 8. 58. 57. 26. 14.]
  [46. 10.  5. 52. 41.]
  [27. 24.  3. 36.  1.]]

 [[29. 47. 13. 19. 37.]
  [28. 21. 35. 20. 31.]
  [59.  9. 30. 45. 39.]
  [ 7. 53. 38. 17. 42.]]]
tensor1
[2]
(Unnamed Layer* 0) [TopK]_output
[[[50. 51. 56. 44. 55.]
  [22. 48. 32. 12. 18.]]

 [[49. 58. 57. 52. 43.]
  [46. 54. 34. 36. 41.]]

 [[59. 53. 38. 45. 42.]
  [29. 47. 35. 20. 39.]]]
(Unnamed Layer* 0) [TopK]_output (1)
[[[0 1 3 2 2]
  [2 3 2 3 0]]

 [[0 1 1 2 0]
  [2 0 0 3 2]]

 [[2 3 3 2 3]
  [0 0 1 1 2]]]
============================== End   [case_dds_and_shape_input]
Finish
