[TensorRT-Cookbook] Version: 1.0.0
[07/22/2026-00:35:31] [TRT] [W] ModelImporter.cpp:1047: Make sure output z has Int64 binding.
[07/22/2026-00:35:37] [TRT] [W] Using default stream in enqueueV3() may lead to performance issues due to additional calls to cudaStreamSynchronize() by TensorRT to ensure correct synchronization. Please use non-default stream instead.
[07/22/2026-00:35:38] [TRT] [W] ModelImporter.cpp:1047: Make sure output z has Int64 binding.
[07/22/2026-00:35:44] [TRT] [W] Using default stream in enqueueV3() may lead to performance issues due to additional calls to cudaStreamSynchronize() by TensorRT to ensure correct synchronization. Please use non-default stream instead.
============================== Start [case_normal,(True,),{}]
Input ->DataType.FLOAT, (-1, 1, 28, 28), (1, 1, 28, 28), x
Output->DataType.FLOAT, (-1, 10), (1, 10), y
Output->DataType.INT64, (-1,), (1,), z
Timing:    2.656us -> __mye362_0_myl0_0
Timing:   13.600us -> __myl_Move_myl0_1
Timing:   27.008us -> node_conv2d_myl0_2
Timing:   10.688us -> node_max_pool2d_myl0_3
Timing:   30.144us -> node_conv2d_1_myl0_4
Timing:    6.400us -> node_max_pool2d_1_myl0_5
Timing:    6.464us -> __myl_Resh_myl0_6
Timing:   20.928us -> node_linear_myl0_7
Timing:   11.520us -> node_linear_1_2_myl0_8
Timing:    6.848us -> __myl_MaxrSubExpSum_myl0_9
Timing:    6.112us -> __myl_DivMulTopk_myl0_10
Timing:    5.408us -> __myl_CastReshCast_myl0_11
Timing:    2.624us -> __mye362_0_myl0_0
Timing:    6.752us -> __myl_Move_myl0_1
Timing:    8.512us -> node_conv2d_myl0_2
Timing:    6.560us -> node_max_pool2d_myl0_3
Timing:   11.328us -> node_conv2d_1_myl0_4
Timing:    6.848us -> node_max_pool2d_1_myl0_5
Timing:    7.296us -> __myl_Resh_myl0_6
Timing:   13.536us -> node_linear_myl0_7
Timing:   12.704us -> node_linear_1_2_myl0_8
Timing:    6.464us -> __myl_MaxrSubExpSum_myl0_9
Timing:    6.592us -> __myl_DivMulTopk_myl0_10
Timing:    5.504us -> __myl_CastReshCast_myl0_11
============================== End   [case_normal]
============================== Start [case_normal,(False,),{}]
Input ->DataType.FLOAT, (-1, 1, 28, 28), (1, 1, 28, 28), x
Output->DataType.FLOAT, (-1, 10), (1, 10), y
Output->DataType.INT64, (-1,), (1,), z
Timing:    2.720us -> __mye362_0_myl0_0
Timing:   13.664us -> __myl_Move_myl0_1
Timing:   29.472us -> node_conv2d_myl0_2
Timing:   18.784us -> node_max_pool2d_myl0_3
Timing:   31.104us -> node_conv2d_1_myl0_4
Timing:    9.568us -> node_max_pool2d_1_myl0_5
Timing:    6.528us -> __myl_Resh_myl0_6
Timing:   27.072us -> node_linear_myl0_7
Timing:   11.584us -> node_linear_1_2_myl0_8
Timing:    7.296us -> __myl_MaxrSubExpSum_myl0_9
Timing:    6.496us -> __myl_DivMulTopk_myl0_10
Timing:    5.408us -> __myl_CastReshCast_myl0_11
============================== End   [case_normal]
Finish
