[TensorRT-Cookbook] Version: 1.0.0
[08/27/2026-02:47:57] [TRT] [W] Using default stream in enqueueV3() may lead to performance issues due to additional calls to cudaStreamSynchronize() by TensorRT to ensure correct synchronization. Please use non-default stream instead.
============================== Start [case_simple,(),{}]

================ Public members of <tensorrt.tensorrt.ISqueezeLayer object at 0x7eb626159330> (instance)
 0 Callback members: []
 0 Callable methods: []
 0 Non-callable attributions: []
Input ->DataType.FLOAT, (3, 1, 1, 4, 5), (3, 1, 1, 4, 5), tensor
Output->DataType.FLOAT, (3, 4, 5), (3, 4, 5), (Unnamed Layer* 1) [Squeeze]_output
tensor
[[[[[1. 1. 1. 1. 1.]
    [1. 1. 1. 1. 1.]
    [1. 1. 1. 1. 1.]
    [1. 1. 1. 1. 1.]]]]



 [[[[1. 1. 1. 1. 1.]
    [1. 1. 1. 1. 1.]
    [1. 1. 1. 1. 1.]
    [1. 1. 1. 1. 1.]]]]



 [[[[1. 1. 1. 1. 1.]
    [1. 1. 1. 1. 1.]
    [1. 1. 1. 1. 1.]
    [1. 1. 1. 1. 1.]]]]]
(Unnamed Layer* 1) [Squeeze]_output
[[[1. 1. 1. 1. 1.]
  [1. 1. 1. 1. 1.]
  [1. 1. 1. 1. 1.]
  [1. 1. 1. 1. 1.]]

 [[1. 1. 1. 1. 1.]
  [1. 1. 1. 1. 1.]
  [1. 1. 1. 1. 1.]
  [1. 1. 1. 1. 1.]]

 [[1. 1. 1. 1. 1.]
  [1. 1. 1. 1. 1.]
  [1. 1. 1. 1. 1.]
  [1. 1. 1. 1. 1.]]]
============================== End   [case_simple]
Finish
