{"Layers": [{
  "Name": "node_conv2d + node_relu",
  "LayerType": "CaskConvolution",
  "Inputs": [
  {
    "Name": "x",
    "Location": "Device",
    "Dimensions": [1,1,28,28],
    "Datatype": "Float",
    "Format": "Format not available due to dynamic shapes"
  }],
  "Outputs": [
  {
    "Name": "relu",
    "Location": "Device",
    "Dimensions": [1,32,28,28],
    "Datatype": "Float",
    "Format": "Format not available due to dynamic shapes"
  }],
  "ParameterType": "Convolution",
  "Kernel": [5,5],
  "PaddingMode": "kEXPLICIT_ROUND_DOWN",
  "PrePadding": [2,2],
  "PostPadding": [2,2],
  "Stride": [1,1],
  "Dilation": [1,1],
  "OutMaps": 32,
  "Groups": 1,
  "Weights": {"Type": "Float", "Count": 800},
  "Bias": {"Type": "Float", "Count": 32},
  "HasBias": 1,
  "HasReLU": 1,
  "HasSparseWeights": 0,
  "HasDynamicFilter": 0,
  "HasDynamicBias": 0,
  "HasResidual": 0,
  "ConvXAsActInputIdx": -1,
  "BiasAsActInputIdx": -1,
  "ResAsActInputIdx": -1,
  "Activation": "RELU",
  "TacticName": "sm80_xmma_fprop_implicit_gemm_f32f32_f32f32_f32_nchwkcrs_nchw_tilesize32x32x8_stage3_warpsize1x2x1_g1_ffma_t1r5s5_aligna4_alignc4",
  "TacticValue": "0x5b8bf1b8028629d9",
  "StreamId": 0,
  "Metadata": "[ONNX Layer: node_conv2d]\u001e[ONNX Layer: node_relu]"
},{
  "Name": "node_max_pool2d",
  "LayerType": "CaskPooling",
  "Inputs": [
  {
    "Name": "relu",
    "Location": "Device",
    "Dimensions": [1,32,28,28],
    "Datatype": "Float",
    "Format": "Format not available due to dynamic shapes"
  }],
  "Outputs": [
  {
    "Name": "max_pool2d",
    "Location": "Device",
    "Dimensions": [1,32,14,14],
    "Datatype": "Float",
    "Format": "Format not available due to dynamic shapes"
  }],
  "ParameterType": "Pooling",
  "PoolingType": "MAX",
  "WindowSize": [2,2],
  "PaddingMode": "kEXPLICIT_ROUND_DOWN",
  "PrePadding": [0,0],
  "PostPadding": [0,0],
  "Stride": [2,2],
  "BlendFactor": 0,
  "AverageCountExcludesPadding": 1,
  "TacticName": "sm50_xmma_pooling_tiled_FP32NCHW_kMAX_tP2_tQ16_tR2_tS2_tU2_tV2_tUnroll4_tThreads128",
  "TacticValue": "0xdd39499496c9cc38",
  "StreamId": 0,
  "Metadata": "[ONNX Layer: node_max_pool2d]"
},{
  "Name": "node_conv2d_1 + node_relu_1",
  "LayerType": "CaskConvolution",
  "Inputs": [
  {
    "Name": "max_pool2d",
    "Location": "Device",
    "Dimensions": [1,32,14,14],
    "Datatype": "Float",
    "Format": "Format not available due to dynamic shapes"
  }],
  "Outputs": [
  {
    "Name": "relu_1",
    "Location": "Device",
    "Dimensions": [1,64,14,14],
    "Datatype": "Float",
    "Format": "Format not available due to dynamic shapes"
  }],
  "ParameterType": "Convolution",
  "Kernel": [5,5],
  "PaddingMode": "kEXPLICIT_ROUND_DOWN",
  "PrePadding": [2,2],
  "PostPadding": [2,2],
  "Stride": [1,1],
  "Dilation": [1,1],
  "OutMaps": 64,
  "Groups": 1,
  "Weights": {"Type": "Float", "Count": 51200},
  "Bias": {"Type": "Float", "Count": 64},
  "HasBias": 1,
  "HasReLU": 1,
  "HasSparseWeights": 0,
  "HasDynamicFilter": 0,
  "HasDynamicBias": 0,
  "HasResidual": 0,
  "ConvXAsActInputIdx": -1,
  "BiasAsActInputIdx": -1,
  "ResAsActInputIdx": -1,
  "Activation": "RELU",
  "TacticName": "sm50_xmma_conv_fprop_fused_conv_act_fp32_NCHW_fp32_NCHW_KCRS_fp32_fp32_fp32_Accfloat_1_1_cC1_dC1_srcVec1_fltVec1_1_TP3_TQ4_C8_R5_S5_U1_V1",
  "TacticValue": "0xf26d5b1bbc7d3ee9",
  "StreamId": 0,
  "Metadata": "[ONNX Layer: node_conv2d_1]\u001e[ONNX Layer: node_relu_1]"
},{
  "Name": "node_max_pool2d_1",
  "LayerType": "CaskPooling",
  "Inputs": [
  {
    "Name": "relu_1",
    "Location": "Device",
    "Dimensions": [1,64,14,14],
    "Datatype": "Float",
    "Format": "Format not available due to dynamic shapes"
  }],
  "Outputs": [
  {
    "Name": "max_pool2d_1",
    "Location": "Device",
    "Dimensions": [1,64,7,7],
    "Datatype": "Float",
    "Format": "Format not available due to dynamic shapes"
  }],
  "ParameterType": "Pooling",
  "PoolingType": "MAX",
  "WindowSize": [2,2],
  "PaddingMode": "kEXPLICIT_ROUND_DOWN",
  "PrePadding": [0,0],
  "PostPadding": [0,0],
  "Stride": [2,2],
  "BlendFactor": 0,
  "AverageCountExcludesPadding": 1,
  "TacticName": "sm50_xmma_pooling_tiled_FP32NCHW_kMAX_tP2_tQ16_tR2_tS2_tU2_tV2_tUnroll4_tThreads128",
  "TacticValue": "0xdd39499496c9cc38",
  "StreamId": 0,
  "Metadata": "[ONNX Layer: node_max_pool2d_1]"
},{
  "Name": "node_linear_myl4_0",
  "LayerType": "gemm",
  "Inputs": [
  {
    "Name": "max_pool2d_1",
    "Dimensions": [1,3136],
    "Strides": [3136,1],
    "StrideOrder": [1,0],
    "Datatype": "Float",
    "Format": "(Linear) Row major linear format"
  }],
  "Constants": [
  {
    "Name": "gemm1.weight_constantFloat_myl4",
    "Dimensions": [3136,1024],
    "Strides": [1,3136],
    "StrideOrder": [0,1],
    "Datatype": "Float",
    "Format": "(Transposed) Transposed format"
  },
  {
    "Name": "__mye772node_linear_alpha_myl4",
    "Dimensions": [1],
    "Strides": [1],
    "StrideOrder": [0],
    "Datatype": "Float",
    "Format": "(Linear) Row major linear format"
  },
  {
    "Name": "__mye773node_linear_beta_myl4",
    "Dimensions": [1],
    "Strides": [1],
    "StrideOrder": [0],
    "Datatype": "Float",
    "Format": "(Linear) Row major linear format"
  },
  {
    "Name": "gemm1.bias + ONNXTRT_Broadcast_constantFloat_myl4",
    "Dimensions": [1,1024],
    "Strides": [1024,1],
    "StrideOrder": [1,0],
    "Datatype": "Float",
    "Format": "(Linear) Row major linear format"
  }],
  "Outputs": [
  {
    "Name": "relu_2.1_myl4",
    "Dimensions": [1,1024],
    "Strides": [1024,1],
    "StrideOrder": [1,0],
    "Datatype": "Float",
    "Format": "(Linear) Row major linear format"
  }],
  "TacticName": "sm50_xmma_cublas_gemvx_f32f32_f32_f32_tn_n_int32_unit_n_launch_param4x32x32_strided_unit_stride",
  "StreamId": 0,
  "Metadata": "[ONNX Layer: node_linear]\u001f[ONNX Layer: node_relu_2]"
},{
  "Name": "__myl_MulSum_myl4_1",
  "LayerType": "kgen",
  "Inputs": [
  {
    "Name": "relu_2.1_myl4",
    "Dimensions": [1024,1],
    "Strides": [1,1],
    "StrideOrder": [1,0],
    "Datatype": "Float",
    "Format": "(Linear) Row major linear format"
  }],
  "Constants": [
  {
    "Name": "gemm2.weight_constantFloat_myl4",
    "Dimensions": [1024,10],
    "Strides": [1,1024],
    "StrideOrder": [0,1],
    "Datatype": "Float",
    "Format": "(Transposed) Transposed format"
  }],
  "Outputs": [
  {
    "Name": "__myln_k_arg__bb1_3_myl4",
    "Dimensions": [1,10],
    "Strides": [10,1],
    "StrideOrder": [1,0],
    "Datatype": "Float",
    "Format": "(Linear) Row major linear format"
  }],
  "TacticName": "__myl_MulSum_0xf51780477f7b66bae3896079c053d676",
  "StreamId": 0,
  "Metadata": "[ONNX Layer: node_linear_1]"
},{
  "Name": "__myl_AddMaxrSubExpSum_myl4_2",
  "LayerType": "kgen",
  "Inputs": [
  {
    "Name": "__myln_k_arg__bb1_3_myl4",
    "Dimensions": [1,10],
    "Strides": [10,1],
    "StrideOrder": [1,0],
    "Datatype": "Float",
    "Format": "(Linear) Row major linear format"
  }],
  "Constants": [
  {
    "Name": "gemm2.bias + ONNXTRT_Broadcast_4_constantFloat_myl4",
    "Dimensions": [1,10],
    "Strides": [10,1],
    "StrideOrder": [1,0],
    "Datatype": "Float",
    "Format": "(Linear) Row major linear format"
  }],
  "Outputs": [
  {
    "Name": "__myln_k_arg__bb1_6_myl4",
    "Dimensions": [1,10],
    "Strides": [10,1],
    "StrideOrder": [1,0],
    "Datatype": "Float",
    "Format": "(Linear) Row major linear format"
  },
  {
    "Name": "__myln_k_arg__bb1_5_myl4",
    "Dimensions": [1,1],
    "Strides": [1,1],
    "StrideOrder": [1,0],
    "Datatype": "Float",
    "Format": "(Linear) Row major linear format"
  },
  {
    "Name": "y",
    "Dimensions": [1,10],
    "Strides": [10,1],
    "StrideOrder": [1,0],
    "Datatype": "Float",
    "Format": "(Linear) Row major linear format"
  }],
  "TacticName": "__myl_AddMaxrSubExpSum_0x574acd01f7517732d5f2fd1c9042a089",
  "StreamId": 0,
  "Metadata": "[ONNX Layer: node_linear_1]\u001f[ONNX Layer: node_softmax]"
},{
  "Name": "__myl_DivMaxr_myl4_3",
  "LayerType": "kgen",
  "Inputs": [
  {
    "Name": "__myln_k_arg__bb1_6_myl4",
    "Dimensions": [1,10],
    "Strides": [10,1],
    "StrideOrder": [1,0],
    "Datatype": "Float",
    "Format": "(Linear) Row major linear format"
  },
  {
    "Name": "__myln_k_arg__bb1_5_myl4",
    "Dimensions": [1,1],
    "Strides": [1,1],
    "StrideOrder": [1,0],
    "Datatype": "Float",
    "Format": "(Linear) Row major linear format"
  }],
  "Constants": [],
  "Outputs": [
  {
    "Name": "node_argmax_output.1_myl4",
    "Dimensions": [1,1],
    "Strides": [1,1],
    "StrideOrder": [1,0],
    "Datatype": "Float",
    "Format": "(Linear) Row major linear format"
  },
  {
    "Name": "__myln_k_arg__bb1_8_myl4",
    "Dimensions": [1,1],
    "Strides": [1,1],
    "StrideOrder": [1,0],
    "Datatype": "Int32",
    "Format": "(Linear) Row major linear format"
  }],
  "TacticName": "__myl_DivMaxr_0xb586b6ef538ec22645e83c2d48682616",
  "StreamId": 0,
  "Metadata": "[ONNX Layer: node_softmax]\u001f[ONNX Layer: node_argmax]"
},{
  "Name": "__myl_CastReshCast_myl4_4",
  "LayerType": "kgen",
  "Inputs": [
  {
    "Name": "__myln_k_arg__bb1_8_myl4",
    "Dimensions": [1,1],
    "Strides": [1,1],
    "StrideOrder": [1,0],
    "Datatype": "Int32",
    "Format": "(Linear) Row major linear format"
  }],
  "Constants": [],
  "Outputs": [
  {
    "Name": "z",
    "Dimensions": [1],
    "Strides": [1],
    "StrideOrder": [0],
    "Datatype": "Int64",
    "Format": "(Linear) Row major linear format"
  }],
  "TacticName": "__myl_CastReshCast_0x5baf1ddb7083512f99818d0d7872c872",
  "StreamId": 0,
  "Metadata": ""
}],
"I/O Tensors": [
{
  "Name": "x",
  "IOMode": "Input",
  "DataType": "Float",
  "Dimensions": [1,1,28,28],
  "Location": "Device",
  "IsShapeInferenceIO": false,
  "ProfileInfo": [
  {
    "MinShape": [1,1,28,28],
    "OptShape": [1,1,28,28],
    "MaxShape": [1,1,28,28],
    "Format": "Row major linear FP32 format (kLINEAR)"
  }]
},
{
  "Name": "y",
  "IOMode": "Output",
  "DataType": "Float",
  "Dimensions": [1,10],
  "Location": "Device",
  "IsShapeInferenceIO": false,
  "ProfileInfo": [
  {
    "Format": "Row major linear FP32 format (kLINEAR)"
  }]
},
{
  "Name": "z",
  "IOMode": "Output",
  "DataType": "Int64",
  "Dimensions": [1],
  "Location": "Device",
  "IsShapeInferenceIO": false,
  "ProfileInfo": [
  {
    "Format": "Row major linear INT64 format (kLINEAR)"
  }]
}],
"Engine Metadata": {
  "Multi-Device": "Disabled"
}}
