&&&& RUNNING TensorRT.trtexec [TensorRT v110000] [b114] # trtexec --loadEngine=./model-trained.trt --loadInputs=x:x.input.1.1.28.28.fp32.raw --dumpOutput
[07/22/2026-00:58:22] [I] === Model Options ===
[07/22/2026-00:58:22] [I] Format: *
[07/22/2026-00:58:22] [I] Model: 
[07/22/2026-00:58:22] [I] Output:
[07/22/2026-00:58:22] [I] 
[07/22/2026-00:58:22] [I] === System Options ===
[07/22/2026-00:58:22] [I] Device: 0
[07/22/2026-00:58:22] [I] DLACore: 
[07/22/2026-00:58:22] [I] Loaded static plugins:
[07/22/2026-00:58:22] [I] setPluginsToSerialize:
[07/22/2026-00:58:22] [I] dynamicPlugins:
[07/22/2026-00:58:22] [I] ignoreParsedPluginLibs: 0
[07/22/2026-00:58:22] [I] 
[07/22/2026-00:58:22] [I] === Inference Options ===
[07/22/2026-00:58:22] [I] Batch: Explicit
[07/22/2026-00:58:22] [I] Input inference shapes: model
[07/22/2026-00:58:22] [I] Iterations: 10
[07/22/2026-00:58:22] [I] Duration: 3s (+ 200ms warm up)
[07/22/2026-00:58:22] [I] Sleep time: 0ms
[07/22/2026-00:58:22] [I] Idle time: 0ms
[07/22/2026-00:58:22] [I] Inference Streams: 1
[07/22/2026-00:58:22] [I] ExposeDMA: Disabled
[07/22/2026-00:58:22] [I] Data transfers: Disabled
[07/22/2026-00:58:22] [I] Spin-wait: Enabled
[07/22/2026-00:58:22] [I] Multithreading: Disabled
[07/22/2026-00:58:22] [I] CUDA Graph: Enabled
[07/22/2026-00:58:22] [I] Time Deserialize: Disabled
[07/22/2026-00:58:22] [I] Time Refit: Disabled
[07/22/2026-00:58:22] [I] NVTX verbosity: 0
[07/22/2026-00:58:22] [I] Persistent Cache Ratio: 0
[07/22/2026-00:58:22] [I] Optimization Profile Index: 0
[07/22/2026-00:58:22] [I] Weight Streaming Budget: 100.000000%
[07/22/2026-00:58:22] [I] Inputs:
[07/22/2026-00:58:22] [I] x<-x.input.1.1.28.28.fp32.raw
[07/22/2026-00:58:22] [I] Debug Tensor Save Destinations:
[07/22/2026-00:58:22] [I] Dump All Debug Tensor in Formats: 
[07/22/2026-00:58:22] [I] === Reporting Options ===
[07/22/2026-00:58:22] [I] Verbose: Disabled
[07/22/2026-00:58:22] [I] Averages: 10 inferences
[07/22/2026-00:58:22] [I] Percentiles: 90,95,99
[07/22/2026-00:58:22] [I] Dump refittable layers:Disabled
[07/22/2026-00:58:22] [I] Dump output: Enabled
[07/22/2026-00:58:22] [I] Profile: Disabled
[07/22/2026-00:58:22] [I] Export timing to JSON file: 
[07/22/2026-00:58:22] [I] Export output to JSON file: 
[07/22/2026-00:58:22] [I] Export profile to JSON file: 
[07/22/2026-00:58:22] [I] 
[07/22/2026-00:58:22] [I] === Device Information ===
[07/22/2026-00:58:23] [I] Available Devices: 
[07/22/2026-00:58:23] [I]   Device 0: "NVIDIA B200" UUID: GPU-9981c060-f42d-322d-04c6-c5e6c3adfe98
[07/22/2026-00:58:23] [I]   Device 1: "NVIDIA B200" UUID: GPU-3bec38ee-7c61-37c0-2c6b-a79e74fb69a3
[07/22/2026-00:58:23] [I]   Device 2: "NVIDIA B200" UUID: GPU-81eddf3c-ebe4-ac1c-9efa-8e6eb0650af6
[07/22/2026-00:58:23] [I]   Device 3: "NVIDIA B200" UUID: GPU-a1fe1032-f9c5-5051-43d7-f3a910796e4e
[07/22/2026-00:58:24] [I] Selected Device: NVIDIA B200
[07/22/2026-00:58:24] [I] Selected Device ID: 0
[07/22/2026-00:58:24] [I] Selected Device UUID: GPU-9981c060-f42d-322d-04c6-c5e6c3adfe98
[07/22/2026-00:58:24] [I] Compute Capability: 10.0
[07/22/2026-00:58:24] [I] SMs: 148
[07/22/2026-00:58:24] [I] Device Global Memory: 182624 MiB
[07/22/2026-00:58:24] [I] Shared Memory per SM: 228 KiB
[07/22/2026-00:58:24] [I] Memory Bus Width: 7680 bits (ECC enabled)
[07/22/2026-00:58:24] [I] Application Compute Clock Rate: 1.965 GHz
[07/22/2026-00:58:24] [I] Application Memory Clock Rate: 3.996 GHz
[07/22/2026-00:58:24] [I] 
[07/22/2026-00:58:24] [I] Note: The application clock rates do not reflect the actual clock rates that the GPU is currently running at.
[07/22/2026-00:58:24] [I] 
[07/22/2026-00:58:24] [I] TensorRT version: 11.0.0
[07/22/2026-00:58:24] [I] Loading standard plugins
[07/22/2026-00:58:24] [I] Engine deserialized in 0.0256779 sec.
[07/22/2026-00:58:24] [I] [TRT] [MemUsageChange] TensorRT-managed allocation in IExecutionContext creation: CPU +0, GPU +2, now: CPU 0, GPU 14 (MiB)
[07/22/2026-00:58:24] [I] Setting persistentCacheLimit to 0 bytes.
[07/22/2026-00:58:24] [W] Shape missing for input with dynamic shape: xAutomatically setting shape to: 1x1x28x28
[07/22/2026-00:58:24] [I] Set shape of input tensor x to: 1x1x28x28
[07/22/2026-00:58:24] [I] Created execution context with device memory size: 1.91406 MiB
[07/22/2026-00:58:24] [I] Using values loaded from x.input.1.1.28.28.fp32.raw for input x
[07/22/2026-00:58:24] [I] Input binding for x with dimensions 1x1x28x28 and type fp32 is created.
[07/22/2026-00:58:24] [I] Output binding for y with dimensions 1x10 and type fp32 is created.
[07/22/2026-00:58:24] [I] Output binding for z with dimensions 1 and type int64 is created.
[07/22/2026-00:58:24] [I] Starting inference
[07/22/2026-00:58:24] [I] Capturing CUDA graph for the current execution context
[07/22/2026-00:58:24] [I] Successfully captured CUDA graph for the current execution context. When profiling with Nsight Systems, add "--cuda-graph-trace=node" to the nsys command to see per-kernel execution times.
[07/22/2026-00:58:27] [I] Warmup completed 3220 queries over 200 ms
[07/22/2026-00:58:27] [I] Timing trace has 48820 queries over 3.0001 s
[07/22/2026-00:58:27] [I] 
[07/22/2026-00:58:27] [I] === Trace details ===
[07/22/2026-00:58:27] [I] Trace averages of 10 runs:
[07/22/2026-00:58:27] [I] Average on 10 runs - GPU latency: 0.0587463 ms - Host latency: 0.0587463 ms (enqueue 0.00258636 ms)
[07/22/2026-00:58:27] [I] Average on 10 runs - GPU latency: 0.0587357 ms - Host latency: 0.0587357 ms (enqueue 0.00257111 ms)
[07/22/2026-00:58:27] [I] Average on 10 runs - GPU latency: 0.0586105 ms - Host latency: 0.0586105 ms (enqueue 0.0026062 ms)
[07/22/2026-00:58:27] [I] Average on 10 runs - GPU latency: 0.0587402 ms - Host latency: 0.0587402 ms (enqueue 0.00259552 ms)
[07/22/2026-00:58:27] [I] Average on 10 runs - GPU latency: 0.0587372 ms - Host latency: 0.0587372 ms (enqueue 0.00258179 ms)
[07/22/2026-00:58:27] [I] Average on 10 runs - GPU latency: 0.0587265 ms - Host latency: 0.0587265 ms (enqueue 0.00266724 ms)
[07/22/2026-00:58:27] [I] Average on 10 runs - GPU latency: 0.0586182 ms - Host latency: 0.0586182 ms (enqueue 0.00262604 ms)
[07/22/2026-00:58:27] [I] Average on 10 runs - GPU latency: 0.0587326 ms - Host latency: 0.0587326 ms (enqueue 0.0026413 ms)
[07/22/2026-00:58:27] [I] Average on 10 runs - GPU latency: 0.0587509 ms - Host latency: 0.0587509 ms (enqueue 0.00259705 ms)
[07/22/2026-00:58:27] [I] Average on 10 runs - GPU latency: 0.0586456 ms - Host latency: 0.0586456 ms (enqueue 0.00268402 ms)
[07/22/2026-00:58:27] [I] Average on 10 runs - GPU latency: 0.0587234 ms - Host latency: 0.0587234 ms (enqueue 0.00258942 ms)
[07/22/2026-00:58:27] [I] Average on 10 runs - GPU latency: 0.0587204 ms - Host latency: 0.0587204 ms (enqueue 0.0026062 ms)
[07/22/2026-00:58:27] [I] Average on 10 runs - GPU latency: 0.0586227 ms - Host latency: 0.0586227 ms (enqueue 0.00263367 ms)
[07/22/2026-00:58:27] [I] Average on 10 runs - GPU latency: 0.0587357 ms - Host latency: 0.0587357 ms (enqueue 0.00269623 ms)
[07/22/2026-00:58:27] [I] Average on 10 runs - GPU latency: 0.0587433 ms - Host latency: 0.0587433 ms (enqueue 0.0026062 ms)
[07/22/2026-00:58:27] [I] Average on 10 runs - GPU latency: 0.0587311 ms - Host latency: 0.0587311 ms (enqueue 0.00259247 ms)
[07/22/2026-00:58:27] [I] Average on 10 runs - GPU latency: 0.0586136 ms - Host latency: 0.0586136 ms (enqueue 0.00323639 ms)
[07/22/2026-00:58:27] [I] Average on 10 runs - GPU latency: 0.0587555 ms - Host latency: 0.0587555 ms (enqueue 0.00266266 ms)
[07/22/2026-00:58:27] [I] Average on 10 runs - GPU latency: 0.0587189 ms - Host latency: 0.0587189 ms (enqueue 0.0026535 ms)
[07/22/2026-00:58:27] [I] Average on 10 runs - GPU latency: 0.0586319 ms - Host latency: 0.0586319 ms (enqueue 0.00259552 ms)
[07/22/2026-00:58:27] [I] Average on 10 runs - GPU latency: 0.0587219 ms - Host latency: 0.0587219 ms (enqueue 0.00261993 ms)
[07/22/2026-00:58:27] [I] Average on 10 runs - GPU latency: 0.0587112 ms - Host latency: 0.0587112 ms (enqueue 0.0026474 ms)
[07/22/2026-00:58:27] [I] Average on 10 runs - GPU latency: 0.0587448 ms - Host latency: 0.0587448 ms (enqueue 0.00260315 ms)
[07/22/2026-00:58:27] [I] Average on 10 runs - GPU latency: 0.0586273 ms - Host latency: 0.0586273 ms (enqueue 0.00261078 ms)
[07/22/2026-00:58:27] [I] Average on 10 runs - GPU latency: 0.0587418 ms - Host latency: 0.0587418 ms (enqueue 0.00263977 ms)
[07/22/2026-00:58:27] [I] Average on 10 runs - GPU latency: 0.0587387 ms - Host latency: 0.0587387 ms (enqueue 0.00259247 ms)
[07/22/2026-00:58:27] [I] Average on 10 runs - GPU latency: 0.0586288 ms - Host latency: 0.0586288 ms (enqueue 0.00257111 ms)
[07/22/2026-00:58:27] [I] Average on 10 runs - GPU latency: 0.0587341 ms - Host latency: 0.0587341 ms (enqueue 0.00261383 ms)
[07/22/2026-00:58:27] [I] Average on 10 runs - GPU latency: 0.0587402 ms - Host latency: 0.0587402 ms (enqueue 0.00263214 ms)
[07/22/2026-00:58:27] [I] Average on 10 runs - GPU latency: 0.0586502 ms - Host latency: 0.0586502 ms (enqueue 0.00264893 ms)
[07/22/2026-00:58:27] [I] Average on 10 runs - GPU latency: 0.0587051 ms - Host latency: 0.0587051 ms (enqueue 0.00254822 ms)
[07/22/2026-00:58:27] [I] Average on 10 runs - GPU latency: 0.0587326 ms - Host latency: 0.0587326 ms (enqueue 0.00260773 ms)
[07/22/2026-00:58:27] [I] Average on 10 runs - GPU latency: 0.0587509 ms - Host latency: 0.0587509 ms (enqueue 0.00262146 ms)
[07/22/2026-00:58:27] [I] Average on 10 runs - GPU latency: 0.0586258 ms - Host latency: 0.0586258 ms (enqueue 0.00259705 ms)
[07/22/2026-00:58:27] [I] Average on 10 runs - GPU latency: 0.0587387 ms - Host latency: 0.0587387 ms (enqueue 0.00256958 ms)
[07/22/2026-00:58:27] [I] Average on 10 runs - GPU latency: 0.0587265 ms - Host latency: 0.0587265 ms (enqueue 0.00264893 ms)
[07/22/2026-00:58:27] [I] Average on 10 runs - GPU latency: 0.0586319 ms - Host latency: 0.0586319 ms (enqueue 0.00262604 ms)
[07/22/2026-00:58:27] [I] Average on 10 runs - GPU latency: 0.0587463 ms - Host latency: 0.0587463 ms (enqueue 0.00265198 ms)
[07/22/2026-00:58:27] [I] Average on 10 runs - GPU latency: 0.058725 ms - Host latency: 0.058725 ms (enqueue 0.00258026 ms)
[07/22/2026-00:58:27] [I] Average on 10 runs - GPU latency: 0.0587418 ms - Host latency: 0.0587418 ms (enqueue 0.0026474 ms)
[07/22/2026-00:58:27] [I] Average on 10 runs - GPU latency: 0.0586136 ms - Host latency: 0.0586136 ms (enqueue 0.00258942 ms)
[07/22/2026-00:58:27] [I] Average on 10 runs - GPU latency: 0.0587585 ms - Host latency: 0.0587585 ms (enqueue 0.0026413 ms)
[07/22/2026-00:58:27] [I] Average on 10 runs - GPU latency: 0.058725 ms - Host latency: 0.058725 ms (enqueue 0.00258636 ms)
[07/22/2026-00:58:27] [I] Average on 10 runs - GPU latency: 0.0586349 ms - Host latency: 0.0586349 ms (enqueue 0.00254517 ms)
[07/22/2026-00:58:27] [I] Average on 10 runs - GPU latency: 0.0587357 ms - Host latency: 0.0587357 ms (enqueue 0.00267944 ms)
[07/22/2026-00:58:27] [I] Average on 10 runs - GPU latency: 0.0587341 ms - Host latency: 0.0587341 ms (enqueue 0.0026123 ms)
[07/22/2026-00:58:27] [I] Average on 10 runs - GPU latency: 0.0587448 ms - Host latency: 0.0587448 ms (enqueue 0.00259399 ms)
[07/22/2026-00:58:27] [I] Average on 10 runs - GPU latency: 0.0586227 ms - Host latency: 0.0586227 ms (enqueue 0.00262146 ms)
[07/22/2026-00:58:27] [I] Average on 10 runs - GPU latency: 0.0587387 ms - Host latency: 0.0587387 ms (enqueue 0.002565 ms)
[07/22/2026-00:58:27] [I] Average on 10 runs - GPU latency: 0.0587341 ms - Host latency: 0.0587341 ms (enqueue 0.00258942 ms)
[07/22/2026-00:58:27] [I] Average on 10 runs - GPU latency: 0.0586136 ms - Host latency: 0.0586136 ms (enqueue 0.00259857 ms)
[07/22/2026-00:58:27] [I] Average on 10 runs - GPU latency: 0.058757 ms - Host latency: 0.058757 ms (enqueue 0.00264282 ms)
[07/22/2026-00:58:27] [I] Average on 10 runs - GPU latency: 0.0587357 ms - Host latency: 0.0587357 ms (enqueue 0.00257874 ms)
[07/22/2026-00:58:27] [I] Average on 10 runs - GPU latency: 0.058638 ms - Host latency: 0.058638 ms (enqueue 0.00257568 ms)
[07/22/2026-00:58:27] [I] Average on 10 runs - GPU latency: 0.0587265 ms - Host latency: 0.0587265 ms (enqueue 0.00262604 ms)
[07/22/2026-00:58:27] [I] Average on 10 runs - GPU latency: 0.0587158 ms - Host latency: 0.0587158 ms (enqueue 0.00259705 ms)
[07/22/2026-00:58:27] [I] Average on 10 runs - GPU latency: 0.0587418 ms - Host latency: 0.0587418 ms (enqueue 0.00260925 ms)
[07/22/2026-00:58:27] [I] Average on 10 runs - GPU latency: 0.0586227 ms - Host latency: 0.0586227 ms (enqueue 0.00256348 ms)
[07/22/2026-00:58:27] [I] Average on 10 runs - GPU latency: 0.0587326 ms - Host latency: 0.0587326 ms (enqueue 0.00261688 ms)
[07/22/2026-00:58:27] [I] Average on 10 runs - GPU latency: 0.0587326 ms - Host latency: 0.0587326 ms (enqueue 0.00256348 ms)
[07/22/2026-00:58:27] [I] Average on 10 runs - GPU latency: 0.0585938 ms - Host latency: 0.0585938 ms (enqueue 0.00259094 ms)
[07/22/2026-00:58:27] [I] Average on 10 runs - GPU latency: 0.0587158 ms - Host latency: 0.0587158 ms (enqueue 0.0026123 ms)
[07/22/2026-00:58:27] [I] Average on 10 runs - GPU latency: 0.058728 ms - Host latency: 0.058728 ms (enqueue 0.00257263 ms)
[07/22/2026-00:58:27] [I] Average on 10 runs - GPU latency: 0.0587448 ms - Host latency: 0.0587448 ms (enqueue 0.00265656 ms)
[07/22/2026-00:58:27] [I] Average on 10 runs - GPU latency: 0.0586472 ms - Host latency: 0.0586472 ms (enqueue 0.0025238 ms)
[07/22/2026-00:58:27] [I] Average on 10 runs - GPU latency: 0.0587158 ms - Host latency: 0.0587158 ms (enqueue 0.0026123 ms)
[07/22/2026-00:58:27] [I] Average on 10 runs - GPU latency: 0.0587234 ms - Host latency: 0.0587234 ms (enqueue 0.00258789 ms)
[07/22/2026-00:58:27] [I] Average on 10 runs - GPU latency: 0.0586334 ms - Host latency: 0.0586334 ms (enqueue 0.00262604 ms)
[07/22/2026-00:58:27] [I] Average on 10 runs - GPU latency: 0.0587296 ms - Host latency: 0.0587296 ms (enqueue 0.00261841 ms)
[07/22/2026-00:58:27] [I] Average on 10 runs - GPU latency: 0.0587402 ms - Host latency: 0.0587402 ms (enqueue 0.00262299 ms)
[07/22/2026-00:58:27] [I] Average on 10 runs - GPU latency: 0.0586319 ms - Host latency: 0.0586319 ms (enqueue 0.00265503 ms)
[07/22/2026-00:58:27] [I] Average on 10 runs - GPU latency: 0.0587418 ms - Host latency: 0.0587418 ms (enqueue 0.00263824 ms)
[07/22/2026-00:58:27] [I] Average on 10 runs - GPU latency: 0.0587296 ms - Host latency: 0.0587296 ms (enqueue 0.00261383 ms)
[07/22/2026-00:58:27] [I] Average on 10 runs - GPU latency: 0.0587418 ms - Host latency: 0.0587418 ms (enqueue 0.00266418 ms)
[07/22/2026-00:58:27] [I] Average on 10 runs - GPU latency: 0.0586227 ms - Host latency: 0.0586227 ms (enqueue 0.00261688 ms)
[07/22/2026-00:58:27] [I] Average on 10 runs - GPU latency: 0.0587311 ms - Host latency: 0.0587311 ms (enqueue 0.00256653 ms)
[07/22/2026-00:58:27] [I] Average on 10 runs - GPU latency: 0.0587524 ms - Host latency: 0.0587524 ms (enqueue 0.00263062 ms)
[07/22/2026-00:58:27] [I] Average on 10 runs - GPU latency: 0.0586411 ms - Host latency: 0.0586411 ms (enqueue 0.00262756 ms)
[07/22/2026-00:58:27] [I] Average on 10 runs - GPU latency: 0.0587296 ms - Host latency: 0.0587296 ms (enqueue 0.00259399 ms)
[07/22/2026-00:58:27] [I] Average on 10 runs - GPU latency: 0.0587341 ms - Host latency: 0.0587341 ms (enqueue 0.00303497 ms)
[07/22/2026-00:58:27] [I] Average on 10 runs - GPU latency: 0.0587265 ms - Host latency: 0.0587265 ms (enqueue 0.00261993 ms)
[07/22/2026-00:58:27] [I] Average on 10 runs - GPU latency: 0.058638 ms - Host latency: 0.058638 ms (enqueue 0.00259399 ms)
[07/22/2026-00:58:27] [I] Average on 10 runs - GPU latency: 0.0587494 ms - Host latency: 0.0587494 ms (enqueue 0.00263672 ms)
[07/22/2026-00:58:27] [I] Average on 10 runs - GPU latency: 0.0587372 ms - Host latency: 0.0587372 ms (enqueue 0.0026123 ms)
[07/22/2026-00:58:27] [I] Average on 10 runs - GPU latency: 0.0586334 ms - Host latency: 0.0586334 ms (enqueue 0.0026413 ms)
[07/22/2026-00:58:27] [I] Average on 10 runs - GPU latency: 0.0587357 ms - Host latency: 0.0587357 ms (enqueue 0.00266876 ms)
[07/22/2026-00:58:27] [I] Average on 10 runs - GPU latency: 0.0587433 ms - Host latency: 0.0587433 ms (enqueue 0.00265045 ms)
[07/22/2026-00:58:27] [I] Average on 10 runs - GPU latency: 0.0586075 ms - Host latency: 0.0586075 ms (enqueue 0.00267639 ms)
[07/22/2026-00:58:27] [I] Average on 10 runs - GPU latency: 0.0587311 ms - Host latency: 0.0587311 ms (enqueue 0.00260315 ms)
[07/22/2026-00:58:27] [I] Average on 10 runs - GPU latency: 0.058725 ms - Host latency: 0.058725 ms (enqueue 0.00266724 ms)
[07/22/2026-00:58:27] [I] Average on 10 runs - GPU latency: 0.0587357 ms - Host latency: 0.0587357 ms (enqueue 0.0026474 ms)
[07/22/2026-00:58:27] [I] Average on 10 runs - GPU latency: 0.0587479 ms - Host latency: 0.0587479 ms (enqueue 0.00256958 ms)
[07/22/2026-00:58:27] [I] Average on 10 runs - GPU latency: 0.058725 ms - Host latency: 0.058725 ms (enqueue 0.00263672 ms)
[07/22/2026-00:58:27] [I] Average on 10 runs - GPU latency: 0.058725 ms - Host latency: 0.058725 ms (enqueue 0.00263062 ms)
[07/22/2026-00:58:27] [I] Average on 10 runs - GPU latency: 0.0586243 ms - Host latency: 0.0586243 ms (enqueue 0.00255737 ms)
[07/22/2026-00:58:27] [I] Average on 10 runs - GPU latency: 0.0587311 ms - Host latency: 0.0587311 ms (enqueue 0.00262756 ms)
[07/22/2026-00:58:27] [I] Average on 10 runs - GPU latency: 0.0587158 ms - Host latency: 0.0587158 ms (enqueue 0.00258179 ms)
[07/22/2026-00:58:27] [I] Average on 10 runs - GPU latency: 0.0587524 ms - Host latency: 0.0587524 ms (enqueue 0.00258179 ms)
[07/22/2026-00:58:27] [I] Average on 10 runs - GPU latency: 0.0586548 ms - Host latency: 0.0586548 ms (enqueue 0.00266418 ms)
[07/22/2026-00:58:27] [I] Average on 10 runs - GPU latency: 0.058725 ms - Host latency: 0.058725 ms (enqueue 0.00298157 ms)
[07/22/2026-00:58:27] [I] Average on 10 runs - GPU latency: 0.0587341 ms - Host latency: 0.0587341 ms (enqueue 0.00254211 ms)
[07/22/2026-00:58:27] [I] Average on 10 runs - GPU latency: 0.0586304 ms - Host latency: 0.0586304 ms (enqueue 0.0026825 ms)
[07/22/2026-00:58:27] [I] Average on 10 runs - GPU latency: 0.0587311 ms - Host latency: 0.0587311 ms (enqueue 0.00262451 ms)
[07/22/2026-00:58:27] [I] Average on 10 runs - GPU latency: 0.0587433 ms - Host latency: 0.0587433 ms (enqueue 0.00261536 ms)
[07/22/2026-00:58:27] [I] Average on 10 runs - GPU latency: 0.0586487 ms - Host latency: 0.0586487 ms (enqueue 0.00262756 ms)
[07/22/2026-00:58:27] [I] Average on 10 runs - GPU latency: 0.0587402 ms - Host latency: 0.0587402 ms (enqueue 0.00259705 ms)
[07/22/2026-00:58:27] [I] Average on 10 runs - GPU latency: 0.0587372 ms - Host latency: 0.0587372 ms (enqueue 0.00266418 ms)
[07/22/2026-00:58:27] [I] Average on 10 runs - GPU latency: 0.0587341 ms - Host latency: 0.0587341 ms (enqueue 0.00258484 ms)
[07/22/2026-00:58:27] [I] Average on 10 runs - GPU latency: 0.0586426 ms - Host latency: 0.0586426 ms (enqueue 0.00259399 ms)
[07/22/2026-00:58:27] [I] Average on 10 runs - GPU latency: 0.0587067 ms - Host latency: 0.0587067 ms (enqueue 0.00265808 ms)
[07/22/2026-00:58:27] [I] Average on 10 runs - GPU latency: 0.0587311 ms - Host latency: 0.0587311 ms (enqueue 0.00305176 ms)
[07/22/2026-00:58:27] [I] Average on 10 runs - GPU latency: 0.0586334 ms - Host latency: 0.0586334 ms (enqueue 0.00267639 ms)
[07/22/2026-00:58:27] [I] Average on 10 runs - GPU latency: 0.0587067 ms - Host latency: 0.0587067 ms (enqueue 0.00259399 ms)
[07/22/2026-00:58:27] [I] Average on 10 runs - GPU latency: 0.058725 ms - Host latency: 0.058725 ms (enqueue 0.00264893 ms)
[07/22/2026-00:58:27] [I] Average on 10 runs - GPU latency: 0.0587402 ms - Host latency: 0.0587402 ms (enqueue 0.00257874 ms)
[07/22/2026-00:58:27] [I] Average on 10 runs - GPU latency: 0.0585999 ms - Host latency: 0.0585999 ms (enqueue 0.00265503 ms)
[07/22/2026-00:58:27] [I] Average on 10 runs - GPU latency: 0.0587128 ms - Host latency: 0.0587128 ms (enqueue 0.00259399 ms)
[07/22/2026-00:58:27] [I] Average on 10 runs - GPU latency: 0.0587616 ms - Host latency: 0.0587616 ms (enqueue 0.00264893 ms)
[07/22/2026-00:58:27] [I] Average on 10 runs - GPU latency: 0.0585419 ms - Host latency: 0.0585419 ms (enqueue 0.00266418 ms)
[07/22/2026-00:58:27] [I] Average on 10 runs - GPU latency: 0.0587402 ms - Host latency: 0.0587402 ms (enqueue 0.00263367 ms)
[07/22/2026-00:58:27] [I] Average on 10 runs - GPU latency: 0.0587494 ms - Host latency: 0.0587494 ms (enqueue 0.00252075 ms)
[07/22/2026-00:58:27] [I] Average on 10 runs - GPU latency: 0.0586212 ms - Host latency: 0.0586212 ms (enqueue 0.00261841 ms)
[07/22/2026-00:58:27] [I] Average on 10 runs - GPU latency: 0.0587402 ms - Host latency: 0.0587402 ms (enqueue 0.00292358 ms)
[07/22/2026-00:58:27] [I] Average on 10 runs - GPU latency: 0.0587494 ms - Host latency: 0.0587494 ms (enqueue 0.00262451 ms)
[07/22/2026-00:58:27] [I] Average on 10 runs - GPU latency: 0.0587219 ms - Host latency: 0.0587219 ms (enqueue 0.00267944 ms)
[07/22/2026-00:58:27] [I] Average on 10 runs - GPU latency: 0.058606 ms - Host latency: 0.058606 ms (enqueue 0.00259705 ms)
[07/22/2026-00:58:27] [I] Average on 10 runs - GPU latency: 0.0587524 ms - Host latency: 0.0587524 ms (enqueue 0.00256653 ms)
[07/22/2026-00:58:27] [I] Average on 10 runs - GPU latency: 0.0585938 ms - Host latency: 0.0585938 ms (enqueue 0.00263672 ms)
[07/22/2026-00:58:27] [I] Average on 10 runs - GPU latency: 0.058551 ms - Host latency: 0.058551 ms (enqueue 0.0026062 ms)
[07/22/2026-00:58:27] [I] Average on 10 runs - GPU latency: 0.0587433 ms - Host latency: 0.0587433 ms (enqueue 0.00259399 ms)
[07/22/2026-00:58:27] [I] Average on 10 runs - GPU latency: 0.0587311 ms - Host latency: 0.0587311 ms (enqueue 0.00260925 ms)
[07/22/2026-00:58:27] [I] Average on 10 runs - GPU latency: 0.0587311 ms - Host latency: 0.0587311 ms (enqueue 0.00263672 ms)
[07/22/2026-00:58:27] [I] Average on 10 runs - GPU latency: 0.0586426 ms - Host latency: 0.0586426 ms (enqueue 0.00260925 ms)
[07/22/2026-00:58:27] [I] Average on 10 runs - GPU latency: 0.058725 ms - Host latency: 0.058725 ms (enqueue 0.00259705 ms)
[07/22/2026-00:58:27] [I] Average on 10 runs - GPU latency: 0.0587189 ms - Host latency: 0.0587189 ms (enqueue 0.00331726 ms)
[07/22/2026-00:58:27] [I] Average on 10 runs - GPU latency: 0.0586517 ms - Host latency: 0.0586517 ms (enqueue 0.00260315 ms)
[07/22/2026-00:58:27] [I] Average on 10 runs - GPU latency: 0.058728 ms - Host latency: 0.058728 ms (enqueue 0.00259399 ms)
[07/22/2026-00:58:27] [I] Average on 10 runs - GPU latency: 0.058728 ms - Host latency: 0.058728 ms (enqueue 0.00264893 ms)
[07/22/2026-00:58:27] [I] Average on 10 runs - GPU latency: 0.0587402 ms - Host latency: 0.0587402 ms (enqueue 0.00261536 ms)
[07/22/2026-00:58:27] [I] Average on 10 runs - GPU latency: 0.0586334 ms - Host latency: 0.0586334 ms (enqueue 0.00254211 ms)
[07/22/2026-00:58:27] [I] Average on 10 runs - GPU latency: 0.0587189 ms - Host latency: 0.0587189 ms (enqueue 0.00259705 ms)
[07/22/2026-00:58:27] [I] Average on 10 runs - GPU latency: 0.0587341 ms - Host latency: 0.0587341 ms (enqueue 0.00264587 ms)
[07/22/2026-00:58:27] [I] Average on 10 runs - GPU latency: 0.0586456 ms - Host latency: 0.0586456 ms (enqueue 0.00258484 ms)
[07/22/2026-00:58:27] [I] Average on 10 runs - GPU latency: 0.0587524 ms - Host latency: 0.0587524 ms (enqueue 0.0026123 ms)
[07/22/2026-00:58:27] [I] Average on 10 runs - GPU latency: 0.0587402 ms - Host latency: 0.0587402 ms (enqueue 0.00262756 ms)
[07/22/2026-00:58:27] [I] Average on 10 runs - GPU latency: 0.0586304 ms - Host latency: 0.0586304 ms (enqueue 0.00262451 ms)
[07/22/2026-00:58:27] [I] Average on 10 runs - GPU latency: 0.0587372 ms - Host latency: 0.0587372 ms (enqueue 0.00263062 ms)
[07/22/2026-00:58:27] [I] Average on 10 runs - GPU latency: 0.058725 ms - Host latency: 0.058725 ms (enqueue 0.00256653 ms)
[07/22/2026-00:58:27] [I] Average on 10 runs - GPU latency: 0.0587189 ms - Host latency: 0.0587189 ms (enqueue 0.00265198 ms)
[07/22/2026-00:58:27] [I] Average on 10 runs - GPU latency: 0.0586182 ms - Host latency: 0.0586182 ms (enqueue 0.00253906 ms)
[07/22/2026-00:58:27] [I] Average on 10 runs - GPU latency: 0.0587158 ms - Host latency: 0.0587158 ms (enqueue 0.00262146 ms)
[07/22/2026-00:58:27] [I] Average on 10 runs - GPU latency: 0.0587189 ms - Host latency: 0.0587189 ms (enqueue 0.00259705 ms)
[07/22/2026-00:58:27] [I] Average on 10 runs - GPU latency: 0.0586639 ms - Host latency: 0.0586639 ms (enqueue 0.00259094 ms)
[07/22/2026-00:58:27] [I] Average on 10 runs - GPU latency: 0.0586914 ms - Host latency: 0.0586914 ms (enqueue 0.00260925 ms)
[07/22/2026-00:58:27] [I] Average on 10 runs - GPU latency: 0.0587372 ms - Host latency: 0.0587372 ms (enqueue 0.00264587 ms)
[07/22/2026-00:58:27] [I] Average on 10 runs - GPU latency: 0.0587585 ms - Host latency: 0.0587585 ms (enqueue 0.00248413 ms)
[07/22/2026-00:58:27] [I] Average on 10 runs - GPU latency: 0.0586304 ms - Host latency: 0.0586304 ms (enqueue 0.00267639 ms)
[07/22/2026-00:58:27] [I] Average on 10 runs - GPU latency: 0.0587433 ms - Host latency: 0.0587433 ms (enqueue 0.00264587 ms)
[07/22/2026-00:58:27] [I] Average on 10 runs - GPU latency: 0.0587494 ms - Host latency: 0.0587494 ms (enqueue 0.00262451 ms)
[07/22/2026-00:58:27] [I] Average on 10 runs - GPU latency: 0.0586121 ms - Host latency: 0.0586121 ms (enqueue 0.00260315 ms)
[07/22/2026-00:58:27] [I] Average on 10 runs - GPU latency: 0.0587311 ms - Host latency: 0.0587311 ms (enqueue 0.0026001 ms)
[07/22/2026-00:58:27] [I] Average on 10 runs - GPU latency: 0.0587341 ms - Host latency: 0.0587341 ms (enqueue 0.00263062 ms)
[07/22/2026-00:58:27] [I] Average on 10 runs - GPU latency: 0.0586243 ms - Host latency: 0.0586243 ms (enqueue 0.00256042 ms)
[07/22/2026-00:58:27] [I] Average on 10 runs - GPU latency: 0.0587372 ms - Host latency: 0.0587372 ms (enqueue 0.0026062 ms)
[07/22/2026-00:58:27] [I] Average on 10 runs - GPU latency: 0.0587311 ms - Host latency: 0.0587311 ms (enqueue 0.00254517 ms)
[07/22/2026-00:58:27] [I] Average on 10 runs - GPU latency: 0.0587158 ms - Host latency: 0.0587158 ms (enqueue 0.00262756 ms)
[07/22/2026-00:58:27] [I] Average on 10 runs - GPU latency: 0.0586243 ms - Host latency: 0.0586243 ms (enqueue 0.00256042 ms)
[07/22/2026-00:58:27] [I] Average on 10 runs - GPU latency: 0.0587433 ms - Host latency: 0.0587433 ms (enqueue 0.00258789 ms)
[07/22/2026-00:58:27] [I] Average on 10 runs - GPU latency: 0.0587402 ms - Host latency: 0.0587402 ms (enqueue 0.00260925 ms)
[07/22/2026-00:58:27] [I] Average on 10 runs - GPU latency: 0.0586029 ms - Host latency: 0.0586029 ms (enqueue 0.0026825 ms)
[07/22/2026-00:58:27] [I] Average on 10 runs - GPU latency: 0.0587494 ms - Host latency: 0.0587494 ms (enqueue 0.00261841 ms)
[07/22/2026-00:58:27] [I] Average on 10 runs - GPU latency: 0.0587128 ms - Host latency: 0.0587128 ms (enqueue 0.00262756 ms)
[07/22/2026-00:58:27] [I] Average on 10 runs - GPU latency: 0.0587402 ms - Host latency: 0.0587402 ms (enqueue 0.00260315 ms)
[07/22/2026-00:58:27] [I] Average on 10 runs - GPU latency: 0.0586182 ms - Host latency: 0.0586182 ms (enqueue 0.00259399 ms)
[07/22/2026-00:58:27] [I] Average on 10 runs - GPU latency: 0.0587341 ms - Host latency: 0.0587341 ms (enqueue 0.00269165 ms)
[07/22/2026-00:58:27] [I] Average on 10 runs - GPU latency: 0.0587372 ms - Host latency: 0.0587372 ms (enqueue 0.00259705 ms)
[07/22/2026-00:58:27] [I] Average on 10 runs - GPU latency: 0.0586517 ms - Host latency: 0.0586517 ms (enqueue 0.00262451 ms)
[07/22/2026-00:58:27] [I] Average on 10 runs - GPU latency: 0.0587372 ms - Host latency: 0.0587372 ms (enqueue 0.0026825 ms)
[07/22/2026-00:58:27] [I] Average on 10 runs - GPU latency: 0.0587463 ms - Host latency: 0.0587463 ms (enqueue 0.0026886 ms)
[07/22/2026-00:58:27] [I] Average on 10 runs - GPU latency: 0.0587067 ms - Host latency: 0.0587067 ms (enqueue 0.00255127 ms)
[07/22/2026-00:58:27] [I] Average on 10 runs - GPU latency: 0.058606 ms - Host latency: 0.058606 ms (enqueue 0.00256653 ms)
[07/22/2026-00:58:27] [I] Average on 10 runs - GPU latency: 0.0587219 ms - Host latency: 0.0587219 ms (enqueue 0.00256958 ms)
[07/22/2026-00:58:27] [I] Average on 10 runs - GPU latency: 0.0587341 ms - Host latency: 0.0587341 ms (enqueue 0.00264587 ms)
[07/22/2026-00:58:27] [I] Average on 10 runs - GPU latency: 0.0586426 ms - Host latency: 0.0586426 ms (enqueue 0.00267639 ms)
[07/22/2026-00:58:27] [I] Average on 10 runs - GPU latency: 0.0587341 ms - Host latency: 0.0587341 ms (enqueue 0.00259094 ms)
[07/22/2026-00:58:27] [I] Average on 10 runs - GPU latency: 0.0587372 ms - Host latency: 0.0587372 ms (enqueue 0.0026123 ms)
[07/22/2026-00:58:27] [I] Average on 10 runs - GPU latency: 0.0586578 ms - Host latency: 0.0586578 ms (enqueue 0.00261841 ms)
[07/22/2026-00:58:27] [I] Average on 10 runs - GPU latency: 0.0587585 ms - Host latency: 0.0587585 ms (enqueue 0.0026123 ms)
[07/22/2026-00:58:27] [I] Average on 10 runs - GPU latency: 0.0587311 ms - Host latency: 0.0587311 ms (enqueue 0.00263977 ms)
[07/22/2026-00:58:27] [I] Average on 10 runs - GPU latency: 0.0587402 ms - Host latency: 0.0587402 ms (enqueue 0.00258179 ms)
[07/22/2026-00:58:27] [I] Average on 10 runs - GPU latency: 0.0586243 ms - Host latency: 0.0586243 ms (enqueue 0.0026825 ms)
[07/22/2026-00:58:27] [I] Average on 10 runs - GPU latency: 0.0587433 ms - Host latency: 0.0587433 ms (enqueue 0.00259399 ms)
[07/22/2026-00:58:27] [I] Average on 10 runs - GPU latency: 0.0587463 ms - Host latency: 0.0587463 ms (enqueue 0.00258484 ms)
[07/22/2026-00:58:27] [I] Average on 10 runs - GPU latency: 0.0585999 ms - Host latency: 0.0585999 ms (enqueue 0.00259094 ms)
[07/22/2026-00:58:27] [I] Average on 10 runs - GPU latency: 0.0587433 ms - Host latency: 0.0587433 ms (enqueue 0.00267029 ms)
[07/22/2026-00:58:27] [I] Average on 10 runs - GPU latency: 0.0587372 ms - Host latency: 0.0587372 ms (enqueue 0.00258179 ms)
[07/22/2026-00:58:27] [I] Average on 10 runs - GPU latency: 0.058725 ms - Host latency: 0.058725 ms (enqueue 0.00252991 ms)
[07/22/2026-00:58:27] [I] Average on 10 runs - GPU latency: 0.0586426 ms - Host latency: 0.0586426 ms (enqueue 0.00252991 ms)
[07/22/2026-00:58:27] [I] Average on 10 runs - GPU latency: 0.058728 ms - Host latency: 0.058728 ms (enqueue 0.0026886 ms)
[07/22/2026-00:58:27] [I] Average on 10 runs - GPU latency: 0.0587585 ms - Host latency: 0.0587585 ms (enqueue 0.00262756 ms)
[07/22/2026-00:58:27] [I] ... Omitting 44820 lines
[07/22/2026-00:58:27] [I] Average on 10 runs - GPU latency: 0.0587158 ms - Host latency: 0.0587158 ms (enqueue 0.00266113 ms)
[07/22/2026-00:58:27] [I] Average on 10 runs - GPU latency: 0.0586426 ms - Host latency: 0.0586426 ms (enqueue 0.00258789 ms)
[07/22/2026-00:58:27] [I] Average on 10 runs - GPU latency: 0.0587402 ms - Host latency: 0.0587402 ms (enqueue 0.00256348 ms)
[07/22/2026-00:58:27] [I] Average on 10 runs - GPU latency: 0.0587402 ms - Host latency: 0.0587402 ms (enqueue 0.00263672 ms)
[07/22/2026-00:58:27] [I] Average on 10 runs - GPU latency: 0.0587646 ms - Host latency: 0.0587646 ms (enqueue 0.00263672 ms)
[07/22/2026-00:58:27] [I] Average on 10 runs - GPU latency: 0.0585693 ms - Host latency: 0.0585693 ms (enqueue 0.00258789 ms)
[07/22/2026-00:58:27] [I] Average on 10 runs - GPU latency: 0.0587646 ms - Host latency: 0.0587646 ms (enqueue 0.0026123 ms)
[07/22/2026-00:58:27] [I] Average on 10 runs - GPU latency: 0.0587646 ms - Host latency: 0.0587646 ms (enqueue 0.00256348 ms)
[07/22/2026-00:58:27] [I] Average on 10 runs - GPU latency: 0.0586182 ms - Host latency: 0.0586182 ms (enqueue 0.00263672 ms)
[07/22/2026-00:58:27] [I] Average on 10 runs - GPU latency: 0.0587646 ms - Host latency: 0.0587646 ms (enqueue 0.00273437 ms)
[07/22/2026-00:58:27] [I] Average on 10 runs - GPU latency: 0.0587402 ms - Host latency: 0.0587402 ms (enqueue 0.00258789 ms)
[07/22/2026-00:58:27] [I] Average on 10 runs - GPU latency: 0.0587158 ms - Host latency: 0.0587158 ms (enqueue 0.0026123 ms)
[07/22/2026-00:58:27] [I] Average on 10 runs - GPU latency: 0.0586426 ms - Host latency: 0.0586426 ms (enqueue 0.00246582 ms)
[07/22/2026-00:58:27] [I] Average on 10 runs - GPU latency: 0.0586914 ms - Host latency: 0.0586914 ms (enqueue 0.0026123 ms)
[07/22/2026-00:58:27] [I] Average on 10 runs - GPU latency: 0.0587402 ms - Host latency: 0.0587402 ms (enqueue 0.00251465 ms)
[07/22/2026-00:58:27] [I] Average on 10 runs - GPU latency: 0.058667 ms - Host latency: 0.058667 ms (enqueue 0.00251465 ms)
[07/22/2026-00:58:27] [I] Average on 10 runs - GPU latency: 0.0587402 ms - Host latency: 0.0587402 ms (enqueue 0.00324707 ms)
[07/22/2026-00:58:27] [I] Average on 10 runs - GPU latency: 0.0587158 ms - Host latency: 0.0587158 ms (enqueue 0.00266113 ms)
[07/22/2026-00:58:27] [I] Average on 10 runs - GPU latency: 0.0587158 ms - Host latency: 0.0587158 ms (enqueue 0.0026123 ms)
[07/22/2026-00:58:27] [I] Average on 10 runs - GPU latency: 0.058667 ms - Host latency: 0.058667 ms (enqueue 0.00266113 ms)
[07/22/2026-00:58:27] [I] Average on 10 runs - GPU latency: 0.0586914 ms - Host latency: 0.0586914 ms (enqueue 0.00263672 ms)
[07/22/2026-00:58:27] [I] Average on 10 runs - GPU latency: 0.0587646 ms - Host latency: 0.0587646 ms (enqueue 0.0026123 ms)
[07/22/2026-00:58:27] [I] Average on 10 runs - GPU latency: 0.0586182 ms - Host latency: 0.0586182 ms (enqueue 0.0026123 ms)
[07/22/2026-00:58:27] [I] Average on 10 runs - GPU latency: 0.0587646 ms - Host latency: 0.0587646 ms (enqueue 0.00258789 ms)
[07/22/2026-00:58:27] [I] Average on 10 runs - GPU latency: 0.0586914 ms - Host latency: 0.0586914 ms (enqueue 0.00292969 ms)
[07/22/2026-00:58:27] [I] Average on 10 runs - GPU latency: 0.0586426 ms - Host latency: 0.0586426 ms (enqueue 0.00268555 ms)
[07/22/2026-00:58:27] [I] Average on 10 runs - GPU latency: 0.0586914 ms - Host latency: 0.0586914 ms (enqueue 0.0026123 ms)
[07/22/2026-00:58:27] [I] Average on 10 runs - GPU latency: 0.0587158 ms - Host latency: 0.0587158 ms (enqueue 0.00268555 ms)
[07/22/2026-00:58:27] [I] Average on 10 runs - GPU latency: 0.0587402 ms - Host latency: 0.0587402 ms (enqueue 0.00244141 ms)
[07/22/2026-00:58:27] [I] Average on 10 runs - GPU latency: 0.0586426 ms - Host latency: 0.0586426 ms (enqueue 0.00263672 ms)
[07/22/2026-00:58:27] [I] Average on 10 runs - GPU latency: 0.0587158 ms - Host latency: 0.0587158 ms (enqueue 0.00251465 ms)
[07/22/2026-00:58:27] [I] Average on 10 runs - GPU latency: 0.0586914 ms - Host latency: 0.0586914 ms (enqueue 0.00256348 ms)
[07/22/2026-00:58:27] [I] Average on 10 runs - GPU latency: 0.0586182 ms - Host latency: 0.0586182 ms (enqueue 0.00268555 ms)
[07/22/2026-00:58:27] [I] Average on 10 runs - GPU latency: 0.0587402 ms - Host latency: 0.0587402 ms (enqueue 0.0026123 ms)
[07/22/2026-00:58:27] [I] Average on 10 runs - GPU latency: 0.0587402 ms - Host latency: 0.0587402 ms (enqueue 0.00266113 ms)
[07/22/2026-00:58:27] [I] Average on 10 runs - GPU latency: 0.0587402 ms - Host latency: 0.0587402 ms (enqueue 0.00273437 ms)
[07/22/2026-00:58:27] [I] Average on 10 runs - GPU latency: 0.0586426 ms - Host latency: 0.0586426 ms (enqueue 0.00266113 ms)
[07/22/2026-00:58:27] [I] Average on 10 runs - GPU latency: 0.0586914 ms - Host latency: 0.0586914 ms (enqueue 0.00258789 ms)
[07/22/2026-00:58:27] [I] Average on 10 runs - GPU latency: 0.0587402 ms - Host latency: 0.0587402 ms (enqueue 0.00256348 ms)
[07/22/2026-00:58:27] [I] Average on 10 runs - GPU latency: 0.0586426 ms - Host latency: 0.0586426 ms (enqueue 0.00263672 ms)
[07/22/2026-00:58:27] [I] Average on 10 runs - GPU latency: 0.0587158 ms - Host latency: 0.0587158 ms (enqueue 0.00266113 ms)
[07/22/2026-00:58:27] [I] Average on 10 runs - GPU latency: 0.0587158 ms - Host latency: 0.0587158 ms (enqueue 0.00270996 ms)
[07/22/2026-00:58:27] [I] Average on 10 runs - GPU latency: 0.0586426 ms - Host latency: 0.0586426 ms (enqueue 0.00266113 ms)
[07/22/2026-00:58:27] [I] Average on 10 runs - GPU latency: 0.0587402 ms - Host latency: 0.0587402 ms (enqueue 0.0026123 ms)
[07/22/2026-00:58:27] [I] Average on 10 runs - GPU latency: 0.0587158 ms - Host latency: 0.0587158 ms (enqueue 0.00268555 ms)
[07/22/2026-00:58:27] [I] Average on 10 runs - GPU latency: 0.0587646 ms - Host latency: 0.0587646 ms (enqueue 0.00270996 ms)
[07/22/2026-00:58:27] [I] Average on 10 runs - GPU latency: 0.0586426 ms - Host latency: 0.0586426 ms (enqueue 0.00288086 ms)
[07/22/2026-00:58:27] [I] Average on 10 runs - GPU latency: 0.0587158 ms - Host latency: 0.0587158 ms (enqueue 0.0026123 ms)
[07/22/2026-00:58:27] [I] Average on 10 runs - GPU latency: 0.0587402 ms - Host latency: 0.0587402 ms (enqueue 0.00266113 ms)
[07/22/2026-00:58:27] [I] Average on 10 runs - GPU latency: 0.0585693 ms - Host latency: 0.0585693 ms (enqueue 0.00263672 ms)
[07/22/2026-00:58:27] [I] Average on 10 runs - GPU latency: 0.0587646 ms - Host latency: 0.0587646 ms (enqueue 0.0026123 ms)
[07/22/2026-00:58:27] [I] Average on 10 runs - GPU latency: 0.0587402 ms - Host latency: 0.0587402 ms (enqueue 0.00258789 ms)
[07/22/2026-00:58:27] [I] Average on 10 runs - GPU latency: 0.0587158 ms - Host latency: 0.0587158 ms (enqueue 0.00256348 ms)
[07/22/2026-00:58:27] [I] Average on 10 runs - GPU latency: 0.0586426 ms - Host latency: 0.0586426 ms (enqueue 0.00268555 ms)
[07/22/2026-00:58:27] [I] Average on 10 runs - GPU latency: 0.0587646 ms - Host latency: 0.0587646 ms (enqueue 0.00256348 ms)
[07/22/2026-00:58:27] [I] Average on 10 runs - GPU latency: 0.0587646 ms - Host latency: 0.0587646 ms (enqueue 0.00268555 ms)
[07/22/2026-00:58:27] [I] Average on 10 runs - GPU latency: 0.0585693 ms - Host latency: 0.0585693 ms (enqueue 0.0026123 ms)
[07/22/2026-00:58:27] [I] Average on 10 runs - GPU latency: 0.0587158 ms - Host latency: 0.0587158 ms (enqueue 0.00270996 ms)
[07/22/2026-00:58:27] [I] Average on 10 runs - GPU latency: 0.0587158 ms - Host latency: 0.0587158 ms (enqueue 0.00283203 ms)
[07/22/2026-00:58:27] [I] Average on 10 runs - GPU latency: 0.0586914 ms - Host latency: 0.0586914 ms (enqueue 0.00251465 ms)
[07/22/2026-00:58:27] [I] Average on 10 runs - GPU latency: 0.0586182 ms - Host latency: 0.0586182 ms (enqueue 0.00266113 ms)
[07/22/2026-00:58:27] [I] Average on 10 runs - GPU latency: 0.0587646 ms - Host latency: 0.0587646 ms (enqueue 0.00263672 ms)
[07/22/2026-00:58:27] [I] Average on 10 runs - GPU latency: 0.0586914 ms - Host latency: 0.0586914 ms (enqueue 0.00268555 ms)
[07/22/2026-00:58:27] [I] Average on 10 runs - GPU latency: 0.058667 ms - Host latency: 0.058667 ms (enqueue 0.00258789 ms)
[07/22/2026-00:58:27] [I] Average on 10 runs - GPU latency: 0.0586914 ms - Host latency: 0.0586914 ms (enqueue 0.00263672 ms)
[07/22/2026-00:58:27] [I] Average on 10 runs - GPU latency: 0.0587646 ms - Host latency: 0.0587646 ms (enqueue 0.00263672 ms)
[07/22/2026-00:58:27] [I] Average on 10 runs - GPU latency: 0.0585693 ms - Host latency: 0.0585693 ms (enqueue 0.00258789 ms)
[07/22/2026-00:58:27] [I] Average on 10 runs - GPU latency: 0.0587891 ms - Host latency: 0.0587891 ms (enqueue 0.00253906 ms)
[07/22/2026-00:58:27] [I] Average on 10 runs - GPU latency: 0.0587158 ms - Host latency: 0.0587158 ms (enqueue 0.00253906 ms)
[07/22/2026-00:58:27] [I] Average on 10 runs - GPU latency: 0.0587402 ms - Host latency: 0.0587402 ms (enqueue 0.0026123 ms)
[07/22/2026-00:58:27] [I] Average on 10 runs - GPU latency: 0.0585938 ms - Host latency: 0.0585938 ms (enqueue 0.00249023 ms)
[07/22/2026-00:58:27] [I] Average on 10 runs - GPU latency: 0.0587402 ms - Host latency: 0.0587402 ms (enqueue 0.0026123 ms)
[07/22/2026-00:58:27] [I] Average on 10 runs - GPU latency: 0.0587646 ms - Host latency: 0.0587646 ms (enqueue 0.00266113 ms)
[07/22/2026-00:58:27] [I] Average on 10 runs - GPU latency: 0.0586426 ms - Host latency: 0.0586426 ms (enqueue 0.0026123 ms)
[07/22/2026-00:58:27] [I] Average on 10 runs - GPU latency: 0.0587402 ms - Host latency: 0.0587402 ms (enqueue 0.00263672 ms)
[07/22/2026-00:58:27] [I] Average on 10 runs - GPU latency: 0.0587402 ms - Host latency: 0.0587402 ms (enqueue 0.00258789 ms)
[07/22/2026-00:58:27] [I] Average on 10 runs - GPU latency: 0.0587402 ms - Host latency: 0.0587402 ms (enqueue 0.00256348 ms)
[07/22/2026-00:58:27] [I] Average on 10 runs - GPU latency: 0.0586182 ms - Host latency: 0.0586182 ms (enqueue 0.00256348 ms)
[07/22/2026-00:58:27] [I] Average on 10 runs - GPU latency: 0.0587158 ms - Host latency: 0.0587158 ms (enqueue 0.00258789 ms)
[07/22/2026-00:58:27] [I] Average on 10 runs - GPU latency: 0.0587158 ms - Host latency: 0.0587158 ms (enqueue 0.0027832 ms)
[07/22/2026-00:58:27] [I] Average on 10 runs - GPU latency: 0.0586182 ms - Host latency: 0.0586182 ms (enqueue 0.0026123 ms)
[07/22/2026-00:58:27] [I] Average on 10 runs - GPU latency: 0.0587158 ms - Host latency: 0.0587158 ms (enqueue 0.0026123 ms)
[07/22/2026-00:58:27] [I] Average on 10 runs - GPU latency: 0.0587646 ms - Host latency: 0.0587646 ms (enqueue 0.00251465 ms)
[07/22/2026-00:58:27] [I] Average on 10 runs - GPU latency: 0.0586182 ms - Host latency: 0.0586182 ms (enqueue 0.00266113 ms)
[07/22/2026-00:58:27] [I] Average on 10 runs - GPU latency: 0.0587646 ms - Host latency: 0.0587646 ms (enqueue 0.0026123 ms)
[07/22/2026-00:58:27] [I] Average on 10 runs - GPU latency: 0.0587158 ms - Host latency: 0.0587158 ms (enqueue 0.00258789 ms)
[07/22/2026-00:58:27] [I] Average on 10 runs - GPU latency: 0.0587158 ms - Host latency: 0.0587158 ms (enqueue 0.00256348 ms)
[07/22/2026-00:58:27] [I] Average on 10 runs - GPU latency: 0.0586182 ms - Host latency: 0.0586182 ms (enqueue 0.00275879 ms)
[07/22/2026-00:58:27] [I] Average on 10 runs - GPU latency: 0.0587402 ms - Host latency: 0.0587402 ms (enqueue 0.00266113 ms)
[07/22/2026-00:58:27] [I] Average on 10 runs - GPU latency: 0.0587402 ms - Host latency: 0.0587402 ms (enqueue 0.00263672 ms)
[07/22/2026-00:58:27] [I] Average on 10 runs - GPU latency: 0.0586182 ms - Host latency: 0.0586182 ms (enqueue 0.00249023 ms)
[07/22/2026-00:58:27] [I] Average on 10 runs - GPU latency: 0.0587402 ms - Host latency: 0.0587402 ms (enqueue 0.00266113 ms)
[07/22/2026-00:58:27] [I] Average on 10 runs - GPU latency: 0.0587646 ms - Host latency: 0.0587646 ms (enqueue 0.00270996 ms)
[07/22/2026-00:58:27] [I] Average on 10 runs - GPU latency: 0.0586914 ms - Host latency: 0.0586914 ms (enqueue 0.00266113 ms)
[07/22/2026-00:58:27] [I] Average on 10 runs - GPU latency: 0.0586426 ms - Host latency: 0.0586426 ms (enqueue 0.00263672 ms)
[07/22/2026-00:58:27] [I] Average on 10 runs - GPU latency: 0.0586914 ms - Host latency: 0.0586914 ms (enqueue 0.00266113 ms)
[07/22/2026-00:58:27] [I] Average on 10 runs - GPU latency: 0.0587402 ms - Host latency: 0.0587402 ms (enqueue 0.00258789 ms)
[07/22/2026-00:58:27] [I] Average on 10 runs - GPU latency: 0.0586182 ms - Host latency: 0.0586182 ms (enqueue 0.0026123 ms)
[07/22/2026-00:58:27] [I] Average on 10 runs - GPU latency: 0.0587891 ms - Host latency: 0.0587891 ms (enqueue 0.00253906 ms)
[07/22/2026-00:58:27] [I] Average on 10 runs - GPU latency: 0.0587891 ms - Host latency: 0.0587891 ms (enqueue 0.00263672 ms)
[07/22/2026-00:58:27] [I] Average on 10 runs - GPU latency: 0.0587402 ms - Host latency: 0.0587402 ms (enqueue 0.00319824 ms)
[07/22/2026-00:58:27] [I] Average on 10 runs - GPU latency: 0.0586426 ms - Host latency: 0.0586426 ms (enqueue 0.0026123 ms)
[07/22/2026-00:58:27] [I] Average on 10 runs - GPU latency: 0.0586914 ms - Host latency: 0.0586914 ms (enqueue 0.00266113 ms)
[07/22/2026-00:58:27] [I] Average on 10 runs - GPU latency: 0.0587402 ms - Host latency: 0.0587402 ms (enqueue 0.00263672 ms)
[07/22/2026-00:58:27] [I] Average on 10 runs - GPU latency: 0.0586182 ms - Host latency: 0.0586182 ms (enqueue 0.00263672 ms)
[07/22/2026-00:58:27] [I] Average on 10 runs - GPU latency: 0.0587646 ms - Host latency: 0.0587646 ms (enqueue 0.0026123 ms)
[07/22/2026-00:58:27] [I] Average on 10 runs - GPU latency: 0.0586914 ms - Host latency: 0.0586914 ms (enqueue 0.0026123 ms)
[07/22/2026-00:58:27] [I] Average on 10 runs - GPU latency: 0.0586426 ms - Host latency: 0.0586426 ms (enqueue 0.00273437 ms)
[07/22/2026-00:58:27] [I] Average on 10 runs - GPU latency: 0.0587158 ms - Host latency: 0.0587158 ms (enqueue 0.00263672 ms)
[07/22/2026-00:58:27] [I] Average on 10 runs - GPU latency: 0.0587646 ms - Host latency: 0.0587646 ms (enqueue 0.00266113 ms)
[07/22/2026-00:58:27] [I] Average on 10 runs - GPU latency: 0.0586914 ms - Host latency: 0.0586914 ms (enqueue 0.00258789 ms)
[07/22/2026-00:58:27] [I] Average on 10 runs - GPU latency: 0.0586426 ms - Host latency: 0.0586426 ms (enqueue 0.00266113 ms)
[07/22/2026-00:58:27] [I] Average on 10 runs - GPU latency: 0.0587158 ms - Host latency: 0.0587158 ms (enqueue 0.00263672 ms)
[07/22/2026-00:58:27] [I] Average on 10 runs - GPU latency: 0.0587402 ms - Host latency: 0.0587402 ms (enqueue 0.00253906 ms)
[07/22/2026-00:58:27] [I] Average on 10 runs - GPU latency: 0.0586426 ms - Host latency: 0.0586426 ms (enqueue 0.00258789 ms)
[07/22/2026-00:58:27] [I] Average on 10 runs - GPU latency: 0.0587646 ms - Host latency: 0.0587646 ms (enqueue 0.00258789 ms)
[07/22/2026-00:58:27] [I] Average on 10 runs - GPU latency: 0.0587402 ms - Host latency: 0.0587402 ms (enqueue 0.00256348 ms)
[07/22/2026-00:58:27] [I] Average on 10 runs - GPU latency: 0.0587402 ms - Host latency: 0.0587402 ms (enqueue 0.00253906 ms)
[07/22/2026-00:58:27] [I] Average on 10 runs - GPU latency: 0.0586182 ms - Host latency: 0.0586182 ms (enqueue 0.0026123 ms)
[07/22/2026-00:58:27] [I] Average on 10 runs - GPU latency: 0.0587402 ms - Host latency: 0.0587402 ms (enqueue 0.00268555 ms)
[07/22/2026-00:58:27] [I] Average on 10 runs - GPU latency: 0.0587646 ms - Host latency: 0.0587646 ms (enqueue 0.0026123 ms)
[07/22/2026-00:58:27] [I] Average on 10 runs - GPU latency: 0.0586182 ms - Host latency: 0.0586182 ms (enqueue 0.00253906 ms)
[07/22/2026-00:58:27] [I] Average on 10 runs - GPU latency: 0.0587158 ms - Host latency: 0.0587158 ms (enqueue 0.00251465 ms)
[07/22/2026-00:58:27] [I] Average on 10 runs - GPU latency: 0.0587402 ms - Host latency: 0.0587402 ms (enqueue 0.00253906 ms)
[07/22/2026-00:58:27] [I] Average on 10 runs - GPU latency: 0.0586426 ms - Host latency: 0.0586426 ms (enqueue 0.00263672 ms)
[07/22/2026-00:58:27] [I] Average on 10 runs - GPU latency: 0.0586914 ms - Host latency: 0.0586914 ms (enqueue 0.0026123 ms)
[07/22/2026-00:58:27] [I] Average on 10 runs - GPU latency: 0.0587646 ms - Host latency: 0.0587646 ms (enqueue 0.00263672 ms)
[07/22/2026-00:58:27] [I] Average on 10 runs - GPU latency: 0.0586914 ms - Host latency: 0.0586914 ms (enqueue 0.00268555 ms)
[07/22/2026-00:58:27] [I] Average on 10 runs - GPU latency: 0.0586182 ms - Host latency: 0.0586182 ms (enqueue 0.00256348 ms)
[07/22/2026-00:58:27] [I] Average on 10 runs - GPU latency: 0.0586914 ms - Host latency: 0.0586914 ms (enqueue 0.00268555 ms)
[07/22/2026-00:58:27] [I] Average on 10 runs - GPU latency: 0.0587646 ms - Host latency: 0.0587646 ms (enqueue 0.00268555 ms)
[07/22/2026-00:58:27] [I] Average on 10 runs - GPU latency: 0.0586182 ms - Host latency: 0.0586182 ms (enqueue 0.0026123 ms)
[07/22/2026-00:58:27] [I] Average on 10 runs - GPU latency: 0.0587402 ms - Host latency: 0.0587402 ms (enqueue 0.00263672 ms)
[07/22/2026-00:58:27] [I] Average on 10 runs - GPU latency: 0.0586914 ms - Host latency: 0.0586914 ms (enqueue 0.00258789 ms)
[07/22/2026-00:58:27] [I] Average on 10 runs - GPU latency: 0.0587158 ms - Host latency: 0.0587158 ms (enqueue 0.00268555 ms)
[07/22/2026-00:58:27] [I] Average on 10 runs - GPU latency: 0.0586182 ms - Host latency: 0.0586182 ms (enqueue 0.00266113 ms)
[07/22/2026-00:58:27] [I] Average on 10 runs - GPU latency: 0.0587891 ms - Host latency: 0.0587891 ms (enqueue 0.00263672 ms)
[07/22/2026-00:58:27] [I] Average on 10 runs - GPU latency: 0.058667 ms - Host latency: 0.058667 ms (enqueue 0.00256348 ms)
[07/22/2026-00:58:27] [I] Average on 10 runs - GPU latency: 0.0586426 ms - Host latency: 0.0586426 ms (enqueue 0.00268555 ms)
[07/22/2026-00:58:27] [I] Average on 10 runs - GPU latency: 0.0587158 ms - Host latency: 0.0587158 ms (enqueue 0.0026123 ms)
[07/22/2026-00:58:27] [I] Average on 10 runs - GPU latency: 0.0587402 ms - Host latency: 0.0587402 ms (enqueue 0.00256348 ms)
[07/22/2026-00:58:27] [I] Average on 10 runs - GPU latency: 0.0587402 ms - Host latency: 0.0587402 ms (enqueue 0.00256348 ms)
[07/22/2026-00:58:27] [I] Average on 10 runs - GPU latency: 0.058667 ms - Host latency: 0.058667 ms (enqueue 0.00266113 ms)
[07/22/2026-00:58:27] [I] Average on 10 runs - GPU latency: 0.0587646 ms - Host latency: 0.0587646 ms (enqueue 0.0026123 ms)
[07/22/2026-00:58:27] [I] Average on 10 runs - GPU latency: 0.0586914 ms - Host latency: 0.0586914 ms (enqueue 0.00266113 ms)
[07/22/2026-00:58:27] [I] Average on 10 runs - GPU latency: 0.0586182 ms - Host latency: 0.0586182 ms (enqueue 0.00266113 ms)
[07/22/2026-00:58:27] [I] Average on 10 runs - GPU latency: 0.0587402 ms - Host latency: 0.0587402 ms (enqueue 0.00256348 ms)
[07/22/2026-00:58:27] [I] Average on 10 runs - GPU latency: 0.0587646 ms - Host latency: 0.0587646 ms (enqueue 0.00251465 ms)
[07/22/2026-00:58:27] [I] Average on 10 runs - GPU latency: 0.0585938 ms - Host latency: 0.0585938 ms (enqueue 0.00258789 ms)
[07/22/2026-00:58:27] [I] Average on 10 runs - GPU latency: 0.0587646 ms - Host latency: 0.0587646 ms (enqueue 0.0026123 ms)
[07/22/2026-00:58:27] [I] Average on 10 runs - GPU latency: 0.0587402 ms - Host latency: 0.0587402 ms (enqueue 0.00263672 ms)
[07/22/2026-00:58:27] [I] Average on 10 runs - GPU latency: 0.0587402 ms - Host latency: 0.0587402 ms (enqueue 0.00258789 ms)
[07/22/2026-00:58:27] [I] Average on 10 runs - GPU latency: 0.0585938 ms - Host latency: 0.0585938 ms (enqueue 0.00268555 ms)
[07/22/2026-00:58:27] [I] Average on 10 runs - GPU latency: 0.0587646 ms - Host latency: 0.0587646 ms (enqueue 0.0026123 ms)
[07/22/2026-00:58:27] [I] Average on 10 runs - GPU latency: 0.0587402 ms - Host latency: 0.0587402 ms (enqueue 0.00251465 ms)
[07/22/2026-00:58:27] [I] Average on 10 runs - GPU latency: 0.0586426 ms - Host latency: 0.0586426 ms (enqueue 0.0026123 ms)
[07/22/2026-00:58:27] [I] Average on 10 runs - GPU latency: 0.0587402 ms - Host latency: 0.0587402 ms (enqueue 0.00256348 ms)
[07/22/2026-00:58:27] [I] Average on 10 runs - GPU latency: 0.0587402 ms - Host latency: 0.0587402 ms (enqueue 0.00283203 ms)
[07/22/2026-00:58:27] [I] Average on 10 runs - GPU latency: 0.0587158 ms - Host latency: 0.0587158 ms (enqueue 0.00251465 ms)
[07/22/2026-00:58:27] [I] Average on 10 runs - GPU latency: 0.0586426 ms - Host latency: 0.0586426 ms (enqueue 0.0026123 ms)
[07/22/2026-00:58:27] [I] Average on 10 runs - GPU latency: 0.0587402 ms - Host latency: 0.0587402 ms (enqueue 0.00268555 ms)
[07/22/2026-00:58:27] [I] Average on 10 runs - GPU latency: 0.0587158 ms - Host latency: 0.0587158 ms (enqueue 0.0026123 ms)
[07/22/2026-00:58:27] [I] Average on 10 runs - GPU latency: 0.058667 ms - Host latency: 0.058667 ms (enqueue 0.00251465 ms)
[07/22/2026-00:58:27] [I] Average on 10 runs - GPU latency: 0.0587158 ms - Host latency: 0.0587158 ms (enqueue 0.00256348 ms)
[07/22/2026-00:58:27] [I] Average on 10 runs - GPU latency: 0.0587158 ms - Host latency: 0.0587158 ms (enqueue 0.0026123 ms)
[07/22/2026-00:58:27] [I] Average on 10 runs - GPU latency: 0.0586914 ms - Host latency: 0.0586914 ms (enqueue 0.00266113 ms)
[07/22/2026-00:58:27] [I] Average on 10 runs - GPU latency: 0.058667 ms - Host latency: 0.058667 ms (enqueue 0.00263672 ms)
[07/22/2026-00:58:27] [I] Average on 10 runs - GPU latency: 0.0587402 ms - Host latency: 0.0587402 ms (enqueue 0.00270996 ms)
[07/22/2026-00:58:27] [I] Average on 10 runs - GPU latency: 0.0587646 ms - Host latency: 0.0587646 ms (enqueue 0.00290527 ms)
[07/22/2026-00:58:27] [I] Average on 10 runs - GPU latency: 0.0585938 ms - Host latency: 0.0585938 ms (enqueue 0.00256348 ms)
[07/22/2026-00:58:27] [I] Average on 10 runs - GPU latency: 0.0587891 ms - Host latency: 0.0587891 ms (enqueue 0.00258789 ms)
[07/22/2026-00:58:27] [I] Average on 10 runs - GPU latency: 0.0587158 ms - Host latency: 0.0587158 ms (enqueue 0.00258789 ms)
[07/22/2026-00:58:27] [I] Average on 10 runs - GPU latency: 0.0586426 ms - Host latency: 0.0586426 ms (enqueue 0.00253906 ms)
[07/22/2026-00:58:27] [I] Average on 10 runs - GPU latency: 0.0587158 ms - Host latency: 0.0587158 ms (enqueue 0.00258789 ms)
[07/22/2026-00:58:27] [I] Average on 10 runs - GPU latency: 0.0587402 ms - Host latency: 0.0587402 ms (enqueue 0.00266113 ms)
[07/22/2026-00:58:27] [I] Average on 10 runs - GPU latency: 0.0587646 ms - Host latency: 0.0587646 ms (enqueue 0.00258789 ms)
[07/22/2026-00:58:27] [I] Average on 10 runs - GPU latency: 0.0586426 ms - Host latency: 0.0586426 ms (enqueue 0.00285645 ms)
[07/22/2026-00:58:27] [I] Average on 10 runs - GPU latency: 0.0587402 ms - Host latency: 0.0587402 ms (enqueue 0.0026123 ms)
[07/22/2026-00:58:27] [I] Average on 10 runs - GPU latency: 0.0587158 ms - Host latency: 0.0587158 ms (enqueue 0.0026123 ms)
[07/22/2026-00:58:27] [I] Average on 10 runs - GPU latency: 0.0586182 ms - Host latency: 0.0586182 ms (enqueue 0.0026123 ms)
[07/22/2026-00:58:27] [I] Average on 10 runs - GPU latency: 0.0587646 ms - Host latency: 0.0587646 ms (enqueue 0.00283203 ms)
[07/22/2026-00:58:27] [I] Average on 10 runs - GPU latency: 0.0587158 ms - Host latency: 0.0587158 ms (enqueue 0.00258789 ms)
[07/22/2026-00:58:27] [I] Average on 10 runs - GPU latency: 0.0587158 ms - Host latency: 0.0587158 ms (enqueue 0.00258789 ms)
[07/22/2026-00:58:27] [I] Average on 10 runs - GPU latency: 0.0586426 ms - Host latency: 0.0586426 ms (enqueue 0.00244141 ms)
[07/22/2026-00:58:27] [I] Average on 10 runs - GPU latency: 0.0587402 ms - Host latency: 0.0587402 ms (enqueue 0.00270996 ms)
[07/22/2026-00:58:27] [I] Average on 10 runs - GPU latency: 0.0587646 ms - Host latency: 0.0587646 ms (enqueue 0.00251465 ms)
[07/22/2026-00:58:27] [I] Average on 10 runs - GPU latency: 0.0586182 ms - Host latency: 0.0586182 ms (enqueue 0.00258789 ms)
[07/22/2026-00:58:27] [I] Average on 10 runs - GPU latency: 0.0587402 ms - Host latency: 0.0587402 ms (enqueue 0.00253906 ms)
[07/22/2026-00:58:27] [I] Average on 10 runs - GPU latency: 0.0587402 ms - Host latency: 0.0587402 ms (enqueue 0.00268555 ms)
[07/22/2026-00:58:27] [I] Average on 10 runs - GPU latency: 0.0586182 ms - Host latency: 0.0586182 ms (enqueue 0.00268555 ms)
[07/22/2026-00:58:27] [I] Average on 10 runs - GPU latency: 0.0587158 ms - Host latency: 0.0587158 ms (enqueue 0.00249023 ms)
[07/22/2026-00:58:27] [I] Average on 10 runs - GPU latency: 0.0587646 ms - Host latency: 0.0587646 ms (enqueue 0.0027832 ms)
[07/22/2026-00:58:27] [I] Average on 10 runs - GPU latency: 0.0587158 ms - Host latency: 0.0587158 ms (enqueue 0.0026123 ms)
[07/22/2026-00:58:27] [I] Average on 10 runs - GPU latency: 0.0586182 ms - Host latency: 0.0586182 ms (enqueue 0.00256348 ms)
[07/22/2026-00:58:27] [I] Average on 10 runs - GPU latency: 0.0587646 ms - Host latency: 0.0587646 ms (enqueue 0.00253906 ms)
[07/22/2026-00:58:27] [I] Average on 10 runs - GPU latency: 0.0587158 ms - Host latency: 0.0587158 ms (enqueue 0.00270996 ms)
[07/22/2026-00:58:27] [I] Average on 10 runs - GPU latency: 0.0586182 ms - Host latency: 0.0586182 ms (enqueue 0.00263672 ms)
[07/22/2026-00:58:27] [I] Average on 10 runs - GPU latency: 0.0587402 ms - Host latency: 0.0587402 ms (enqueue 0.00266113 ms)
[07/22/2026-00:58:27] [I] Average on 10 runs - GPU latency: 0.0587402 ms - Host latency: 0.0587402 ms (enqueue 0.00256348 ms)
[07/22/2026-00:58:27] [I] Average on 10 runs - GPU latency: 0.0587402 ms - Host latency: 0.0587402 ms (enqueue 0.00256348 ms)
[07/22/2026-00:58:27] [I] 
[07/22/2026-00:58:27] [I] === Performance summary ===
[07/22/2026-00:58:27] [I] Throughput: 16272.8 qps
[07/22/2026-00:58:27] [I] Latency: min = 0.057373 ms, max = 0.0859375 ms, mean = 0.0587065 ms, median = 0.0587158 ms, percentile(90%) = 0.0588379 ms, percentile(95%) = 0.0588379 ms, percentile(99%) = 0.05896 ms
[07/22/2026-00:58:27] [I] Enqueue Time: min = 0.00170898 ms, max = 0.0373535 ms, mean = 0.00262526 ms, median = 0.00262451 ms, percentile(90%) = 0.00280762 ms, percentile(95%) = 0.00292969 ms, percentile(99%) = 0.00305176 ms
[07/22/2026-00:58:27] [I] H2D Latency: min = 0 ms, max = 0 ms, mean = 0 ms, median = 0 ms, percentile(90%) = 0 ms, percentile(95%) = 0 ms, percentile(99%) = 0 ms
[07/22/2026-00:58:27] [I] GPU Compute Time: min = 0.057373 ms, max = 0.0859375 ms, mean = 0.0587065 ms, median = 0.0587158 ms, percentile(90%) = 0.0588379 ms, percentile(95%) = 0.0588379 ms, percentile(99%) = 0.05896 ms
[07/22/2026-00:58:27] [I] D2H Latency: min = 0 ms, max = 0 ms, mean = 0 ms, median = 0 ms, percentile(90%) = 0 ms, percentile(95%) = 0 ms, percentile(99%) = 0 ms
[07/22/2026-00:58:27] [I] Total Host Walltime: 3.0001 s
[07/22/2026-00:58:27] [I] Total GPU Compute Time: 2.86605 s
[07/22/2026-00:58:27] [I] Explanations of the performance metrics are printed in the verbose logs.
[07/22/2026-00:58:27] [I] 
[07/22/2026-00:58:27] [I] z: (1)
[07/22/2026-00:58:27] [I] 3
[07/22/2026-00:58:27] [I] y: (1x10)
[07/22/2026-00:58:27] [I] -0.0517654 0.000403864 0.0417729 0.269791 -0.0836014 0.0483999 -0.234524 -0.0369821 -0.000608751 -0.0668423
&&&& PASSED TensorRT.trtexec [TensorRT v110000] [b114] # trtexec --loadEngine=./model-trained.trt --loadInputs=x:x.input.1.1.28.28.fp32.raw --dumpOutput
