&&&& RUNNING TensorRT.trtexec [TensorRT v110100] [b106] # trtexec --loadEngine=./model-trained-reference.trt --exportProfile=./model-trained-reference-exportProfile.json
[08/27/2026-12:20:11] [I] === Model Options ===
[08/27/2026-12:20:11] [I] Format: *
[08/27/2026-12:20:11] [I] Model:
[08/27/2026-12:20:11] [I] Output:
[08/27/2026-12:20:11] [I]
[08/27/2026-12:20:11] [I] === System Options ===
[08/27/2026-12:20:11] [I] Device: 0
[08/27/2026-12:20:11] [I] DLACore:
[08/27/2026-12:20:11] [I] Loaded static plugins:
[08/27/2026-12:20:11] [I] setPluginsToSerialize:
[08/27/2026-12:20:11] [I] dynamicPlugins:
[08/27/2026-12:20:11] [I] ignoreParsedPluginLibs: 0
[08/27/2026-12:20:11] [I]
[08/27/2026-12:20:11] [I] === Inference Options ===
[08/27/2026-12:20:11] [I] Batch: Explicit
[08/27/2026-12:20:11] [I] Input inference shapes: model
[08/27/2026-12:20:11] [I] Iterations: 10
[08/27/2026-12:20:11] [I] Duration: 3s (+ 200ms warm up)
[08/27/2026-12:20:11] [I] Sleep time: 0ms
[08/27/2026-12:20:11] [I] Idle time: 0ms
[08/27/2026-12:20:11] [I] Inference Streams: 1
[08/27/2026-12:20:11] [I] ExposeDMA: Disabled
[08/27/2026-12:20:11] [I] Data transfers: Disabled
[08/27/2026-12:20:11] [I] Spin-wait: Enabled
[08/27/2026-12:20:11] [I] Multithreading: Disabled
[08/27/2026-12:20:11] [I] CUDA Graph: Enabled
[08/27/2026-12:20:11] [I] Time Deserialize: Disabled
[08/27/2026-12:20:11] [I] Time Refit: Disabled
[08/27/2026-12:20:11] [I] NVTX verbosity: 0
[08/27/2026-12:20:11] [I] Persistent Cache Ratio: 0
[08/27/2026-12:20:11] [I] Optimization Profile Index: 0
[08/27/2026-12:20:11] [I] Weight Streaming Budget: 100.000000%
[08/27/2026-12:20:11] [I] Accuracy Algorithm: L0
[08/27/2026-12:20:11] [I] Absolute Tolerance (atol): 1e-05
[08/27/2026-12:20:11] [I] Relative Tolerance (rtol): 1e-05
[08/27/2026-12:20:11] [I] Inputs:
[08/27/2026-12:20:11] [I] Debug Tensor Save Destinations:
[08/27/2026-12:20:11] [I] Dump All Debug Tensor in Formats:
[08/27/2026-12:20:11] [I] === Reporting Options ===
[08/27/2026-12:20:11] [I] Verbose: Disabled
[08/27/2026-12:20:11] [I] Averages: 10 inferences
[08/27/2026-12:20:11] [I] Percentiles: 90,95,99
[08/27/2026-12:20:11] [I] Dump refittable layers:Disabled
[08/27/2026-12:20:11] [I] Dump output: Disabled
[08/27/2026-12:20:11] [I] Profile: Disabled
[08/27/2026-12:20:11] [I] Export timing to JSON file:
[08/27/2026-12:20:11] [I] Export output to JSON file:
[08/27/2026-12:20:11] [I] Export profile to JSON file: ./model-trained-reference-exportProfile.json
[08/27/2026-12:20:11] [I]
[08/27/2026-12:20:11] [I] === Device Information ===
[08/27/2026-12:20:12] [I] Available Devices:
[08/27/2026-12:20:12] [I]   Device 0: "NVIDIA H100 PCIe" UUID: GPU-6b95b656-4bfb-1c8a-789d-76d749d0fe65
[08/27/2026-12:20:12] [I] Selected Device: NVIDIA H100 PCIe
[08/27/2026-12:20:12] [I] Selected Device ID: 0
[08/27/2026-12:20:12] [I] Selected Device UUID: GPU-6b95b656-4bfb-1c8a-789d-76d749d0fe65
[08/27/2026-12:20:12] [I] Compute Capability: 9.0
[08/27/2026-12:20:12] [I] SMs: 114
[08/27/2026-12:20:12] [I] Device Global Memory: 81071 MiB
[08/27/2026-12:20:12] [I] Shared Memory per SM: 228 KiB
[08/27/2026-12:20:12] [I] Memory Bus Width: 5120 bits (ECC enabled)
[08/27/2026-12:20:12] [I] Application Compute Clock Rate: 1.755 GHz
[08/27/2026-12:20:12] [I] Application Memory Clock Rate: 1.593 GHz
[08/27/2026-12:20:12] [I]
[08/27/2026-12:20:12] [I] Note: The application clock rates do not reflect the actual clock rates that the GPU is currently running at.
[08/27/2026-12:20:12] [I]
[08/27/2026-12:20:12] [I] TensorRT version: 11.1.0
[08/27/2026-12:20:12] [I] Loading standard plugins
[08/27/2026-12:20:12] [I] Engine deserialized in 0.0277944 sec.
[08/27/2026-12:20:12] [I] [TRT] [MemUsageChange] TensorRT-managed allocation in IExecutionContext creation: CPU +0, GPU +0, now: CPU 0, GPU 12 (MiB)
[08/27/2026-12:20:12] [I] Setting persistentCacheLimit to 0 bytes.
[08/27/2026-12:20:12] [I] Created execution context with device memory size: 0.119629 MiB
[08/27/2026-12:20:12] [I] Using random values for input x
[08/27/2026-12:20:12] [I] Input binding for x with dimensions 1x1x28x28 and type fp32 is created.
[08/27/2026-12:20:12] [I] Output binding for y with dimensions 1x10 and type fp32 is created.
[08/27/2026-12:20:12] [I] Output binding for z with dimensions 1 and type int64 is created.
[08/27/2026-12:20:12] [I] Starting inference
[08/27/2026-12:20:12] [I] Capturing CUDA graph for the current execution context
[08/27/2026-12:20:12] [I] Successfully captured CUDA graph for the current execution context. When profiling with Nsight Systems, add "--cuda-graph-trace=node" to the nsys command to see per-kernel execution times.
[08/27/2026-12:20:15] [I] Warmup completed 6626 queries over 200 ms
[08/27/2026-12:20:15] [I] Timing trace has 100210 queries over 3.00003 s
[08/27/2026-12:20:15] [I]
[08/27/2026-12:20:15] [I] === Trace details ===
[08/27/2026-12:20:15] [I] Trace averages of 10 runs:
[08/27/2026-12:20:15] [I] Average on 10 runs - GPU latency: 0.0285202 ms - Host latency: 0.0285202 ms (enqueue 0.00189972 ms)
[08/27/2026-12:20:15] [I] Average on 10 runs - GPU latency: 0.0285004 ms - Host latency: 0.0285004 ms (enqueue 0.00187073 ms)
[08/27/2026-12:20:15] [I] Average on 10 runs - GPU latency: 0.0285522 ms - Host latency: 0.0285522 ms (enqueue 0.00192108 ms)
[08/27/2026-12:20:15] [I] Average on 10 runs - GPU latency: 0.0285522 ms - Host latency: 0.0285522 ms (enqueue 0.00193176 ms)
[08/27/2026-12:20:15] [I] Average on 10 runs - GPU latency: 0.0292786 ms - Host latency: 0.0292786 ms (enqueue 0.00186462 ms)
[08/27/2026-12:20:15] [I] Average on 10 runs - GPU latency: 0.0285187 ms - Host latency: 0.0285187 ms (enqueue 0.00188904 ms)
[08/27/2026-12:20:15] [I] Average on 10 runs - GPU latency: 0.0285385 ms - Host latency: 0.0285385 ms (enqueue 0.00191803 ms)
[08/27/2026-12:20:15] [I] Average on 10 runs - GPU latency: 0.0285156 ms - Host latency: 0.0285156 ms (enqueue 0.00206909 ms)
[08/27/2026-12:20:15] [I] Average on 10 runs - GPU latency: 0.0285645 ms - Host latency: 0.0285645 ms (enqueue 0.00187988 ms)
[08/27/2026-12:20:15] [I] Average on 10 runs - GPU latency: 0.0285156 ms - Host latency: 0.0285156 ms (enqueue 0.00189056 ms)
[08/27/2026-12:20:15] [I] Average on 10 runs - GPU latency: 0.02854 ms - Host latency: 0.02854 ms (enqueue 0.00193329 ms)
[08/27/2026-12:20:15] [I] Average on 10 runs - GPU latency: 0.0285522 ms - Host latency: 0.0285522 ms (enqueue 0.00193481 ms)
[08/27/2026-12:20:15] [I] Average on 10 runs - GPU latency: 0.0284988 ms - Host latency: 0.0284988 ms (enqueue 0.00188904 ms)
[08/27/2026-12:20:15] [I] Average on 10 runs - GPU latency: 0.0285172 ms - Host latency: 0.0285172 ms (enqueue 0.00193481 ms)
[08/27/2026-12:20:15] [I] Average on 10 runs - GPU latency: 0.0285233 ms - Host latency: 0.0285233 ms (enqueue 0.00196991 ms)
[08/27/2026-12:20:15] [I] Average on 10 runs - GPU latency: 0.0284668 ms - Host latency: 0.0284668 ms (enqueue 0.00185089 ms)
[08/27/2026-12:20:15] [I] Average on 10 runs - GPU latency: 0.0285873 ms - Host latency: 0.0285873 ms (enqueue 0.00187988 ms)
[08/27/2026-12:20:15] [I] Average on 10 runs - GPU latency: 0.0285324 ms - Host latency: 0.0285324 ms (enqueue 0.00192261 ms)
[08/27/2026-12:20:15] [I] Average on 10 runs - GPU latency: 0.0285156 ms - Host latency: 0.0285156 ms (enqueue 0.00196533 ms)
[08/27/2026-12:20:15] [I] Average on 10 runs - GPU latency: 0.0285645 ms - Host latency: 0.0285645 ms (enqueue 0.00190887 ms)
[08/27/2026-12:20:15] [I] Average on 10 runs - GPU latency: 0.0285263 ms - Host latency: 0.0285263 ms (enqueue 0.00189056 ms)
[08/27/2026-12:20:15] [I] Average on 10 runs - GPU latency: 0.0285583 ms - Host latency: 0.0285583 ms (enqueue 0.00191498 ms)
[08/27/2026-12:20:15] [I] Average on 10 runs - GPU latency: 0.0285461 ms - Host latency: 0.0285461 ms (enqueue 0.00189209 ms)
[08/27/2026-12:20:15] [I] Average on 10 runs - GPU latency: 0.0285477 ms - Host latency: 0.0285477 ms (enqueue 0.00186768 ms)
[08/27/2026-12:20:15] [I] Average on 10 runs - GPU latency: 0.0285156 ms - Host latency: 0.0285156 ms (enqueue 0.00215912 ms)
[08/27/2026-12:20:15] [I] Average on 10 runs - GPU latency: 0.0285233 ms - Host latency: 0.0285233 ms (enqueue 0.00187378 ms)
[08/27/2026-12:20:15] [I] Average on 10 runs - GPU latency: 0.0285065 ms - Host latency: 0.0285065 ms (enqueue 0.00188141 ms)
[08/27/2026-12:20:15] [I] Average on 10 runs - GPU latency: 0.0285263 ms - Host latency: 0.0285263 ms (enqueue 0.00186615 ms)
[08/27/2026-12:20:15] [I] Average on 10 runs - GPU latency: 0.0285645 ms - Host latency: 0.0285645 ms (enqueue 0.00193787 ms)
[08/27/2026-12:20:15] [I] Average on 10 runs - GPU latency: 0.0285477 ms - Host latency: 0.0285477 ms (enqueue 0.00190277 ms)
[08/27/2026-12:20:15] [I] Average on 10 runs - GPU latency: 0.0284973 ms - Host latency: 0.0284973 ms (enqueue 0.0018158 ms)
[08/27/2026-12:20:15] [I] Average on 10 runs - GPU latency: 0.0285355 ms - Host latency: 0.0285355 ms (enqueue 0.00188446 ms)
[08/27/2026-12:20:15] [I] Average on 10 runs - GPU latency: 0.0285583 ms - Host latency: 0.0285583 ms (enqueue 0.00189209 ms)
[08/27/2026-12:20:15] [I] Average on 10 runs - GPU latency: 0.028566 ms - Host latency: 0.028566 ms (enqueue 0.00188904 ms)
[08/27/2026-12:20:15] [I] Average on 10 runs - GPU latency: 0.0285294 ms - Host latency: 0.0285294 ms (enqueue 0.00185699 ms)
[08/27/2026-12:20:15] [I] Average on 10 runs - GPU latency: 0.028537 ms - Host latency: 0.028537 ms (enqueue 0.00183716 ms)
[08/27/2026-12:20:15] [I] Average on 10 runs - GPU latency: 0.0285782 ms - Host latency: 0.0285782 ms (enqueue 0.00261993 ms)
[08/27/2026-12:20:15] [I] Average on 10 runs - GPU latency: 0.0285339 ms - Host latency: 0.0285339 ms (enqueue 0.00188141 ms)
[08/27/2026-12:20:15] [I] Average on 10 runs - GPU latency: 0.028511 ms - Host latency: 0.028511 ms (enqueue 0.00188293 ms)
[08/27/2026-12:20:15] [I] Average on 10 runs - GPU latency: 0.0285507 ms - Host latency: 0.0285507 ms (enqueue 0.00189362 ms)
[08/27/2026-12:20:15] [I] Average on 10 runs - GPU latency: 0.0285217 ms - Host latency: 0.0285217 ms (enqueue 0.00194855 ms)
[08/27/2026-12:20:15] [I] Average on 10 runs - GPU latency: 0.0285461 ms - Host latency: 0.0285461 ms (enqueue 0.00185852 ms)
[08/27/2026-12:20:15] [I] Average on 10 runs - GPU latency: 0.0284973 ms - Host latency: 0.0284973 ms (enqueue 0.00185089 ms)
[08/27/2026-12:20:15] [I] Average on 10 runs - GPU latency: 0.0285065 ms - Host latency: 0.0285065 ms (enqueue 0.00191193 ms)
[08/27/2026-12:20:15] [I] Average on 10 runs - GPU latency: 0.0285416 ms - Host latency: 0.0285416 ms (enqueue 0.00191345 ms)
[08/27/2026-12:20:15] [I] Average on 10 runs - GPU latency: 0.0285156 ms - Host latency: 0.0285156 ms (enqueue 0.00186005 ms)
[08/27/2026-12:20:15] [I] Average on 10 runs - GPU latency: 0.0284988 ms - Host latency: 0.0284988 ms (enqueue 0.0019104 ms)
[08/27/2026-12:20:15] [I] Average on 10 runs - GPU latency: 0.0285294 ms - Host latency: 0.0285294 ms (enqueue 0.0019577 ms)
[08/27/2026-12:20:15] [I] Average on 10 runs - GPU latency: 0.0285187 ms - Host latency: 0.0285187 ms (enqueue 0.00189972 ms)
[08/27/2026-12:20:15] [I] Average on 10 runs - GPU latency: 0.0285782 ms - Host latency: 0.0285782 ms (enqueue 0.00184937 ms)
[08/27/2026-12:20:15] [I] Average on 10 runs - GPU latency: 0.0285583 ms - Host latency: 0.0285583 ms (enqueue 0.00193176 ms)
[08/27/2026-12:20:15] [I] Average on 10 runs - GPU latency: 0.028569 ms - Host latency: 0.028569 ms (enqueue 0.00188599 ms)
[08/27/2026-12:20:15] [I] Average on 10 runs - GPU latency: 0.0285187 ms - Host latency: 0.0285187 ms (enqueue 0.00201111 ms)
[08/27/2026-12:20:15] [I] Average on 10 runs - GPU latency: 0.0285263 ms - Host latency: 0.0285263 ms (enqueue 0.0018631 ms)
[08/27/2026-12:20:15] [I] Average on 10 runs - GPU latency: 0.0285385 ms - Host latency: 0.0285385 ms (enqueue 0.00191956 ms)
[08/27/2026-12:20:15] [I] Average on 10 runs - GPU latency: 0.0285233 ms - Host latency: 0.0285233 ms (enqueue 0.00188446 ms)
[08/27/2026-12:20:15] [I] Average on 10 runs - GPU latency: 0.0286606 ms - Host latency: 0.0286606 ms (enqueue 0.00259857 ms)
[08/27/2026-12:20:15] [I] Average on 10 runs - GPU latency: 0.0285583 ms - Host latency: 0.0285583 ms (enqueue 0.00190125 ms)
[08/27/2026-12:20:15] [I] Average on 10 runs - GPU latency: 0.028508 ms - Host latency: 0.028508 ms (enqueue 0.0019104 ms)
[08/27/2026-12:20:15] [I] Average on 10 runs - GPU latency: 0.0285141 ms - Host latency: 0.0285141 ms (enqueue 0.00192261 ms)
[08/27/2026-12:20:15] [I] Average on 10 runs - GPU latency: 0.0285187 ms - Host latency: 0.0285187 ms (enqueue 0.00185852 ms)
[08/27/2026-12:20:15] [I] Average on 10 runs - GPU latency: 0.028508 ms - Host latency: 0.028508 ms (enqueue 0.00205383 ms)
[08/27/2026-12:20:15] [I] Average on 10 runs - GPU latency: 0.0285431 ms - Host latency: 0.0285431 ms (enqueue 0.00190735 ms)
[08/27/2026-12:20:15] [I] Average on 10 runs - GPU latency: 0.028569 ms - Host latency: 0.028569 ms (enqueue 0.00196991 ms)
[08/27/2026-12:20:15] [I] Average on 10 runs - GPU latency: 0.0285049 ms - Host latency: 0.0285049 ms (enqueue 0.00185699 ms)
[08/27/2026-12:20:15] [I] Average on 10 runs - GPU latency: 0.0285141 ms - Host latency: 0.0285141 ms (enqueue 0.00189972 ms)
[08/27/2026-12:20:15] [I] Average on 10 runs - GPU latency: 0.0285522 ms - Host latency: 0.0285522 ms (enqueue 0.00193329 ms)
[08/27/2026-12:20:15] [I] Average on 10 runs - GPU latency: 0.0284943 ms - Host latency: 0.0284943 ms (enqueue 0.00189362 ms)
[08/27/2026-12:20:15] [I] Average on 10 runs - GPU latency: 0.0285477 ms - Host latency: 0.0285477 ms (enqueue 0.00186005 ms)
[08/27/2026-12:20:15] [I] Average on 10 runs - GPU latency: 0.0285522 ms - Host latency: 0.0285522 ms (enqueue 0.00189667 ms)
[08/27/2026-12:20:15] [I] Average on 10 runs - GPU latency: 0.028595 ms - Host latency: 0.028595 ms (enqueue 0.00194855 ms)
[08/27/2026-12:20:15] [I] Average on 10 runs - GPU latency: 0.0285416 ms - Host latency: 0.0285416 ms (enqueue 0.00184937 ms)
[08/27/2026-12:20:15] [I] Average on 10 runs - GPU latency: 0.0285614 ms - Host latency: 0.0285614 ms (enqueue 0.00194092 ms)
[08/27/2026-12:20:15] [I] Average on 10 runs - GPU latency: 0.0284912 ms - Host latency: 0.0284912 ms (enqueue 0.00194244 ms)
[08/27/2026-12:20:15] [I] Average on 10 runs - GPU latency: 0.0285065 ms - Host latency: 0.0285065 ms (enqueue 0.00189514 ms)
[08/27/2026-12:20:15] [I] Average on 10 runs - GPU latency: 0.0285278 ms - Host latency: 0.0285278 ms (enqueue 0.00185699 ms)
[08/27/2026-12:20:15] [I] Average on 10 runs - GPU latency: 0.0285843 ms - Host latency: 0.0285843 ms (enqueue 0.00190735 ms)
[08/27/2026-12:20:15] [I] Average on 10 runs - GPU latency: 0.0285065 ms - Host latency: 0.0285065 ms (enqueue 0.00192413 ms)
[08/27/2026-12:20:15] [I] Average on 10 runs - GPU latency: 0.0285034 ms - Host latency: 0.0285034 ms (enqueue 0.00190582 ms)
[08/27/2026-12:20:15] [I] Average on 10 runs - GPU latency: 0.0285217 ms - Host latency: 0.0285217 ms (enqueue 0.00189209 ms)
[08/27/2026-12:20:15] [I] Average on 10 runs - GPU latency: 0.0284775 ms - Host latency: 0.0284775 ms (enqueue 0.00194702 ms)
[08/27/2026-12:20:15] [I] Average on 10 runs - GPU latency: 0.0284775 ms - Host latency: 0.0284775 ms (enqueue 0.00189362 ms)
[08/27/2026-12:20:15] [I] Average on 10 runs - GPU latency: 0.0285446 ms - Host latency: 0.0285446 ms (enqueue 0.00193481 ms)
[08/27/2026-12:20:15] [I] Average on 10 runs - GPU latency: 0.0285553 ms - Host latency: 0.0285553 ms (enqueue 0.00187073 ms)
[08/27/2026-12:20:15] [I] Average on 10 runs - GPU latency: 0.0285461 ms - Host latency: 0.0285461 ms (enqueue 0.0019989 ms)
[08/27/2026-12:20:15] [I] Average on 10 runs - GPU latency: 0.0284882 ms - Host latency: 0.0284882 ms (enqueue 0.00198212 ms)
[08/27/2026-12:20:15] [I] Average on 10 runs - GPU latency: 0.0285324 ms - Host latency: 0.0285324 ms (enqueue 0.00184479 ms)
[08/27/2026-12:20:15] [I] Average on 10 runs - GPU latency: 0.0285172 ms - Host latency: 0.0285172 ms (enqueue 0.00194244 ms)
[08/27/2026-12:20:15] [I] Average on 10 runs - GPU latency: 0.0285385 ms - Host latency: 0.0285385 ms (enqueue 0.00195923 ms)
[08/27/2026-12:20:15] [I] Average on 10 runs - GPU latency: 0.0285233 ms - Host latency: 0.0285233 ms (enqueue 0.00190887 ms)
[08/27/2026-12:20:15] [I] Average on 10 runs - GPU latency: 0.0285461 ms - Host latency: 0.0285461 ms (enqueue 0.00190582 ms)
[08/27/2026-12:20:15] [I] Average on 10 runs - GPU latency: 0.0285355 ms - Host latency: 0.0285355 ms (enqueue 0.00188293 ms)
[08/27/2026-12:20:15] [I] Average on 10 runs - GPU latency: 0.028508 ms - Host latency: 0.028508 ms (enqueue 0.00191193 ms)
[08/27/2026-12:20:15] [I] Average on 10 runs - GPU latency: 0.0285324 ms - Host latency: 0.0285324 ms (enqueue 0.00188446 ms)
[08/27/2026-12:20:15] [I] Average on 10 runs - GPU latency: 0.0285095 ms - Host latency: 0.0285095 ms (enqueue 0.00183258 ms)
[08/27/2026-12:20:15] [I] Average on 10 runs - GPU latency: 0.028508 ms - Host latency: 0.028508 ms (enqueue 0.00189514 ms)
[08/27/2026-12:20:15] [I] Average on 10 runs - GPU latency: 0.0285446 ms - Host latency: 0.0285446 ms (enqueue 0.00188904 ms)
[08/27/2026-12:20:15] [I] Average on 10 runs - GPU latency: 0.0285095 ms - Host latency: 0.0285095 ms (enqueue 0.00187378 ms)
[08/27/2026-12:20:15] [I] Average on 10 runs - GPU latency: 0.0285507 ms - Host latency: 0.0285507 ms (enqueue 0.00187378 ms)
[08/27/2026-12:20:15] [I] Average on 10 runs - GPU latency: 0.0285309 ms - Host latency: 0.0285309 ms (enqueue 0.00189514 ms)
[08/27/2026-12:20:15] [I] Average on 10 runs - GPU latency: 0.0285767 ms - Host latency: 0.0285767 ms (enqueue 0.00189209 ms)
[08/27/2026-12:20:15] [I] Average on 10 runs - GPU latency: 0.0285461 ms - Host latency: 0.0285461 ms (enqueue 0.00184937 ms)
[08/27/2026-12:20:15] [I] Average on 10 runs - GPU latency: 0.0285065 ms - Host latency: 0.0285065 ms (enqueue 0.00192566 ms)
[08/27/2026-12:20:15] [I] Average on 10 runs - GPU latency: 0.0285278 ms - Host latency: 0.0285278 ms (enqueue 0.00194092 ms)
[08/27/2026-12:20:15] [I] Average on 10 runs - GPU latency: 0.0284836 ms - Host latency: 0.0284836 ms (enqueue 0.00193939 ms)
[08/27/2026-12:20:15] [I] Average on 10 runs - GPU latency: 0.0285049 ms - Host latency: 0.0285049 ms (enqueue 0.00184326 ms)
[08/27/2026-12:20:15] [I] Average on 10 runs - GPU latency: 0.0285522 ms - Host latency: 0.0285522 ms (enqueue 0.00192871 ms)
[08/27/2026-12:20:15] [I] Average on 10 runs - GPU latency: 0.0285248 ms - Host latency: 0.0285248 ms (enqueue 0.00191956 ms)
[08/27/2026-12:20:15] [I] Average on 10 runs - GPU latency: 0.0285034 ms - Host latency: 0.0285034 ms (enqueue 0.00184326 ms)
[08/27/2026-12:20:15] [I] Average on 10 runs - GPU latency: 0.0285187 ms - Host latency: 0.0285187 ms (enqueue 0.00191498 ms)
[08/27/2026-12:20:15] [I] Average on 10 runs - GPU latency: 0.0285553 ms - Host latency: 0.0285553 ms (enqueue 0.00200195 ms)
[08/27/2026-12:20:15] [I] Average on 10 runs - GPU latency: 0.0285507 ms - Host latency: 0.0285507 ms (enqueue 0.00189667 ms)
[08/27/2026-12:20:15] [I] Average on 10 runs - GPU latency: 0.0285553 ms - Host latency: 0.0285553 ms (enqueue 0.00184326 ms)
[08/27/2026-12:20:15] [I] Average on 10 runs - GPU latency: 0.0285202 ms - Host latency: 0.0285202 ms (enqueue 0.00193634 ms)
[08/27/2026-12:20:15] [I] Average on 10 runs - GPU latency: 0.0284943 ms - Host latency: 0.0284943 ms (enqueue 0.00198517 ms)
[08/27/2026-12:20:15] [I] Average on 10 runs - GPU latency: 0.0284927 ms - Host latency: 0.0284927 ms (enqueue 0.00191803 ms)
[08/27/2026-12:20:15] [I] Average on 10 runs - GPU latency: 0.0285446 ms - Host latency: 0.0285446 ms (enqueue 0.00187073 ms)
[08/27/2026-12:20:15] [I] Average on 10 runs - GPU latency: 0.0285873 ms - Host latency: 0.0285873 ms (enqueue 0.00194702 ms)
[08/27/2026-12:20:15] [I] Average on 10 runs - GPU latency: 0.0285248 ms - Host latency: 0.0285248 ms (enqueue 0.00195007 ms)
[08/27/2026-12:20:15] [I] Average on 10 runs - GPU latency: 0.0285095 ms - Host latency: 0.0285095 ms (enqueue 0.00189056 ms)
[08/27/2026-12:20:15] [I] Average on 10 runs - GPU latency: 0.0285751 ms - Host latency: 0.0285751 ms (enqueue 0.00186005 ms)
[08/27/2026-12:20:15] [I] Average on 10 runs - GPU latency: 0.0285019 ms - Host latency: 0.0285019 ms (enqueue 0.00193481 ms)
[08/27/2026-12:20:15] [I] Average on 10 runs - GPU latency: 0.0285278 ms - Host latency: 0.0285278 ms (enqueue 0.00189056 ms)
[08/27/2026-12:20:15] [I] Average on 10 runs - GPU latency: 0.0285873 ms - Host latency: 0.0285873 ms (enqueue 0.00189972 ms)
[08/27/2026-12:20:15] [I] Average on 10 runs - GPU latency: 0.028511 ms - Host latency: 0.028511 ms (enqueue 0.00181427 ms)
[08/27/2026-12:20:15] [I] Average on 10 runs - GPU latency: 0.0285355 ms - Host latency: 0.0285355 ms (enqueue 0.00193787 ms)
[08/27/2026-12:20:15] [I] Average on 10 runs - GPU latency: 0.0285126 ms - Host latency: 0.0285126 ms (enqueue 0.00187683 ms)
[08/27/2026-12:20:15] [I] Average on 10 runs - GPU latency: 0.0285721 ms - Host latency: 0.0285721 ms (enqueue 0.00181885 ms)
[08/27/2026-12:20:15] [I] Average on 10 runs - GPU latency: 0.0285278 ms - Host latency: 0.0285278 ms (enqueue 0.00189819 ms)
[08/27/2026-12:20:15] [I] Average on 10 runs - GPU latency: 0.028511 ms - Host latency: 0.028511 ms (enqueue 0.00192261 ms)
[08/27/2026-12:20:15] [I] Average on 10 runs - GPU latency: 0.0285065 ms - Host latency: 0.0285065 ms (enqueue 0.00188446 ms)
[08/27/2026-12:20:15] [I] Average on 10 runs - GPU latency: 0.0285263 ms - Host latency: 0.0285263 ms (enqueue 0.0018631 ms)
[08/27/2026-12:20:15] [I] Average on 10 runs - GPU latency: 0.0285202 ms - Host latency: 0.0285202 ms (enqueue 0.0018692 ms)
[08/27/2026-12:20:15] [I] Average on 10 runs - GPU latency: 0.0285614 ms - Host latency: 0.0285614 ms (enqueue 0.00188751 ms)
[08/27/2026-12:20:15] [I] Average on 10 runs - GPU latency: 0.0285599 ms - Host latency: 0.0285599 ms (enqueue 0.00187683 ms)
[08/27/2026-12:20:15] [I] Average on 10 runs - GPU latency: 0.0285782 ms - Host latency: 0.0285782 ms (enqueue 0.00181885 ms)
[08/27/2026-12:20:15] [I] Average on 10 runs - GPU latency: 0.0285507 ms - Host latency: 0.0285507 ms (enqueue 0.00188751 ms)
[08/27/2026-12:20:15] [I] Average on 10 runs - GPU latency: 0.0285492 ms - Host latency: 0.0285492 ms (enqueue 0.00190735 ms)
[08/27/2026-12:20:15] [I] Average on 10 runs - GPU latency: 0.0285583 ms - Host latency: 0.0285583 ms (enqueue 0.00189819 ms)
[08/27/2026-12:20:15] [I] Average on 10 runs - GPU latency: 0.0285248 ms - Host latency: 0.0285248 ms (enqueue 0.00189209 ms)
[08/27/2026-12:20:15] [I] Average on 10 runs - GPU latency: 0.0285614 ms - Host latency: 0.0285614 ms (enqueue 0.00191345 ms)
[08/27/2026-12:20:15] [I] Average on 10 runs - GPU latency: 0.028508 ms - Host latency: 0.028508 ms (enqueue 0.00190582 ms)
[08/27/2026-12:20:15] [I] Average on 10 runs - GPU latency: 0.0285095 ms - Host latency: 0.0285095 ms (enqueue 0.00187225 ms)
[08/27/2026-12:20:15] [I] Average on 10 runs - GPU latency: 0.0285217 ms - Host latency: 0.0285217 ms (enqueue 0.00188141 ms)
[08/27/2026-12:20:15] [I] Average on 10 runs - GPU latency: 0.0285446 ms - Host latency: 0.0285446 ms (enqueue 0.00191345 ms)
[08/27/2026-12:20:15] [I] Average on 10 runs - GPU latency: 0.0285202 ms - Host latency: 0.0285202 ms (enqueue 0.00188751 ms)
[08/27/2026-12:20:15] [I] Average on 10 runs - GPU latency: 0.0285126 ms - Host latency: 0.0285126 ms (enqueue 0.0018692 ms)
[08/27/2026-12:20:15] [I] Average on 10 runs - GPU latency: 0.0285156 ms - Host latency: 0.0285156 ms (enqueue 0.00202942 ms)
[08/27/2026-12:20:15] [I] Average on 10 runs - GPU latency: 0.0284943 ms - Host latency: 0.0284943 ms (enqueue 0.0020462 ms)
[08/27/2026-12:20:15] [I] Average on 10 runs - GPU latency: 0.0285278 ms - Host latency: 0.0285278 ms (enqueue 0.00184784 ms)
[08/27/2026-12:20:15] [I] Average on 10 runs - GPU latency: 0.0285049 ms - Host latency: 0.0285049 ms (enqueue 0.00185547 ms)
[08/27/2026-12:20:15] [I] Average on 10 runs - GPU latency: 0.0285233 ms - Host latency: 0.0285233 ms (enqueue 0.0019455 ms)
[08/27/2026-12:20:15] [I] Average on 10 runs - GPU latency: 0.0285034 ms - Host latency: 0.0285034 ms (enqueue 0.00194702 ms)
[08/27/2026-12:20:15] [I] Average on 10 runs - GPU latency: 0.0285904 ms - Host latency: 0.0285904 ms (enqueue 0.001828 ms)
[08/27/2026-12:20:15] [I] Average on 10 runs - GPU latency: 0.0285339 ms - Host latency: 0.0285339 ms (enqueue 0.00184937 ms)
[08/27/2026-12:20:15] [I] Average on 10 runs - GPU latency: 0.0285126 ms - Host latency: 0.0285126 ms (enqueue 0.00197296 ms)
[08/27/2026-12:20:15] [I] Average on 10 runs - GPU latency: 0.028627 ms - Host latency: 0.028627 ms (enqueue 0.00193329 ms)
[08/27/2026-12:20:15] [I] Average on 10 runs - GPU latency: 0.028508 ms - Host latency: 0.028508 ms (enqueue 0.00183563 ms)
[08/27/2026-12:20:15] [I] Average on 10 runs - GPU latency: 0.0284897 ms - Host latency: 0.0284897 ms (enqueue 0.00187683 ms)
[08/27/2026-12:20:15] [I] Average on 10 runs - GPU latency: 0.0285477 ms - Host latency: 0.0285477 ms (enqueue 0.00188751 ms)
[08/27/2026-12:20:15] [I] Average on 10 runs - GPU latency: 0.0285004 ms - Host latency: 0.0285004 ms (enqueue 0.00188904 ms)
[08/27/2026-12:20:15] [I] Average on 10 runs - GPU latency: 0.028537 ms - Host latency: 0.028537 ms (enqueue 0.0018631 ms)
[08/27/2026-12:20:15] [I] Average on 10 runs - GPU latency: 0.0284927 ms - Host latency: 0.0284927 ms (enqueue 0.00189819 ms)
[08/27/2026-12:20:15] [I] Average on 10 runs - GPU latency: 0.0285721 ms - Host latency: 0.0285721 ms (enqueue 0.00192108 ms)
[08/27/2026-12:20:15] [I] Average on 10 runs - GPU latency: 0.0284958 ms - Host latency: 0.0284958 ms (enqueue 0.00188293 ms)
[08/27/2026-12:20:15] [I] Average on 10 runs - GPU latency: 0.0285217 ms - Host latency: 0.0285217 ms (enqueue 0.00183411 ms)
[08/27/2026-12:20:15] [I] Average on 10 runs - GPU latency: 0.0285645 ms - Host latency: 0.0285645 ms (enqueue 0.00194397 ms)
[08/27/2026-12:20:15] [I] Average on 10 runs - GPU latency: 0.0285538 ms - Host latency: 0.0285538 ms (enqueue 0.00193176 ms)
[08/27/2026-12:20:15] [I] Average on 10 runs - GPU latency: 0.0285248 ms - Host latency: 0.0285248 ms (enqueue 0.0018219 ms)
[08/27/2026-12:20:15] [I] Average on 10 runs - GPU latency: 0.0285034 ms - Host latency: 0.0285034 ms (enqueue 0.00189362 ms)
[08/27/2026-12:20:15] [I] Average on 10 runs - GPU latency: 0.0285583 ms - Host latency: 0.0285583 ms (enqueue 0.00194702 ms)
[08/27/2026-12:20:15] [I] Average on 10 runs - GPU latency: 0.0284988 ms - Host latency: 0.0284988 ms (enqueue 0.00190582 ms)
[08/27/2026-12:20:15] [I] Average on 10 runs - GPU latency: 0.0285034 ms - Host latency: 0.0285034 ms (enqueue 0.00189056 ms)
[08/27/2026-12:20:15] [I] Average on 10 runs - GPU latency: 0.0286102 ms - Host latency: 0.0286102 ms (enqueue 0.00191498 ms)
[08/27/2026-12:20:15] [I] Average on 10 runs - GPU latency: 0.0285263 ms - Host latency: 0.0285263 ms (enqueue 0.00191956 ms)
[08/27/2026-12:20:15] [I] Average on 10 runs - GPU latency: 0.0285339 ms - Host latency: 0.0285339 ms (enqueue 0.00187988 ms)
[08/27/2026-12:20:15] [I] Average on 10 runs - GPU latency: 0.0285172 ms - Host latency: 0.0285172 ms (enqueue 0.00190125 ms)
[08/27/2026-12:20:15] [I] Average on 10 runs - GPU latency: 0.02854 ms - Host latency: 0.02854 ms (enqueue 0.00189056 ms)
[08/27/2026-12:20:15] [I] Average on 10 runs - GPU latency: 0.0285034 ms - Host latency: 0.0285034 ms (enqueue 0.00193024 ms)
[08/27/2026-12:20:15] [I] Average on 10 runs - GPU latency: 0.0285202 ms - Host latency: 0.0285202 ms (enqueue 0.00185394 ms)
[08/27/2026-12:20:15] [I] Average on 10 runs - GPU latency: 0.028508 ms - Host latency: 0.028508 ms (enqueue 0.00194702 ms)
[08/27/2026-12:20:15] [I] Average on 10 runs - GPU latency: 0.0285309 ms - Host latency: 0.0285309 ms (enqueue 0.00200958 ms)
[08/27/2026-12:20:15] [I] Average on 10 runs - GPU latency: 0.0284744 ms - Host latency: 0.0284744 ms (enqueue 0.00189362 ms)
[08/27/2026-12:20:15] [I] Average on 10 runs - GPU latency: 0.0285324 ms - Host latency: 0.0285324 ms (enqueue 0.00188141 ms)
[08/27/2026-12:20:15] [I] Average on 10 runs - GPU latency: 0.0285355 ms - Host latency: 0.0285355 ms (enqueue 0.00201569 ms)
[08/27/2026-12:20:15] [I] Average on 10 runs - GPU latency: 0.0285614 ms - Host latency: 0.0285614 ms (enqueue 0.00192719 ms)
[08/27/2026-12:20:15] [I] Average on 10 runs - GPU latency: 0.0285172 ms - Host latency: 0.0285172 ms (enqueue 0.00189209 ms)
[08/27/2026-12:20:15] [I] Average on 10 runs - GPU latency: 0.028479 ms - Host latency: 0.028479 ms (enqueue 0.00184631 ms)
[08/27/2026-12:20:15] [I] Average on 10 runs - GPU latency: 0.0285522 ms - Host latency: 0.0285522 ms (enqueue 0.0019165 ms)
[08/27/2026-12:20:15] [I] Average on 10 runs - GPU latency: 0.0285309 ms - Host latency: 0.0285309 ms (enqueue 0.00193787 ms)
[08/27/2026-12:20:15] [I] Average on 10 runs - GPU latency: 0.0284943 ms - Host latency: 0.0284943 ms (enqueue 0.00184021 ms)
[08/27/2026-12:20:15] [I] Average on 10 runs - GPU latency: 0.0285828 ms - Host latency: 0.0285828 ms (enqueue 0.00184021 ms)
[08/27/2026-12:20:15] [I] Average on 10 runs - GPU latency: 0.0285065 ms - Host latency: 0.0285065 ms (enqueue 0.00187683 ms)
[08/27/2026-12:20:15] [I] Average on 10 runs - GPU latency: 0.0285278 ms - Host latency: 0.0285278 ms (enqueue 0.00191345 ms)
[08/27/2026-12:20:15] [I] Average on 10 runs - GPU latency: 0.0284912 ms - Host latency: 0.0284912 ms (enqueue 0.00185547 ms)
[08/27/2026-12:20:15] [I] Average on 10 runs - GPU latency: 0.02854 ms - Host latency: 0.02854 ms (enqueue 0.00184326 ms)
[08/27/2026-12:20:15] [I] Average on 10 runs - GPU latency: 0.0284943 ms - Host latency: 0.0284943 ms (enqueue 0.0019043 ms)
[08/27/2026-12:20:15] [I] Average on 10 runs - GPU latency: 0.0285278 ms - Host latency: 0.0285278 ms (enqueue 0.00188904 ms)
[08/27/2026-12:20:15] [I] Average on 10 runs - GPU latency: 0.0285431 ms - Host latency: 0.0285431 ms (enqueue 0.00180054 ms)
[08/27/2026-12:20:15] [I] Average on 10 runs - GPU latency: 0.0285339 ms - Host latency: 0.0285339 ms (enqueue 0.00185852 ms)
[08/27/2026-12:20:15] [I] ... Omitting 96210 lines
[08/27/2026-12:20:15] [I] Average on 10 runs - GPU latency: 0.0286133 ms - Host latency: 0.0286133 ms (enqueue 0.00222168 ms)
[08/27/2026-12:20:15] [I] Average on 10 runs - GPU latency: 0.0285889 ms - Host latency: 0.0285889 ms (enqueue 0.00227051 ms)
[08/27/2026-12:20:15] [I] Average on 10 runs - GPU latency: 0.0284912 ms - Host latency: 0.0284912 ms (enqueue 0.00205078 ms)
[08/27/2026-12:20:15] [I] Average on 10 runs - GPU latency: 0.028418 ms - Host latency: 0.028418 ms (enqueue 0.00209961 ms)
[08/27/2026-12:20:15] [I] Average on 10 runs - GPU latency: 0.02854 ms - Host latency: 0.02854 ms (enqueue 0.00212402 ms)
[08/27/2026-12:20:15] [I] Average on 10 runs - GPU latency: 0.0284668 ms - Host latency: 0.0284668 ms (enqueue 0.00214844 ms)
[08/27/2026-12:20:15] [I] Average on 10 runs - GPU latency: 0.0284912 ms - Host latency: 0.0284912 ms (enqueue 0.00214844 ms)
[08/27/2026-12:20:15] [I] Average on 10 runs - GPU latency: 0.0284912 ms - Host latency: 0.0284912 ms (enqueue 0.00212402 ms)
[08/27/2026-12:20:15] [I] Average on 10 runs - GPU latency: 0.0285645 ms - Host latency: 0.0285645 ms (enqueue 0.0020752 ms)
[08/27/2026-12:20:15] [I] Average on 10 runs - GPU latency: 0.0287109 ms - Host latency: 0.0287109 ms (enqueue 0.00214844 ms)
[08/27/2026-12:20:15] [I] Average on 10 runs - GPU latency: 0.0285645 ms - Host latency: 0.0285645 ms (enqueue 0.00200195 ms)
[08/27/2026-12:20:15] [I] Average on 10 runs - GPU latency: 0.0284668 ms - Host latency: 0.0284668 ms (enqueue 0.00217285 ms)
[08/27/2026-12:20:15] [I] Average on 10 runs - GPU latency: 0.02854 ms - Host latency: 0.02854 ms (enqueue 0.00219727 ms)
[08/27/2026-12:20:15] [I] Average on 10 runs - GPU latency: 0.0284668 ms - Host latency: 0.0284668 ms (enqueue 0.00212402 ms)
[08/27/2026-12:20:15] [I] Average on 10 runs - GPU latency: 0.02854 ms - Host latency: 0.02854 ms (enqueue 0.00214844 ms)
[08/27/2026-12:20:15] [I] Average on 10 runs - GPU latency: 0.0285645 ms - Host latency: 0.0285645 ms (enqueue 0.0020752 ms)
[08/27/2026-12:20:15] [I] Average on 10 runs - GPU latency: 0.02854 ms - Host latency: 0.02854 ms (enqueue 0.00209961 ms)
[08/27/2026-12:20:15] [I] Average on 10 runs - GPU latency: 0.0284668 ms - Host latency: 0.0284668 ms (enqueue 0.00205078 ms)
[08/27/2026-12:20:15] [I] Average on 10 runs - GPU latency: 0.0284912 ms - Host latency: 0.0284912 ms (enqueue 0.00205078 ms)
[08/27/2026-12:20:15] [I] Average on 10 runs - GPU latency: 0.0286133 ms - Host latency: 0.0286133 ms (enqueue 0.0026123 ms)
[08/27/2026-12:20:15] [I] Average on 10 runs - GPU latency: 0.0285156 ms - Host latency: 0.0285156 ms (enqueue 0.00205078 ms)
[08/27/2026-12:20:15] [I] Average on 10 runs - GPU latency: 0.02854 ms - Host latency: 0.02854 ms (enqueue 0.00202637 ms)
[08/27/2026-12:20:15] [I] Average on 10 runs - GPU latency: 0.0285889 ms - Host latency: 0.0285889 ms (enqueue 0.00222168 ms)
[08/27/2026-12:20:15] [I] Average on 10 runs - GPU latency: 0.0285156 ms - Host latency: 0.0285156 ms (enqueue 0.00214844 ms)
[08/27/2026-12:20:15] [I] Average on 10 runs - GPU latency: 0.0285645 ms - Host latency: 0.0285645 ms (enqueue 0.0020752 ms)
[08/27/2026-12:20:15] [I] Average on 10 runs - GPU latency: 0.02854 ms - Host latency: 0.02854 ms (enqueue 0.00205078 ms)
[08/27/2026-12:20:15] [I] Average on 10 runs - GPU latency: 0.0285645 ms - Host latency: 0.0285645 ms (enqueue 0.00217285 ms)
[08/27/2026-12:20:15] [I] Average on 10 runs - GPU latency: 0.0285156 ms - Host latency: 0.0285156 ms (enqueue 0.00209961 ms)
[08/27/2026-12:20:15] [I] Average on 10 runs - GPU latency: 0.0285156 ms - Host latency: 0.0285156 ms (enqueue 0.00214844 ms)
[08/27/2026-12:20:15] [I] Average on 10 runs - GPU latency: 0.02854 ms - Host latency: 0.02854 ms (enqueue 0.00212402 ms)
[08/27/2026-12:20:15] [I] Average on 10 runs - GPU latency: 0.0285156 ms - Host latency: 0.0285156 ms (enqueue 0.0020752 ms)
[08/27/2026-12:20:15] [I] Average on 10 runs - GPU latency: 0.0284912 ms - Host latency: 0.0284912 ms (enqueue 0.0020752 ms)
[08/27/2026-12:20:15] [I] Average on 10 runs - GPU latency: 0.0285645 ms - Host latency: 0.0285645 ms (enqueue 0.0020752 ms)
[08/27/2026-12:20:15] [I] Average on 10 runs - GPU latency: 0.0284668 ms - Host latency: 0.0284668 ms (enqueue 0.0020752 ms)
[08/27/2026-12:20:15] [I] Average on 10 runs - GPU latency: 0.0284668 ms - Host latency: 0.0284668 ms (enqueue 0.00209961 ms)
[08/27/2026-12:20:15] [I] Average on 10 runs - GPU latency: 0.0285645 ms - Host latency: 0.0285645 ms (enqueue 0.0020752 ms)
[08/27/2026-12:20:15] [I] Average on 10 runs - GPU latency: 0.0284668 ms - Host latency: 0.0284668 ms (enqueue 0.00205078 ms)
[08/27/2026-12:20:15] [I] Average on 10 runs - GPU latency: 0.0285645 ms - Host latency: 0.0285645 ms (enqueue 0.00214844 ms)
[08/27/2026-12:20:15] [I] Average on 10 runs - GPU latency: 0.0284912 ms - Host latency: 0.0284912 ms (enqueue 0.00212402 ms)
[08/27/2026-12:20:15] [I] Average on 10 runs - GPU latency: 0.0285645 ms - Host latency: 0.0285645 ms (enqueue 0.00214844 ms)
[08/27/2026-12:20:15] [I] Average on 10 runs - GPU latency: 0.0284668 ms - Host latency: 0.0284668 ms (enqueue 0.00214844 ms)
[08/27/2026-12:20:15] [I] Average on 10 runs - GPU latency: 0.0285156 ms - Host latency: 0.0285156 ms (enqueue 0.0020752 ms)
[08/27/2026-12:20:15] [I] Average on 10 runs - GPU latency: 0.02854 ms - Host latency: 0.02854 ms (enqueue 0.00212402 ms)
[08/27/2026-12:20:15] [I] Average on 10 runs - GPU latency: 0.0285156 ms - Host latency: 0.0285156 ms (enqueue 0.00205078 ms)
[08/27/2026-12:20:15] [I] Average on 10 runs - GPU latency: 0.02854 ms - Host latency: 0.02854 ms (enqueue 0.0020752 ms)
[08/27/2026-12:20:15] [I] Average on 10 runs - GPU latency: 0.0284668 ms - Host latency: 0.0284668 ms (enqueue 0.00229492 ms)
[08/27/2026-12:20:15] [I] Average on 10 runs - GPU latency: 0.0284668 ms - Host latency: 0.0284668 ms (enqueue 0.0020752 ms)
[08/27/2026-12:20:15] [I] Average on 10 runs - GPU latency: 0.0284424 ms - Host latency: 0.0284424 ms (enqueue 0.00209961 ms)
[08/27/2026-12:20:15] [I] Average on 10 runs - GPU latency: 0.0285156 ms - Host latency: 0.0285156 ms (enqueue 0.00209961 ms)
[08/27/2026-12:20:15] [I] Average on 10 runs - GPU latency: 0.02854 ms - Host latency: 0.02854 ms (enqueue 0.00222168 ms)
[08/27/2026-12:20:15] [I] Average on 10 runs - GPU latency: 0.0284912 ms - Host latency: 0.0284912 ms (enqueue 0.00209961 ms)
[08/27/2026-12:20:15] [I] Average on 10 runs - GPU latency: 0.0285156 ms - Host latency: 0.0285156 ms (enqueue 0.00205078 ms)
[08/27/2026-12:20:15] [I] Average on 10 runs - GPU latency: 0.0284424 ms - Host latency: 0.0284424 ms (enqueue 0.00209961 ms)
[08/27/2026-12:20:15] [I] Average on 10 runs - GPU latency: 0.028833 ms - Host latency: 0.028833 ms (enqueue 0.00249023 ms)
[08/27/2026-12:20:15] [I] Average on 10 runs - GPU latency: 0.0285645 ms - Host latency: 0.0285645 ms (enqueue 0.00209961 ms)
[08/27/2026-12:20:15] [I] Average on 10 runs - GPU latency: 0.0285645 ms - Host latency: 0.0285645 ms (enqueue 0.00212402 ms)
[08/27/2026-12:20:15] [I] Average on 10 runs - GPU latency: 0.0286133 ms - Host latency: 0.0286133 ms (enqueue 0.00205078 ms)
[08/27/2026-12:20:15] [I] Average on 10 runs - GPU latency: 0.028418 ms - Host latency: 0.028418 ms (enqueue 0.00214844 ms)
[08/27/2026-12:20:15] [I] Average on 10 runs - GPU latency: 0.0285645 ms - Host latency: 0.0285645 ms (enqueue 0.0020752 ms)
[08/27/2026-12:20:15] [I] Average on 10 runs - GPU latency: 0.0286133 ms - Host latency: 0.0286133 ms (enqueue 0.00217285 ms)
[08/27/2026-12:20:15] [I] Average on 10 runs - GPU latency: 0.0284912 ms - Host latency: 0.0284912 ms (enqueue 0.00209961 ms)
[08/27/2026-12:20:15] [I] Average on 10 runs - GPU latency: 0.0284424 ms - Host latency: 0.0284424 ms (enqueue 0.00214844 ms)
[08/27/2026-12:20:15] [I] Average on 10 runs - GPU latency: 0.0285645 ms - Host latency: 0.0285645 ms (enqueue 0.0020752 ms)
[08/27/2026-12:20:15] [I] Average on 10 runs - GPU latency: 0.02854 ms - Host latency: 0.02854 ms (enqueue 0.00212402 ms)
[08/27/2026-12:20:15] [I] Average on 10 runs - GPU latency: 0.0285156 ms - Host latency: 0.0285156 ms (enqueue 0.00209961 ms)
[08/27/2026-12:20:15] [I] Average on 10 runs - GPU latency: 0.0284912 ms - Host latency: 0.0284912 ms (enqueue 0.00209961 ms)
[08/27/2026-12:20:15] [I] Average on 10 runs - GPU latency: 0.02854 ms - Host latency: 0.02854 ms (enqueue 0.0020752 ms)
[08/27/2026-12:20:15] [I] Average on 10 runs - GPU latency: 0.0285156 ms - Host latency: 0.0285156 ms (enqueue 0.00214844 ms)
[08/27/2026-12:20:15] [I] Average on 10 runs - GPU latency: 0.0286133 ms - Host latency: 0.0286133 ms (enqueue 0.00219727 ms)
[08/27/2026-12:20:15] [I] Average on 10 runs - GPU latency: 0.0286133 ms - Host latency: 0.0286133 ms (enqueue 0.00214844 ms)
[08/27/2026-12:20:15] [I] Average on 10 runs - GPU latency: 0.02854 ms - Host latency: 0.02854 ms (enqueue 0.00217285 ms)
[08/27/2026-12:20:15] [I] Average on 10 runs - GPU latency: 0.0285889 ms - Host latency: 0.0285889 ms (enqueue 0.00222168 ms)
[08/27/2026-12:20:15] [I] Average on 10 runs - GPU latency: 0.02854 ms - Host latency: 0.02854 ms (enqueue 0.00212402 ms)
[08/27/2026-12:20:15] [I] Average on 10 runs - GPU latency: 0.0284912 ms - Host latency: 0.0284912 ms (enqueue 0.00217285 ms)
[08/27/2026-12:20:15] [I] Average on 10 runs - GPU latency: 0.0284912 ms - Host latency: 0.0284912 ms (enqueue 0.00219727 ms)
[08/27/2026-12:20:15] [I] Average on 10 runs - GPU latency: 0.0284424 ms - Host latency: 0.0284424 ms (enqueue 0.00227051 ms)
[08/27/2026-12:20:15] [I] Average on 10 runs - GPU latency: 0.0284912 ms - Host latency: 0.0284912 ms (enqueue 0.00212402 ms)
[08/27/2026-12:20:15] [I] Average on 10 runs - GPU latency: 0.0285156 ms - Host latency: 0.0285156 ms (enqueue 0.00217285 ms)
[08/27/2026-12:20:15] [I] Average on 10 runs - GPU latency: 0.0285645 ms - Host latency: 0.0285645 ms (enqueue 0.00212402 ms)
[08/27/2026-12:20:15] [I] Average on 10 runs - GPU latency: 0.0285156 ms - Host latency: 0.0285156 ms (enqueue 0.00256348 ms)
[08/27/2026-12:20:15] [I] Average on 10 runs - GPU latency: 0.028418 ms - Host latency: 0.028418 ms (enqueue 0.00209961 ms)
[08/27/2026-12:20:15] [I] Average on 10 runs - GPU latency: 0.02854 ms - Host latency: 0.02854 ms (enqueue 0.00202637 ms)
[08/27/2026-12:20:15] [I] Average on 10 runs - GPU latency: 0.0285156 ms - Host latency: 0.0285156 ms (enqueue 0.0020752 ms)
[08/27/2026-12:20:15] [I] Average on 10 runs - GPU latency: 0.0284668 ms - Host latency: 0.0284668 ms (enqueue 0.00214844 ms)
[08/27/2026-12:20:15] [I] Average on 10 runs - GPU latency: 0.0284668 ms - Host latency: 0.0284668 ms (enqueue 0.00214844 ms)
[08/27/2026-12:20:15] [I] Average on 10 runs - GPU latency: 0.0284668 ms - Host latency: 0.0284668 ms (enqueue 0.00209961 ms)
[08/27/2026-12:20:15] [I] Average on 10 runs - GPU latency: 0.0285889 ms - Host latency: 0.0285889 ms (enqueue 0.00212402 ms)
[08/27/2026-12:20:15] [I] Average on 10 runs - GPU latency: 0.0284668 ms - Host latency: 0.0284668 ms (enqueue 0.00214844 ms)
[08/27/2026-12:20:15] [I] Average on 10 runs - GPU latency: 0.0285645 ms - Host latency: 0.0285645 ms (enqueue 0.00209961 ms)
[08/27/2026-12:20:15] [I] Average on 10 runs - GPU latency: 0.0284912 ms - Host latency: 0.0284912 ms (enqueue 0.00222168 ms)
[08/27/2026-12:20:15] [I] Average on 10 runs - GPU latency: 0.0285645 ms - Host latency: 0.0285645 ms (enqueue 0.00217285 ms)
[08/27/2026-12:20:15] [I] Average on 10 runs - GPU latency: 0.0285645 ms - Host latency: 0.0285645 ms (enqueue 0.00202637 ms)
[08/27/2026-12:20:15] [I] Average on 10 runs - GPU latency: 0.0285156 ms - Host latency: 0.0285156 ms (enqueue 0.0020752 ms)
[08/27/2026-12:20:15] [I] Average on 10 runs - GPU latency: 0.0285156 ms - Host latency: 0.0285156 ms (enqueue 0.00212402 ms)
[08/27/2026-12:20:15] [I] Average on 10 runs - GPU latency: 0.02854 ms - Host latency: 0.02854 ms (enqueue 0.00209961 ms)
[08/27/2026-12:20:15] [I] Average on 10 runs - GPU latency: 0.0285645 ms - Host latency: 0.0285645 ms (enqueue 0.00205078 ms)
[08/27/2026-12:20:15] [I] Average on 10 runs - GPU latency: 0.0286133 ms - Host latency: 0.0286133 ms (enqueue 0.00212402 ms)
[08/27/2026-12:20:15] [I] Average on 10 runs - GPU latency: 0.0285156 ms - Host latency: 0.0285156 ms (enqueue 0.00217285 ms)
[08/27/2026-12:20:15] [I] Average on 10 runs - GPU latency: 0.0285156 ms - Host latency: 0.0285156 ms (enqueue 0.0020752 ms)
[08/27/2026-12:20:15] [I] Average on 10 runs - GPU latency: 0.02854 ms - Host latency: 0.02854 ms (enqueue 0.0020752 ms)
[08/27/2026-12:20:15] [I] Average on 10 runs - GPU latency: 0.0284424 ms - Host latency: 0.0284424 ms (enqueue 0.00202637 ms)
[08/27/2026-12:20:15] [I] Average on 10 runs - GPU latency: 0.0284424 ms - Host latency: 0.0284424 ms (enqueue 0.00217285 ms)
[08/27/2026-12:20:15] [I] Average on 10 runs - GPU latency: 0.0286377 ms - Host latency: 0.0286377 ms (enqueue 0.0020752 ms)
[08/27/2026-12:20:15] [I] Average on 10 runs - GPU latency: 0.0285156 ms - Host latency: 0.0285156 ms (enqueue 0.00205078 ms)
[08/27/2026-12:20:15] [I] Average on 10 runs - GPU latency: 0.0284912 ms - Host latency: 0.0284912 ms (enqueue 0.00212402 ms)
[08/27/2026-12:20:15] [I] Average on 10 runs - GPU latency: 0.0284912 ms - Host latency: 0.0284912 ms (enqueue 0.00205078 ms)
[08/27/2026-12:20:15] [I] Average on 10 runs - GPU latency: 0.0284424 ms - Host latency: 0.0284424 ms (enqueue 0.00209961 ms)
[08/27/2026-12:20:15] [I] Average on 10 runs - GPU latency: 0.0285645 ms - Host latency: 0.0285645 ms (enqueue 0.00205078 ms)
[08/27/2026-12:20:15] [I] Average on 10 runs - GPU latency: 0.0285156 ms - Host latency: 0.0285156 ms (enqueue 0.00202637 ms)
[08/27/2026-12:20:15] [I] Average on 10 runs - GPU latency: 0.0285645 ms - Host latency: 0.0285645 ms (enqueue 0.0020752 ms)
[08/27/2026-12:20:15] [I] Average on 10 runs - GPU latency: 0.028418 ms - Host latency: 0.028418 ms (enqueue 0.00209961 ms)
[08/27/2026-12:20:15] [I] Average on 10 runs - GPU latency: 0.02854 ms - Host latency: 0.02854 ms (enqueue 0.00209961 ms)
[08/27/2026-12:20:15] [I] Average on 10 runs - GPU latency: 0.02854 ms - Host latency: 0.02854 ms (enqueue 0.0020752 ms)
[08/27/2026-12:20:15] [I] Average on 10 runs - GPU latency: 0.0284668 ms - Host latency: 0.0284668 ms (enqueue 0.00214844 ms)
[08/27/2026-12:20:15] [I] Average on 10 runs - GPU latency: 0.0285156 ms - Host latency: 0.0285156 ms (enqueue 0.00205078 ms)
[08/27/2026-12:20:15] [I] Average on 10 runs - GPU latency: 0.0285889 ms - Host latency: 0.0285889 ms (enqueue 0.00209961 ms)
[08/27/2026-12:20:15] [I] Average on 10 runs - GPU latency: 0.0285645 ms - Host latency: 0.0285645 ms (enqueue 0.00217285 ms)
[08/27/2026-12:20:15] [I] Average on 10 runs - GPU latency: 0.0285645 ms - Host latency: 0.0285645 ms (enqueue 0.00209961 ms)
[08/27/2026-12:20:15] [I] Average on 10 runs - GPU latency: 0.0284912 ms - Host latency: 0.0284912 ms (enqueue 0.00200195 ms)
[08/27/2026-12:20:15] [I] Average on 10 runs - GPU latency: 0.0286865 ms - Host latency: 0.0286865 ms (enqueue 0.00241699 ms)
[08/27/2026-12:20:15] [I] Average on 10 runs - GPU latency: 0.0285156 ms - Host latency: 0.0285156 ms (enqueue 0.00212402 ms)
[08/27/2026-12:20:15] [I] Average on 10 runs - GPU latency: 0.0284424 ms - Host latency: 0.0284424 ms (enqueue 0.00205078 ms)
[08/27/2026-12:20:15] [I] Average on 10 runs - GPU latency: 0.0287598 ms - Host latency: 0.0287598 ms (enqueue 0.00214844 ms)
[08/27/2026-12:20:15] [I] Average on 10 runs - GPU latency: 0.02854 ms - Host latency: 0.02854 ms (enqueue 0.00219727 ms)
[08/27/2026-12:20:15] [I] Average on 10 runs - GPU latency: 0.0284912 ms - Host latency: 0.0284912 ms (enqueue 0.00217285 ms)
[08/27/2026-12:20:15] [I] Average on 10 runs - GPU latency: 0.0284912 ms - Host latency: 0.0284912 ms (enqueue 0.00212402 ms)
[08/27/2026-12:20:15] [I] Average on 10 runs - GPU latency: 0.0284912 ms - Host latency: 0.0284912 ms (enqueue 0.00212402 ms)
[08/27/2026-12:20:15] [I] Average on 10 runs - GPU latency: 0.02854 ms - Host latency: 0.02854 ms (enqueue 0.00217285 ms)
[08/27/2026-12:20:15] [I] Average on 10 runs - GPU latency: 0.0285889 ms - Host latency: 0.0285889 ms (enqueue 0.00209961 ms)
[08/27/2026-12:20:15] [I] Average on 10 runs - GPU latency: 0.0285889 ms - Host latency: 0.0285889 ms (enqueue 0.00205078 ms)
[08/27/2026-12:20:15] [I] Average on 10 runs - GPU latency: 0.0285645 ms - Host latency: 0.0285645 ms (enqueue 0.00209961 ms)
[08/27/2026-12:20:15] [I] Average on 10 runs - GPU latency: 0.02854 ms - Host latency: 0.02854 ms (enqueue 0.00224609 ms)
[08/27/2026-12:20:15] [I] Average on 10 runs - GPU latency: 0.0285156 ms - Host latency: 0.0285156 ms (enqueue 0.00212402 ms)
[08/27/2026-12:20:15] [I] Average on 10 runs - GPU latency: 0.0285645 ms - Host latency: 0.0285645 ms (enqueue 0.00209961 ms)
[08/27/2026-12:20:15] [I] Average on 10 runs - GPU latency: 0.0285889 ms - Host latency: 0.0285889 ms (enqueue 0.00214844 ms)
[08/27/2026-12:20:15] [I] Average on 10 runs - GPU latency: 0.0285645 ms - Host latency: 0.0285645 ms (enqueue 0.00214844 ms)
[08/27/2026-12:20:15] [I] Average on 10 runs - GPU latency: 0.0286377 ms - Host latency: 0.0286377 ms (enqueue 0.00209961 ms)
[08/27/2026-12:20:15] [I] Average on 10 runs - GPU latency: 0.0285156 ms - Host latency: 0.0285156 ms (enqueue 0.00217285 ms)
[08/27/2026-12:20:15] [I] Average on 10 runs - GPU latency: 0.0284668 ms - Host latency: 0.0284668 ms (enqueue 0.00212402 ms)
[08/27/2026-12:20:15] [I] Average on 10 runs - GPU latency: 0.0284668 ms - Host latency: 0.0284668 ms (enqueue 0.00212402 ms)
[08/27/2026-12:20:15] [I] Average on 10 runs - GPU latency: 0.02854 ms - Host latency: 0.02854 ms (enqueue 0.00202637 ms)
[08/27/2026-12:20:15] [I] Average on 10 runs - GPU latency: 0.0284668 ms - Host latency: 0.0284668 ms (enqueue 0.00212402 ms)
[08/27/2026-12:20:15] [I] Average on 10 runs - GPU latency: 0.02854 ms - Host latency: 0.02854 ms (enqueue 0.00214844 ms)
[08/27/2026-12:20:15] [I] Average on 10 runs - GPU latency: 0.02854 ms - Host latency: 0.02854 ms (enqueue 0.00209961 ms)
[08/27/2026-12:20:15] [I] Average on 10 runs - GPU latency: 0.0285156 ms - Host latency: 0.0285156 ms (enqueue 0.00202637 ms)
[08/27/2026-12:20:15] [I] Average on 10 runs - GPU latency: 0.0286133 ms - Host latency: 0.0286133 ms (enqueue 0.00212402 ms)
[08/27/2026-12:20:15] [I] Average on 10 runs - GPU latency: 0.0284668 ms - Host latency: 0.0284668 ms (enqueue 0.00219727 ms)
[08/27/2026-12:20:15] [I] Average on 10 runs - GPU latency: 0.0284424 ms - Host latency: 0.0284424 ms (enqueue 0.0020752 ms)
[08/27/2026-12:20:15] [I] Average on 10 runs - GPU latency: 0.02854 ms - Host latency: 0.02854 ms (enqueue 0.0020752 ms)
[08/27/2026-12:20:15] [I] Average on 10 runs - GPU latency: 0.0285156 ms - Host latency: 0.0285156 ms (enqueue 0.00209961 ms)
[08/27/2026-12:20:15] [I] Average on 10 runs - GPU latency: 0.0284668 ms - Host latency: 0.0284668 ms (enqueue 0.00214844 ms)
[08/27/2026-12:20:15] [I] Average on 10 runs - GPU latency: 0.0284424 ms - Host latency: 0.0284424 ms (enqueue 0.00202637 ms)
[08/27/2026-12:20:15] [I] Average on 10 runs - GPU latency: 0.0284424 ms - Host latency: 0.0284424 ms (enqueue 0.0020752 ms)
[08/27/2026-12:20:15] [I] Average on 10 runs - GPU latency: 0.0285889 ms - Host latency: 0.0285889 ms (enqueue 0.00209961 ms)
[08/27/2026-12:20:15] [I] Average on 10 runs - GPU latency: 0.02854 ms - Host latency: 0.02854 ms (enqueue 0.00202637 ms)
[08/27/2026-12:20:15] [I] Average on 10 runs - GPU latency: 0.0284668 ms - Host latency: 0.0284668 ms (enqueue 0.00212402 ms)
[08/27/2026-12:20:15] [I] Average on 10 runs - GPU latency: 0.0284424 ms - Host latency: 0.0284424 ms (enqueue 0.00209961 ms)
[08/27/2026-12:20:15] [I] Average on 10 runs - GPU latency: 0.0285889 ms - Host latency: 0.0285889 ms (enqueue 0.00227051 ms)
[08/27/2026-12:20:15] [I] Average on 10 runs - GPU latency: 0.0284912 ms - Host latency: 0.0284912 ms (enqueue 0.0020752 ms)
[08/27/2026-12:20:15] [I] Average on 10 runs - GPU latency: 0.0286133 ms - Host latency: 0.0286133 ms (enqueue 0.0020752 ms)
[08/27/2026-12:20:15] [I] Average on 10 runs - GPU latency: 0.02854 ms - Host latency: 0.02854 ms (enqueue 0.00209961 ms)
[08/27/2026-12:20:15] [I] Average on 10 runs - GPU latency: 0.0284912 ms - Host latency: 0.0284912 ms (enqueue 0.00212402 ms)
[08/27/2026-12:20:15] [I] Average on 10 runs - GPU latency: 0.028418 ms - Host latency: 0.028418 ms (enqueue 0.00209961 ms)
[08/27/2026-12:20:15] [I] Average on 10 runs - GPU latency: 0.0284912 ms - Host latency: 0.0284912 ms (enqueue 0.00209961 ms)
[08/27/2026-12:20:15] [I] Average on 10 runs - GPU latency: 0.02854 ms - Host latency: 0.02854 ms (enqueue 0.00212402 ms)
[08/27/2026-12:20:15] [I] Average on 10 runs - GPU latency: 0.0285156 ms - Host latency: 0.0285156 ms (enqueue 0.00209961 ms)
[08/27/2026-12:20:15] [I] Average on 10 runs - GPU latency: 0.0285645 ms - Host latency: 0.0285645 ms (enqueue 0.00212402 ms)
[08/27/2026-12:20:15] [I] Average on 10 runs - GPU latency: 0.0285156 ms - Host latency: 0.0285156 ms (enqueue 0.00205078 ms)
[08/27/2026-12:20:15] [I] Average on 10 runs - GPU latency: 0.02854 ms - Host latency: 0.02854 ms (enqueue 0.00214844 ms)
[08/27/2026-12:20:15] [I] Average on 10 runs - GPU latency: 0.02854 ms - Host latency: 0.02854 ms (enqueue 0.00209961 ms)
[08/27/2026-12:20:15] [I] Average on 10 runs - GPU latency: 0.02854 ms - Host latency: 0.02854 ms (enqueue 0.00209961 ms)
[08/27/2026-12:20:15] [I] Average on 10 runs - GPU latency: 0.0285156 ms - Host latency: 0.0285156 ms (enqueue 0.00214844 ms)
[08/27/2026-12:20:15] [I] Average on 10 runs - GPU latency: 0.0284668 ms - Host latency: 0.0284668 ms (enqueue 0.00214844 ms)
[08/27/2026-12:20:15] [I] Average on 10 runs - GPU latency: 0.0285156 ms - Host latency: 0.0285156 ms (enqueue 0.00219727 ms)
[08/27/2026-12:20:15] [I] Average on 10 runs - GPU latency: 0.0285156 ms - Host latency: 0.0285156 ms (enqueue 0.00205078 ms)
[08/27/2026-12:20:15] [I] Average on 10 runs - GPU latency: 0.02854 ms - Host latency: 0.02854 ms (enqueue 0.00209961 ms)
[08/27/2026-12:20:15] [I] Average on 10 runs - GPU latency: 0.0284912 ms - Host latency: 0.0284912 ms (enqueue 0.0020752 ms)
[08/27/2026-12:20:15] [I] Average on 10 runs - GPU latency: 0.0285156 ms - Host latency: 0.0285156 ms (enqueue 0.00209961 ms)
[08/27/2026-12:20:15] [I] Average on 10 runs - GPU latency: 0.0284912 ms - Host latency: 0.0284912 ms (enqueue 0.00202637 ms)
[08/27/2026-12:20:15] [I] Average on 10 runs - GPU latency: 0.0286377 ms - Host latency: 0.0286377 ms (enqueue 0.00205078 ms)
[08/27/2026-12:20:15] [I] Average on 10 runs - GPU latency: 0.0285156 ms - Host latency: 0.0285156 ms (enqueue 0.0020752 ms)
[08/27/2026-12:20:15] [I] Average on 10 runs - GPU latency: 0.0284668 ms - Host latency: 0.0284668 ms (enqueue 0.00200195 ms)
[08/27/2026-12:20:15] [I] Average on 10 runs - GPU latency: 0.02854 ms - Host latency: 0.02854 ms (enqueue 0.00202637 ms)
[08/27/2026-12:20:15] [I] Average on 10 runs - GPU latency: 0.0285156 ms - Host latency: 0.0285156 ms (enqueue 0.00209961 ms)
[08/27/2026-12:20:15] [I] Average on 10 runs - GPU latency: 0.0284668 ms - Host latency: 0.0284668 ms (enqueue 0.00209961 ms)
[08/27/2026-12:20:15] [I] Average on 10 runs - GPU latency: 0.0284668 ms - Host latency: 0.0284668 ms (enqueue 0.00214844 ms)
[08/27/2026-12:20:15] [I] Average on 10 runs - GPU latency: 0.0285645 ms - Host latency: 0.0285645 ms (enqueue 0.00219727 ms)
[08/27/2026-12:20:15] [I] Average on 10 runs - GPU latency: 0.02854 ms - Host latency: 0.02854 ms (enqueue 0.0020752 ms)
[08/27/2026-12:20:15] [I] Average on 10 runs - GPU latency: 0.0285156 ms - Host latency: 0.0285156 ms (enqueue 0.00202637 ms)
[08/27/2026-12:20:15] [I] Average on 10 runs - GPU latency: 0.0284424 ms - Host latency: 0.0284424 ms (enqueue 0.00256348 ms)
[08/27/2026-12:20:15] [I] Average on 10 runs - GPU latency: 0.0285156 ms - Host latency: 0.0285156 ms (enqueue 0.00219727 ms)
[08/27/2026-12:20:15] [I] Average on 10 runs - GPU latency: 0.0285156 ms - Host latency: 0.0285156 ms (enqueue 0.0020752 ms)
[08/27/2026-12:20:15] [I] Average on 10 runs - GPU latency: 0.028418 ms - Host latency: 0.028418 ms (enqueue 0.00217285 ms)
[08/27/2026-12:20:15] [I] Average on 10 runs - GPU latency: 0.0285889 ms - Host latency: 0.0285889 ms (enqueue 0.00212402 ms)
[08/27/2026-12:20:15] [I] Average on 10 runs - GPU latency: 0.0284668 ms - Host latency: 0.0284668 ms (enqueue 0.00222168 ms)
[08/27/2026-12:20:15] [I] Average on 10 runs - GPU latency: 0.0284912 ms - Host latency: 0.0284912 ms (enqueue 0.0020752 ms)
[08/27/2026-12:20:15] [I] Average on 10 runs - GPU latency: 0.0285156 ms - Host latency: 0.0285156 ms (enqueue 0.00209961 ms)
[08/27/2026-12:20:15] [I] Average on 10 runs - GPU latency: 0.0284668 ms - Host latency: 0.0284668 ms (enqueue 0.00212402 ms)
[08/27/2026-12:20:15] [I] Average on 10 runs - GPU latency: 0.0285156 ms - Host latency: 0.0285156 ms (enqueue 0.00217285 ms)
[08/27/2026-12:20:15] [I] Average on 10 runs - GPU latency: 0.02854 ms - Host latency: 0.02854 ms (enqueue 0.00214844 ms)
[08/27/2026-12:20:15] [I]
[08/27/2026-12:20:15] [I] === Performance summary ===
[08/27/2026-12:20:15] [I] Throughput: 33402.9 qps
[08/27/2026-12:20:15] [I] Latency: min = 0.0281982 ms, max = 0.126221 ms, mean = 0.0285358 ms, median = 0.0285645 ms, percentile(90%) = 0.0286255 ms, percentile(95%) = 0.0286865 ms, percentile(99%) = 0.0288086 ms
[08/27/2026-12:20:15] [I] Enqueue Time: min = 0.00146484 ms, max = 0.105469 ms, mean = 0.00196088 ms, median = 0.00195312 ms, percentile(90%) = 0.00219727 ms, percentile(95%) = 0.00219727 ms, percentile(99%) = 0.00244141 ms
[08/27/2026-12:20:15] [I] H2D Latency: min = 0 ms, max = 0 ms, mean = 0 ms, median = 0 ms, percentile(90%) = 0 ms, percentile(95%) = 0 ms, percentile(99%) = 0 ms
[08/27/2026-12:20:15] [I] GPU Compute Time: min = 0.0281982 ms, max = 0.126221 ms, mean = 0.0285358 ms, median = 0.0285645 ms, percentile(90%) = 0.0286255 ms, percentile(95%) = 0.0286865 ms, percentile(99%) = 0.0288086 ms
[08/27/2026-12:20:15] [I] D2H Latency: min = 0 ms, max = 0 ms, mean = 0 ms, median = 0 ms, percentile(90%) = 0 ms, percentile(95%) = 0 ms, percentile(99%) = 0 ms
[08/27/2026-12:20:15] [I] Total Host Walltime: 3.00003 s
[08/27/2026-12:20:15] [I] Total GPU Compute Time: 2.85958 s
[08/27/2026-12:20:15] [I] Explanations of the performance metrics are printed in the verbose logs.
[08/27/2026-12:20:15] [I]
[08/27/2026-12:20:15] [I] Capturing CUDA graph for the current execution context
[08/27/2026-12:20:15] [I] Successfully captured CUDA graph for the current execution context. When profiling with Nsight Systems, add "--cuda-graph-trace=node" to the nsys command to see per-kernel execution times.
&&&& PASSED TensorRT.trtexec [TensorRT v110100] [b106] # trtexec --loadEngine=./model-trained-reference.trt --exportProfile=./model-trained-reference-exportProfile.json
