&&&& RUNNING TensorRT.trtexec [TensorRT v110100] [b106] # trtexec --loadEngine=./model-trained.trt --dumpOutput --dumpRawBindingsToFile
[08/27/2026-12:19:43] [I] === Model Options ===
[08/27/2026-12:19:43] [I] Format: *
[08/27/2026-12:19:43] [I] Model:
[08/27/2026-12:19:43] [I] Output:
[08/27/2026-12:19:43] [I]
[08/27/2026-12:19:43] [I] === System Options ===
[08/27/2026-12:19:43] [I] Device: 0
[08/27/2026-12:19:43] [I] DLACore:
[08/27/2026-12:19:43] [I] Loaded static plugins:
[08/27/2026-12:19:43] [I] setPluginsToSerialize:
[08/27/2026-12:19:43] [I] dynamicPlugins:
[08/27/2026-12:19:43] [I] ignoreParsedPluginLibs: 0
[08/27/2026-12:19:43] [I]
[08/27/2026-12:19:43] [I] === Inference Options ===
[08/27/2026-12:19:43] [I] Batch: Explicit
[08/27/2026-12:19:43] [I] Input inference shapes: model
[08/27/2026-12:19:43] [I] Iterations: 10
[08/27/2026-12:19:43] [I] Duration: 3s (+ 200ms warm up)
[08/27/2026-12:19:43] [I] Sleep time: 0ms
[08/27/2026-12:19:43] [I] Idle time: 0ms
[08/27/2026-12:19:43] [I] Inference Streams: 1
[08/27/2026-12:19:43] [I] ExposeDMA: Disabled
[08/27/2026-12:19:43] [I] Data transfers: Disabled
[08/27/2026-12:19:43] [I] Spin-wait: Enabled
[08/27/2026-12:19:43] [I] Multithreading: Disabled
[08/27/2026-12:19:43] [I] CUDA Graph: Enabled
[08/27/2026-12:19:43] [I] Time Deserialize: Disabled
[08/27/2026-12:19:43] [I] Time Refit: Disabled
[08/27/2026-12:19:43] [I] NVTX verbosity: 0
[08/27/2026-12:19:43] [I] Persistent Cache Ratio: 0
[08/27/2026-12:19:43] [I] Optimization Profile Index: 0
[08/27/2026-12:19:43] [I] Weight Streaming Budget: 100.000000%
[08/27/2026-12:19:43] [I] Accuracy Algorithm: L0
[08/27/2026-12:19:43] [I] Absolute Tolerance (atol): 1e-05
[08/27/2026-12:19:43] [I] Relative Tolerance (rtol): 1e-05
[08/27/2026-12:19:43] [I] Inputs:
[08/27/2026-12:19:43] [I] Debug Tensor Save Destinations:
[08/27/2026-12:19:43] [I] Dump All Debug Tensor in Formats:
[08/27/2026-12:19:43] [I] === Reporting Options ===
[08/27/2026-12:19:43] [I] Verbose: Disabled
[08/27/2026-12:19:43] [I] Averages: 10 inferences
[08/27/2026-12:19:43] [I] Percentiles: 90,95,99
[08/27/2026-12:19:43] [I] Dump refittable layers:Disabled
[08/27/2026-12:19:43] [I] Dump output: Enabled
[08/27/2026-12:19:43] [I] Profile: Disabled
[08/27/2026-12:19:43] [I] Export timing to JSON file:
[08/27/2026-12:19:43] [I] Export output to JSON file:
[08/27/2026-12:19:43] [I] Export profile to JSON file:
[08/27/2026-12:19:43] [I]
[08/27/2026-12:19:43] [I] === Device Information ===
[08/27/2026-12:19:43] [I] Available Devices:
[08/27/2026-12:19:43] [I]   Device 0: "NVIDIA H100 PCIe" UUID: GPU-6b95b656-4bfb-1c8a-789d-76d749d0fe65
[08/27/2026-12:19:43] [I] Selected Device: NVIDIA H100 PCIe
[08/27/2026-12:19:43] [I] Selected Device ID: 0
[08/27/2026-12:19:43] [I] Selected Device UUID: GPU-6b95b656-4bfb-1c8a-789d-76d749d0fe65
[08/27/2026-12:19:43] [I] Compute Capability: 9.0
[08/27/2026-12:19:43] [I] SMs: 114
[08/27/2026-12:19:43] [I] Device Global Memory: 81071 MiB
[08/27/2026-12:19:43] [I] Shared Memory per SM: 228 KiB
[08/27/2026-12:19:43] [I] Memory Bus Width: 5120 bits (ECC enabled)
[08/27/2026-12:19:43] [I] Application Compute Clock Rate: 1.755 GHz
[08/27/2026-12:19:43] [I] Application Memory Clock Rate: 1.593 GHz
[08/27/2026-12:19:43] [I]
[08/27/2026-12:19:43] [I] Note: The application clock rates do not reflect the actual clock rates that the GPU is currently running at.
[08/27/2026-12:19:43] [I]
[08/27/2026-12:19:43] [I] TensorRT version: 11.1.0
[08/27/2026-12:19:43] [I] Loading standard plugins
[08/27/2026-12:19:43] [I] Engine deserialized in 0.0280315 sec.
[08/27/2026-12:19:43] [I] [TRT] [MemUsageChange] TensorRT-managed allocation in IExecutionContext creation: CPU +0, GPU +2, now: CPU 0, GPU 14 (MiB)
[08/27/2026-12:19:43] [I] Setting persistentCacheLimit to 0 bytes.
[08/27/2026-12:19:43] [W] Shape missing for input with dynamic shape: xAutomatically setting shape to: 1x1x28x28
[08/27/2026-12:19:43] [I] Set shape of input tensor x to: 1x1x28x28
[08/27/2026-12:19:43] [I] Created execution context with device memory size: 1.91406 MiB
[08/27/2026-12:19:43] [I] Using random values for input x
[08/27/2026-12:19:43] [I] Input binding for x with dimensions 1x1x28x28 and type fp32 is created.
[08/27/2026-12:19:43] [I] Output binding for y with dimensions 1x10 and type fp32 is created.
[08/27/2026-12:19:43] [I] Output binding for z with dimensions 1 and type int64 is created.
[08/27/2026-12:19:43] [I] Starting inference
[08/27/2026-12:19:43] [I] Capturing CUDA graph for the current execution context
[08/27/2026-12:19:43] [I] Successfully captured CUDA graph for the current execution context. When profiling with Nsight Systems, add "--cuda-graph-trace=node" to the nsys command to see per-kernel execution times.
[08/27/2026-12:19:46] [I] Warmup completed 3099 queries over 200 ms
[08/27/2026-12:19:46] [I] Timing trace has 46770 queries over 3.00018 s
[08/27/2026-12:19:46] [I]
[08/27/2026-12:19:46] [I] === Trace details ===
[08/27/2026-12:19:46] [I] Trace averages of 10 runs:
[08/27/2026-12:19:46] [I] Average on 10 runs - GPU latency: 0.0627823 ms - Host latency: 0.0627823 ms (enqueue 0.00184021 ms)
[08/27/2026-12:19:46] [I] Average on 10 runs - GPU latency: 0.0628143 ms - Host latency: 0.0628143 ms (enqueue 0.00181122 ms)
[08/27/2026-12:19:46] [I] Average on 10 runs - GPU latency: 0.062764 ms - Host latency: 0.062764 ms (enqueue 0.00187073 ms)
[08/27/2026-12:19:46] [I] Average on 10 runs - GPU latency: 0.0627701 ms - Host latency: 0.0627701 ms (enqueue 0.00181274 ms)
[08/27/2026-12:19:46] [I] Average on 10 runs - GPU latency: 0.0627655 ms - Host latency: 0.0627655 ms (enqueue 0.00181885 ms)
[08/27/2026-12:19:46] [I] Average on 10 runs - GPU latency: 0.0627853 ms - Host latency: 0.0627853 ms (enqueue 0.00178986 ms)
[08/27/2026-12:19:46] [I] Average on 10 runs - GPU latency: 0.0627457 ms - Host latency: 0.0627457 ms (enqueue 0.00173492 ms)
[08/27/2026-12:19:46] [I] Average on 10 runs - GPU latency: 0.0627518 ms - Host latency: 0.0627518 ms (enqueue 0.00180511 ms)
[08/27/2026-12:19:46] [I] Average on 10 runs - GPU latency: 0.0627762 ms - Host latency: 0.0627762 ms (enqueue 0.00181732 ms)
[08/27/2026-12:19:46] [I] Average on 10 runs - GPU latency: 0.0628036 ms - Host latency: 0.0628036 ms (enqueue 0.00174713 ms)
[08/27/2026-12:19:46] [I] Average on 10 runs - GPU latency: 0.0627411 ms - Host latency: 0.0627411 ms (enqueue 0.00181885 ms)
[08/27/2026-12:19:46] [I] Average on 10 runs - GPU latency: 0.0627823 ms - Host latency: 0.0627823 ms (enqueue 0.00185394 ms)
[08/27/2026-12:19:46] [I] Average on 10 runs - GPU latency: 0.0628006 ms - Host latency: 0.0628006 ms (enqueue 0.00180664 ms)
[08/27/2026-12:19:46] [I] Average on 10 runs - GPU latency: 0.062796 ms - Host latency: 0.062796 ms (enqueue 0.00184326 ms)
[08/27/2026-12:19:46] [I] Average on 10 runs - GPU latency: 0.0628326 ms - Host latency: 0.0628326 ms (enqueue 0.00182953 ms)
[08/27/2026-12:19:46] [I] Average on 10 runs - GPU latency: 0.062767 ms - Host latency: 0.062767 ms (enqueue 0.00193787 ms)
[08/27/2026-12:19:46] [I] Average on 10 runs - GPU latency: 0.0627655 ms - Host latency: 0.0627655 ms (enqueue 0.00184937 ms)
[08/27/2026-12:19:46] [I] Average on 10 runs - GPU latency: 0.0627502 ms - Host latency: 0.0627502 ms (enqueue 0.0017868 ms)
[08/27/2026-12:19:46] [I] Average on 10 runs - GPU latency: 0.0627823 ms - Host latency: 0.0627823 ms (enqueue 0.00184021 ms)
[08/27/2026-12:19:46] [I] Average on 10 runs - GPU latency: 0.0627869 ms - Host latency: 0.0627869 ms (enqueue 0.00282898 ms)
[08/27/2026-12:19:46] [I] Average on 10 runs - GPU latency: 0.0628342 ms - Host latency: 0.0628342 ms (enqueue 0.00178833 ms)
[08/27/2026-12:19:46] [I] Average on 10 runs - GPU latency: 0.0627563 ms - Host latency: 0.0627563 ms (enqueue 0.00178375 ms)
[08/27/2026-12:19:46] [I] Average on 10 runs - GPU latency: 0.0627594 ms - Host latency: 0.0627594 ms (enqueue 0.00189667 ms)
[08/27/2026-12:19:46] [I] Average on 10 runs - GPU latency: 0.0627853 ms - Host latency: 0.0627853 ms (enqueue 0.00185242 ms)
[08/27/2026-12:19:46] [I] Average on 10 runs - GPU latency: 0.0628098 ms - Host latency: 0.0628098 ms (enqueue 0.001828 ms)
[08/27/2026-12:19:46] [I] Average on 10 runs - GPU latency: 0.0627121 ms - Host latency: 0.0627121 ms (enqueue 0.00182953 ms)
[08/27/2026-12:19:46] [I] Average on 10 runs - GPU latency: 0.0627533 ms - Host latency: 0.0627533 ms (enqueue 0.00185852 ms)
[08/27/2026-12:19:46] [I] Average on 10 runs - GPU latency: 0.0627884 ms - Host latency: 0.0627884 ms (enqueue 0.00244446 ms)
[08/27/2026-12:19:46] [I] Average on 10 runs - GPU latency: 0.0627533 ms - Host latency: 0.0627533 ms (enqueue 0.00175476 ms)
[08/27/2026-12:19:46] [I] Average on 10 runs - GPU latency: 0.0627747 ms - Host latency: 0.0627747 ms (enqueue 0.00183868 ms)
[08/27/2026-12:19:46] [I] Average on 10 runs - GPU latency: 0.0627914 ms - Host latency: 0.0627914 ms (enqueue 0.00185242 ms)
[08/27/2026-12:19:46] [I] Average on 10 runs - GPU latency: 0.0627396 ms - Host latency: 0.0627396 ms (enqueue 0.00184174 ms)
[08/27/2026-12:19:46] [I] Average on 10 runs - GPU latency: 0.0627289 ms - Host latency: 0.0627289 ms (enqueue 0.00182037 ms)
[08/27/2026-12:19:46] [I] Average on 10 runs - GPU latency: 0.0627655 ms - Host latency: 0.0627655 ms (enqueue 0.00183868 ms)
[08/27/2026-12:19:46] [I] Average on 10 runs - GPU latency: 0.0627457 ms - Host latency: 0.0627457 ms (enqueue 0.00186768 ms)
[08/27/2026-12:19:46] [I] Average on 10 runs - GPU latency: 0.0627975 ms - Host latency: 0.0627975 ms (enqueue 0.00218811 ms)
[08/27/2026-12:19:46] [I] Average on 10 runs - GPU latency: 0.0628021 ms - Host latency: 0.0628021 ms (enqueue 0.00180969 ms)
[08/27/2026-12:19:46] [I] Average on 10 runs - GPU latency: 0.0627914 ms - Host latency: 0.0627914 ms (enqueue 0.00185852 ms)
[08/27/2026-12:19:46] [I] Average on 10 runs - GPU latency: 0.0627121 ms - Host latency: 0.0627121 ms (enqueue 0.00184784 ms)
[08/27/2026-12:19:46] [I] Average on 10 runs - GPU latency: 0.0627609 ms - Host latency: 0.0627609 ms (enqueue 0.00179138 ms)
[08/27/2026-12:19:46] [I] Average on 10 runs - GPU latency: 0.0628189 ms - Host latency: 0.0628189 ms (enqueue 0.00180969 ms)
[08/27/2026-12:19:46] [I] Average on 10 runs - GPU latency: 0.0627777 ms - Host latency: 0.0627777 ms (enqueue 0.00185089 ms)
[08/27/2026-12:19:46] [I] Average on 10 runs - GPU latency: 0.0627594 ms - Host latency: 0.0627594 ms (enqueue 0.00179443 ms)
[08/27/2026-12:19:46] [I] Average on 10 runs - GPU latency: 0.0627914 ms - Host latency: 0.0627914 ms (enqueue 0.00179596 ms)
[08/27/2026-12:19:46] [I] Average on 10 runs - GPU latency: 0.0627365 ms - Host latency: 0.0627365 ms (enqueue 0.00185852 ms)
[08/27/2026-12:19:46] [I] Average on 10 runs - GPU latency: 0.0627533 ms - Host latency: 0.0627533 ms (enqueue 0.00182343 ms)
[08/27/2026-12:19:46] [I] Average on 10 runs - GPU latency: 0.0628052 ms - Host latency: 0.0628052 ms (enqueue 0.00179443 ms)
[08/27/2026-12:19:46] [I] Average on 10 runs - GPU latency: 0.0627243 ms - Host latency: 0.0627243 ms (enqueue 0.00178223 ms)
[08/27/2026-12:19:46] [I] Average on 10 runs - GPU latency: 0.0627411 ms - Host latency: 0.0627411 ms (enqueue 0.00186615 ms)
[08/27/2026-12:19:46] [I] Average on 10 runs - GPU latency: 0.0627502 ms - Host latency: 0.0627502 ms (enqueue 0.00187683 ms)
[08/27/2026-12:19:46] [I] Average on 10 runs - GPU latency: 0.0627731 ms - Host latency: 0.0627731 ms (enqueue 0.00177917 ms)
[08/27/2026-12:19:46] [I] Average on 10 runs - GPU latency: 0.0627487 ms - Host latency: 0.0627487 ms (enqueue 0.00181885 ms)
[08/27/2026-12:19:46] [I] Average on 10 runs - GPU latency: 0.0627777 ms - Host latency: 0.0627777 ms (enqueue 0.00184021 ms)
[08/27/2026-12:19:46] [I] Average on 10 runs - GPU latency: 0.0627945 ms - Host latency: 0.0627945 ms (enqueue 0.00182953 ms)
[08/27/2026-12:19:46] [I] Average on 10 runs - GPU latency: 0.0627457 ms - Host latency: 0.0627457 ms (enqueue 0.00181274 ms)
[08/27/2026-12:19:46] [I] Average on 10 runs - GPU latency: 0.0627686 ms - Host latency: 0.0627686 ms (enqueue 0.00184784 ms)
[08/27/2026-12:19:46] [I] Average on 10 runs - GPU latency: 0.0627823 ms - Host latency: 0.0627823 ms (enqueue 0.00186005 ms)
[08/27/2026-12:19:46] [I] Average on 10 runs - GPU latency: 0.0627457 ms - Host latency: 0.0627457 ms (enqueue 0.0019516 ms)
[08/27/2026-12:19:46] [I] Average on 10 runs - GPU latency: 0.0627701 ms - Host latency: 0.0627701 ms (enqueue 0.00193787 ms)
[08/27/2026-12:19:46] [I] Average on 10 runs - GPU latency: 0.0627991 ms - Host latency: 0.0627991 ms (enqueue 0.0018631 ms)
[08/27/2026-12:19:46] [I] Average on 10 runs - GPU latency: 0.0627548 ms - Host latency: 0.0627548 ms (enqueue 0.0018631 ms)
[08/27/2026-12:19:46] [I] Average on 10 runs - GPU latency: 0.0627701 ms - Host latency: 0.0627701 ms (enqueue 0.00177155 ms)
[08/27/2026-12:19:46] [I] Average on 10 runs - GPU latency: 0.0627792 ms - Host latency: 0.0627792 ms (enqueue 0.00180817 ms)
[08/27/2026-12:19:46] [I] Average on 10 runs - GPU latency: 0.0627747 ms - Host latency: 0.0627747 ms (enqueue 0.00182953 ms)
[08/27/2026-12:19:46] [I] Average on 10 runs - GPU latency: 0.0627899 ms - Host latency: 0.0627899 ms (enqueue 0.00187073 ms)
[08/27/2026-12:19:46] [I] Average on 10 runs - GPU latency: 0.0627716 ms - Host latency: 0.0627716 ms (enqueue 0.00191193 ms)
[08/27/2026-12:19:46] [I] Average on 10 runs - GPU latency: 0.0627533 ms - Host latency: 0.0627533 ms (enqueue 0.00179443 ms)
[08/27/2026-12:19:46] [I] Average on 10 runs - GPU latency: 0.0627625 ms - Host latency: 0.0627625 ms (enqueue 0.0018692 ms)
[08/27/2026-12:19:46] [I] Average on 10 runs - GPU latency: 0.0627441 ms - Host latency: 0.0627441 ms (enqueue 0.00183563 ms)
[08/27/2026-12:19:46] [I] Average on 10 runs - GPU latency: 0.0627563 ms - Host latency: 0.0627563 ms (enqueue 0.00176849 ms)
[08/27/2026-12:19:46] [I] Average on 10 runs - GPU latency: 0.062706 ms - Host latency: 0.062706 ms (enqueue 0.00183716 ms)
[08/27/2026-12:19:46] [I] Average on 10 runs - GPU latency: 0.0627441 ms - Host latency: 0.0627441 ms (enqueue 0.00184784 ms)
[08/27/2026-12:19:46] [I] Average on 10 runs - GPU latency: 0.0627487 ms - Host latency: 0.0627487 ms (enqueue 0.00178986 ms)
[08/27/2026-12:19:46] [I] Average on 10 runs - GPU latency: 0.0627426 ms - Host latency: 0.0627426 ms (enqueue 0.0017746 ms)
[08/27/2026-12:19:46] [I] Average on 10 runs - GPU latency: 0.0627609 ms - Host latency: 0.0627609 ms (enqueue 0.00190125 ms)
[08/27/2026-12:19:46] [I] Average on 10 runs - GPU latency: 0.0627563 ms - Host latency: 0.0627563 ms (enqueue 0.00183563 ms)
[08/27/2026-12:19:46] [I] Average on 10 runs - GPU latency: 0.0627472 ms - Host latency: 0.0627472 ms (enqueue 0.00180054 ms)
[08/27/2026-12:19:46] [I] Average on 10 runs - GPU latency: 0.0628387 ms - Host latency: 0.0628387 ms (enqueue 0.00181427 ms)
[08/27/2026-12:19:46] [I] Average on 10 runs - GPU latency: 0.062735 ms - Host latency: 0.062735 ms (enqueue 0.00181427 ms)
[08/27/2026-12:19:46] [I] Average on 10 runs - GPU latency: 0.0627777 ms - Host latency: 0.0627777 ms (enqueue 0.00183258 ms)
[08/27/2026-12:19:46] [I] Average on 10 runs - GPU latency: 0.062738 ms - Host latency: 0.062738 ms (enqueue 0.00179749 ms)
[08/27/2026-12:19:46] [I] Average on 10 runs - GPU latency: 0.0627518 ms - Host latency: 0.0627518 ms (enqueue 0.0017807 ms)
[08/27/2026-12:19:46] [I] Average on 10 runs - GPU latency: 0.0627365 ms - Host latency: 0.0627365 ms (enqueue 0.00196533 ms)
[08/27/2026-12:19:46] [I] Average on 10 runs - GPU latency: 0.0627792 ms - Host latency: 0.0627792 ms (enqueue 0.00194397 ms)
[08/27/2026-12:19:46] [I] Average on 10 runs - GPU latency: 0.0627655 ms - Host latency: 0.0627655 ms (enqueue 0.00179596 ms)
[08/27/2026-12:19:46] [I] Average on 10 runs - GPU latency: 0.0627686 ms - Host latency: 0.0627686 ms (enqueue 0.0018692 ms)
[08/27/2026-12:19:46] [I] Average on 10 runs - GPU latency: 0.062822 ms - Host latency: 0.062822 ms (enqueue 0.00182343 ms)
[08/27/2026-12:19:46] [I] Average on 10 runs - GPU latency: 0.0627808 ms - Host latency: 0.0627808 ms (enqueue 0.00179291 ms)
[08/27/2026-12:19:46] [I] Average on 10 runs - GPU latency: 0.0627747 ms - Host latency: 0.0627747 ms (enqueue 0.0018219 ms)
[08/27/2026-12:19:46] [I] Average on 10 runs - GPU latency: 0.0627258 ms - Host latency: 0.0627258 ms (enqueue 0.0019043 ms)
[08/27/2026-12:19:46] [I] Average on 10 runs - GPU latency: 0.0627991 ms - Host latency: 0.0627991 ms (enqueue 0.00185852 ms)
[08/27/2026-12:19:46] [I] Average on 10 runs - GPU latency: 0.0627411 ms - Host latency: 0.0627411 ms (enqueue 0.00188599 ms)
[08/27/2026-12:19:46] [I] Average on 10 runs - GPU latency: 0.0627563 ms - Host latency: 0.0627563 ms (enqueue 0.00180359 ms)
[08/27/2026-12:19:46] [I] Average on 10 runs - GPU latency: 0.0627747 ms - Host latency: 0.0627747 ms (enqueue 0.00187378 ms)
[08/27/2026-12:19:46] [I] Average on 10 runs - GPU latency: 0.0627777 ms - Host latency: 0.0627777 ms (enqueue 0.00187073 ms)
[08/27/2026-12:19:46] [I] Average on 10 runs - GPU latency: 0.0627808 ms - Host latency: 0.0627808 ms (enqueue 0.00179138 ms)
[08/27/2026-12:19:46] [I] Average on 10 runs - GPU latency: 0.0627716 ms - Host latency: 0.0627716 ms (enqueue 0.0018219 ms)
[08/27/2026-12:19:46] [I] Average on 10 runs - GPU latency: 0.0627686 ms - Host latency: 0.0627686 ms (enqueue 0.00184021 ms)
[08/27/2026-12:19:46] [I] Average on 10 runs - GPU latency: 0.0627747 ms - Host latency: 0.0627747 ms (enqueue 0.00184326 ms)
[08/27/2026-12:19:46] [I] Average on 10 runs - GPU latency: 0.0628387 ms - Host latency: 0.0628387 ms (enqueue 0.00185852 ms)
[08/27/2026-12:19:46] [I] Average on 10 runs - GPU latency: 0.0627655 ms - Host latency: 0.0627655 ms (enqueue 0.00184937 ms)
[08/27/2026-12:19:46] [I] Average on 10 runs - GPU latency: 0.0627808 ms - Host latency: 0.0627808 ms (enqueue 0.0018219 ms)
[08/27/2026-12:19:46] [I] Average on 10 runs - GPU latency: 0.0627289 ms - Host latency: 0.0627289 ms (enqueue 0.00177612 ms)
[08/27/2026-12:19:46] [I] Average on 10 runs - GPU latency: 0.0627594 ms - Host latency: 0.0627594 ms (enqueue 0.00184631 ms)
[08/27/2026-12:19:46] [I] Average on 10 runs - GPU latency: 0.0628174 ms - Host latency: 0.0628174 ms (enqueue 0.00186157 ms)
[08/27/2026-12:19:46] [I] Average on 10 runs - GPU latency: 0.0627472 ms - Host latency: 0.0627472 ms (enqueue 0.00188293 ms)
[08/27/2026-12:19:46] [I] Average on 10 runs - GPU latency: 0.0627777 ms - Host latency: 0.0627777 ms (enqueue 0.00207825 ms)
[08/27/2026-12:19:46] [I] Average on 10 runs - GPU latency: 0.0628326 ms - Host latency: 0.0628326 ms (enqueue 0.00180054 ms)
[08/27/2026-12:19:46] [I] Average on 10 runs - GPU latency: 0.0627686 ms - Host latency: 0.0627686 ms (enqueue 0.00193176 ms)
[08/27/2026-12:19:46] [I] Average on 10 runs - GPU latency: 0.0627594 ms - Host latency: 0.0627594 ms (enqueue 0.001828 ms)
[08/27/2026-12:19:46] [I] Average on 10 runs - GPU latency: 0.062738 ms - Host latency: 0.062738 ms (enqueue 0.00180054 ms)
[08/27/2026-12:19:46] [I] Average on 10 runs - GPU latency: 0.062735 ms - Host latency: 0.062735 ms (enqueue 0.00187683 ms)
[08/27/2026-12:19:46] [I] Average on 10 runs - GPU latency: 0.0627472 ms - Host latency: 0.0627472 ms (enqueue 0.0018158 ms)
[08/27/2026-12:19:46] [I] Average on 10 runs - GPU latency: 0.0627625 ms - Host latency: 0.0627625 ms (enqueue 0.0019104 ms)
[08/27/2026-12:19:46] [I] Average on 10 runs - GPU latency: 0.0628174 ms - Host latency: 0.0628174 ms (enqueue 0.00177612 ms)
[08/27/2026-12:19:46] [I] Average on 10 runs - GPU latency: 0.0627594 ms - Host latency: 0.0627594 ms (enqueue 0.00183411 ms)
[08/27/2026-12:19:46] [I] Average on 10 runs - GPU latency: 0.062796 ms - Host latency: 0.062796 ms (enqueue 0.00186768 ms)
[08/27/2026-12:19:46] [I] Average on 10 runs - GPU latency: 0.0627716 ms - Host latency: 0.0627716 ms (enqueue 0.00179443 ms)
[08/27/2026-12:19:46] [I] Average on 10 runs - GPU latency: 0.0627472 ms - Host latency: 0.0627472 ms (enqueue 0.00179443 ms)
[08/27/2026-12:19:46] [I] Average on 10 runs - GPU latency: 0.0628906 ms - Host latency: 0.0628906 ms (enqueue 0.00191956 ms)
[08/27/2026-12:19:46] [I] Average on 10 runs - GPU latency: 0.0627838 ms - Host latency: 0.0627838 ms (enqueue 0.00181274 ms)
[08/27/2026-12:19:46] [I] Average on 10 runs - GPU latency: 0.062735 ms - Host latency: 0.062735 ms (enqueue 0.00183411 ms)
[08/27/2026-12:19:46] [I] Average on 10 runs - GPU latency: 0.0628357 ms - Host latency: 0.0628357 ms (enqueue 0.0018219 ms)
[08/27/2026-12:19:46] [I] Average on 10 runs - GPU latency: 0.062735 ms - Host latency: 0.062735 ms (enqueue 0.00181885 ms)
[08/27/2026-12:19:46] [I] Average on 10 runs - GPU latency: 0.0627686 ms - Host latency: 0.0627686 ms (enqueue 0.00193176 ms)
[08/27/2026-12:19:46] [I] Average on 10 runs - GPU latency: 0.0627289 ms - Host latency: 0.0627289 ms (enqueue 0.00187378 ms)
[08/27/2026-12:19:46] [I] Average on 10 runs - GPU latency: 0.0627655 ms - Host latency: 0.0627655 ms (enqueue 0.00184326 ms)
[08/27/2026-12:19:46] [I] Average on 10 runs - GPU latency: 0.0627716 ms - Host latency: 0.0627716 ms (enqueue 0.0018219 ms)
[08/27/2026-12:19:46] [I] Average on 10 runs - GPU latency: 0.0627258 ms - Host latency: 0.0627258 ms (enqueue 0.00181885 ms)
[08/27/2026-12:19:46] [I] Average on 10 runs - GPU latency: 0.0627319 ms - Host latency: 0.0627319 ms (enqueue 0.00180664 ms)
[08/27/2026-12:19:46] [I] Average on 10 runs - GPU latency: 0.0627808 ms - Host latency: 0.0627808 ms (enqueue 0.00187378 ms)
[08/27/2026-12:19:46] [I] Average on 10 runs - GPU latency: 0.0627808 ms - Host latency: 0.0627808 ms (enqueue 0.00184326 ms)
[08/27/2026-12:19:46] [I] Average on 10 runs - GPU latency: 0.0628052 ms - Host latency: 0.0628052 ms (enqueue 0.00181274 ms)
[08/27/2026-12:19:46] [I] Average on 10 runs - GPU latency: 0.0627808 ms - Host latency: 0.0627808 ms (enqueue 0.0018219 ms)
[08/27/2026-12:19:46] [I] Average on 10 runs - GPU latency: 0.0627563 ms - Host latency: 0.0627563 ms (enqueue 0.00184631 ms)
[08/27/2026-12:19:46] [I] Average on 10 runs - GPU latency: 0.0627502 ms - Host latency: 0.0627502 ms (enqueue 0.00179749 ms)
[08/27/2026-12:19:46] [I] Average on 10 runs - GPU latency: 0.062793 ms - Host latency: 0.062793 ms (enqueue 0.00178223 ms)
[08/27/2026-12:19:46] [I] Average on 10 runs - GPU latency: 0.062738 ms - Host latency: 0.062738 ms (enqueue 0.00181274 ms)
[08/27/2026-12:19:46] [I] Average on 10 runs - GPU latency: 0.0627686 ms - Host latency: 0.0627686 ms (enqueue 0.00191345 ms)
[08/27/2026-12:19:46] [I] Average on 10 runs - GPU latency: 0.0627777 ms - Host latency: 0.0627777 ms (enqueue 0.00185547 ms)
[08/27/2026-12:19:46] [I] Average on 10 runs - GPU latency: 0.0627594 ms - Host latency: 0.0627594 ms (enqueue 0.0018219 ms)
[08/27/2026-12:19:46] [I] Average on 10 runs - GPU latency: 0.0626923 ms - Host latency: 0.0626923 ms (enqueue 0.00241394 ms)
[08/27/2026-12:19:46] [I] Average on 10 runs - GPU latency: 0.0627502 ms - Host latency: 0.0627502 ms (enqueue 0.00183716 ms)
[08/27/2026-12:19:46] [I] Average on 10 runs - GPU latency: 0.0627319 ms - Host latency: 0.0627319 ms (enqueue 0.00177917 ms)
[08/27/2026-12:19:46] [I] Average on 10 runs - GPU latency: 0.062793 ms - Host latency: 0.062793 ms (enqueue 0.0018158 ms)
[08/27/2026-12:19:46] [I] Average on 10 runs - GPU latency: 0.0627625 ms - Host latency: 0.0627625 ms (enqueue 0.00182495 ms)
[08/27/2026-12:19:46] [I] Average on 10 runs - GPU latency: 0.0627533 ms - Host latency: 0.0627533 ms (enqueue 0.00180054 ms)
[08/27/2026-12:19:46] [I] Average on 10 runs - GPU latency: 0.0626984 ms - Host latency: 0.0626984 ms (enqueue 0.00177917 ms)
[08/27/2026-12:19:46] [I] Average on 10 runs - GPU latency: 0.0628052 ms - Host latency: 0.0628052 ms (enqueue 0.0018219 ms)
[08/27/2026-12:19:46] [I] Average on 10 runs - GPU latency: 0.0627838 ms - Host latency: 0.0627838 ms (enqueue 0.00254822 ms)
[08/27/2026-12:19:46] [I] Average on 10 runs - GPU latency: 0.062793 ms - Host latency: 0.062793 ms (enqueue 0.00192871 ms)
[08/27/2026-12:19:46] [I] Average on 10 runs - GPU latency: 0.0627441 ms - Host latency: 0.0627441 ms (enqueue 0.00177917 ms)
[08/27/2026-12:19:46] [I] Average on 10 runs - GPU latency: 0.0627625 ms - Host latency: 0.0627625 ms (enqueue 0.001828 ms)
[08/27/2026-12:19:46] [I] Average on 10 runs - GPU latency: 0.0627686 ms - Host latency: 0.0627686 ms (enqueue 0.00189514 ms)
[08/27/2026-12:19:46] [I] Average on 10 runs - GPU latency: 0.0639191 ms - Host latency: 0.0639191 ms (enqueue 0.00310364 ms)
[08/27/2026-12:19:46] [I] Average on 10 runs - GPU latency: 0.062735 ms - Host latency: 0.062735 ms (enqueue 0.00234375 ms)
[08/27/2026-12:19:46] [I] Average on 10 runs - GPU latency: 0.0627869 ms - Host latency: 0.0627869 ms (enqueue 0.00215149 ms)
[08/27/2026-12:19:46] [I] Average on 10 runs - GPU latency: 0.0627441 ms - Host latency: 0.0627441 ms (enqueue 0.00192871 ms)
[08/27/2026-12:19:46] [I] Average on 10 runs - GPU latency: 0.0627441 ms - Host latency: 0.0627441 ms (enqueue 0.0018158 ms)
[08/27/2026-12:19:46] [I] Average on 10 runs - GPU latency: 0.0627594 ms - Host latency: 0.0627594 ms (enqueue 0.00187683 ms)
[08/27/2026-12:19:46] [I] Average on 10 runs - GPU latency: 0.0628265 ms - Host latency: 0.0628265 ms (enqueue 0.00192566 ms)
[08/27/2026-12:19:46] [I] Average on 10 runs - GPU latency: 0.0627686 ms - Host latency: 0.0627686 ms (enqueue 0.00186157 ms)
[08/27/2026-12:19:46] [I] Average on 10 runs - GPU latency: 0.062738 ms - Host latency: 0.062738 ms (enqueue 0.00184937 ms)
[08/27/2026-12:19:46] [I] Average on 10 runs - GPU latency: 0.062738 ms - Host latency: 0.062738 ms (enqueue 0.00192261 ms)
[08/27/2026-12:19:46] [I] Average on 10 runs - GPU latency: 0.0627502 ms - Host latency: 0.0627502 ms (enqueue 0.00188599 ms)
[08/27/2026-12:19:46] [I] Average on 10 runs - GPU latency: 0.0628052 ms - Host latency: 0.0628052 ms (enqueue 0.00181274 ms)
[08/27/2026-12:19:46] [I] Average on 10 runs - GPU latency: 0.0627533 ms - Host latency: 0.0627533 ms (enqueue 0.00184631 ms)
[08/27/2026-12:19:46] [I] Average on 10 runs - GPU latency: 0.0627411 ms - Host latency: 0.0627411 ms (enqueue 0.00186768 ms)
[08/27/2026-12:19:46] [I] Average on 10 runs - GPU latency: 0.0627655 ms - Host latency: 0.0627655 ms (enqueue 0.00187073 ms)
[08/27/2026-12:19:46] [I] Average on 10 runs - GPU latency: 0.0628082 ms - Host latency: 0.0628082 ms (enqueue 0.00253296 ms)
[08/27/2026-12:19:46] [I] Average on 10 runs - GPU latency: 0.0627869 ms - Host latency: 0.0627869 ms (enqueue 0.00180359 ms)
[08/27/2026-12:19:46] [I] Average on 10 runs - GPU latency: 0.0628082 ms - Host latency: 0.0628082 ms (enqueue 0.00183411 ms)
[08/27/2026-12:19:46] [I] Average on 10 runs - GPU latency: 0.0627777 ms - Host latency: 0.0627777 ms (enqueue 0.00193481 ms)
[08/27/2026-12:19:46] [I] Average on 10 runs - GPU latency: 0.062796 ms - Host latency: 0.062796 ms (enqueue 0.00180359 ms)
[08/27/2026-12:19:46] [I] Average on 10 runs - GPU latency: 0.0627472 ms - Host latency: 0.0627472 ms (enqueue 0.00184021 ms)
[08/27/2026-12:19:46] [I] Average on 10 runs - GPU latency: 0.0628662 ms - Host latency: 0.0628662 ms (enqueue 0.00185547 ms)
[08/27/2026-12:19:46] [I] Average on 10 runs - GPU latency: 0.0627563 ms - Host latency: 0.0627563 ms (enqueue 0.001828 ms)
[08/27/2026-12:19:46] [I] Average on 10 runs - GPU latency: 0.0627899 ms - Host latency: 0.0627899 ms (enqueue 0.00178833 ms)
[08/27/2026-12:19:46] [I] Average on 10 runs - GPU latency: 0.062854 ms - Host latency: 0.062854 ms (enqueue 0.00187378 ms)
[08/27/2026-12:19:46] [I] Average on 10 runs - GPU latency: 0.0627289 ms - Host latency: 0.0627289 ms (enqueue 0.001828 ms)
[08/27/2026-12:19:46] [I] Average on 10 runs - GPU latency: 0.062735 ms - Host latency: 0.062735 ms (enqueue 0.00183105 ms)
[08/27/2026-12:19:46] [I] Average on 10 runs - GPU latency: 0.062735 ms - Host latency: 0.062735 ms (enqueue 0.00182495 ms)
[08/27/2026-12:19:46] [I] Average on 10 runs - GPU latency: 0.0627228 ms - Host latency: 0.0627228 ms (enqueue 0.00184021 ms)
[08/27/2026-12:19:46] [I] Average on 10 runs - GPU latency: 0.0627686 ms - Host latency: 0.0627686 ms (enqueue 0.00187988 ms)
[08/27/2026-12:19:46] [I] Average on 10 runs - GPU latency: 0.0627777 ms - Host latency: 0.0627777 ms (enqueue 0.00184631 ms)
[08/27/2026-12:19:46] [I] Average on 10 runs - GPU latency: 0.062735 ms - Host latency: 0.062735 ms (enqueue 0.00180359 ms)
[08/27/2026-12:19:46] [I] Average on 10 runs - GPU latency: 0.0627655 ms - Host latency: 0.0627655 ms (enqueue 0.00190125 ms)
[08/27/2026-12:19:46] [I] Average on 10 runs - GPU latency: 0.0627686 ms - Host latency: 0.0627686 ms (enqueue 0.00189514 ms)
[08/27/2026-12:19:46] [I] Average on 10 runs - GPU latency: 0.0628143 ms - Host latency: 0.0628143 ms (enqueue 0.0018158 ms)
[08/27/2026-12:19:46] [I] Average on 10 runs - GPU latency: 0.0628113 ms - Host latency: 0.0628113 ms (enqueue 0.00186768 ms)
[08/27/2026-12:19:46] [I] Average on 10 runs - GPU latency: 0.0627991 ms - Host latency: 0.0627991 ms (enqueue 0.001828 ms)
[08/27/2026-12:19:46] [I] Average on 10 runs - GPU latency: 0.062793 ms - Host latency: 0.062793 ms (enqueue 0.00183411 ms)
[08/27/2026-12:19:46] [I] Average on 10 runs - GPU latency: 0.062738 ms - Host latency: 0.062738 ms (enqueue 0.00183105 ms)
[08/27/2026-12:19:46] [I] Average on 10 runs - GPU latency: 0.0627594 ms - Host latency: 0.0627594 ms (enqueue 0.00186157 ms)
[08/27/2026-12:19:46] [I] Average on 10 runs - GPU latency: 0.0627502 ms - Host latency: 0.0627502 ms (enqueue 0.00189819 ms)
[08/27/2026-12:19:46] [I] Average on 10 runs - GPU latency: 0.062854 ms - Host latency: 0.062854 ms (enqueue 0.00181885 ms)
[08/27/2026-12:19:46] [I] Average on 10 runs - GPU latency: 0.0627686 ms - Host latency: 0.0627686 ms (enqueue 0.00181274 ms)
[08/27/2026-12:19:46] [I] Average on 10 runs - GPU latency: 0.0627808 ms - Host latency: 0.0627808 ms (enqueue 0.0019104 ms)
[08/27/2026-12:19:46] [I] Average on 10 runs - GPU latency: 0.0627136 ms - Host latency: 0.0627136 ms (enqueue 0.00184631 ms)
[08/27/2026-12:19:46] [I] Average on 10 runs - GPU latency: 0.0627747 ms - Host latency: 0.0627747 ms (enqueue 0.00177307 ms)
[08/27/2026-12:19:46] [I] ... Omitting 42770 lines
[08/27/2026-12:19:46] [I] Average on 10 runs - GPU latency: 0.0626709 ms - Host latency: 0.0626709 ms (enqueue 0.00200195 ms)
[08/27/2026-12:19:46] [I] Average on 10 runs - GPU latency: 0.0627686 ms - Host latency: 0.0627686 ms (enqueue 0.00209961 ms)
[08/27/2026-12:19:46] [I] Average on 10 runs - GPU latency: 0.0628174 ms - Host latency: 0.0628174 ms (enqueue 0.00212402 ms)
[08/27/2026-12:19:46] [I] Average on 10 runs - GPU latency: 0.062793 ms - Host latency: 0.062793 ms (enqueue 0.00202637 ms)
[08/27/2026-12:19:46] [I] Average on 10 runs - GPU latency: 0.0627686 ms - Host latency: 0.0627686 ms (enqueue 0.00197754 ms)
[08/27/2026-12:19:46] [I] Average on 10 runs - GPU latency: 0.062793 ms - Host latency: 0.062793 ms (enqueue 0.00200195 ms)
[08/27/2026-12:19:46] [I] Average on 10 runs - GPU latency: 0.0627441 ms - Host latency: 0.0627441 ms (enqueue 0.00200195 ms)
[08/27/2026-12:19:46] [I] Average on 10 runs - GPU latency: 0.0627197 ms - Host latency: 0.0627197 ms (enqueue 0.00205078 ms)
[08/27/2026-12:19:46] [I] Average on 10 runs - GPU latency: 0.0627197 ms - Host latency: 0.0627197 ms (enqueue 0.0020752 ms)
[08/27/2026-12:19:46] [I] Average on 10 runs - GPU latency: 0.0628418 ms - Host latency: 0.0628418 ms (enqueue 0.00209961 ms)
[08/27/2026-12:19:46] [I] Average on 10 runs - GPU latency: 0.0626953 ms - Host latency: 0.0626953 ms (enqueue 0.00202637 ms)
[08/27/2026-12:19:46] [I] Average on 10 runs - GPU latency: 0.0627686 ms - Host latency: 0.0627686 ms (enqueue 0.00209961 ms)
[08/27/2026-12:19:46] [I] Average on 10 runs - GPU latency: 0.0626953 ms - Host latency: 0.0626953 ms (enqueue 0.00200195 ms)
[08/27/2026-12:19:46] [I] Average on 10 runs - GPU latency: 0.0627686 ms - Host latency: 0.0627686 ms (enqueue 0.00195312 ms)
[08/27/2026-12:19:46] [I] Average on 10 runs - GPU latency: 0.0627441 ms - Host latency: 0.0627441 ms (enqueue 0.00214844 ms)
[08/27/2026-12:19:46] [I] Average on 10 runs - GPU latency: 0.0627441 ms - Host latency: 0.0627441 ms (enqueue 0.00209961 ms)
[08/27/2026-12:19:46] [I] Average on 10 runs - GPU latency: 0.062793 ms - Host latency: 0.062793 ms (enqueue 0.00197754 ms)
[08/27/2026-12:19:46] [I] Average on 10 runs - GPU latency: 0.0627686 ms - Host latency: 0.0627686 ms (enqueue 0.00205078 ms)
[08/27/2026-12:19:46] [I] Average on 10 runs - GPU latency: 0.0627197 ms - Host latency: 0.0627197 ms (enqueue 0.00249023 ms)
[08/27/2026-12:19:46] [I] Average on 10 runs - GPU latency: 0.0627686 ms - Host latency: 0.0627686 ms (enqueue 0.00197754 ms)
[08/27/2026-12:19:46] [I] Average on 10 runs - GPU latency: 0.0627441 ms - Host latency: 0.0627441 ms (enqueue 0.0020752 ms)
[08/27/2026-12:19:46] [I] Average on 10 runs - GPU latency: 0.0627197 ms - Host latency: 0.0627197 ms (enqueue 0.00202637 ms)
[08/27/2026-12:19:46] [I] Average on 10 runs - GPU latency: 0.0627686 ms - Host latency: 0.0627686 ms (enqueue 0.00202637 ms)
[08/27/2026-12:19:46] [I] Average on 10 runs - GPU latency: 0.062793 ms - Host latency: 0.062793 ms (enqueue 0.00202637 ms)
[08/27/2026-12:19:46] [I] Average on 10 runs - GPU latency: 0.0627197 ms - Host latency: 0.0627197 ms (enqueue 0.00202637 ms)
[08/27/2026-12:19:46] [I] Average on 10 runs - GPU latency: 0.0627441 ms - Host latency: 0.0627441 ms (enqueue 0.0020752 ms)
[08/27/2026-12:19:46] [I] Average on 10 runs - GPU latency: 0.0627686 ms - Host latency: 0.0627686 ms (enqueue 0.00249023 ms)
[08/27/2026-12:19:46] [I] Average on 10 runs - GPU latency: 0.0628174 ms - Host latency: 0.0628174 ms (enqueue 0.00195312 ms)
[08/27/2026-12:19:46] [I] Average on 10 runs - GPU latency: 0.0627441 ms - Host latency: 0.0627441 ms (enqueue 0.00200195 ms)
[08/27/2026-12:19:46] [I] Average on 10 runs - GPU latency: 0.0627197 ms - Host latency: 0.0627197 ms (enqueue 0.00212402 ms)
[08/27/2026-12:19:46] [I] Average on 10 runs - GPU latency: 0.0627686 ms - Host latency: 0.0627686 ms (enqueue 0.00200195 ms)
[08/27/2026-12:19:46] [I] Average on 10 runs - GPU latency: 0.0626465 ms - Host latency: 0.0626465 ms (enqueue 0.0020752 ms)
[08/27/2026-12:19:46] [I] Average on 10 runs - GPU latency: 0.0627441 ms - Host latency: 0.0627441 ms (enqueue 0.00231934 ms)
[08/27/2026-12:19:46] [I] Average on 10 runs - GPU latency: 0.0628174 ms - Host latency: 0.0628174 ms (enqueue 0.00212402 ms)
[08/27/2026-12:19:46] [I] Average on 10 runs - GPU latency: 0.0627441 ms - Host latency: 0.0627441 ms (enqueue 0.0020752 ms)
[08/27/2026-12:19:46] [I] Average on 10 runs - GPU latency: 0.0627441 ms - Host latency: 0.0627441 ms (enqueue 0.00205078 ms)
[08/27/2026-12:19:46] [I] Average on 10 runs - GPU latency: 0.062793 ms - Host latency: 0.062793 ms (enqueue 0.00197754 ms)
[08/27/2026-12:19:46] [I] Average on 10 runs - GPU latency: 0.0627686 ms - Host latency: 0.0627686 ms (enqueue 0.00202637 ms)
[08/27/2026-12:19:46] [I] Average on 10 runs - GPU latency: 0.0627686 ms - Host latency: 0.0627686 ms (enqueue 0.00197754 ms)
[08/27/2026-12:19:46] [I] Average on 10 runs - GPU latency: 0.0627441 ms - Host latency: 0.0627441 ms (enqueue 0.00195312 ms)
[08/27/2026-12:19:46] [I] Average on 10 runs - GPU latency: 0.062793 ms - Host latency: 0.062793 ms (enqueue 0.00217285 ms)
[08/27/2026-12:19:46] [I] Average on 10 runs - GPU latency: 0.062793 ms - Host latency: 0.062793 ms (enqueue 0.00258789 ms)
[08/27/2026-12:19:46] [I] Average on 10 runs - GPU latency: 0.0627197 ms - Host latency: 0.0627197 ms (enqueue 0.00195312 ms)
[08/27/2026-12:19:46] [I] Average on 10 runs - GPU latency: 0.0628174 ms - Host latency: 0.0628174 ms (enqueue 0.00212402 ms)
[08/27/2026-12:19:46] [I] Average on 10 runs - GPU latency: 0.0627686 ms - Host latency: 0.0627686 ms (enqueue 0.00209961 ms)
[08/27/2026-12:19:46] [I] Average on 10 runs - GPU latency: 0.0627441 ms - Host latency: 0.0627441 ms (enqueue 0.00222168 ms)
[08/27/2026-12:19:46] [I] Average on 10 runs - GPU latency: 0.062793 ms - Host latency: 0.062793 ms (enqueue 0.00222168 ms)
[08/27/2026-12:19:46] [I] Average on 10 runs - GPU latency: 0.0627441 ms - Host latency: 0.0627441 ms (enqueue 0.00202637 ms)
[08/27/2026-12:19:46] [I] Average on 10 runs - GPU latency: 0.062793 ms - Host latency: 0.062793 ms (enqueue 0.00205078 ms)
[08/27/2026-12:19:46] [I] Average on 10 runs - GPU latency: 0.0627197 ms - Host latency: 0.0627197 ms (enqueue 0.0020752 ms)
[08/27/2026-12:19:46] [I] Average on 10 runs - GPU latency: 0.0627197 ms - Host latency: 0.0627197 ms (enqueue 0.0020752 ms)
[08/27/2026-12:19:46] [I] Average on 10 runs - GPU latency: 0.0628174 ms - Host latency: 0.0628174 ms (enqueue 0.00197754 ms)
[08/27/2026-12:19:46] [I] Average on 10 runs - GPU latency: 0.0628174 ms - Host latency: 0.0628174 ms (enqueue 0.00212402 ms)
[08/27/2026-12:19:46] [I] Average on 10 runs - GPU latency: 0.0627686 ms - Host latency: 0.0627686 ms (enqueue 0.00212402 ms)
[08/27/2026-12:19:46] [I] Average on 10 runs - GPU latency: 0.0627197 ms - Host latency: 0.0627197 ms (enqueue 0.00212402 ms)
[08/27/2026-12:19:46] [I] Average on 10 runs - GPU latency: 0.0627197 ms - Host latency: 0.0627197 ms (enqueue 0.00214844 ms)
[08/27/2026-12:19:46] [I] Average on 10 runs - GPU latency: 0.0627441 ms - Host latency: 0.0627441 ms (enqueue 0.00197754 ms)
[08/27/2026-12:19:46] [I] Average on 10 runs - GPU latency: 0.0627441 ms - Host latency: 0.0627441 ms (enqueue 0.00192871 ms)
[08/27/2026-12:19:46] [I] Average on 10 runs - GPU latency: 0.0627441 ms - Host latency: 0.0627441 ms (enqueue 0.00202637 ms)
[08/27/2026-12:19:46] [I] Average on 10 runs - GPU latency: 0.0626465 ms - Host latency: 0.0626465 ms (enqueue 0.00205078 ms)
[08/27/2026-12:19:46] [I] Average on 10 runs - GPU latency: 0.0628418 ms - Host latency: 0.0628418 ms (enqueue 0.00200195 ms)
[08/27/2026-12:19:46] [I] Average on 10 runs - GPU latency: 0.0627686 ms - Host latency: 0.0627686 ms (enqueue 0.00202637 ms)
[08/27/2026-12:19:46] [I] Average on 10 runs - GPU latency: 0.0626953 ms - Host latency: 0.0626953 ms (enqueue 0.00202637 ms)
[08/27/2026-12:19:46] [I] Average on 10 runs - GPU latency: 0.0627197 ms - Host latency: 0.0627197 ms (enqueue 0.0020752 ms)
[08/27/2026-12:19:46] [I] Average on 10 runs - GPU latency: 0.062793 ms - Host latency: 0.062793 ms (enqueue 0.0020752 ms)
[08/27/2026-12:19:46] [I] Average on 10 runs - GPU latency: 0.0627441 ms - Host latency: 0.0627441 ms (enqueue 0.00200195 ms)
[08/27/2026-12:19:46] [I] Average on 10 runs - GPU latency: 0.0627441 ms - Host latency: 0.0627441 ms (enqueue 0.0020752 ms)
[08/27/2026-12:19:46] [I] Average on 10 runs - GPU latency: 0.0627441 ms - Host latency: 0.0627441 ms (enqueue 0.00202637 ms)
[08/27/2026-12:19:46] [I] Average on 10 runs - GPU latency: 0.0627686 ms - Host latency: 0.0627686 ms (enqueue 0.00200195 ms)
[08/27/2026-12:19:46] [I] Average on 10 runs - GPU latency: 0.0626953 ms - Host latency: 0.0626953 ms (enqueue 0.00195312 ms)
[08/27/2026-12:19:46] [I] Average on 10 runs - GPU latency: 0.0627197 ms - Host latency: 0.0627197 ms (enqueue 0.00202637 ms)
[08/27/2026-12:19:46] [I] Average on 10 runs - GPU latency: 0.0627686 ms - Host latency: 0.0627686 ms (enqueue 0.00205078 ms)
[08/27/2026-12:19:46] [I] Average on 10 runs - GPU latency: 0.0626953 ms - Host latency: 0.0626953 ms (enqueue 0.00202637 ms)
[08/27/2026-12:19:46] [I] Average on 10 runs - GPU latency: 0.062793 ms - Host latency: 0.062793 ms (enqueue 0.00200195 ms)
[08/27/2026-12:19:46] [I] Average on 10 runs - GPU latency: 0.0628174 ms - Host latency: 0.0628174 ms (enqueue 0.00205078 ms)
[08/27/2026-12:19:46] [I] Average on 10 runs - GPU latency: 0.0627197 ms - Host latency: 0.0627197 ms (enqueue 0.0020752 ms)
[08/27/2026-12:19:46] [I] Average on 10 runs - GPU latency: 0.0627197 ms - Host latency: 0.0627197 ms (enqueue 0.0019043 ms)
[08/27/2026-12:19:46] [I] Average on 10 runs - GPU latency: 0.0628174 ms - Host latency: 0.0628174 ms (enqueue 0.0020752 ms)
[08/27/2026-12:19:46] [I] Average on 10 runs - GPU latency: 0.0627686 ms - Host latency: 0.0627686 ms (enqueue 0.00212402 ms)
[08/27/2026-12:19:46] [I] Average on 10 runs - GPU latency: 0.062793 ms - Host latency: 0.062793 ms (enqueue 0.00197754 ms)
[08/27/2026-12:19:46] [I] Average on 10 runs - GPU latency: 0.0627441 ms - Host latency: 0.0627441 ms (enqueue 0.00197754 ms)
[08/27/2026-12:19:46] [I] Average on 10 runs - GPU latency: 0.0628174 ms - Host latency: 0.0628174 ms (enqueue 0.00222168 ms)
[08/27/2026-12:19:46] [I] Average on 10 runs - GPU latency: 0.0643799 ms - Host latency: 0.0643799 ms (enqueue 0.00476074 ms)
[08/27/2026-12:19:46] [I] Average on 10 runs - GPU latency: 0.0627441 ms - Host latency: 0.0627441 ms (enqueue 0.003125 ms)
[08/27/2026-12:19:46] [I] Average on 10 runs - GPU latency: 0.0627441 ms - Host latency: 0.0627441 ms (enqueue 0.0020752 ms)
[08/27/2026-12:19:46] [I] Average on 10 runs - GPU latency: 0.0627441 ms - Host latency: 0.0627441 ms (enqueue 0.00209961 ms)
[08/27/2026-12:19:46] [I] Average on 10 runs - GPU latency: 0.0627441 ms - Host latency: 0.0627441 ms (enqueue 0.00205078 ms)
[08/27/2026-12:19:46] [I] Average on 10 runs - GPU latency: 0.0627441 ms - Host latency: 0.0627441 ms (enqueue 0.00212402 ms)
[08/27/2026-12:19:46] [I] Average on 10 runs - GPU latency: 0.0628662 ms - Host latency: 0.0628662 ms (enqueue 0.00209961 ms)
[08/27/2026-12:19:46] [I] Average on 10 runs - GPU latency: 0.0626953 ms - Host latency: 0.0626953 ms (enqueue 0.00258789 ms)
[08/27/2026-12:19:46] [I] Average on 10 runs - GPU latency: 0.0628662 ms - Host latency: 0.0628662 ms (enqueue 0.00217285 ms)
[08/27/2026-12:19:46] [I] Average on 10 runs - GPU latency: 0.062793 ms - Host latency: 0.062793 ms (enqueue 0.00214844 ms)
[08/27/2026-12:19:46] [I] Average on 10 runs - GPU latency: 0.0627197 ms - Host latency: 0.0627197 ms (enqueue 0.00205078 ms)
[08/27/2026-12:19:46] [I] Average on 10 runs - GPU latency: 0.0627197 ms - Host latency: 0.0627197 ms (enqueue 0.00219727 ms)
[08/27/2026-12:19:46] [I] Average on 10 runs - GPU latency: 0.0627686 ms - Host latency: 0.0627686 ms (enqueue 0.00212402 ms)
[08/27/2026-12:19:46] [I] Average on 10 runs - GPU latency: 0.0627686 ms - Host latency: 0.0627686 ms (enqueue 0.0020752 ms)
[08/27/2026-12:19:46] [I] Average on 10 runs - GPU latency: 0.0627197 ms - Host latency: 0.0627197 ms (enqueue 0.00214844 ms)
[08/27/2026-12:19:46] [I] Average on 10 runs - GPU latency: 0.0626953 ms - Host latency: 0.0626953 ms (enqueue 0.0020752 ms)
[08/27/2026-12:19:46] [I] Average on 10 runs - GPU latency: 0.0627686 ms - Host latency: 0.0627686 ms (enqueue 0.0020752 ms)
[08/27/2026-12:19:46] [I] Average on 10 runs - GPU latency: 0.0626465 ms - Host latency: 0.0626465 ms (enqueue 0.00214844 ms)
[08/27/2026-12:19:46] [I] Average on 10 runs - GPU latency: 0.062793 ms - Host latency: 0.062793 ms (enqueue 0.00209961 ms)
[08/27/2026-12:19:46] [I] Average on 10 runs - GPU latency: 0.0627197 ms - Host latency: 0.0627197 ms (enqueue 0.00212402 ms)
[08/27/2026-12:19:46] [I] Average on 10 runs - GPU latency: 0.0627441 ms - Host latency: 0.0627441 ms (enqueue 0.0020752 ms)
[08/27/2026-12:19:46] [I] Average on 10 runs - GPU latency: 0.0626953 ms - Host latency: 0.0626953 ms (enqueue 0.00212402 ms)
[08/27/2026-12:19:46] [I] Average on 10 runs - GPU latency: 0.0627441 ms - Host latency: 0.0627441 ms (enqueue 0.00209961 ms)
[08/27/2026-12:19:46] [I] Average on 10 runs - GPU latency: 0.0627686 ms - Host latency: 0.0627686 ms (enqueue 0.00217285 ms)
[08/27/2026-12:19:46] [I] Average on 10 runs - GPU latency: 0.0628418 ms - Host latency: 0.0628418 ms (enqueue 0.0020752 ms)
[08/27/2026-12:19:46] [I] Average on 10 runs - GPU latency: 0.062793 ms - Host latency: 0.062793 ms (enqueue 0.0020752 ms)
[08/27/2026-12:19:46] [I] Average on 10 runs - GPU latency: 0.0627441 ms - Host latency: 0.0627441 ms (enqueue 0.00209961 ms)
[08/27/2026-12:19:46] [I] Average on 10 runs - GPU latency: 0.0627197 ms - Host latency: 0.0627197 ms (enqueue 0.00200195 ms)
[08/27/2026-12:19:46] [I] Average on 10 runs - GPU latency: 0.0627441 ms - Host latency: 0.0627441 ms (enqueue 0.00209961 ms)
[08/27/2026-12:19:46] [I] Average on 10 runs - GPU latency: 0.0627686 ms - Host latency: 0.0627686 ms (enqueue 0.00205078 ms)
[08/27/2026-12:19:46] [I] Average on 10 runs - GPU latency: 0.0627686 ms - Host latency: 0.0627686 ms (enqueue 0.00212402 ms)
[08/27/2026-12:19:46] [I] Average on 10 runs - GPU latency: 0.0627686 ms - Host latency: 0.0627686 ms (enqueue 0.00209961 ms)
[08/27/2026-12:19:46] [I] Average on 10 runs - GPU latency: 0.062793 ms - Host latency: 0.062793 ms (enqueue 0.0020752 ms)
[08/27/2026-12:19:46] [I] Average on 10 runs - GPU latency: 0.062793 ms - Host latency: 0.062793 ms (enqueue 0.00205078 ms)
[08/27/2026-12:19:46] [I] Average on 10 runs - GPU latency: 0.0628662 ms - Host latency: 0.0628662 ms (enqueue 0.0020752 ms)
[08/27/2026-12:19:46] [I] Average on 10 runs - GPU latency: 0.0628418 ms - Host latency: 0.0628418 ms (enqueue 0.00205078 ms)
[08/27/2026-12:19:46] [I] Average on 10 runs - GPU latency: 0.0628418 ms - Host latency: 0.0628418 ms (enqueue 0.00209961 ms)
[08/27/2026-12:19:46] [I] Average on 10 runs - GPU latency: 0.0628174 ms - Host latency: 0.0628174 ms (enqueue 0.00214844 ms)
[08/27/2026-12:19:46] [I] Average on 10 runs - GPU latency: 0.0626953 ms - Host latency: 0.0626953 ms (enqueue 0.00205078 ms)
[08/27/2026-12:19:46] [I] Average on 10 runs - GPU latency: 0.0627441 ms - Host latency: 0.0627441 ms (enqueue 0.00209961 ms)
[08/27/2026-12:19:46] [I] Average on 10 runs - GPU latency: 0.0627197 ms - Host latency: 0.0627197 ms (enqueue 0.00212402 ms)
[08/27/2026-12:19:46] [I] Average on 10 runs - GPU latency: 0.0627441 ms - Host latency: 0.0627441 ms (enqueue 0.00205078 ms)
[08/27/2026-12:19:46] [I] Average on 10 runs - GPU latency: 0.0627686 ms - Host latency: 0.0627686 ms (enqueue 0.00222168 ms)
[08/27/2026-12:19:46] [I] Average on 10 runs - GPU latency: 0.0628174 ms - Host latency: 0.0628174 ms (enqueue 0.00212402 ms)
[08/27/2026-12:19:46] [I] Average on 10 runs - GPU latency: 0.0627197 ms - Host latency: 0.0627197 ms (enqueue 0.00200195 ms)
[08/27/2026-12:19:46] [I] Average on 10 runs - GPU latency: 0.0628174 ms - Host latency: 0.0628174 ms (enqueue 0.00212402 ms)
[08/27/2026-12:19:46] [I] Average on 10 runs - GPU latency: 0.062793 ms - Host latency: 0.062793 ms (enqueue 0.0020752 ms)
[08/27/2026-12:19:46] [I] Average on 10 runs - GPU latency: 0.062793 ms - Host latency: 0.062793 ms (enqueue 0.00202637 ms)
[08/27/2026-12:19:46] [I] Average on 10 runs - GPU latency: 0.0628174 ms - Host latency: 0.0628174 ms (enqueue 0.00212402 ms)
[08/27/2026-12:19:46] [I] Average on 10 runs - GPU latency: 0.0628174 ms - Host latency: 0.0628174 ms (enqueue 0.00209961 ms)
[08/27/2026-12:19:46] [I] Average on 10 runs - GPU latency: 0.0627686 ms - Host latency: 0.0627686 ms (enqueue 0.00202637 ms)
[08/27/2026-12:19:46] [I] Average on 10 runs - GPU latency: 0.062793 ms - Host latency: 0.062793 ms (enqueue 0.00200195 ms)
[08/27/2026-12:19:46] [I] Average on 10 runs - GPU latency: 0.0627686 ms - Host latency: 0.0627686 ms (enqueue 0.00205078 ms)
[08/27/2026-12:19:46] [I] Average on 10 runs - GPU latency: 0.0627441 ms - Host latency: 0.0627441 ms (enqueue 0.00200195 ms)
[08/27/2026-12:19:46] [I] Average on 10 runs - GPU latency: 0.0627197 ms - Host latency: 0.0627197 ms (enqueue 0.00209961 ms)
[08/27/2026-12:19:46] [I] Average on 10 runs - GPU latency: 0.0628418 ms - Host latency: 0.0628418 ms (enqueue 0.0020752 ms)
[08/27/2026-12:19:46] [I] Average on 10 runs - GPU latency: 0.0627686 ms - Host latency: 0.0627686 ms (enqueue 0.00212402 ms)
[08/27/2026-12:19:46] [I] Average on 10 runs - GPU latency: 0.0627686 ms - Host latency: 0.0627686 ms (enqueue 0.00219727 ms)
[08/27/2026-12:19:46] [I] Average on 10 runs - GPU latency: 0.0627197 ms - Host latency: 0.0627197 ms (enqueue 0.00209961 ms)
[08/27/2026-12:19:46] [I] Average on 10 runs - GPU latency: 0.0628174 ms - Host latency: 0.0628174 ms (enqueue 0.00200195 ms)
[08/27/2026-12:19:46] [I] Average on 10 runs - GPU latency: 0.0626709 ms - Host latency: 0.0626709 ms (enqueue 0.00209961 ms)
[08/27/2026-12:19:46] [I] Average on 10 runs - GPU latency: 0.062793 ms - Host latency: 0.062793 ms (enqueue 0.00212402 ms)
[08/27/2026-12:19:46] [I] Average on 10 runs - GPU latency: 0.0628174 ms - Host latency: 0.0628174 ms (enqueue 0.00209961 ms)
[08/27/2026-12:19:46] [I] Average on 10 runs - GPU latency: 0.0627686 ms - Host latency: 0.0627686 ms (enqueue 0.00205078 ms)
[08/27/2026-12:19:46] [I] Average on 10 runs - GPU latency: 0.0627686 ms - Host latency: 0.0627686 ms (enqueue 0.00214844 ms)
[08/27/2026-12:19:46] [I] Average on 10 runs - GPU latency: 0.0627441 ms - Host latency: 0.0627441 ms (enqueue 0.00209961 ms)
[08/27/2026-12:19:46] [I] Average on 10 runs - GPU latency: 0.0627197 ms - Host latency: 0.0627197 ms (enqueue 0.00209961 ms)
[08/27/2026-12:19:46] [I] Average on 10 runs - GPU latency: 0.0627441 ms - Host latency: 0.0627441 ms (enqueue 0.00212402 ms)
[08/27/2026-12:19:46] [I] Average on 10 runs - GPU latency: 0.0627197 ms - Host latency: 0.0627197 ms (enqueue 0.00212402 ms)
[08/27/2026-12:19:46] [I] Average on 10 runs - GPU latency: 0.0628174 ms - Host latency: 0.0628174 ms (enqueue 0.00209961 ms)
[08/27/2026-12:19:46] [I] Average on 10 runs - GPU latency: 0.062793 ms - Host latency: 0.062793 ms (enqueue 0.00205078 ms)
[08/27/2026-12:19:46] [I] Average on 10 runs - GPU latency: 0.0626953 ms - Host latency: 0.0626953 ms (enqueue 0.00212402 ms)
[08/27/2026-12:19:46] [I] Average on 10 runs - GPU latency: 0.0628418 ms - Host latency: 0.0628418 ms (enqueue 0.00214844 ms)
[08/27/2026-12:19:46] [I] Average on 10 runs - GPU latency: 0.062793 ms - Host latency: 0.062793 ms (enqueue 0.00202637 ms)
[08/27/2026-12:19:46] [I] Average on 10 runs - GPU latency: 0.0627197 ms - Host latency: 0.0627197 ms (enqueue 0.00205078 ms)
[08/27/2026-12:19:46] [I] Average on 10 runs - GPU latency: 0.0627441 ms - Host latency: 0.0627441 ms (enqueue 0.00219727 ms)
[08/27/2026-12:19:46] [I] Average on 10 runs - GPU latency: 0.0627686 ms - Host latency: 0.0627686 ms (enqueue 0.0020752 ms)
[08/27/2026-12:19:46] [I] Average on 10 runs - GPU latency: 0.0628174 ms - Host latency: 0.0628174 ms (enqueue 0.00209961 ms)
[08/27/2026-12:19:46] [I] Average on 10 runs - GPU latency: 0.062793 ms - Host latency: 0.062793 ms (enqueue 0.00212402 ms)
[08/27/2026-12:19:46] [I] Average on 10 runs - GPU latency: 0.0628174 ms - Host latency: 0.0628174 ms (enqueue 0.00205078 ms)
[08/27/2026-12:19:46] [I] Average on 10 runs - GPU latency: 0.0627686 ms - Host latency: 0.0627686 ms (enqueue 0.00205078 ms)
[08/27/2026-12:19:46] [I] Average on 10 runs - GPU latency: 0.0626953 ms - Host latency: 0.0626953 ms (enqueue 0.00209961 ms)
[08/27/2026-12:19:46] [I] Average on 10 runs - GPU latency: 0.0627197 ms - Host latency: 0.0627197 ms (enqueue 0.00202637 ms)
[08/27/2026-12:19:46] [I] Average on 10 runs - GPU latency: 0.0627197 ms - Host latency: 0.0627197 ms (enqueue 0.00205078 ms)
[08/27/2026-12:19:46] [I] Average on 10 runs - GPU latency: 0.062793 ms - Host latency: 0.062793 ms (enqueue 0.0020752 ms)
[08/27/2026-12:19:46] [I] Average on 10 runs - GPU latency: 0.0627686 ms - Host latency: 0.0627686 ms (enqueue 0.00205078 ms)
[08/27/2026-12:19:46] [I] Average on 10 runs - GPU latency: 0.0628418 ms - Host latency: 0.0628418 ms (enqueue 0.00202637 ms)
[08/27/2026-12:19:46] [I] Average on 10 runs - GPU latency: 0.0627197 ms - Host latency: 0.0627197 ms (enqueue 0.00212402 ms)
[08/27/2026-12:19:46] [I] Average on 10 runs - GPU latency: 0.0628174 ms - Host latency: 0.0628174 ms (enqueue 0.00202637 ms)
[08/27/2026-12:19:46] [I] Average on 10 runs - GPU latency: 0.0628174 ms - Host latency: 0.0628174 ms (enqueue 0.00249023 ms)
[08/27/2026-12:19:46] [I] Average on 10 runs - GPU latency: 0.0627197 ms - Host latency: 0.0627197 ms (enqueue 0.00200195 ms)
[08/27/2026-12:19:46] [I] Average on 10 runs - GPU latency: 0.0628174 ms - Host latency: 0.0628174 ms (enqueue 0.00209961 ms)
[08/27/2026-12:19:46] [I] Average on 10 runs - GPU latency: 0.062793 ms - Host latency: 0.062793 ms (enqueue 0.00214844 ms)
[08/27/2026-12:19:46] [I] Average on 10 runs - GPU latency: 0.0627441 ms - Host latency: 0.0627441 ms (enqueue 0.00200195 ms)
[08/27/2026-12:19:46] [I] Average on 10 runs - GPU latency: 0.0627441 ms - Host latency: 0.0627441 ms (enqueue 0.00205078 ms)
[08/27/2026-12:19:46] [I] Average on 10 runs - GPU latency: 0.0627441 ms - Host latency: 0.0627441 ms (enqueue 0.00205078 ms)
[08/27/2026-12:19:46] [I] Average on 10 runs - GPU latency: 0.0628174 ms - Host latency: 0.0628174 ms (enqueue 0.00256348 ms)
[08/27/2026-12:19:46] [I] Average on 10 runs - GPU latency: 0.0628174 ms - Host latency: 0.0628174 ms (enqueue 0.00217285 ms)
[08/27/2026-12:19:46] [I] Average on 10 runs - GPU latency: 0.0627441 ms - Host latency: 0.0627441 ms (enqueue 0.00209961 ms)
[08/27/2026-12:19:46] [I] Average on 10 runs - GPU latency: 0.0627686 ms - Host latency: 0.0627686 ms (enqueue 0.0020752 ms)
[08/27/2026-12:19:46] [I] Average on 10 runs - GPU latency: 0.0628174 ms - Host latency: 0.0628174 ms (enqueue 0.00217285 ms)
[08/27/2026-12:19:46] [I] Average on 10 runs - GPU latency: 0.062793 ms - Host latency: 0.062793 ms (enqueue 0.00200195 ms)
[08/27/2026-12:19:46] [I] Average on 10 runs - GPU latency: 0.0627441 ms - Host latency: 0.0627441 ms (enqueue 0.00209961 ms)
[08/27/2026-12:19:46] [I] Average on 10 runs - GPU latency: 0.0627441 ms - Host latency: 0.0627441 ms (enqueue 0.00209961 ms)
[08/27/2026-12:19:46] [I] Average on 10 runs - GPU latency: 0.0627441 ms - Host latency: 0.0627441 ms (enqueue 0.00200195 ms)
[08/27/2026-12:19:46] [I] Average on 10 runs - GPU latency: 0.0627441 ms - Host latency: 0.0627441 ms (enqueue 0.00209961 ms)
[08/27/2026-12:19:46] [I] Average on 10 runs - GPU latency: 0.0628174 ms - Host latency: 0.0628174 ms (enqueue 0.00212402 ms)
[08/27/2026-12:19:46] [I] Average on 10 runs - GPU latency: 0.0627441 ms - Host latency: 0.0627441 ms (enqueue 0.00205078 ms)
[08/27/2026-12:19:46] [I] Average on 10 runs - GPU latency: 0.0627197 ms - Host latency: 0.0627197 ms (enqueue 0.00214844 ms)
[08/27/2026-12:19:46] [I] Average on 10 runs - GPU latency: 0.062793 ms - Host latency: 0.062793 ms (enqueue 0.00209961 ms)
[08/27/2026-12:19:46] [I] Average on 10 runs - GPU latency: 0.062793 ms - Host latency: 0.062793 ms (enqueue 0.0020752 ms)
[08/27/2026-12:19:46] [I] Average on 10 runs - GPU latency: 0.0628174 ms - Host latency: 0.0628174 ms (enqueue 0.00214844 ms)
[08/27/2026-12:19:46] [I] Average on 10 runs - GPU latency: 0.0627686 ms - Host latency: 0.0627686 ms (enqueue 0.00209961 ms)
[08/27/2026-12:19:46] [I] Average on 10 runs - GPU latency: 0.0626953 ms - Host latency: 0.0626953 ms (enqueue 0.00209961 ms)
[08/27/2026-12:19:46] [I] Average on 10 runs - GPU latency: 0.0628174 ms - Host latency: 0.0628174 ms (enqueue 0.00209961 ms)
[08/27/2026-12:19:46] [I] Average on 10 runs - GPU latency: 0.0628174 ms - Host latency: 0.0628174 ms (enqueue 0.0020752 ms)
[08/27/2026-12:19:46] [I] Average on 10 runs - GPU latency: 0.062793 ms - Host latency: 0.062793 ms (enqueue 0.00205078 ms)
[08/27/2026-12:19:46] [I] Average on 10 runs - GPU latency: 0.0627197 ms - Host latency: 0.0627197 ms (enqueue 0.00217285 ms)
[08/27/2026-12:19:46] [I]
[08/27/2026-12:19:46] [I] === Performance summary ===
[08/27/2026-12:19:46] [I] Throughput: 15589.1 qps
[08/27/2026-12:19:46] [I] Latency: min = 0.0625 ms, max = 0.130371 ms, mean = 0.0627816 ms, median = 0.0627441 ms, percentile(90%) = 0.0629272 ms, percentile(95%) = 0.0629883 ms, percentile(99%) = 0.0629883 ms
[08/27/2026-12:19:46] [I] Enqueue Time: min = 0.00164795 ms, max = 0.0222168 ms, mean = 0.00201011 ms, median = 0.00195312 ms, percentile(90%) = 0.00219727 ms, percentile(95%) = 0.00219727 ms, percentile(99%) = 0.00244141 ms
[08/27/2026-12:19:46] [I] H2D Latency: min = 0 ms, max = 0 ms, mean = 0 ms, median = 0 ms, percentile(90%) = 0 ms, percentile(95%) = 0 ms, percentile(99%) = 0 ms
[08/27/2026-12:19:46] [I] GPU Compute Time: min = 0.0625 ms, max = 0.130371 ms, mean = 0.0627816 ms, median = 0.0627441 ms, percentile(90%) = 0.0629272 ms, percentile(95%) = 0.0629883 ms, percentile(99%) = 0.0629883 ms
[08/27/2026-12:19:46] [I] D2H Latency: min = 0 ms, max = 0 ms, mean = 0 ms, median = 0 ms, percentile(90%) = 0 ms, percentile(95%) = 0 ms, percentile(99%) = 0 ms
[08/27/2026-12:19:46] [I] Total Host Walltime: 3.00018 s
[08/27/2026-12:19:46] [I] Total GPU Compute Time: 2.93629 s
[08/27/2026-12:19:46] [I] Explanations of the performance metrics are printed in the verbose logs.
[08/27/2026-12:19:46] [I]
[08/27/2026-12:19:46] [I] z: (1)
[08/27/2026-12:19:46] [I] 3
[08/27/2026-12:19:46] [I] y: (1x10)
[08/27/2026-12:19:46] [I] -0.0517654 0.000403888 0.0417729 0.269791 -0.0836014 0.0483998 -0.234524 -0.0369821 -0.00060877 -0.0668423
[08/27/2026-12:19:46] [I] Dumping I/O Bindings to RAW Files:
[08/27/2026-12:19:46] [I] Writing file for output binding z (with datatype int64 and dimensions 1) to z.output.1.int64.raw
[08/27/2026-12:19:46] [I] Writing file for output binding y (with datatype fp32 and dimensions 1.10) to y.output.1.10.fp32.raw
[08/27/2026-12:19:46] [I] Writing file for input binding x (with datatype fp32 and dimensions 1.1.28.28) to x.input.1.1.28.28.fp32.raw
&&&& PASSED TensorRT.trtexec [TensorRT v110100] [b106] # trtexec --loadEngine=./model-trained.trt --dumpOutput --dumpRawBindingsToFile
