&&&& RUNNING TensorRT.trtexec [TensorRT v110100] [b106] # trtexec --onnx=/work/trt-samples-for-hackathon-cn-wili/cookbook/00-Data/model/model-trained.onnx
[08/27/2026-12:18:55] [I] === Model Options ===
[08/27/2026-12:18:55] [I] Format: ONNX
[08/27/2026-12:18:55] [I] Model: /work/trt-samples-for-hackathon-cn-wili/cookbook/00-Data/model/model-trained.onnx
[08/27/2026-12:18:55] [I] Output:
[08/27/2026-12:18:55] [I] === Build Options ===
[08/27/2026-12:18:55] [I] Memory Pools: workspace: default, dlaSRAM: default, dlaLocalDRAM: default, dlaGlobalDRAM: default, tacticSharedMem: default
[08/27/2026-12:18:55] [I] avgTiming: 8
[08/27/2026-12:18:55] [I] Precision: Strongly Typed
[08/27/2026-12:18:55] [I] Layer Device Types:
[08/27/2026-12:18:55] [I] Decomposable Attentions:
[08/27/2026-12:18:55] [I] Refit: Disabled
[08/27/2026-12:18:55] [I] Strip weights: Disabled
[08/27/2026-12:18:55] [I] Version Compatible: Disabled
[08/27/2026-12:18:55] [I] ONNX Plugin InstanceNorm: Disabled
[08/27/2026-12:18:55] [I] ONNX kENABLE_UINT8_AND_ASYMMETRIC_QUANTIZATION_DLA flag: Disabled
[08/27/2026-12:18:55] [I] ONNX kREPORT_CAPABILITY_DLA flag: Disabled
[08/27/2026-12:18:55] [I] ONNX kADJUST_FOR_DLA flag: Disabled
[08/27/2026-12:18:55] [I] ONNX kENABLE_PLUGIN_OVERRIDE flag: Disabled
[08/27/2026-12:18:55] [I] TensorRT runtime: full
[08/27/2026-12:18:55] [I] Lean DLL Path:
[08/27/2026-12:18:55] [I] Tempfile Controls: { in_memory: allow, temporary: allow }
[08/27/2026-12:18:55] [I] Exclude Lean Runtime: Disabled
[08/27/2026-12:18:55] [I] Sparsity: Disabled
[08/27/2026-12:18:55] [I] Safe mode: Disabled
[08/27/2026-12:18:55] [I] Build DLA standalone loadable: Disabled
[08/27/2026-12:18:55] [I] Allow GPU fallback for DLA: Disabled
[08/27/2026-12:18:55] [I] DirectIO mode: Disabled
[08/27/2026-12:18:55] [I] Skip inference: Disabled
[08/27/2026-12:18:55] [I] Save engine:
[08/27/2026-12:18:55] [I] Load engine:
[08/27/2026-12:18:55] [I] Profiling verbosity: 0
[08/27/2026-12:18:55] [I] Tactic sources: Using default tactic sources
[08/27/2026-12:18:55] [I] timingCacheMode: local
[08/27/2026-12:18:55] [I] timingCacheFile:
[08/27/2026-12:18:55] [I] Enable Compilation Cache: Enabled
[08/27/2026-12:18:55] [I] Enable Monitor Memory: Disabled
[08/27/2026-12:18:55] [I] CPU Only Mode: Disabled
[08/27/2026-12:18:55] [I] errorOnTimingCacheMiss: Disabled
[08/27/2026-12:18:55] [I] Preview Features: Use default preview flags.
[08/27/2026-12:18:55] [I] MaxAuxStreams: -1
[08/27/2026-12:18:55] [I] BuilderOptimizationLevel: -1
[08/27/2026-12:18:55] [I] MaxTactics: -1
[08/27/2026-12:18:55] [I] Weight Streaming: Disabled
[08/27/2026-12:18:55] [I] Runtime Platform: Same As Build
[08/27/2026-12:18:55] [I] Debug Tensors:
[08/27/2026-12:18:55] [I] Distributive Independence: Disabled
[08/27/2026-12:18:55] [I] Mark Unfused Tensors As Debug Tensors: Disabled
[08/27/2026-12:18:55] [I] Input(s)s format: CHW
[08/27/2026-12:18:55] [I] Output(s)s format: CHW
[08/27/2026-12:18:55] [I] Input build shapes: model
[08/27/2026-12:18:55] [I] === System Options ===
[08/27/2026-12:18:55] [I] Device: 0
[08/27/2026-12:18:55] [I] DLACore:
[08/27/2026-12:18:55] [I] Loaded static plugins:
[08/27/2026-12:18:55] [I] setPluginsToSerialize:
[08/27/2026-12:18:55] [I] dynamicPlugins:
[08/27/2026-12:18:55] [I] ignoreParsedPluginLibs: 0
[08/27/2026-12:18:55] [I]
[08/27/2026-12:18:55] [I] === Inference Options ===
[08/27/2026-12:18:55] [I] Batch: Explicit
[08/27/2026-12:18:55] [I] Input inference shapes: model
[08/27/2026-12:18:55] [I] Iterations: 10
[08/27/2026-12:18:55] [I] Duration: 3s (+ 200ms warm up)
[08/27/2026-12:18:55] [I] Sleep time: 0ms
[08/27/2026-12:18:55] [I] Idle time: 0ms
[08/27/2026-12:18:55] [I] Inference Streams: 1
[08/27/2026-12:18:55] [I] ExposeDMA: Disabled
[08/27/2026-12:18:55] [I] Data transfers: Disabled
[08/27/2026-12:18:55] [I] Spin-wait: Enabled
[08/27/2026-12:18:55] [I] Multithreading: Disabled
[08/27/2026-12:18:55] [I] CUDA Graph: Enabled
[08/27/2026-12:18:55] [I] Time Deserialize: Disabled
[08/27/2026-12:18:55] [I] Time Refit: Disabled
[08/27/2026-12:18:55] [I] NVTX verbosity: 0
[08/27/2026-12:18:55] [I] Persistent Cache Ratio: 0
[08/27/2026-12:18:55] [I] Optimization Profile Index: 0
[08/27/2026-12:18:55] [I] Weight Streaming Budget: 100.000000%
[08/27/2026-12:18:55] [I] Accuracy Algorithm: L0
[08/27/2026-12:18:55] [I] Absolute Tolerance (atol): 1e-05
[08/27/2026-12:18:55] [I] Relative Tolerance (rtol): 1e-05
[08/27/2026-12:18:55] [I] Inputs:
[08/27/2026-12:18:55] [I] Debug Tensor Save Destinations:
[08/27/2026-12:18:55] [I] Dump All Debug Tensor in Formats:
[08/27/2026-12:18:55] [I] === Reporting Options ===
[08/27/2026-12:18:55] [I] Verbose: Disabled
[08/27/2026-12:18:55] [I] Averages: 10 inferences
[08/27/2026-12:18:55] [I] Percentiles: 90,95,99
[08/27/2026-12:18:55] [I] Dump refittable layers:Disabled
[08/27/2026-12:18:55] [I] Dump output: Disabled
[08/27/2026-12:18:55] [I] Profile: Disabled
[08/27/2026-12:18:55] [I] Export timing to JSON file:
[08/27/2026-12:18:55] [I] Export output to JSON file:
[08/27/2026-12:18:55] [I] Export profile to JSON file:
[08/27/2026-12:18:55] [I]
[08/27/2026-12:18:55] [I] === Device Information ===
[08/27/2026-12:18:55] [I] Available Devices:
[08/27/2026-12:18:55] [I]   Device 0: "NVIDIA H100 PCIe" UUID: GPU-6b95b656-4bfb-1c8a-789d-76d749d0fe65
[08/27/2026-12:18:55] [I] Selected Device: NVIDIA H100 PCIe
[08/27/2026-12:18:55] [I] Selected Device ID: 0
[08/27/2026-12:18:55] [I] Selected Device UUID: GPU-6b95b656-4bfb-1c8a-789d-76d749d0fe65
[08/27/2026-12:18:55] [I] Compute Capability: 9.0
[08/27/2026-12:18:55] [I] SMs: 114
[08/27/2026-12:18:55] [I] Device Global Memory: 81071 MiB
[08/27/2026-12:18:55] [I] Shared Memory per SM: 228 KiB
[08/27/2026-12:18:55] [I] Memory Bus Width: 5120 bits (ECC enabled)
[08/27/2026-12:18:55] [I] Application Compute Clock Rate: 1.755 GHz
[08/27/2026-12:18:55] [I] Application Memory Clock Rate: 1.593 GHz
[08/27/2026-12:18:55] [I]
[08/27/2026-12:18:55] [I] Note: The application clock rates do not reflect the actual clock rates that the GPU is currently running at.
[08/27/2026-12:18:55] [I]
[08/27/2026-12:18:55] [I] TensorRT version: 11.1.0
[08/27/2026-12:18:55] [I] Loading standard plugins
[08/27/2026-12:18:55] [I] [TRT] [MemUsageChange] Init CUDA: CPU +0, GPU +0, now: CPU 32, GPU 458 (MiB)
[08/27/2026-12:18:56] [I] Start parsing network model.
[08/27/2026-12:18:56] [I] [TRT] ----------------------------------------------------------------
[08/27/2026-12:18:56] [I] [TRT] Input filename:   /work/trt-samples-for-hackathon-cn-wili/cookbook/00-Data/model/model-trained.onnx
[08/27/2026-12:18:56] [I] [TRT] ONNX IR version:  0.0.10
[08/27/2026-12:18:56] [I] [TRT] Opset version:    18
[08/27/2026-12:18:56] [I] [TRT] Producer name:    pytorch
[08/27/2026-12:18:56] [I] [TRT] Producer version: 2.11.0a0+a6c236b9fd.nv26.03.46836102
[08/27/2026-12:18:56] [I] [TRT] Domain:
[08/27/2026-12:18:56] [I] [TRT] Model version:    0
[08/27/2026-12:18:56] [I] [TRT] Doc string:
[08/27/2026-12:18:56] [I] [TRT] ----------------------------------------------------------------
[08/27/2026-12:18:56] [W] [TRT] ModelImporter.cpp:1047: Make sure output z has Int64 binding.
[08/27/2026-12:18:56] [I] Finished parsing network model. Parse time: 0.0171226
[08/27/2026-12:18:56] [W] Dynamic dimensions required for input: x, but no shapes were provided. Automatically overriding shape to: 1x1x28x28
[08/27/2026-12:18:56] [I] Set shape of input tensor x for optimization profile 0 to: MIN=1x1x28x28 OPT=1x1x28x28 MAX=1x1x28x28
[08/27/2026-12:18:56] [I] [TRT] [MemUsageChange] Init builder kernel library: CPU +523, GPU +10, now: CPU 770, GPU 470 (MiB)
[08/27/2026-12:18:56] [I] [TRT] Local timing cache in use. Profiling results in this builder pass will not be stored.
[08/27/2026-12:18:58] [I] [TRT] Compiler backend is used during engine build.
[08/27/2026-12:19:03] [I] [TRT] Detected 1 inputs and 2 output network tensors.
[08/27/2026-12:19:03] [I] [TRT] Total Host Persistent Memory: 18896 bytes
[08/27/2026-12:19:03] [I] [TRT] Total Device Persistent Memory: 0 bytes
[08/27/2026-12:19:03] [I] [TRT] Max Scratch Memory: 4608 bytes
[08/27/2026-12:19:03] [I] [TRT] [BlockAssignment] Started assigning block shifts. This will take 5 steps to complete.
[08/27/2026-12:19:03] [I] [TRT] [BlockAssignment] Algorithm ShiftNTopDown took 0.01937ms to assign 2 blocks to 5 nodes requiring 125440 bytes.
[08/27/2026-12:19:03] [I] [TRT] Total Activation Memory: 125440 bytes
[08/27/2026-12:19:03] [I] [TRT] Total Weights Memory: 13100672 bytes
[08/27/2026-12:19:03] [I] [TRT] Compiler backend is used during engine execution.
[08/27/2026-12:19:03] [I] [TRT] Engine generation completed in 7.23384 seconds.
[08/27/2026-12:19:03] [I] [TRT] [MemUsageStats] Peak memory usage of TRT CPU/GPU memory allocators: CPU 0 MiB, GPU 13 MiB
[08/27/2026-12:19:03] [I] Created engine with size: 12.5759 MiB
[08/27/2026-12:19:03] [I] Engine built in 7.89574 sec.
[08/27/2026-12:19:04] [I] [TRT] Loaded engine size: 12 MiB
[08/27/2026-12:19:04] [I] Engine deserialized in 0.00645578 sec.
[08/27/2026-12:19:04] [I] [TRT] [MemUsageChange] TensorRT-managed allocation in IExecutionContext creation: CPU +0, GPU +0, now: CPU 0, GPU 12 (MiB)
[08/27/2026-12:19:04] [I] Setting persistentCacheLimit to 0 bytes.
[08/27/2026-12:19:04] [I] Created execution context with device memory size: 0.119629 MiB
[08/27/2026-12:19:04] [I] Using random values for input x
[08/27/2026-12:19:04] [I] Input binding for x with dimensions 1x1x28x28 and type fp32 is created.
[08/27/2026-12:19:04] [I] Output binding for y with dimensions 1x10 and type fp32 is created.
[08/27/2026-12:19:04] [I] Output binding for z with dimensions 1 and type int64 is created.
[08/27/2026-12:19:05] [I] Starting inference
[08/27/2026-12:19:05] [I] Capturing CUDA graph for the current execution context
[08/27/2026-12:19:05] [I] Successfully captured CUDA graph for the current execution context. When profiling with Nsight Systems, add "--cuda-graph-trace=node" to the nsys command to see per-kernel execution times.
[08/27/2026-12:19:08] [I] Warmup completed 6589 queries over 200 ms
[08/27/2026-12:19:08] [I] Timing trace has 99997 queries over 3.00008 s
[08/27/2026-12:19:08] [I]
[08/27/2026-12:19:08] [I] === Trace details ===
[08/27/2026-12:19:08] [I] Trace averages of 10 runs:
[08/27/2026-12:19:08] [I] Average on 10 runs - GPU latency: 0.0288254 ms - Host latency: 0.0288254 ms (enqueue 0.0019455 ms)
[08/27/2026-12:19:08] [I] Average on 10 runs - GPU latency: 0.0287598 ms - Host latency: 0.0287598 ms (enqueue 0.00189819 ms)
[08/27/2026-12:19:08] [I] Average on 10 runs - GPU latency: 0.0287842 ms - Host latency: 0.0287842 ms (enqueue 0.0018692 ms)
[08/27/2026-12:19:08] [I] Average on 10 runs - GPU latency: 0.0287094 ms - Host latency: 0.0287094 ms (enqueue 0.00193329 ms)
[08/27/2026-12:19:08] [I] Average on 10 runs - GPU latency: 0.028746 ms - Host latency: 0.028746 ms (enqueue 0.00189667 ms)
[08/27/2026-12:19:08] [I] Average on 10 runs - GPU latency: 0.0287628 ms - Host latency: 0.0287628 ms (enqueue 0.00187378 ms)
[08/27/2026-12:19:08] [I] Average on 10 runs - GPU latency: 0.0286926 ms - Host latency: 0.0286926 ms (enqueue 0.0019455 ms)
[08/27/2026-12:19:08] [I] Average on 10 runs - GPU latency: 0.0288315 ms - Host latency: 0.0288315 ms (enqueue 0.00193176 ms)
[08/27/2026-12:19:08] [I] Average on 10 runs - GPU latency: 0.0287186 ms - Host latency: 0.0287186 ms (enqueue 0.0019104 ms)
[08/27/2026-12:19:08] [I] Average on 10 runs - GPU latency: 0.0287598 ms - Host latency: 0.0287598 ms (enqueue 0.00188293 ms)
[08/27/2026-12:19:08] [I] Average on 10 runs - GPU latency: 0.0288071 ms - Host latency: 0.0288071 ms (enqueue 0.00193787 ms)
[08/27/2026-12:19:08] [I] Average on 10 runs - GPU latency: 0.0287109 ms - Host latency: 0.0287109 ms (enqueue 0.00198059 ms)
[08/27/2026-12:19:08] [I] Average on 10 runs - GPU latency: 0.0287567 ms - Host latency: 0.0287567 ms (enqueue 0.00189514 ms)
[08/27/2026-12:19:08] [I] Average on 10 runs - GPU latency: 0.0287872 ms - Host latency: 0.0287872 ms (enqueue 0.00192871 ms)
[08/27/2026-12:19:08] [I] Average on 10 runs - GPU latency: 0.0287674 ms - Host latency: 0.0287674 ms (enqueue 0.0019165 ms)
[08/27/2026-12:19:08] [I] Average on 10 runs - GPU latency: 0.0287704 ms - Host latency: 0.0287704 ms (enqueue 0.00189819 ms)
[08/27/2026-12:19:08] [I] Average on 10 runs - GPU latency: 0.028714 ms - Host latency: 0.028714 ms (enqueue 0.00188904 ms)
[08/27/2026-12:19:08] [I] Average on 10 runs - GPU latency: 0.0287247 ms - Host latency: 0.0287247 ms (enqueue 0.00197601 ms)
[08/27/2026-12:19:08] [I] Average on 10 runs - GPU latency: 0.0287216 ms - Host latency: 0.0287216 ms (enqueue 0.00190735 ms)
[08/27/2026-12:19:08] [I] Average on 10 runs - GPU latency: 0.028717 ms - Host latency: 0.028717 ms (enqueue 0.00186615 ms)
[08/27/2026-12:19:08] [I] Average on 10 runs - GPU latency: 0.0287552 ms - Host latency: 0.0287552 ms (enqueue 0.00187988 ms)
[08/27/2026-12:19:08] [I] Average on 10 runs - GPU latency: 0.0287598 ms - Host latency: 0.0287598 ms (enqueue 0.00195007 ms)
[08/27/2026-12:19:08] [I] Average on 10 runs - GPU latency: 0.0286896 ms - Host latency: 0.0286896 ms (enqueue 0.00192413 ms)
[08/27/2026-12:19:08] [I] Average on 10 runs - GPU latency: 0.0287384 ms - Host latency: 0.0287384 ms (enqueue 0.00191345 ms)
[08/27/2026-12:19:08] [I] Average on 10 runs - GPU latency: 0.0287613 ms - Host latency: 0.0287613 ms (enqueue 0.00193329 ms)
[08/27/2026-12:19:08] [I] Average on 10 runs - GPU latency: 0.028746 ms - Host latency: 0.028746 ms (enqueue 0.00192566 ms)
[08/27/2026-12:19:08] [I] Average on 10 runs - GPU latency: 0.0287308 ms - Host latency: 0.0287308 ms (enqueue 0.00193939 ms)
[08/27/2026-12:19:08] [I] Average on 10 runs - GPU latency: 0.0287598 ms - Host latency: 0.0287598 ms (enqueue 0.00187683 ms)
[08/27/2026-12:19:08] [I] Average on 10 runs - GPU latency: 0.0287399 ms - Host latency: 0.0287399 ms (enqueue 0.00192413 ms)
[08/27/2026-12:19:08] [I] Average on 10 runs - GPU latency: 0.0287704 ms - Host latency: 0.0287704 ms (enqueue 0.00187836 ms)
[08/27/2026-12:19:08] [I] Average on 10 runs - GPU latency: 0.0287567 ms - Host latency: 0.0287567 ms (enqueue 0.0019516 ms)
[08/27/2026-12:19:08] [I] Average on 10 runs - GPU latency: 0.028775 ms - Host latency: 0.028775 ms (enqueue 0.00190277 ms)
[08/27/2026-12:19:08] [I] Average on 10 runs - GPU latency: 0.0287689 ms - Host latency: 0.0287689 ms (enqueue 0.00187836 ms)
[08/27/2026-12:19:08] [I] Average on 10 runs - GPU latency: 0.0287704 ms - Host latency: 0.0287704 ms (enqueue 0.00190887 ms)
[08/27/2026-12:19:08] [I] Average on 10 runs - GPU latency: 0.0287643 ms - Host latency: 0.0287643 ms (enqueue 0.00194244 ms)
[08/27/2026-12:19:08] [I] Average on 10 runs - GPU latency: 0.0286972 ms - Host latency: 0.0286972 ms (enqueue 0.00187836 ms)
[08/27/2026-12:19:08] [I] Average on 10 runs - GPU latency: 0.0287811 ms - Host latency: 0.0287811 ms (enqueue 0.00187836 ms)
[08/27/2026-12:19:08] [I] Average on 10 runs - GPU latency: 0.028746 ms - Host latency: 0.028746 ms (enqueue 0.00188904 ms)
[08/27/2026-12:19:08] [I] Average on 10 runs - GPU latency: 0.028714 ms - Host latency: 0.028714 ms (enqueue 0.00191345 ms)
[08/27/2026-12:19:08] [I] Average on 10 runs - GPU latency: 0.0287323 ms - Host latency: 0.0287323 ms (enqueue 0.0019043 ms)
[08/27/2026-12:19:08] [I] Average on 10 runs - GPU latency: 0.0287933 ms - Host latency: 0.0287933 ms (enqueue 0.00186157 ms)
[08/27/2026-12:19:08] [I] Average on 10 runs - GPU latency: 0.0287186 ms - Host latency: 0.0287186 ms (enqueue 0.00190735 ms)
[08/27/2026-12:19:08] [I] Average on 10 runs - GPU latency: 0.0287811 ms - Host latency: 0.0287811 ms (enqueue 0.0018631 ms)
[08/27/2026-12:19:08] [I] Average on 10 runs - GPU latency: 0.0287537 ms - Host latency: 0.0287537 ms (enqueue 0.00194855 ms)
[08/27/2026-12:19:08] [I] Average on 10 runs - GPU latency: 0.0287354 ms - Host latency: 0.0287354 ms (enqueue 0.00188293 ms)
[08/27/2026-12:19:08] [I] Average on 10 runs - GPU latency: 0.0287491 ms - Host latency: 0.0287491 ms (enqueue 0.00189209 ms)
[08/27/2026-12:19:08] [I] Average on 10 runs - GPU latency: 0.0287292 ms - Host latency: 0.0287292 ms (enqueue 0.00189819 ms)
[08/27/2026-12:19:08] [I] Average on 10 runs - GPU latency: 0.0287308 ms - Host latency: 0.0287308 ms (enqueue 0.00190582 ms)
[08/27/2026-12:19:08] [I] Average on 10 runs - GPU latency: 0.0287338 ms - Host latency: 0.0287338 ms (enqueue 0.00188751 ms)
[08/27/2026-12:19:08] [I] Average on 10 runs - GPU latency: 0.0286957 ms - Host latency: 0.0286957 ms (enqueue 0.00192566 ms)
[08/27/2026-12:19:08] [I] Average on 10 runs - GPU latency: 0.0287384 ms - Host latency: 0.0287384 ms (enqueue 0.00197601 ms)
[08/27/2026-12:19:08] [I] Average on 10 runs - GPU latency: 0.0287308 ms - Host latency: 0.0287308 ms (enqueue 0.00189667 ms)
[08/27/2026-12:19:08] [I] Average on 10 runs - GPU latency: 0.0287109 ms - Host latency: 0.0287109 ms (enqueue 0.00192719 ms)
[08/27/2026-12:19:08] [I] Average on 10 runs - GPU latency: 0.028746 ms - Host latency: 0.028746 ms (enqueue 0.00229492 ms)
[08/27/2026-12:19:08] [I] Average on 10 runs - GPU latency: 0.0286987 ms - Host latency: 0.0286987 ms (enqueue 0.00193939 ms)
[08/27/2026-12:19:08] [I] Average on 10 runs - GPU latency: 0.0287369 ms - Host latency: 0.0287369 ms (enqueue 0.00190125 ms)
[08/27/2026-12:19:08] [I] Average on 10 runs - GPU latency: 0.028743 ms - Host latency: 0.028743 ms (enqueue 0.00189819 ms)
[08/27/2026-12:19:08] [I] Average on 10 runs - GPU latency: 0.0287827 ms - Host latency: 0.0287827 ms (enqueue 0.0019043 ms)
[08/27/2026-12:19:08] [I] Average on 10 runs - GPU latency: 0.0287445 ms - Host latency: 0.0287445 ms (enqueue 0.00190277 ms)
[08/27/2026-12:19:08] [I] Average on 10 runs - GPU latency: 0.0286926 ms - Host latency: 0.0286926 ms (enqueue 0.00193329 ms)
[08/27/2026-12:19:08] [I] Average on 10 runs - GPU latency: 0.0287979 ms - Host latency: 0.0287979 ms (enqueue 0.00188446 ms)
[08/27/2026-12:19:08] [I] Average on 10 runs - GPU latency: 0.0287598 ms - Host latency: 0.0287598 ms (enqueue 0.00190735 ms)
[08/27/2026-12:19:08] [I] Average on 10 runs - GPU latency: 0.0287796 ms - Host latency: 0.0287796 ms (enqueue 0.00191956 ms)
[08/27/2026-12:19:08] [I] Average on 10 runs - GPU latency: 0.0287643 ms - Host latency: 0.0287643 ms (enqueue 0.0019516 ms)
[08/27/2026-12:19:08] [I] Average on 10 runs - GPU latency: 0.0287247 ms - Host latency: 0.0287247 ms (enqueue 0.00185852 ms)
[08/27/2026-12:19:08] [I] Average on 10 runs - GPU latency: 0.0286697 ms - Host latency: 0.0286697 ms (enqueue 0.00190125 ms)
[08/27/2026-12:19:08] [I] Average on 10 runs - GPU latency: 0.028743 ms - Host latency: 0.028743 ms (enqueue 0.00187073 ms)
[08/27/2026-12:19:08] [I] Average on 10 runs - GPU latency: 0.0287659 ms - Host latency: 0.0287659 ms (enqueue 0.00193634 ms)
[08/27/2026-12:19:08] [I] Average on 10 runs - GPU latency: 0.028746 ms - Host latency: 0.028746 ms (enqueue 0.00192261 ms)
[08/27/2026-12:19:08] [I] Average on 10 runs - GPU latency: 0.0287277 ms - Host latency: 0.0287277 ms (enqueue 0.00192261 ms)
[08/27/2026-12:19:08] [I] Average on 10 runs - GPU latency: 0.0287994 ms - Host latency: 0.0287994 ms (enqueue 0.00189514 ms)
[08/27/2026-12:19:08] [I] Average on 10 runs - GPU latency: 0.028743 ms - Host latency: 0.028743 ms (enqueue 0.00193481 ms)
[08/27/2026-12:19:08] [I] Average on 10 runs - GPU latency: 0.0287094 ms - Host latency: 0.0287094 ms (enqueue 0.00188599 ms)
[08/27/2026-12:19:08] [I] Average on 10 runs - GPU latency: 0.0287384 ms - Host latency: 0.0287384 ms (enqueue 0.00192108 ms)
[08/27/2026-12:19:08] [I] Average on 10 runs - GPU latency: 0.0287399 ms - Host latency: 0.0287399 ms (enqueue 0.00186768 ms)
[08/27/2026-12:19:08] [I] Average on 10 runs - GPU latency: 0.0287186 ms - Host latency: 0.0287186 ms (enqueue 0.00192719 ms)
[08/27/2026-12:19:08] [I] Average on 10 runs - GPU latency: 0.0287384 ms - Host latency: 0.0287384 ms (enqueue 0.00193939 ms)
[08/27/2026-12:19:08] [I] Average on 10 runs - GPU latency: 0.0288101 ms - Host latency: 0.0288101 ms (enqueue 0.00189362 ms)
[08/27/2026-12:19:08] [I] Average on 10 runs - GPU latency: 0.0287308 ms - Host latency: 0.0287308 ms (enqueue 0.00187531 ms)
[08/27/2026-12:19:08] [I] Average on 10 runs - GPU latency: 0.028717 ms - Host latency: 0.028717 ms (enqueue 0.0019104 ms)
[08/27/2026-12:19:08] [I] Average on 10 runs - GPU latency: 0.0288101 ms - Host latency: 0.0288101 ms (enqueue 0.00193787 ms)
[08/27/2026-12:19:08] [I] Average on 10 runs - GPU latency: 0.028772 ms - Host latency: 0.028772 ms (enqueue 0.0019043 ms)
[08/27/2026-12:19:08] [I] Average on 10 runs - GPU latency: 0.0287659 ms - Host latency: 0.0287659 ms (enqueue 0.00188751 ms)
[08/27/2026-12:19:08] [I] Average on 10 runs - GPU latency: 0.0287964 ms - Host latency: 0.0287964 ms (enqueue 0.00193787 ms)
[08/27/2026-12:19:08] [I] Average on 10 runs - GPU latency: 0.028801 ms - Host latency: 0.028801 ms (enqueue 0.00188293 ms)
[08/27/2026-12:19:08] [I] Average on 10 runs - GPU latency: 0.028743 ms - Host latency: 0.028743 ms (enqueue 0.00186615 ms)
[08/27/2026-12:19:08] [I] Average on 10 runs - GPU latency: 0.0287338 ms - Host latency: 0.0287338 ms (enqueue 0.00194397 ms)
[08/27/2026-12:19:08] [I] Average on 10 runs - GPU latency: 0.0287766 ms - Host latency: 0.0287766 ms (enqueue 0.0019165 ms)
[08/27/2026-12:19:08] [I] Average on 10 runs - GPU latency: 0.0287399 ms - Host latency: 0.0287399 ms (enqueue 0.00189514 ms)
[08/27/2026-12:19:08] [I] Average on 10 runs - GPU latency: 0.0287506 ms - Host latency: 0.0287506 ms (enqueue 0.00190735 ms)
[08/27/2026-12:19:08] [I] Average on 10 runs - GPU latency: 0.0288101 ms - Host latency: 0.0288101 ms (enqueue 0.00246124 ms)
[08/27/2026-12:19:08] [I] Average on 10 runs - GPU latency: 0.0287704 ms - Host latency: 0.0287704 ms (enqueue 0.00191803 ms)
[08/27/2026-12:19:08] [I] Average on 10 runs - GPU latency: 0.0287659 ms - Host latency: 0.0287659 ms (enqueue 0.00189362 ms)
[08/27/2026-12:19:08] [I] Average on 10 runs - GPU latency: 0.0287613 ms - Host latency: 0.0287613 ms (enqueue 0.0019104 ms)
[08/27/2026-12:19:08] [I] Average on 10 runs - GPU latency: 0.0286926 ms - Host latency: 0.0286926 ms (enqueue 0.0019165 ms)
[08/27/2026-12:19:08] [I] Average on 10 runs - GPU latency: 0.0287888 ms - Host latency: 0.0287888 ms (enqueue 0.00189514 ms)
[08/27/2026-12:19:08] [I] Average on 10 runs - GPU latency: 0.0287598 ms - Host latency: 0.0287598 ms (enqueue 0.00188446 ms)
[08/27/2026-12:19:08] [I] Average on 10 runs - GPU latency: 0.0287766 ms - Host latency: 0.0287766 ms (enqueue 0.00191193 ms)
[08/27/2026-12:19:08] [I] Average on 10 runs - GPU latency: 0.028743 ms - Host latency: 0.028743 ms (enqueue 0.00190125 ms)
[08/27/2026-12:19:08] [I] Average on 10 runs - GPU latency: 0.0287781 ms - Host latency: 0.0287781 ms (enqueue 0.00189819 ms)
[08/27/2026-12:19:08] [I] Average on 10 runs - GPU latency: 0.0287506 ms - Host latency: 0.0287506 ms (enqueue 0.00194702 ms)
[08/27/2026-12:19:08] [I] Average on 10 runs - GPU latency: 0.0287613 ms - Host latency: 0.0287613 ms (enqueue 0.0019165 ms)
[08/27/2026-12:19:08] [I] Average on 10 runs - GPU latency: 0.0287384 ms - Host latency: 0.0287384 ms (enqueue 0.00187378 ms)
[08/27/2026-12:19:08] [I] Average on 10 runs - GPU latency: 0.0287796 ms - Host latency: 0.0287796 ms (enqueue 0.00192566 ms)
[08/27/2026-12:19:08] [I] Average on 10 runs - GPU latency: 0.0286774 ms - Host latency: 0.0286774 ms (enqueue 0.00187988 ms)
[08/27/2026-12:19:08] [I] Average on 10 runs - GPU latency: 0.0287842 ms - Host latency: 0.0287842 ms (enqueue 0.00189209 ms)
[08/27/2026-12:19:08] [I] Average on 10 runs - GPU latency: 0.0287323 ms - Host latency: 0.0287323 ms (enqueue 0.0019043 ms)
[08/27/2026-12:19:08] [I] Average on 10 runs - GPU latency: 0.0287369 ms - Host latency: 0.0287369 ms (enqueue 0.0019104 ms)
[08/27/2026-12:19:08] [I] Average on 10 runs - GPU latency: 0.0287537 ms - Host latency: 0.0287537 ms (enqueue 0.00191956 ms)
[08/27/2026-12:19:08] [I] Average on 10 runs - GPU latency: 0.0287308 ms - Host latency: 0.0287308 ms (enqueue 0.00191193 ms)
[08/27/2026-12:19:08] [I] Average on 10 runs - GPU latency: 0.0288254 ms - Host latency: 0.0288254 ms (enqueue 0.0019165 ms)
[08/27/2026-12:19:08] [I] Average on 10 runs - GPU latency: 0.028688 ms - Host latency: 0.028688 ms (enqueue 0.00189514 ms)
[08/27/2026-12:19:08] [I] Average on 10 runs - GPU latency: 0.0287521 ms - Host latency: 0.0287521 ms (enqueue 0.00190277 ms)
[08/27/2026-12:19:08] [I] Average on 10 runs - GPU latency: 0.028717 ms - Host latency: 0.028717 ms (enqueue 0.00187073 ms)
[08/27/2026-12:19:08] [I] Average on 10 runs - GPU latency: 0.0287384 ms - Host latency: 0.0287384 ms (enqueue 0.00191498 ms)
[08/27/2026-12:19:08] [I] Average on 10 runs - GPU latency: 0.0287308 ms - Host latency: 0.0287308 ms (enqueue 0.00189056 ms)
[08/27/2026-12:19:08] [I] Average on 10 runs - GPU latency: 0.0287628 ms - Host latency: 0.0287628 ms (enqueue 0.00190735 ms)
[08/27/2026-12:19:08] [I] Average on 10 runs - GPU latency: 0.0287598 ms - Host latency: 0.0287598 ms (enqueue 0.0019165 ms)
[08/27/2026-12:19:08] [I] Average on 10 runs - GPU latency: 0.0287308 ms - Host latency: 0.0287308 ms (enqueue 0.00192413 ms)
[08/27/2026-12:19:08] [I] Average on 10 runs - GPU latency: 0.0288239 ms - Host latency: 0.0288239 ms (enqueue 0.00192108 ms)
[08/27/2026-12:19:08] [I] Average on 10 runs - GPU latency: 0.0287552 ms - Host latency: 0.0287552 ms (enqueue 0.00187378 ms)
[08/27/2026-12:19:08] [I] Average on 10 runs - GPU latency: 0.0287704 ms - Host latency: 0.0287704 ms (enqueue 0.00187073 ms)
[08/27/2026-12:19:08] [I] Average on 10 runs - GPU latency: 0.0287796 ms - Host latency: 0.0287796 ms (enqueue 0.00191498 ms)
[08/27/2026-12:19:08] [I] Average on 10 runs - GPU latency: 0.0287918 ms - Host latency: 0.0287918 ms (enqueue 0.0019516 ms)
[08/27/2026-12:19:08] [I] Average on 10 runs - GPU latency: 0.028775 ms - Host latency: 0.028775 ms (enqueue 0.00188904 ms)
[08/27/2026-12:19:08] [I] Average on 10 runs - GPU latency: 0.0288116 ms - Host latency: 0.0288116 ms (enqueue 0.00190582 ms)
[08/27/2026-12:19:08] [I] Average on 10 runs - GPU latency: 0.0287369 ms - Host latency: 0.0287369 ms (enqueue 0.0019577 ms)
[08/27/2026-12:19:08] [I] Average on 10 runs - GPU latency: 0.0288162 ms - Host latency: 0.0288162 ms (enqueue 0.00188446 ms)
[08/27/2026-12:19:08] [I] Average on 10 runs - GPU latency: 0.0286896 ms - Host latency: 0.0286896 ms (enqueue 0.0019165 ms)
[08/27/2026-12:19:08] [I] Average on 10 runs - GPU latency: 0.028743 ms - Host latency: 0.028743 ms (enqueue 0.00192566 ms)
[08/27/2026-12:19:08] [I] Average on 10 runs - GPU latency: 0.0287979 ms - Host latency: 0.0287979 ms (enqueue 0.00195923 ms)
[08/27/2026-12:19:08] [I] Average on 10 runs - GPU latency: 0.0287781 ms - Host latency: 0.0287781 ms (enqueue 0.00187073 ms)
[08/27/2026-12:19:08] [I] Average on 10 runs - GPU latency: 0.0287384 ms - Host latency: 0.0287384 ms (enqueue 0.00187225 ms)
[08/27/2026-12:19:08] [I] Average on 10 runs - GPU latency: 0.0287109 ms - Host latency: 0.0287109 ms (enqueue 0.00192871 ms)
[08/27/2026-12:19:08] [I] Average on 10 runs - GPU latency: 0.0286743 ms - Host latency: 0.0286743 ms (enqueue 0.00187683 ms)
[08/27/2026-12:19:08] [I] Average on 10 runs - GPU latency: 0.0287476 ms - Host latency: 0.0287476 ms (enqueue 0.00187073 ms)
[08/27/2026-12:19:08] [I] Average on 10 runs - GPU latency: 0.0287125 ms - Host latency: 0.0287125 ms (enqueue 0.002005 ms)
[08/27/2026-12:19:08] [I] Average on 10 runs - GPU latency: 0.0287079 ms - Host latency: 0.0287079 ms (enqueue 0.00186768 ms)
[08/27/2026-12:19:08] [I] Average on 10 runs - GPU latency: 0.0287048 ms - Host latency: 0.0287048 ms (enqueue 0.00192413 ms)
[08/27/2026-12:19:08] [I] Average on 10 runs - GPU latency: 0.0287659 ms - Host latency: 0.0287659 ms (enqueue 0.00195923 ms)
[08/27/2026-12:19:08] [I] Average on 10 runs - GPU latency: 0.0287338 ms - Host latency: 0.0287338 ms (enqueue 0.00196075 ms)
[08/27/2026-12:19:08] [I] Average on 10 runs - GPU latency: 0.0287094 ms - Host latency: 0.0287094 ms (enqueue 0.00187531 ms)
[08/27/2026-12:19:08] [I] Average on 10 runs - GPU latency: 0.0287231 ms - Host latency: 0.0287231 ms (enqueue 0.00195312 ms)
[08/27/2026-12:19:08] [I] Average on 10 runs - GPU latency: 0.0287415 ms - Host latency: 0.0287415 ms (enqueue 0.00198517 ms)
[08/27/2026-12:19:08] [I] Average on 10 runs - GPU latency: 0.028772 ms - Host latency: 0.028772 ms (enqueue 0.00185852 ms)
[08/27/2026-12:19:08] [I] Average on 10 runs - GPU latency: 0.0287094 ms - Host latency: 0.0287094 ms (enqueue 0.00190125 ms)
[08/27/2026-12:19:08] [I] Average on 10 runs - GPU latency: 0.0287292 ms - Host latency: 0.0287292 ms (enqueue 0.00191345 ms)
[08/27/2026-12:19:08] [I] Average on 10 runs - GPU latency: 0.0287247 ms - Host latency: 0.0287247 ms (enqueue 0.00191345 ms)
[08/27/2026-12:19:08] [I] Average on 10 runs - GPU latency: 0.0287216 ms - Host latency: 0.0287216 ms (enqueue 0.00185852 ms)
[08/27/2026-12:19:08] [I] Average on 10 runs - GPU latency: 0.0287628 ms - Host latency: 0.0287628 ms (enqueue 0.00190125 ms)
[08/27/2026-12:19:08] [I] Average on 10 runs - GPU latency: 0.0287537 ms - Host latency: 0.0287537 ms (enqueue 0.0019043 ms)
[08/27/2026-12:19:08] [I] Average on 10 runs - GPU latency: 0.0287247 ms - Host latency: 0.0287247 ms (enqueue 0.00187073 ms)
[08/27/2026-12:19:08] [I] Average on 10 runs - GPU latency: 0.0287369 ms - Host latency: 0.0287369 ms (enqueue 0.00193634 ms)
[08/27/2026-12:19:08] [I] Average on 10 runs - GPU latency: 0.0287521 ms - Host latency: 0.0287521 ms (enqueue 0.00195465 ms)
[08/27/2026-12:19:08] [I] Average on 10 runs - GPU latency: 0.0287613 ms - Host latency: 0.0287613 ms (enqueue 0.00188599 ms)
[08/27/2026-12:19:08] [I] Average on 10 runs - GPU latency: 0.0287811 ms - Host latency: 0.0287811 ms (enqueue 0.00199738 ms)
[08/27/2026-12:19:08] [I] Average on 10 runs - GPU latency: 0.0287735 ms - Host latency: 0.0287735 ms (enqueue 0.00186005 ms)
[08/27/2026-12:19:08] [I] Average on 10 runs - GPU latency: 0.0287399 ms - Host latency: 0.0287399 ms (enqueue 0.00189667 ms)
[08/27/2026-12:19:08] [I] Average on 10 runs - GPU latency: 0.0287292 ms - Host latency: 0.0287292 ms (enqueue 0.00193939 ms)
[08/27/2026-12:19:08] [I] Average on 10 runs - GPU latency: 0.0287292 ms - Host latency: 0.0287292 ms (enqueue 0.00185089 ms)
[08/27/2026-12:19:08] [I] Average on 10 runs - GPU latency: 0.0288391 ms - Host latency: 0.0288391 ms (enqueue 0.00202942 ms)
[08/27/2026-12:19:08] [I] Average on 10 runs - GPU latency: 0.0287659 ms - Host latency: 0.0287659 ms (enqueue 0.00188293 ms)
[08/27/2026-12:19:08] [I] Average on 10 runs - GPU latency: 0.0288361 ms - Host latency: 0.0288361 ms (enqueue 0.00191193 ms)
[08/27/2026-12:19:08] [I] Average on 10 runs - GPU latency: 0.0287125 ms - Host latency: 0.0287125 ms (enqueue 0.00185852 ms)
[08/27/2026-12:19:08] [I] Average on 10 runs - GPU latency: 0.0287323 ms - Host latency: 0.0287323 ms (enqueue 0.0018692 ms)
[08/27/2026-12:19:08] [I] Average on 10 runs - GPU latency: 0.0287354 ms - Host latency: 0.0287354 ms (enqueue 0.00187073 ms)
[08/27/2026-12:19:08] [I] Average on 10 runs - GPU latency: 0.0287567 ms - Host latency: 0.0287567 ms (enqueue 0.00192413 ms)
[08/27/2026-12:19:08] [I] Average on 10 runs - GPU latency: 0.0287216 ms - Host latency: 0.0287216 ms (enqueue 0.00188446 ms)
[08/27/2026-12:19:08] [I] Average on 10 runs - GPU latency: 0.0287262 ms - Host latency: 0.0287262 ms (enqueue 0.00189667 ms)
[08/27/2026-12:19:08] [I] Average on 10 runs - GPU latency: 0.0288116 ms - Host latency: 0.0288116 ms (enqueue 0.00191803 ms)
[08/27/2026-12:19:08] [I] Average on 10 runs - GPU latency: 0.028746 ms - Host latency: 0.028746 ms (enqueue 0.00191193 ms)
[08/27/2026-12:19:08] [I] Average on 10 runs - GPU latency: 0.0287308 ms - Host latency: 0.0287308 ms (enqueue 0.00188293 ms)
[08/27/2026-12:19:08] [I] Average on 10 runs - GPU latency: 0.0287949 ms - Host latency: 0.0287949 ms (enqueue 0.00189667 ms)
[08/27/2026-12:19:08] [I] Average on 10 runs - GPU latency: 0.0287216 ms - Host latency: 0.0287216 ms (enqueue 0.00189056 ms)
[08/27/2026-12:19:08] [I] Average on 10 runs - GPU latency: 0.0287643 ms - Host latency: 0.0287643 ms (enqueue 0.00187988 ms)
[08/27/2026-12:19:08] [I] Average on 10 runs - GPU latency: 0.028685 ms - Host latency: 0.028685 ms (enqueue 0.00186615 ms)
[08/27/2026-12:19:08] [I] Average on 10 runs - GPU latency: 0.028743 ms - Host latency: 0.028743 ms (enqueue 0.00191345 ms)
[08/27/2026-12:19:08] [I] Average on 10 runs - GPU latency: 0.0287048 ms - Host latency: 0.0287048 ms (enqueue 0.00187683 ms)
[08/27/2026-12:19:08] [I] Average on 10 runs - GPU latency: 0.0287186 ms - Host latency: 0.0287186 ms (enqueue 0.00185547 ms)
[08/27/2026-12:19:08] [I] Average on 10 runs - GPU latency: 0.0287506 ms - Host latency: 0.0287506 ms (enqueue 0.00188446 ms)
[08/27/2026-12:19:08] [I] Average on 10 runs - GPU latency: 0.0287704 ms - Host latency: 0.0287704 ms (enqueue 0.00189514 ms)
[08/27/2026-12:19:08] [I] Average on 10 runs - GPU latency: 0.0287491 ms - Host latency: 0.0287491 ms (enqueue 0.00188904 ms)
[08/27/2026-12:19:08] [I] Average on 10 runs - GPU latency: 0.0288895 ms - Host latency: 0.0288895 ms (enqueue 0.00262756 ms)
[08/27/2026-12:19:08] [I] Average on 10 runs - GPU latency: 0.0287491 ms - Host latency: 0.0287491 ms (enqueue 0.00187836 ms)
[08/27/2026-12:19:08] [I] Average on 10 runs - GPU latency: 0.0287323 ms - Host latency: 0.0287323 ms (enqueue 0.00188446 ms)
[08/27/2026-12:19:08] [I] Average on 10 runs - GPU latency: 0.0287552 ms - Host latency: 0.0287552 ms (enqueue 0.0019104 ms)
[08/27/2026-12:19:08] [I] Average on 10 runs - GPU latency: 0.0286896 ms - Host latency: 0.0286896 ms (enqueue 0.00186462 ms)
[08/27/2026-12:19:08] [I] Average on 10 runs - GPU latency: 0.0287201 ms - Host latency: 0.0287201 ms (enqueue 0.00194702 ms)
[08/27/2026-12:19:08] [I] Average on 10 runs - GPU latency: 0.0286652 ms - Host latency: 0.0286652 ms (enqueue 0.00189209 ms)
[08/27/2026-12:19:08] [I] Average on 10 runs - GPU latency: 0.0287781 ms - Host latency: 0.0287781 ms (enqueue 0.00190125 ms)
[08/27/2026-12:19:08] [I] Average on 10 runs - GPU latency: 0.0287598 ms - Host latency: 0.0287598 ms (enqueue 0.00187988 ms)
[08/27/2026-12:19:08] [I] Average on 10 runs - GPU latency: 0.0287567 ms - Host latency: 0.0287567 ms (enqueue 0.00188904 ms)
[08/27/2026-12:19:08] [I] Average on 10 runs - GPU latency: 0.0287567 ms - Host latency: 0.0287567 ms (enqueue 0.00193176 ms)
[08/27/2026-12:19:08] [I] Average on 10 runs - GPU latency: 0.0287201 ms - Host latency: 0.0287201 ms (enqueue 0.00187683 ms)
[08/27/2026-12:19:08] [I] Average on 10 runs - GPU latency: 0.0287048 ms - Host latency: 0.0287048 ms (enqueue 0.0019104 ms)
[08/27/2026-12:19:08] [I] Average on 10 runs - GPU latency: 0.0287659 ms - Host latency: 0.0287659 ms (enqueue 0.00184326 ms)
[08/27/2026-12:19:08] [I] Average on 10 runs - GPU latency: 0.02883 ms - Host latency: 0.02883 ms (enqueue 0.00190735 ms)
[08/27/2026-12:19:08] [I] Average on 10 runs - GPU latency: 0.0286865 ms - Host latency: 0.0286865 ms (enqueue 0.00188904 ms)
[08/27/2026-12:19:08] [I] Average on 10 runs - GPU latency: 0.0287323 ms - Host latency: 0.0287323 ms (enqueue 0.00193481 ms)
[08/27/2026-12:19:08] [I] Average on 10 runs - GPU latency: 0.0287689 ms - Host latency: 0.0287689 ms (enqueue 0.00194702 ms)
[08/27/2026-12:19:08] [I] ... Omitting 95997 lines
[08/27/2026-12:19:08] [I] Average on 10 runs - GPU latency: 0.0284424 ms - Host latency: 0.0284424 ms (enqueue 0.00214844 ms)
[08/27/2026-12:19:08] [I] Average on 10 runs - GPU latency: 0.0284668 ms - Host latency: 0.0284668 ms (enqueue 0.00212402 ms)
[08/27/2026-12:19:08] [I] Average on 10 runs - GPU latency: 0.0284912 ms - Host latency: 0.0284912 ms (enqueue 0.00205078 ms)
[08/27/2026-12:19:08] [I] Average on 10 runs - GPU latency: 0.02854 ms - Host latency: 0.02854 ms (enqueue 0.00205078 ms)
[08/27/2026-12:19:08] [I] Average on 10 runs - GPU latency: 0.0286133 ms - Host latency: 0.0286133 ms (enqueue 0.0020752 ms)
[08/27/2026-12:19:08] [I] Average on 10 runs - GPU latency: 0.0284668 ms - Host latency: 0.0284668 ms (enqueue 0.0020752 ms)
[08/27/2026-12:19:08] [I] Average on 10 runs - GPU latency: 0.0284668 ms - Host latency: 0.0284668 ms (enqueue 0.00209961 ms)
[08/27/2026-12:19:08] [I] Average on 10 runs - GPU latency: 0.0284668 ms - Host latency: 0.0284668 ms (enqueue 0.00209961 ms)
[08/27/2026-12:19:08] [I] Average on 10 runs - GPU latency: 0.0286133 ms - Host latency: 0.0286133 ms (enqueue 0.00251465 ms)
[08/27/2026-12:19:08] [I] Average on 10 runs - GPU latency: 0.028418 ms - Host latency: 0.028418 ms (enqueue 0.00217285 ms)
[08/27/2026-12:19:08] [I] Average on 10 runs - GPU latency: 0.0284424 ms - Host latency: 0.0284424 ms (enqueue 0.00209961 ms)
[08/27/2026-12:19:08] [I] Average on 10 runs - GPU latency: 0.0285645 ms - Host latency: 0.0285645 ms (enqueue 0.0020752 ms)
[08/27/2026-12:19:08] [I] Average on 10 runs - GPU latency: 0.0285645 ms - Host latency: 0.0285645 ms (enqueue 0.00209961 ms)
[08/27/2026-12:19:08] [I] Average on 10 runs - GPU latency: 0.0285645 ms - Host latency: 0.0285645 ms (enqueue 0.00212402 ms)
[08/27/2026-12:19:08] [I] Average on 10 runs - GPU latency: 0.0285156 ms - Host latency: 0.0285156 ms (enqueue 0.0020752 ms)
[08/27/2026-12:19:08] [I] Average on 10 runs - GPU latency: 0.0284912 ms - Host latency: 0.0284912 ms (enqueue 0.00209961 ms)
[08/27/2026-12:19:08] [I] Average on 10 runs - GPU latency: 0.0284912 ms - Host latency: 0.0284912 ms (enqueue 0.00212402 ms)
[08/27/2026-12:19:08] [I] Average on 10 runs - GPU latency: 0.02854 ms - Host latency: 0.02854 ms (enqueue 0.00212402 ms)
[08/27/2026-12:19:08] [I] Average on 10 runs - GPU latency: 0.0286377 ms - Host latency: 0.0286377 ms (enqueue 0.00219727 ms)
[08/27/2026-12:19:08] [I] Average on 10 runs - GPU latency: 0.0285156 ms - Host latency: 0.0285156 ms (enqueue 0.00209961 ms)
[08/27/2026-12:19:08] [I] Average on 10 runs - GPU latency: 0.02854 ms - Host latency: 0.02854 ms (enqueue 0.00212402 ms)
[08/27/2026-12:19:08] [I] Average on 10 runs - GPU latency: 0.0284912 ms - Host latency: 0.0284912 ms (enqueue 0.00214844 ms)
[08/27/2026-12:19:08] [I] Average on 10 runs - GPU latency: 0.0285889 ms - Host latency: 0.0285889 ms (enqueue 0.00219727 ms)
[08/27/2026-12:19:08] [I] Average on 10 runs - GPU latency: 0.02854 ms - Host latency: 0.02854 ms (enqueue 0.00209961 ms)
[08/27/2026-12:19:08] [I] Average on 10 runs - GPU latency: 0.0285156 ms - Host latency: 0.0285156 ms (enqueue 0.0020752 ms)
[08/27/2026-12:19:08] [I] Average on 10 runs - GPU latency: 0.02854 ms - Host latency: 0.02854 ms (enqueue 0.00217285 ms)
[08/27/2026-12:19:08] [I] Average on 10 runs - GPU latency: 0.0284668 ms - Host latency: 0.0284668 ms (enqueue 0.00214844 ms)
[08/27/2026-12:19:08] [I] Average on 10 runs - GPU latency: 0.0284912 ms - Host latency: 0.0284912 ms (enqueue 0.0020752 ms)
[08/27/2026-12:19:08] [I] Average on 10 runs - GPU latency: 0.0284668 ms - Host latency: 0.0284668 ms (enqueue 0.00212402 ms)
[08/27/2026-12:19:08] [I] Average on 10 runs - GPU latency: 0.0284912 ms - Host latency: 0.0284912 ms (enqueue 0.00212402 ms)
[08/27/2026-12:19:08] [I] Average on 10 runs - GPU latency: 0.02854 ms - Host latency: 0.02854 ms (enqueue 0.0020752 ms)
[08/27/2026-12:19:08] [I] Average on 10 runs - GPU latency: 0.0285645 ms - Host latency: 0.0285645 ms (enqueue 0.00217285 ms)
[08/27/2026-12:19:08] [I] Average on 10 runs - GPU latency: 0.0284912 ms - Host latency: 0.0284912 ms (enqueue 0.00217285 ms)
[08/27/2026-12:19:08] [I] Average on 10 runs - GPU latency: 0.0284668 ms - Host latency: 0.0284668 ms (enqueue 0.00209961 ms)
[08/27/2026-12:19:08] [I] Average on 10 runs - GPU latency: 0.0285156 ms - Host latency: 0.0285156 ms (enqueue 0.00219727 ms)
[08/27/2026-12:19:08] [I] Average on 10 runs - GPU latency: 0.0287109 ms - Host latency: 0.0287109 ms (enqueue 0.00234375 ms)
[08/27/2026-12:19:08] [I] Average on 10 runs - GPU latency: 0.0300781 ms - Host latency: 0.0300781 ms (enqueue 0.0036377 ms)
[08/27/2026-12:19:08] [I] Average on 10 runs - GPU latency: 0.0341064 ms - Host latency: 0.0341064 ms (enqueue 0.00551758 ms)
[08/27/2026-12:19:08] [I] Average on 10 runs - GPU latency: 0.0288574 ms - Host latency: 0.0288574 ms (enqueue 0.00234375 ms)
[08/27/2026-12:19:08] [I] Average on 10 runs - GPU latency: 0.0290771 ms - Host latency: 0.0290771 ms (enqueue 0.00280762 ms)
[08/27/2026-12:19:08] [I] Average on 10 runs - GPU latency: 0.0291504 ms - Host latency: 0.0291504 ms (enqueue 0.00246582 ms)
[08/27/2026-12:19:08] [I] Average on 10 runs - GPU latency: 0.0291748 ms - Host latency: 0.0291748 ms (enqueue 0.00288086 ms)
[08/27/2026-12:19:08] [I] Average on 10 runs - GPU latency: 0.0287109 ms - Host latency: 0.0287109 ms (enqueue 0.00205078 ms)
[08/27/2026-12:19:08] [I] Average on 10 runs - GPU latency: 0.028833 ms - Host latency: 0.028833 ms (enqueue 0.00212402 ms)
[08/27/2026-12:19:08] [I] Average on 10 runs - GPU latency: 0.0286133 ms - Host latency: 0.0286133 ms (enqueue 0.00217285 ms)
[08/27/2026-12:19:08] [I] Average on 10 runs - GPU latency: 0.0286377 ms - Host latency: 0.0286377 ms (enqueue 0.00214844 ms)
[08/27/2026-12:19:08] [I] Average on 10 runs - GPU latency: 0.0286865 ms - Host latency: 0.0286865 ms (enqueue 0.00224609 ms)
[08/27/2026-12:19:08] [I] Average on 10 runs - GPU latency: 0.0286133 ms - Host latency: 0.0286133 ms (enqueue 0.00214844 ms)
[08/27/2026-12:19:08] [I] Average on 10 runs - GPU latency: 0.0285156 ms - Host latency: 0.0285156 ms (enqueue 0.0020752 ms)
[08/27/2026-12:19:08] [I] Average on 10 runs - GPU latency: 0.0284912 ms - Host latency: 0.0284912 ms (enqueue 0.00205078 ms)
[08/27/2026-12:19:08] [I] Average on 10 runs - GPU latency: 0.0285645 ms - Host latency: 0.0285645 ms (enqueue 0.00209961 ms)
[08/27/2026-12:19:08] [I] Average on 10 runs - GPU latency: 0.0284424 ms - Host latency: 0.0284424 ms (enqueue 0.00209961 ms)
[08/27/2026-12:19:08] [I] Average on 10 runs - GPU latency: 0.0284424 ms - Host latency: 0.0284424 ms (enqueue 0.00212402 ms)
[08/27/2026-12:19:08] [I] Average on 10 runs - GPU latency: 0.0284912 ms - Host latency: 0.0284912 ms (enqueue 0.00212402 ms)
[08/27/2026-12:19:08] [I] Average on 10 runs - GPU latency: 0.0285645 ms - Host latency: 0.0285645 ms (enqueue 0.00217285 ms)
[08/27/2026-12:19:08] [I] Average on 10 runs - GPU latency: 0.02854 ms - Host latency: 0.02854 ms (enqueue 0.00214844 ms)
[08/27/2026-12:19:08] [I] Average on 10 runs - GPU latency: 0.02854 ms - Host latency: 0.02854 ms (enqueue 0.00219727 ms)
[08/27/2026-12:19:08] [I] Average on 10 runs - GPU latency: 0.0286621 ms - Host latency: 0.0286621 ms (enqueue 0.0020752 ms)
[08/27/2026-12:19:08] [I] Average on 10 runs - GPU latency: 0.0284912 ms - Host latency: 0.0284912 ms (enqueue 0.0020752 ms)
[08/27/2026-12:19:08] [I] Average on 10 runs - GPU latency: 0.0284424 ms - Host latency: 0.0284424 ms (enqueue 0.00217285 ms)
[08/27/2026-12:19:08] [I] Average on 10 runs - GPU latency: 0.0285889 ms - Host latency: 0.0285889 ms (enqueue 0.00202637 ms)
[08/27/2026-12:19:08] [I] Average on 10 runs - GPU latency: 0.0284424 ms - Host latency: 0.0284424 ms (enqueue 0.0020752 ms)
[08/27/2026-12:19:08] [I] Average on 10 runs - GPU latency: 0.0283936 ms - Host latency: 0.0283936 ms (enqueue 0.00217285 ms)
[08/27/2026-12:19:08] [I] Average on 10 runs - GPU latency: 0.0287598 ms - Host latency: 0.0287598 ms (enqueue 0.00288086 ms)
[08/27/2026-12:19:08] [I] Average on 10 runs - GPU latency: 0.0285156 ms - Host latency: 0.0285156 ms (enqueue 0.0020752 ms)
[08/27/2026-12:19:08] [I] Average on 10 runs - GPU latency: 0.0285645 ms - Host latency: 0.0285645 ms (enqueue 0.00219727 ms)
[08/27/2026-12:19:08] [I] Average on 10 runs - GPU latency: 0.0285156 ms - Host latency: 0.0285156 ms (enqueue 0.00222168 ms)
[08/27/2026-12:19:08] [I] Average on 10 runs - GPU latency: 0.0285645 ms - Host latency: 0.0285645 ms (enqueue 0.00212402 ms)
[08/27/2026-12:19:08] [I] Average on 10 runs - GPU latency: 0.02854 ms - Host latency: 0.02854 ms (enqueue 0.00205078 ms)
[08/27/2026-12:19:08] [I] Average on 10 runs - GPU latency: 0.0285156 ms - Host latency: 0.0285156 ms (enqueue 0.00212402 ms)
[08/27/2026-12:19:08] [I] Average on 10 runs - GPU latency: 0.0286377 ms - Host latency: 0.0286377 ms (enqueue 0.00209961 ms)
[08/27/2026-12:19:08] [I] Average on 10 runs - GPU latency: 0.0284912 ms - Host latency: 0.0284912 ms (enqueue 0.0020752 ms)
[08/27/2026-12:19:08] [I] Average on 10 runs - GPU latency: 0.02854 ms - Host latency: 0.02854 ms (enqueue 0.00212402 ms)
[08/27/2026-12:19:08] [I] Average on 10 runs - GPU latency: 0.0284668 ms - Host latency: 0.0284668 ms (enqueue 0.00209961 ms)
[08/27/2026-12:19:08] [I] Average on 10 runs - GPU latency: 0.028418 ms - Host latency: 0.028418 ms (enqueue 0.00222168 ms)
[08/27/2026-12:19:08] [I] Average on 10 runs - GPU latency: 0.0284424 ms - Host latency: 0.0284424 ms (enqueue 0.00209961 ms)
[08/27/2026-12:19:08] [I] Average on 10 runs - GPU latency: 0.0285645 ms - Host latency: 0.0285645 ms (enqueue 0.00212402 ms)
[08/27/2026-12:19:08] [I] Average on 10 runs - GPU latency: 0.0284668 ms - Host latency: 0.0284668 ms (enqueue 0.00209961 ms)
[08/27/2026-12:19:08] [I] Average on 10 runs - GPU latency: 0.0284424 ms - Host latency: 0.0284424 ms (enqueue 0.00209961 ms)
[08/27/2026-12:19:08] [I] Average on 10 runs - GPU latency: 0.0284668 ms - Host latency: 0.0284668 ms (enqueue 0.00222168 ms)
[08/27/2026-12:19:08] [I] Average on 10 runs - GPU latency: 0.0285645 ms - Host latency: 0.0285645 ms (enqueue 0.00275879 ms)
[08/27/2026-12:19:08] [I] Average on 10 runs - GPU latency: 0.0284912 ms - Host latency: 0.0284912 ms (enqueue 0.00205078 ms)
[08/27/2026-12:19:08] [I] Average on 10 runs - GPU latency: 0.0284912 ms - Host latency: 0.0284912 ms (enqueue 0.0020752 ms)
[08/27/2026-12:19:08] [I] Average on 10 runs - GPU latency: 0.0284668 ms - Host latency: 0.0284668 ms (enqueue 0.00212402 ms)
[08/27/2026-12:19:08] [I] Average on 10 runs - GPU latency: 0.0285156 ms - Host latency: 0.0285156 ms (enqueue 0.00209961 ms)
[08/27/2026-12:19:08] [I] Average on 10 runs - GPU latency: 0.028418 ms - Host latency: 0.028418 ms (enqueue 0.00212402 ms)
[08/27/2026-12:19:08] [I] Average on 10 runs - GPU latency: 0.0285889 ms - Host latency: 0.0285889 ms (enqueue 0.00214844 ms)
[08/27/2026-12:19:08] [I] Average on 10 runs - GPU latency: 0.0284668 ms - Host latency: 0.0284668 ms (enqueue 0.00214844 ms)
[08/27/2026-12:19:08] [I] Average on 10 runs - GPU latency: 0.0284912 ms - Host latency: 0.0284912 ms (enqueue 0.00205078 ms)
[08/27/2026-12:19:08] [I] Average on 10 runs - GPU latency: 0.0284424 ms - Host latency: 0.0284424 ms (enqueue 0.00212402 ms)
[08/27/2026-12:19:08] [I] Average on 10 runs - GPU latency: 0.0284912 ms - Host latency: 0.0284912 ms (enqueue 0.00214844 ms)
[08/27/2026-12:19:08] [I] Average on 10 runs - GPU latency: 0.0284912 ms - Host latency: 0.0284912 ms (enqueue 0.00212402 ms)
[08/27/2026-12:19:08] [I] Average on 10 runs - GPU latency: 0.028418 ms - Host latency: 0.028418 ms (enqueue 0.0020752 ms)
[08/27/2026-12:19:08] [I] Average on 10 runs - GPU latency: 0.0286133 ms - Host latency: 0.0286133 ms (enqueue 0.00205078 ms)
[08/27/2026-12:19:08] [I] Average on 10 runs - GPU latency: 0.0285645 ms - Host latency: 0.0285645 ms (enqueue 0.00227051 ms)
[08/27/2026-12:19:08] [I] Average on 10 runs - GPU latency: 0.0285156 ms - Host latency: 0.0285156 ms (enqueue 0.00219727 ms)
[08/27/2026-12:19:08] [I] Average on 10 runs - GPU latency: 0.02854 ms - Host latency: 0.02854 ms (enqueue 0.0020752 ms)
[08/27/2026-12:19:08] [I] Average on 10 runs - GPU latency: 0.0284912 ms - Host latency: 0.0284912 ms (enqueue 0.00212402 ms)
[08/27/2026-12:19:08] [I] Average on 10 runs - GPU latency: 0.0285156 ms - Host latency: 0.0285156 ms (enqueue 0.00209961 ms)
[08/27/2026-12:19:08] [I] Average on 10 runs - GPU latency: 0.028418 ms - Host latency: 0.028418 ms (enqueue 0.00212402 ms)
[08/27/2026-12:19:08] [I] Average on 10 runs - GPU latency: 0.0286133 ms - Host latency: 0.0286133 ms (enqueue 0.00212402 ms)
[08/27/2026-12:19:08] [I] Average on 10 runs - GPU latency: 0.0284668 ms - Host latency: 0.0284668 ms (enqueue 0.00209961 ms)
[08/27/2026-12:19:08] [I] Average on 10 runs - GPU latency: 0.0284912 ms - Host latency: 0.0284912 ms (enqueue 0.00219727 ms)
[08/27/2026-12:19:08] [I] Average on 10 runs - GPU latency: 0.0285889 ms - Host latency: 0.0285889 ms (enqueue 0.00209961 ms)
[08/27/2026-12:19:08] [I] Average on 10 runs - GPU latency: 0.0284668 ms - Host latency: 0.0284668 ms (enqueue 0.0020752 ms)
[08/27/2026-12:19:08] [I] Average on 10 runs - GPU latency: 0.028418 ms - Host latency: 0.028418 ms (enqueue 0.00217285 ms)
[08/27/2026-12:19:08] [I] Average on 10 runs - GPU latency: 0.0284424 ms - Host latency: 0.0284424 ms (enqueue 0.00202637 ms)
[08/27/2026-12:19:08] [I] Average on 10 runs - GPU latency: 0.0284424 ms - Host latency: 0.0284424 ms (enqueue 0.00214844 ms)
[08/27/2026-12:19:08] [I] Average on 10 runs - GPU latency: 0.0284424 ms - Host latency: 0.0284424 ms (enqueue 0.00209961 ms)
[08/27/2026-12:19:08] [I] Average on 10 runs - GPU latency: 0.0285889 ms - Host latency: 0.0285889 ms (enqueue 0.0020752 ms)
[08/27/2026-12:19:08] [I] Average on 10 runs - GPU latency: 0.0285889 ms - Host latency: 0.0285889 ms (enqueue 0.0020752 ms)
[08/27/2026-12:19:08] [I] Average on 10 runs - GPU latency: 0.0284668 ms - Host latency: 0.0284668 ms (enqueue 0.00214844 ms)
[08/27/2026-12:19:08] [I] Average on 10 runs - GPU latency: 0.0284668 ms - Host latency: 0.0284668 ms (enqueue 0.0020752 ms)
[08/27/2026-12:19:08] [I] Average on 10 runs - GPU latency: 0.0285889 ms - Host latency: 0.0285889 ms (enqueue 0.00209961 ms)
[08/27/2026-12:19:08] [I] Average on 10 runs - GPU latency: 0.0284912 ms - Host latency: 0.0284912 ms (enqueue 0.00212402 ms)
[08/27/2026-12:19:08] [I] Average on 10 runs - GPU latency: 0.0285156 ms - Host latency: 0.0285156 ms (enqueue 0.00212402 ms)
[08/27/2026-12:19:08] [I] Average on 10 runs - GPU latency: 0.0284912 ms - Host latency: 0.0284912 ms (enqueue 0.00209961 ms)
[08/27/2026-12:19:08] [I] Average on 10 runs - GPU latency: 0.0285889 ms - Host latency: 0.0285889 ms (enqueue 0.00209961 ms)
[08/27/2026-12:19:08] [I] Average on 10 runs - GPU latency: 0.0284912 ms - Host latency: 0.0284912 ms (enqueue 0.00212402 ms)
[08/27/2026-12:19:08] [I] Average on 10 runs - GPU latency: 0.0284912 ms - Host latency: 0.0284912 ms (enqueue 0.00212402 ms)
[08/27/2026-12:19:08] [I] Average on 10 runs - GPU latency: 0.0285156 ms - Host latency: 0.0285156 ms (enqueue 0.00209961 ms)
[08/27/2026-12:19:08] [I] Average on 10 runs - GPU latency: 0.0284424 ms - Host latency: 0.0284424 ms (enqueue 0.00212402 ms)
[08/27/2026-12:19:08] [I] Average on 10 runs - GPU latency: 0.0284668 ms - Host latency: 0.0284668 ms (enqueue 0.00212402 ms)
[08/27/2026-12:19:08] [I] Average on 10 runs - GPU latency: 0.0285156 ms - Host latency: 0.0285156 ms (enqueue 0.00209961 ms)
[08/27/2026-12:19:08] [I] Average on 10 runs - GPU latency: 0.0285156 ms - Host latency: 0.0285156 ms (enqueue 0.00214844 ms)
[08/27/2026-12:19:08] [I] Average on 10 runs - GPU latency: 0.0285889 ms - Host latency: 0.0285889 ms (enqueue 0.00319824 ms)
[08/27/2026-12:19:08] [I] Average on 10 runs - GPU latency: 0.0284424 ms - Host latency: 0.0284424 ms (enqueue 0.00209961 ms)
[08/27/2026-12:19:08] [I] Average on 10 runs - GPU latency: 0.0284668 ms - Host latency: 0.0284668 ms (enqueue 0.0020752 ms)
[08/27/2026-12:19:08] [I] Average on 10 runs - GPU latency: 0.0284912 ms - Host latency: 0.0284912 ms (enqueue 0.00205078 ms)
[08/27/2026-12:19:08] [I] Average on 10 runs - GPU latency: 0.0284424 ms - Host latency: 0.0284424 ms (enqueue 0.00209961 ms)
[08/27/2026-12:19:08] [I] Average on 10 runs - GPU latency: 0.0284912 ms - Host latency: 0.0284912 ms (enqueue 0.00214844 ms)
[08/27/2026-12:19:08] [I] Average on 10 runs - GPU latency: 0.0284424 ms - Host latency: 0.0284424 ms (enqueue 0.0020752 ms)
[08/27/2026-12:19:08] [I] Average on 10 runs - GPU latency: 0.02854 ms - Host latency: 0.02854 ms (enqueue 0.00209961 ms)
[08/27/2026-12:19:08] [I] Average on 10 runs - GPU latency: 0.0286865 ms - Host latency: 0.0286865 ms (enqueue 0.00212402 ms)
[08/27/2026-12:19:08] [I] Average on 10 runs - GPU latency: 0.0284912 ms - Host latency: 0.0284912 ms (enqueue 0.00212402 ms)
[08/27/2026-12:19:08] [I] Average on 10 runs - GPU latency: 0.028418 ms - Host latency: 0.028418 ms (enqueue 0.00205078 ms)
[08/27/2026-12:19:08] [I] Average on 10 runs - GPU latency: 0.0285156 ms - Host latency: 0.0285156 ms (enqueue 0.00205078 ms)
[08/27/2026-12:19:08] [I] Average on 10 runs - GPU latency: 0.02854 ms - Host latency: 0.02854 ms (enqueue 0.00266113 ms)
[08/27/2026-12:19:08] [I] Average on 10 runs - GPU latency: 0.0284912 ms - Host latency: 0.0284912 ms (enqueue 0.00209961 ms)
[08/27/2026-12:19:08] [I] Average on 10 runs - GPU latency: 0.0283936 ms - Host latency: 0.0283936 ms (enqueue 0.00209961 ms)
[08/27/2026-12:19:08] [I] Average on 10 runs - GPU latency: 0.0284424 ms - Host latency: 0.0284424 ms (enqueue 0.00209961 ms)
[08/27/2026-12:19:08] [I] Average on 10 runs - GPU latency: 0.0284668 ms - Host latency: 0.0284668 ms (enqueue 0.00214844 ms)
[08/27/2026-12:19:08] [I] Average on 10 runs - GPU latency: 0.0284912 ms - Host latency: 0.0284912 ms (enqueue 0.00212402 ms)
[08/27/2026-12:19:08] [I] Average on 10 runs - GPU latency: 0.0284912 ms - Host latency: 0.0284912 ms (enqueue 0.00212402 ms)
[08/27/2026-12:19:08] [I] Average on 10 runs - GPU latency: 0.0285156 ms - Host latency: 0.0285156 ms (enqueue 0.0020752 ms)
[08/27/2026-12:19:08] [I] Average on 10 runs - GPU latency: 0.028418 ms - Host latency: 0.028418 ms (enqueue 0.0020752 ms)
[08/27/2026-12:19:08] [I] Average on 10 runs - GPU latency: 0.028418 ms - Host latency: 0.028418 ms (enqueue 0.00212402 ms)
[08/27/2026-12:19:08] [I] Average on 10 runs - GPU latency: 0.0286377 ms - Host latency: 0.0286377 ms (enqueue 0.00217285 ms)
[08/27/2026-12:19:08] [I] Average on 10 runs - GPU latency: 0.0289063 ms - Host latency: 0.0289063 ms (enqueue 0.00246582 ms)
[08/27/2026-12:19:08] [I] Average on 10 runs - GPU latency: 0.02854 ms - Host latency: 0.02854 ms (enqueue 0.00222168 ms)
[08/27/2026-12:19:08] [I] Average on 10 runs - GPU latency: 0.0286133 ms - Host latency: 0.0286133 ms (enqueue 0.00219727 ms)
[08/27/2026-12:19:08] [I] Average on 10 runs - GPU latency: 0.028418 ms - Host latency: 0.028418 ms (enqueue 0.00214844 ms)
[08/27/2026-12:19:08] [I] Average on 10 runs - GPU latency: 0.028418 ms - Host latency: 0.028418 ms (enqueue 0.00212402 ms)
[08/27/2026-12:19:08] [I] Average on 10 runs - GPU latency: 0.0284912 ms - Host latency: 0.0284912 ms (enqueue 0.00205078 ms)
[08/27/2026-12:19:08] [I] Average on 10 runs - GPU latency: 0.0284912 ms - Host latency: 0.0284912 ms (enqueue 0.0020752 ms)
[08/27/2026-12:19:08] [I] Average on 10 runs - GPU latency: 0.0285156 ms - Host latency: 0.0285156 ms (enqueue 0.0020752 ms)
[08/27/2026-12:19:08] [I] Average on 10 runs - GPU latency: 0.0285889 ms - Host latency: 0.0285889 ms (enqueue 0.00224609 ms)
[08/27/2026-12:19:08] [I] Average on 10 runs - GPU latency: 0.02854 ms - Host latency: 0.02854 ms (enqueue 0.00212402 ms)
[08/27/2026-12:19:08] [I] Average on 10 runs - GPU latency: 0.0284424 ms - Host latency: 0.0284424 ms (enqueue 0.00212402 ms)
[08/27/2026-12:19:08] [I] Average on 10 runs - GPU latency: 0.0284912 ms - Host latency: 0.0284912 ms (enqueue 0.00214844 ms)
[08/27/2026-12:19:08] [I] Average on 10 runs - GPU latency: 0.0286133 ms - Host latency: 0.0286133 ms (enqueue 0.00212402 ms)
[08/27/2026-12:19:08] [I] Average on 10 runs - GPU latency: 0.028418 ms - Host latency: 0.028418 ms (enqueue 0.00212402 ms)
[08/27/2026-12:19:08] [I] Average on 10 runs - GPU latency: 0.0285156 ms - Host latency: 0.0285156 ms (enqueue 0.00217285 ms)
[08/27/2026-12:19:08] [I] Average on 10 runs - GPU latency: 0.0285645 ms - Host latency: 0.0285645 ms (enqueue 0.00224609 ms)
[08/27/2026-12:19:08] [I] Average on 10 runs - GPU latency: 0.0283936 ms - Host latency: 0.0283936 ms (enqueue 0.00209961 ms)
[08/27/2026-12:19:08] [I] Average on 10 runs - GPU latency: 0.0284912 ms - Host latency: 0.0284912 ms (enqueue 0.00212402 ms)
[08/27/2026-12:19:08] [I] Average on 10 runs - GPU latency: 0.0284912 ms - Host latency: 0.0284912 ms (enqueue 0.00214844 ms)
[08/27/2026-12:19:08] [I] Average on 10 runs - GPU latency: 0.0286621 ms - Host latency: 0.0286621 ms (enqueue 0.0026123 ms)
[08/27/2026-12:19:08] [I] Average on 10 runs - GPU latency: 0.0284912 ms - Host latency: 0.0284912 ms (enqueue 0.00212402 ms)
[08/27/2026-12:19:08] [I] Average on 10 runs - GPU latency: 0.0284424 ms - Host latency: 0.0284424 ms (enqueue 0.00217285 ms)
[08/27/2026-12:19:08] [I] Average on 10 runs - GPU latency: 0.0287354 ms - Host latency: 0.0287354 ms (enqueue 0.00219727 ms)
[08/27/2026-12:19:08] [I] Average on 10 runs - GPU latency: 0.0284912 ms - Host latency: 0.0284912 ms (enqueue 0.00212402 ms)
[08/27/2026-12:19:08] [I] Average on 10 runs - GPU latency: 0.0285156 ms - Host latency: 0.0285156 ms (enqueue 0.00209961 ms)
[08/27/2026-12:19:08] [I] Average on 10 runs - GPU latency: 0.0286377 ms - Host latency: 0.0286377 ms (enqueue 0.00209961 ms)
[08/27/2026-12:19:08] [I] Average on 10 runs - GPU latency: 0.028418 ms - Host latency: 0.028418 ms (enqueue 0.00217285 ms)
[08/27/2026-12:19:08] [I] Average on 10 runs - GPU latency: 0.0284424 ms - Host latency: 0.0284424 ms (enqueue 0.00214844 ms)
[08/27/2026-12:19:08] [I] Average on 10 runs - GPU latency: 0.0284424 ms - Host latency: 0.0284424 ms (enqueue 0.00224609 ms)
[08/27/2026-12:19:08] [I] Average on 10 runs - GPU latency: 0.0286377 ms - Host latency: 0.0286377 ms (enqueue 0.0020752 ms)
[08/27/2026-12:19:08] [I] Average on 10 runs - GPU latency: 0.0284912 ms - Host latency: 0.0284912 ms (enqueue 0.00205078 ms)
[08/27/2026-12:19:08] [I] Average on 10 runs - GPU latency: 0.0284668 ms - Host latency: 0.0284668 ms (enqueue 0.00222168 ms)
[08/27/2026-12:19:08] [I] Average on 10 runs - GPU latency: 0.0286377 ms - Host latency: 0.0286377 ms (enqueue 0.00217285 ms)
[08/27/2026-12:19:08] [I] Average on 10 runs - GPU latency: 0.0284668 ms - Host latency: 0.0284668 ms (enqueue 0.00209961 ms)
[08/27/2026-12:19:08] [I] Average on 10 runs - GPU latency: 0.0284424 ms - Host latency: 0.0284424 ms (enqueue 0.00209961 ms)
[08/27/2026-12:19:08] [I] Average on 10 runs - GPU latency: 0.0285889 ms - Host latency: 0.0285889 ms (enqueue 0.0032959 ms)
[08/27/2026-12:19:08] [I] Average on 10 runs - GPU latency: 0.0284668 ms - Host latency: 0.0284668 ms (enqueue 0.00209961 ms)
[08/27/2026-12:19:08] [I] Average on 10 runs - GPU latency: 0.0285156 ms - Host latency: 0.0285156 ms (enqueue 0.00202637 ms)
[08/27/2026-12:19:08] [I] Average on 10 runs - GPU latency: 0.0285645 ms - Host latency: 0.0285645 ms (enqueue 0.00224609 ms)
[08/27/2026-12:19:08] [I] Average on 10 runs - GPU latency: 0.02854 ms - Host latency: 0.02854 ms (enqueue 0.00209961 ms)
[08/27/2026-12:19:08] [I] Average on 10 runs - GPU latency: 0.0285156 ms - Host latency: 0.0285156 ms (enqueue 0.00212402 ms)
[08/27/2026-12:19:08] [I] Average on 10 runs - GPU latency: 0.0284912 ms - Host latency: 0.0284912 ms (enqueue 0.00209961 ms)
[08/27/2026-12:19:08] [I] Average on 10 runs - GPU latency: 0.02854 ms - Host latency: 0.02854 ms (enqueue 0.00217285 ms)
[08/27/2026-12:19:08] [I] Average on 10 runs - GPU latency: 0.0284668 ms - Host latency: 0.0284668 ms (enqueue 0.00212402 ms)
[08/27/2026-12:19:08] [I] Average on 10 runs - GPU latency: 0.02854 ms - Host latency: 0.02854 ms (enqueue 0.00212402 ms)
[08/27/2026-12:19:08] [I] Average on 10 runs - GPU latency: 0.0284668 ms - Host latency: 0.0284668 ms (enqueue 0.0020752 ms)
[08/27/2026-12:19:08] [I] Average on 10 runs - GPU latency: 0.0284912 ms - Host latency: 0.0284912 ms (enqueue 0.00209961 ms)
[08/27/2026-12:19:08] [I] Average on 10 runs - GPU latency: 0.0285645 ms - Host latency: 0.0285645 ms (enqueue 0.00212402 ms)
[08/27/2026-12:19:08] [I] Average on 10 runs - GPU latency: 0.0284912 ms - Host latency: 0.0284912 ms (enqueue 0.00212402 ms)
[08/27/2026-12:19:08] [I] Average on 10 runs - GPU latency: 0.0285156 ms - Host latency: 0.0285156 ms (enqueue 0.00217285 ms)
[08/27/2026-12:19:08] [I] Average on 10 runs - GPU latency: 0.0284912 ms - Host latency: 0.0284912 ms (enqueue 0.00219727 ms)
[08/27/2026-12:19:08] [I] Average on 10 runs - GPU latency: 0.028418 ms - Host latency: 0.028418 ms (enqueue 0.00219727 ms)
[08/27/2026-12:19:08] [I]
[08/27/2026-12:19:08] [I] === Performance summary ===
[08/27/2026-12:19:08] [I] Throughput: 33331.5 qps
[08/27/2026-12:19:08] [I] Latency: min = 0.0280762 ms, max = 0.0756836 ms, mean = 0.028571 ms, median = 0.0285645 ms, percentile(90%) = 0.0286865 ms, percentile(95%) = 0.0288086 ms, percentile(99%) = 0.0291748 ms
[08/27/2026-12:19:08] [I] Enqueue Time: min = 0.00158691 ms, max = 0.0541992 ms, mean = 0.00207108 ms, median = 0.0020752 ms, percentile(90%) = 0.00219727 ms, percentile(95%) = 0.00244141 ms, percentile(99%) = 0.00244141 ms
[08/27/2026-12:19:08] [I] H2D Latency: min = 0 ms, max = 0 ms, mean = 0 ms, median = 0 ms, percentile(90%) = 0 ms, percentile(95%) = 0 ms, percentile(99%) = 0 ms
[08/27/2026-12:19:08] [I] GPU Compute Time: min = 0.0280762 ms, max = 0.0756836 ms, mean = 0.028571 ms, median = 0.0285645 ms, percentile(90%) = 0.0286865 ms, percentile(95%) = 0.0288086 ms, percentile(99%) = 0.0291748 ms
[08/27/2026-12:19:08] [I] D2H Latency: min = 0 ms, max = 0 ms, mean = 0 ms, median = 0 ms, percentile(90%) = 0 ms, percentile(95%) = 0 ms, percentile(99%) = 0 ms
[08/27/2026-12:19:08] [I] Total Host Walltime: 3.00008 s
[08/27/2026-12:19:08] [I] Total GPU Compute Time: 2.85701 s
[08/27/2026-12:19:08] [I] Explanations of the performance metrics are printed in the verbose logs.
[08/27/2026-12:19:08] [I]
&&&& PASSED TensorRT.trtexec [TensorRT v110100] [b106] # trtexec --onnx=/work/trt-samples-for-hackathon-cn-wili/cookbook/00-Data/model/model-trained.onnx
