[TensorRT-Cookbook] Version: 1.0.0
[07/22/2026-00:23:57] [TRT] [W] Using default stream in enqueueV3() may lead to performance issues due to additional calls to cudaStreamSynchronize() by TensorRT to ensure correct synchronization. Please use non-default stream instead.
============================== Start [case_simple,(),{}]

================ Public members of <tensorrt.tensorrt.ILRNLayer object at 0x7faa89ccd5b0> (instance)
 0 Callback members: []
 0 Callable methods: []
 4 Non-callable attributions: ['alpha', 'beta', 'k', 'window_size']
Input ->DataType.FLOAT, (1, 3, 3, 3), (1, 3, 3, 3), tensor
Output->DataType.FLOAT, (1, 3, 3, 3), (1, 3, 3, 3), (Unnamed Layer* 0) [LRN]_output
tensor
[[[[1. 1. 1.]
   [1. 1. 1.]
   [1. 1. 1.]]

  [[2. 2. 2.]
   [2. 2. 2.]
   [2. 2. 2.]]

  [[5. 5. 5.]
   [5. 5. 5.]
   [5. 5. 5.]]]]
(Unnamed Layer* 0) [LRN]_output
[[[[0.59996396 0.59996396 0.59996396]
   [0.59996396 0.59996396 0.59996396]
   [0.59996396 0.59996396 0.59996396]]

  [[0.19999799 0.19999799 0.19999799]
   [0.19999799 0.19999799 0.19999799]
   [0.19999799 0.19999799 0.19999799]]

  [[0.517236   0.517236   0.517236  ]
   [0.517236   0.517236   0.517236  ]
   [0.517236   0.517236   0.517236  ]]]]
============================== End   [case_simple]
Finish
