&&&& RUNNING TensorRT.trtexec [TensorRT v110000] [b114] # /usr/bin/trtexec --loadEngine=model-trained.trt
[07/23/2026-02:07:00] [I] === Model Options ===
[07/23/2026-02:07:00] [I] Format: *
[07/23/2026-02:07:00] [I] Model:
[07/23/2026-02:07:00] [I] Output:
[07/23/2026-02:07:00] [I]
[07/23/2026-02:07:00] [I] === System Options ===
[07/23/2026-02:07:00] [I] Device: 0
[07/23/2026-02:07:00] [I] DLACore:
[07/23/2026-02:07:00] [I] Loaded static plugins:
[07/23/2026-02:07:00] [I] setPluginsToSerialize:
[07/23/2026-02:07:00] [I] dynamicPlugins:
[07/23/2026-02:07:00] [I] ignoreParsedPluginLibs: 0
[07/23/2026-02:07:00] [I]
[07/23/2026-02:07:00] [I] === Inference Options ===
[07/23/2026-02:07:00] [I] Batch: Explicit
[07/23/2026-02:07:00] [I] Input inference shapes: model
[07/23/2026-02:07:00] [I] Iterations: 10
[07/23/2026-02:07:00] [I] Duration: 3s (+ 200ms warm up)
[07/23/2026-02:07:00] [I] Sleep time: 0ms
[07/23/2026-02:07:00] [I] Idle time: 0ms
[07/23/2026-02:07:00] [I] Inference Streams: 1
[07/23/2026-02:07:00] [I] ExposeDMA: Disabled
[07/23/2026-02:07:00] [I] Data transfers: Disabled
[07/23/2026-02:07:00] [I] Spin-wait: Enabled
[07/23/2026-02:07:00] [I] Multithreading: Disabled
[07/23/2026-02:07:00] [I] CUDA Graph: Enabled
[07/23/2026-02:07:00] [I] Time Deserialize: Disabled
[07/23/2026-02:07:00] [I] Time Refit: Disabled
[07/23/2026-02:07:00] [I] NVTX verbosity: 0
[07/23/2026-02:07:00] [I] Persistent Cache Ratio: 0
[07/23/2026-02:07:00] [I] Optimization Profile Index: 0
[07/23/2026-02:07:00] [I] Weight Streaming Budget: 100.000000%
[07/23/2026-02:07:00] [I] Inputs:
[07/23/2026-02:07:00] [I] Debug Tensor Save Destinations:
[07/23/2026-02:07:00] [I] Dump All Debug Tensor in Formats:
[07/23/2026-02:07:00] [I] === Reporting Options ===
[07/23/2026-02:07:00] [I] Verbose: Disabled
[07/23/2026-02:07:00] [I] Averages: 10 inferences
[07/23/2026-02:07:00] [I] Percentiles: 90,95,99
[07/23/2026-02:07:00] [I] Dump refittable layers:Disabled
[07/23/2026-02:07:00] [I] Dump output: Disabled
[07/23/2026-02:07:00] [I] Profile: Disabled
[07/23/2026-02:07:00] [I] Export timing to JSON file:
[07/23/2026-02:07:00] [I] Export output to JSON file:
[07/23/2026-02:07:00] [I] Export profile to JSON file:
[07/23/2026-02:07:00] [I]
[07/23/2026-02:07:00] [I] === Device Information ===
[07/23/2026-02:07:00] [I] Available Devices:
[07/23/2026-02:07:00] [I]   Device 0: "NVIDIA B200" UUID: GPU-e444a79a-d4ca-e2b4-6020-af2095e4fa49
[07/23/2026-02:07:00] [I]   Device 1: "NVIDIA B200" UUID: GPU-7f2ab67a-1309-b444-00cc-3639f1acdfac
[07/23/2026-02:07:00] [I]   Device 2: "NVIDIA B200" UUID: GPU-09967c82-6ecf-45f9-5428-dbd53a1d8965
[07/23/2026-02:07:00] [I]   Device 3: "NVIDIA B200" UUID: GPU-73e0e281-34ef-0573-9625-3638190414b7
[07/23/2026-02:07:00] [I] Selected Device: NVIDIA B200
[07/23/2026-02:07:00] [I] Selected Device ID: 0
[07/23/2026-02:07:00] [I] Selected Device UUID: GPU-e444a79a-d4ca-e2b4-6020-af2095e4fa49
[07/23/2026-02:07:00] [I] Compute Capability: 10.0
[07/23/2026-02:07:00] [I] SMs: 148
[07/23/2026-02:07:00] [I] Device Global Memory: 182624 MiB
[07/23/2026-02:07:00] [I] Shared Memory per SM: 228 KiB
[07/23/2026-02:07:00] [I] Memory Bus Width: 7680 bits (ECC enabled)
[07/23/2026-02:07:00] [I] Application Compute Clock Rate: 1.965 GHz
[07/23/2026-02:07:00] [I] Application Memory Clock Rate: 3.996 GHz
[07/23/2026-02:07:00] [I]
[07/23/2026-02:07:00] [I] Note: The application clock rates do not reflect the actual clock rates that the GPU is currently running at.
[07/23/2026-02:07:00] [I]
[07/23/2026-02:07:00] [I] TensorRT version: 11.0.0
[07/23/2026-02:07:00] [I] Loading standard plugins
[07/23/2026-02:07:01] [I] Engine deserialized in 0.0256447 sec.
[07/23/2026-02:07:01] [I] [TRT] [MemUsageChange] TensorRT-managed allocation in IExecutionContext creation: CPU +0, GPU +0, now: CPU 0, GPU 12 (MiB)
[07/23/2026-02:07:01] [I] Setting persistentCacheLimit to 0 bytes.
[07/23/2026-02:07:01] [I] Created execution context with device memory size: 0.125 MiB
[07/23/2026-02:07:01] [I] Using random values for input x
[07/23/2026-02:07:01] [I] Input binding for x with dimensions 1x1x28x28 and type fp32 is created.
[07/23/2026-02:07:01] [I] Output binding for y with dimensions 1x10 and type fp32 is created.
[07/23/2026-02:07:01] [I] Output binding for z with dimensions 1 and type int64 is created.
[07/23/2026-02:07:01] [I] Starting inference
[07/23/2026-02:07:01] [I] Capturing CUDA graph for the current execution context
[07/23/2026-02:07:01] [I] Successfully captured CUDA graph for the current execution context. When profiling with Nsight Systems, add "--cuda-graph-trace=node" to the nsys command to see per-kernel execution times.
[07/23/2026-02:07:04] [I] Warmup completed 5207 queries over 200 ms
[07/23/2026-02:07:04] [I] Timing trace has 78703 queries over 3.00009 s
[07/23/2026-02:07:04] [I]
[07/23/2026-02:07:04] [I] === Trace details ===
[07/23/2026-02:07:04] [I] Trace averages of 10 runs:
[07/23/2026-02:07:04] [I] Average on 10 runs - GPU latency: 0.0340134 ms - Host latency: 0.0340134 ms (enqueue 0.00771942 ms)
[07/23/2026-02:07:04] [I] Average on 10 runs - GPU latency: 0.0335709 ms - Host latency: 0.0335709 ms (enqueue 0.00778351 ms)
[07/23/2026-02:07:04] [I] Average on 10 runs - GPU latency: 0.034024 ms - Host latency: 0.034024 ms (enqueue 0.00774078 ms)
[07/23/2026-02:07:04] [I] Average on 10 runs - GPU latency: 0.0340042 ms - Host latency: 0.0340042 ms (enqueue 0.00800018 ms)
[07/23/2026-02:07:04] [I] Average on 10 runs - GPU latency: 0.0339539 ms - Host latency: 0.0339539 ms (enqueue 0.00778198 ms)
[07/23/2026-02:07:04] [I] Average on 10 runs - GPU latency: 0.0337738 ms - Host latency: 0.0337738 ms (enqueue 0.00777283 ms)
[07/23/2026-02:07:04] [I] Average on 10 runs - GPU latency: 0.0338287 ms - Host latency: 0.0338287 ms (enqueue 0.00775146 ms)
[07/23/2026-02:07:04] [I] Average on 10 runs - GPU latency: 0.0338821 ms - Host latency: 0.0338821 ms (enqueue 0.00780029 ms)
[07/23/2026-02:07:04] [I] Average on 10 runs - GPU latency: 0.0339935 ms - Host latency: 0.0339935 ms (enqueue 0.00776367 ms)
[07/23/2026-02:07:04] [I] Average on 10 runs - GPU latency: 0.0336426 ms - Host latency: 0.0336426 ms (enqueue 0.00772705 ms)
[07/23/2026-02:07:04] [I] Average on 10 runs - GPU latency: 0.0339478 ms - Host latency: 0.0339478 ms (enqueue 0.00772858 ms)
[07/23/2026-02:07:04] [I] Average on 10 runs - GPU latency: 0.0339493 ms - Host latency: 0.0339493 ms (enqueue 0.00778198 ms)
[07/23/2026-02:07:04] [I] Average on 10 runs - GPU latency: 0.0338379 ms - Host latency: 0.0338379 ms (enqueue 0.00777893 ms)
[07/23/2026-02:07:04] [I] Average on 10 runs - GPU latency: 0.0340759 ms - Host latency: 0.0340759 ms (enqueue 0.00779266 ms)
[07/23/2026-02:07:04] [I] Average on 10 runs - GPU latency: 0.0338974 ms - Host latency: 0.0338974 ms (enqueue 0.00772705 ms)
[07/23/2026-02:07:04] [I] Average on 10 runs - GPU latency: 0.0342789 ms - Host latency: 0.0342789 ms (enqueue 0.0080719 ms)
[07/23/2026-02:07:04] [I] Average on 10 runs - GPU latency: 0.0336899 ms - Host latency: 0.0336899 ms (enqueue 0.00780945 ms)
[07/23/2026-02:07:04] [I] Average on 10 runs - GPU latency: 0.0340118 ms - Host latency: 0.0340118 ms (enqueue 0.00772095 ms)
[07/23/2026-02:07:04] [I] Average on 10 runs - GPU latency: 0.0343597 ms - Host latency: 0.0343597 ms (enqueue 0.00796051 ms)
[07/23/2026-02:07:04] [I] Average on 10 runs - GPU latency: 0.034137 ms - Host latency: 0.034137 ms (enqueue 0.00801392 ms)
[07/23/2026-02:07:04] [I] Average on 10 runs - GPU latency: 0.0345108 ms - Host latency: 0.0345108 ms (enqueue 0.00779266 ms)
[07/23/2026-02:07:04] [I] Average on 10 runs - GPU latency: 0.0338242 ms - Host latency: 0.0338242 ms (enqueue 0.00779572 ms)
[07/23/2026-02:07:04] [I] Average on 10 runs - GPU latency: 0.0336868 ms - Host latency: 0.0336868 ms (enqueue 0.00779114 ms)
[07/23/2026-02:07:04] [I] Average on 10 runs - GPU latency: 0.0337982 ms - Host latency: 0.0337982 ms (enqueue 0.00778503 ms)
[07/23/2026-02:07:04] [I] Average on 10 runs - GPU latency: 0.0340454 ms - Host latency: 0.0340454 ms (enqueue 0.00814362 ms)
[07/23/2026-02:07:04] [I] Average on 10 runs - GPU latency: 0.0337097 ms - Host latency: 0.0337097 ms (enqueue 0.00778351 ms)
[07/23/2026-02:07:04] [I] Average on 10 runs - GPU latency: 0.0338089 ms - Host latency: 0.0338089 ms (enqueue 0.00779877 ms)
[07/23/2026-02:07:04] [I] Average on 10 runs - GPU latency: 0.034227 ms - Host latency: 0.034227 ms (enqueue 0.0083725 ms)
[07/23/2026-02:07:04] [I] Average on 10 runs - GPU latency: 0.033876 ms - Host latency: 0.033876 ms (enqueue 0.0077179 ms)
[07/23/2026-02:07:04] [I] Average on 10 runs - GPU latency: 0.0337219 ms - Host latency: 0.0337219 ms (enqueue 0.00778351 ms)
[07/23/2026-02:07:04] [I] Average on 10 runs - GPU latency: 0.0336761 ms - Host latency: 0.0336761 ms (enqueue 0.00773163 ms)
[07/23/2026-02:07:04] [I] Average on 10 runs - GPU latency: 0.033931 ms - Host latency: 0.033931 ms (enqueue 0.00780487 ms)
[07/23/2026-02:07:04] [I] Average on 10 runs - GPU latency: 0.0343872 ms - Host latency: 0.0343872 ms (enqueue 0.00807037 ms)
[07/23/2026-02:07:04] [I] Average on 10 runs - GPU latency: 0.0339249 ms - Host latency: 0.0339249 ms (enqueue 0.00776978 ms)
[07/23/2026-02:07:04] [I] Average on 10 runs - GPU latency: 0.0339294 ms - Host latency: 0.0339294 ms (enqueue 0.00778809 ms)
[07/23/2026-02:07:04] [I] Average on 10 runs - GPU latency: 0.0341827 ms - Host latency: 0.0341827 ms (enqueue 0.00776062 ms)
[07/23/2026-02:07:04] [I] Average on 10 runs - GPU latency: 0.0340637 ms - Host latency: 0.0340637 ms (enqueue 0.00798645 ms)
[07/23/2026-02:07:04] [I] Average on 10 runs - GPU latency: 0.0338715 ms - Host latency: 0.0338715 ms (enqueue 0.00772095 ms)
[07/23/2026-02:07:04] [I] Average on 10 runs - GPU latency: 0.0338623 ms - Host latency: 0.0338623 ms (enqueue 0.00777435 ms)
[07/23/2026-02:07:04] [I] Average on 10 runs - GPU latency: 0.0335495 ms - Host latency: 0.0335495 ms (enqueue 0.00774841 ms)
[07/23/2026-02:07:04] [I] Average on 10 runs - GPU latency: 0.0337509 ms - Host latency: 0.0337509 ms (enqueue 0.00783081 ms)
[07/23/2026-02:07:04] [I] Average on 10 runs - GPU latency: 0.0335144 ms - Host latency: 0.0335144 ms (enqueue 0.00780029 ms)
[07/23/2026-02:07:04] [I] Average on 10 runs - GPU latency: 0.0336349 ms - Host latency: 0.0336349 ms (enqueue 0.00780334 ms)
[07/23/2026-02:07:04] [I] Average on 10 runs - GPU latency: 0.0338974 ms - Host latency: 0.0338974 ms (enqueue 0.00771484 ms)
[07/23/2026-02:07:04] [I] Average on 10 runs - GPU latency: 0.0338776 ms - Host latency: 0.0338776 ms (enqueue 0.00776672 ms)
[07/23/2026-02:07:04] [I] Average on 10 runs - GPU latency: 0.0341095 ms - Host latency: 0.0341095 ms (enqueue 0.00784149 ms)
[07/23/2026-02:07:04] [I] Average on 10 runs - GPU latency: 0.0338318 ms - Host latency: 0.0338318 ms (enqueue 0.00765686 ms)
[07/23/2026-02:07:04] [I] Average on 10 runs - GPU latency: 0.033931 ms - Host latency: 0.033931 ms (enqueue 0.00774689 ms)
[07/23/2026-02:07:04] [I] Average on 10 runs - GPU latency: 0.0338501 ms - Host latency: 0.0338501 ms (enqueue 0.00777893 ms)
[07/23/2026-02:07:04] [I] Average on 10 runs - GPU latency: 0.0340042 ms - Host latency: 0.0340042 ms (enqueue 0.00774689 ms)
[07/23/2026-02:07:04] [I] Average on 10 runs - GPU latency: 0.0336441 ms - Host latency: 0.0336441 ms (enqueue 0.00780182 ms)
[07/23/2026-02:07:04] [I] Average on 10 runs - GPU latency: 0.0338257 ms - Host latency: 0.0338257 ms (enqueue 0.00777588 ms)
[07/23/2026-02:07:04] [I] Average on 10 runs - GPU latency: 0.0340912 ms - Host latency: 0.0340912 ms (enqueue 0.00777893 ms)
[07/23/2026-02:07:04] [I] Average on 10 runs - GPU latency: 0.0339874 ms - Host latency: 0.0339874 ms (enqueue 0.00779266 ms)
[07/23/2026-02:07:04] [I] Average on 10 runs - GPU latency: 0.0336212 ms - Host latency: 0.0336212 ms (enqueue 0.0076767 ms)
[07/23/2026-02:07:04] [I] Average on 10 runs - GPU latency: 0.033609 ms - Host latency: 0.033609 ms (enqueue 0.00777588 ms)
[07/23/2026-02:07:04] [I] Average on 10 runs - GPU latency: 0.0340546 ms - Host latency: 0.0340546 ms (enqueue 0.00788574 ms)
[07/23/2026-02:07:04] [I] Average on 10 runs - GPU latency: 0.033992 ms - Host latency: 0.033992 ms (enqueue 0.00767212 ms)
[07/23/2026-02:07:04] [I] Average on 10 runs - GPU latency: 0.0337967 ms - Host latency: 0.0337967 ms (enqueue 0.00782928 ms)
[07/23/2026-02:07:04] [I] Average on 10 runs - GPU latency: 0.0337341 ms - Host latency: 0.0337341 ms (enqueue 0.00772705 ms)
[07/23/2026-02:07:04] [I] Average on 10 runs - GPU latency: 0.0337097 ms - Host latency: 0.0337097 ms (enqueue 0.00769653 ms)
[07/23/2026-02:07:04] [I] Average on 10 runs - GPU latency: 0.0340286 ms - Host latency: 0.0340286 ms (enqueue 0.00801392 ms)
[07/23/2026-02:07:04] [I] Average on 10 runs - GPU latency: 0.0339233 ms - Host latency: 0.0339233 ms (enqueue 0.00773773 ms)
[07/23/2026-02:07:04] [I] Average on 10 runs - GPU latency: 0.0341736 ms - Host latency: 0.0341736 ms (enqueue 0.00794678 ms)
[07/23/2026-02:07:04] [I] Average on 10 runs - GPU latency: 0.034024 ms - Host latency: 0.034024 ms (enqueue 0.0082962 ms)
[07/23/2026-02:07:04] [I] Average on 10 runs - GPU latency: 0.0337524 ms - Host latency: 0.0337524 ms (enqueue 0.00775452 ms)
[07/23/2026-02:07:04] [I] Average on 10 runs - GPU latency: 0.0342209 ms - Host latency: 0.0342209 ms (enqueue 0.00794373 ms)
[07/23/2026-02:07:04] [I] Average on 10 runs - GPU latency: 0.033876 ms - Host latency: 0.033876 ms (enqueue 0.00774231 ms)
[07/23/2026-02:07:04] [I] Average on 10 runs - GPU latency: 0.0339584 ms - Host latency: 0.0339584 ms (enqueue 0.00779572 ms)
[07/23/2026-02:07:04] [I] Average on 10 runs - GPU latency: 0.0337524 ms - Host latency: 0.0337524 ms (enqueue 0.0078186 ms)
[07/23/2026-02:07:04] [I] Average on 10 runs - GPU latency: 0.0342957 ms - Host latency: 0.0342957 ms (enqueue 0.0078186 ms)
[07/23/2026-02:07:04] [I] Average on 10 runs - GPU latency: 0.0338119 ms - Host latency: 0.0338119 ms (enqueue 0.00779419 ms)
[07/23/2026-02:07:04] [I] Average on 10 runs - GPU latency: 0.0339905 ms - Host latency: 0.0339905 ms (enqueue 0.0078186 ms)
[07/23/2026-02:07:04] [I] Average on 10 runs - GPU latency: 0.0338623 ms - Host latency: 0.0338623 ms (enqueue 0.00772858 ms)
[07/23/2026-02:07:04] [I] Average on 10 runs - GPU latency: 0.0337784 ms - Host latency: 0.0337784 ms (enqueue 0.00779114 ms)
[07/23/2026-02:07:04] [I] Average on 10 runs - GPU latency: 0.034082 ms - Host latency: 0.034082 ms (enqueue 0.00779114 ms)
[07/23/2026-02:07:04] [I] Average on 10 runs - GPU latency: 0.0339554 ms - Host latency: 0.0339554 ms (enqueue 0.00782776 ms)
[07/23/2026-02:07:04] [I] Average on 10 runs - GPU latency: 0.0349899 ms - Host latency: 0.0349899 ms (enqueue 0.00871124 ms)
[07/23/2026-02:07:04] [I] Average on 10 runs - GPU latency: 0.0347656 ms - Host latency: 0.0347656 ms (enqueue 0.00832367 ms)
[07/23/2026-02:07:04] [I] Average on 10 runs - GPU latency: 0.0337814 ms - Host latency: 0.0337814 ms (enqueue 0.00776825 ms)
[07/23/2026-02:07:04] [I] Average on 10 runs - GPU latency: 0.0338562 ms - Host latency: 0.0338562 ms (enqueue 0.00793457 ms)
[07/23/2026-02:07:04] [I] Average on 10 runs - GPU latency: 0.0343262 ms - Host latency: 0.0343262 ms (enqueue 0.00823822 ms)
[07/23/2026-02:07:04] [I] Average on 10 runs - GPU latency: 0.033847 ms - Host latency: 0.033847 ms (enqueue 0.00779877 ms)
[07/23/2026-02:07:04] [I] Average on 10 runs - GPU latency: 0.0337494 ms - Host latency: 0.0337494 ms (enqueue 0.00782165 ms)
[07/23/2026-02:07:04] [I] Average on 10 runs - GPU latency: 0.0337204 ms - Host latency: 0.0337204 ms (enqueue 0.00778503 ms)
[07/23/2026-02:07:04] [I] Average on 10 runs - GPU latency: 0.0342804 ms - Host latency: 0.0342804 ms (enqueue 0.00801239 ms)
[07/23/2026-02:07:04] [I] Average on 10 runs - GPU latency: 0.0342865 ms - Host latency: 0.0342865 ms (enqueue 0.00800781 ms)
[07/23/2026-02:07:04] [I] Average on 10 runs - GPU latency: 0.0341492 ms - Host latency: 0.0341492 ms (enqueue 0.00778503 ms)
[07/23/2026-02:07:04] [I] Average on 10 runs - GPU latency: 0.0344513 ms - Host latency: 0.0344513 ms (enqueue 0.00817261 ms)
[07/23/2026-02:07:04] [I] Average on 10 runs - GPU latency: 0.0345779 ms - Host latency: 0.0345779 ms (enqueue 0.00819855 ms)
[07/23/2026-02:07:04] [I] Average on 10 runs - GPU latency: 0.0339798 ms - Host latency: 0.0339798 ms (enqueue 0.00776062 ms)
[07/23/2026-02:07:04] [I] Average on 10 runs - GPU latency: 0.0339493 ms - Host latency: 0.0339493 ms (enqueue 0.00791473 ms)
[07/23/2026-02:07:04] [I] Average on 10 runs - GPU latency: 0.0461777 ms - Host latency: 0.0461777 ms (enqueue 0.0202393 ms)
[07/23/2026-02:07:04] [I] Average on 10 runs - GPU latency: 0.0339203 ms - Host latency: 0.0339203 ms (enqueue 0.00775604 ms)
[07/23/2026-02:07:04] [I] Average on 10 runs - GPU latency: 0.0341446 ms - Host latency: 0.0341446 ms (enqueue 0.00783081 ms)
[07/23/2026-02:07:04] [I] Average on 10 runs - GPU latency: 0.0340439 ms - Host latency: 0.0340439 ms (enqueue 0.00788269 ms)
[07/23/2026-02:07:04] [I] Average on 10 runs - GPU latency: 0.034079 ms - Host latency: 0.034079 ms (enqueue 0.00779877 ms)
[07/23/2026-02:07:04] [I] Average on 10 runs - GPU latency: 0.0343323 ms - Host latency: 0.0343323 ms (enqueue 0.00796967 ms)
[07/23/2026-02:07:04] [I] Average on 10 runs - GPU latency: 0.0341568 ms - Host latency: 0.0341568 ms (enqueue 0.00794678 ms)
[07/23/2026-02:07:04] [I] Average on 10 runs - GPU latency: 0.033754 ms - Host latency: 0.033754 ms (enqueue 0.00779266 ms)
[07/23/2026-02:07:04] [I] Average on 10 runs - GPU latency: 0.0344559 ms - Host latency: 0.0344559 ms (enqueue 0.00818481 ms)
[07/23/2026-02:07:04] [I] Average on 10 runs - GPU latency: 0.0339111 ms - Host latency: 0.0339111 ms (enqueue 0.00801086 ms)
[07/23/2026-02:07:04] [I] Average on 10 runs - GPU latency: 0.0339355 ms - Host latency: 0.0339355 ms (enqueue 0.00777435 ms)
[07/23/2026-02:07:04] [I] Average on 10 runs - GPU latency: 0.0342316 ms - Host latency: 0.0342316 ms (enqueue 0.00801544 ms)
[07/23/2026-02:07:04] [I] Average on 10 runs - GPU latency: 0.0344315 ms - Host latency: 0.0344315 ms (enqueue 0.00792999 ms)
[07/23/2026-02:07:04] [I] Average on 10 runs - GPU latency: 0.0339386 ms - Host latency: 0.0339386 ms (enqueue 0.00768738 ms)
[07/23/2026-02:07:04] [I] Average on 10 runs - GPU latency: 0.0343811 ms - Host latency: 0.0343811 ms (enqueue 0.008255 ms)
[07/23/2026-02:07:04] [I] Average on 10 runs - GPU latency: 0.0346466 ms - Host latency: 0.0346466 ms (enqueue 0.00827332 ms)
[07/23/2026-02:07:04] [I] Average on 10 runs - GPU latency: 0.0338196 ms - Host latency: 0.0338196 ms (enqueue 0.00801849 ms)
[07/23/2026-02:07:04] [I] Average on 10 runs - GPU latency: 0.0341644 ms - Host latency: 0.0341644 ms (enqueue 0.0078598 ms)
[07/23/2026-02:07:04] [I] Average on 10 runs - GPU latency: 0.0339233 ms - Host latency: 0.0339233 ms (enqueue 0.0077301 ms)
[07/23/2026-02:07:04] [I] Average on 10 runs - GPU latency: 0.0344452 ms - Host latency: 0.0344452 ms (enqueue 0.00816956 ms)
[07/23/2026-02:07:04] [I] Average on 10 runs - GPU latency: 0.0339615 ms - Host latency: 0.0339615 ms (enqueue 0.00786285 ms)
[07/23/2026-02:07:04] [I] Average on 10 runs - GPU latency: 0.03414 ms - Host latency: 0.03414 ms (enqueue 0.00787201 ms)
[07/23/2026-02:07:04] [I] Average on 10 runs - GPU latency: 0.0338867 ms - Host latency: 0.0338867 ms (enqueue 0.0077713 ms)
[07/23/2026-02:07:04] [I] Average on 10 runs - GPU latency: 0.0339203 ms - Host latency: 0.0339203 ms (enqueue 0.00772858 ms)
[07/23/2026-02:07:04] [I] Average on 10 runs - GPU latency: 0.0336578 ms - Host latency: 0.0336578 ms (enqueue 0.00775604 ms)
[07/23/2026-02:07:04] [I] Average on 10 runs - GPU latency: 0.0339294 ms - Host latency: 0.0339294 ms (enqueue 0.0078125 ms)
[07/23/2026-02:07:04] [I] Average on 10 runs - GPU latency: 0.0340607 ms - Host latency: 0.0340607 ms (enqueue 0.0079834 ms)
[07/23/2026-02:07:04] [I] Average on 10 runs - GPU latency: 0.0338196 ms - Host latency: 0.0338196 ms (enqueue 0.00772552 ms)
[07/23/2026-02:07:04] [I] Average on 10 runs - GPU latency: 0.0340332 ms - Host latency: 0.0340332 ms (enqueue 0.00809326 ms)
[07/23/2026-02:07:04] [I] Average on 10 runs - GPU latency: 0.0336105 ms - Host latency: 0.0336105 ms (enqueue 0.00785828 ms)
[07/23/2026-02:07:04] [I] Average on 10 runs - GPU latency: 0.0339966 ms - Host latency: 0.0339966 ms (enqueue 0.0078064 ms)
[07/23/2026-02:07:04] [I] Average on 10 runs - GPU latency: 0.0338089 ms - Host latency: 0.0338089 ms (enqueue 0.00778809 ms)
[07/23/2026-02:07:04] [I] Average on 10 runs - GPU latency: 0.0337387 ms - Host latency: 0.0337387 ms (enqueue 0.00798492 ms)
[07/23/2026-02:07:04] [I] Average on 10 runs - GPU latency: 0.0339447 ms - Host latency: 0.0339447 ms (enqueue 0.00776367 ms)
[07/23/2026-02:07:04] [I] Average on 10 runs - GPU latency: 0.0342041 ms - Host latency: 0.0342041 ms (enqueue 0.0078186 ms)
[07/23/2026-02:07:04] [I] Average on 10 runs - GPU latency: 0.0335709 ms - Host latency: 0.0335709 ms (enqueue 0.00781097 ms)
[07/23/2026-02:07:04] [I] Average on 10 runs - GPU latency: 0.0341644 ms - Host latency: 0.0341644 ms (enqueue 0.00778351 ms)
[07/23/2026-02:07:04] [I] Average on 10 runs - GPU latency: 0.0335968 ms - Host latency: 0.0335968 ms (enqueue 0.0078064 ms)
[07/23/2026-02:07:04] [I] Average on 10 runs - GPU latency: 0.0343597 ms - Host latency: 0.0343597 ms (enqueue 0.00774689 ms)
[07/23/2026-02:07:04] [I] Average on 10 runs - GPU latency: 0.0338287 ms - Host latency: 0.0338287 ms (enqueue 0.00782013 ms)
[07/23/2026-02:07:04] [I] Average on 10 runs - GPU latency: 0.0339371 ms - Host latency: 0.0339371 ms (enqueue 0.00779114 ms)
[07/23/2026-02:07:04] [I] Average on 10 runs - GPU latency: 0.0339279 ms - Host latency: 0.0339279 ms (enqueue 0.00778961 ms)
[07/23/2026-02:07:04] [I] Average on 10 runs - GPU latency: 0.0343094 ms - Host latency: 0.0343094 ms (enqueue 0.00792236 ms)
[07/23/2026-02:07:04] [I] Average on 10 runs - GPU latency: 0.034996 ms - Host latency: 0.034996 ms (enqueue 0.00864868 ms)
[07/23/2026-02:07:04] [I] Average on 10 runs - GPU latency: 0.03591 ms - Host latency: 0.03591 ms (enqueue 0.00957794 ms)
[07/23/2026-02:07:04] [I] Average on 10 runs - GPU latency: 0.0346741 ms - Host latency: 0.0346741 ms (enqueue 0.00871429 ms)
[07/23/2026-02:07:04] [I] Average on 10 runs - GPU latency: 0.0342148 ms - Host latency: 0.0342148 ms (enqueue 0.00804138 ms)
[07/23/2026-02:07:04] [I] Average on 10 runs - GPU latency: 0.0336197 ms - Host latency: 0.0336197 ms (enqueue 0.00770874 ms)
[07/23/2026-02:07:04] [I] Average on 10 runs - GPU latency: 0.0342392 ms - Host latency: 0.0342392 ms (enqueue 0.00808258 ms)
[07/23/2026-02:07:04] [I] Average on 10 runs - GPU latency: 0.0340637 ms - Host latency: 0.0340637 ms (enqueue 0.00808563 ms)
[07/23/2026-02:07:04] [I] Average on 10 runs - GPU latency: 0.0338928 ms - Host latency: 0.0338928 ms (enqueue 0.00778198 ms)
[07/23/2026-02:07:04] [I] Average on 10 runs - GPU latency: 0.0342239 ms - Host latency: 0.0342239 ms (enqueue 0.00805817 ms)
[07/23/2026-02:07:04] [I] Average on 10 runs - GPU latency: 0.0343292 ms - Host latency: 0.0343292 ms (enqueue 0.00814056 ms)
[07/23/2026-02:07:04] [I] Average on 10 runs - GPU latency: 0.0339523 ms - Host latency: 0.0339523 ms (enqueue 0.00798645 ms)
[07/23/2026-02:07:04] [I] Average on 10 runs - GPU latency: 0.0337479 ms - Host latency: 0.0337479 ms (enqueue 0.00780029 ms)
[07/23/2026-02:07:04] [I] Average on 10 runs - GPU latency: 0.0336029 ms - Host latency: 0.0336029 ms (enqueue 0.00771484 ms)
[07/23/2026-02:07:04] [I] Average on 10 runs - GPU latency: 0.0340515 ms - Host latency: 0.0340515 ms (enqueue 0.00795288 ms)
[07/23/2026-02:07:04] [I] Average on 10 runs - GPU latency: 0.0342773 ms - Host latency: 0.0342773 ms (enqueue 0.00804138 ms)
[07/23/2026-02:07:04] [I] Average on 10 runs - GPU latency: 0.0338501 ms - Host latency: 0.0338501 ms (enqueue 0.00802307 ms)
[07/23/2026-02:07:04] [I] Average on 10 runs - GPU latency: 0.0338776 ms - Host latency: 0.0338776 ms (enqueue 0.00779724 ms)
[07/23/2026-02:07:04] [I] Average on 10 runs - GPU latency: 0.0340668 ms - Host latency: 0.0340668 ms (enqueue 0.00779724 ms)
[07/23/2026-02:07:04] [I] Average on 10 runs - GPU latency: 0.0338287 ms - Host latency: 0.0338287 ms (enqueue 0.00794067 ms)
[07/23/2026-02:07:04] [I] Average on 10 runs - GPU latency: 0.034201 ms - Host latency: 0.034201 ms (enqueue 0.00814209 ms)
[07/23/2026-02:07:04] [I] Average on 10 runs - GPU latency: 0.0343475 ms - Host latency: 0.0343475 ms (enqueue 0.00795593 ms)
[07/23/2026-02:07:04] [I] Average on 10 runs - GPU latency: 0.0337524 ms - Host latency: 0.0337524 ms (enqueue 0.00785217 ms)
[07/23/2026-02:07:04] [I] Average on 10 runs - GPU latency: 0.0341126 ms - Host latency: 0.0341126 ms (enqueue 0.00778503 ms)
[07/23/2026-02:07:04] [I] Average on 10 runs - GPU latency: 0.0338593 ms - Host latency: 0.0338593 ms (enqueue 0.00792542 ms)
[07/23/2026-02:07:04] [I] Average on 10 runs - GPU latency: 0.0336639 ms - Host latency: 0.0336639 ms (enqueue 0.00778198 ms)
[07/23/2026-02:07:04] [I] Average on 10 runs - GPU latency: 0.034375 ms - Host latency: 0.034375 ms (enqueue 0.00810852 ms)
[07/23/2026-02:07:04] [I] Average on 10 runs - GPU latency: 0.03367 ms - Host latency: 0.03367 ms (enqueue 0.00772705 ms)
[07/23/2026-02:07:04] [I] Average on 10 runs - GPU latency: 0.0347595 ms - Host latency: 0.0347595 ms (enqueue 0.00812683 ms)
[07/23/2026-02:07:04] [I] Average on 10 runs - GPU latency: 0.033963 ms - Host latency: 0.033963 ms (enqueue 0.00791626 ms)
[07/23/2026-02:07:04] [I] Average on 10 runs - GPU latency: 0.0338654 ms - Host latency: 0.0338654 ms (enqueue 0.00770874 ms)
[07/23/2026-02:07:04] [I] Average on 10 runs - GPU latency: 0.0342194 ms - Host latency: 0.0342194 ms (enqueue 0.00846558 ms)
[07/23/2026-02:07:04] [I] Average on 10 runs - GPU latency: 0.0339783 ms - Host latency: 0.0339783 ms (enqueue 0.00771484 ms)
[07/23/2026-02:07:04] [I] Average on 10 runs - GPU latency: 0.0347168 ms - Host latency: 0.0347168 ms (enqueue 0.00844421 ms)
[07/23/2026-02:07:04] [I] Average on 10 runs - GPU latency: 0.0341248 ms - Host latency: 0.0341248 ms (enqueue 0.00779724 ms)
[07/23/2026-02:07:04] [I] Average on 10 runs - GPU latency: 0.034314 ms - Host latency: 0.034314 ms (enqueue 0.00787354 ms)
[07/23/2026-02:07:04] [I] Average on 10 runs - GPU latency: 0.0346619 ms - Host latency: 0.0346619 ms (enqueue 0.00824585 ms)
[07/23/2026-02:07:04] [I] Average on 10 runs - GPU latency: 0.0337738 ms - Host latency: 0.0337738 ms (enqueue 0.00765991 ms)
[07/23/2026-02:07:04] [I] Average on 10 runs - GPU latency: 0.033847 ms - Host latency: 0.033847 ms (enqueue 0.00770569 ms)
[07/23/2026-02:07:04] [I] Average on 10 runs - GPU latency: 0.0338989 ms - Host latency: 0.0338989 ms (enqueue 0.00783386 ms)
[07/23/2026-02:07:04] [I] Average on 10 runs - GPU latency: 0.0339813 ms - Host latency: 0.0339813 ms (enqueue 0.00777588 ms)
[07/23/2026-02:07:04] [I] Average on 10 runs - GPU latency: 0.0341736 ms - Host latency: 0.0341736 ms (enqueue 0.00799866 ms)
[07/23/2026-02:07:04] [I] Average on 10 runs - GPU latency: 0.033786 ms - Host latency: 0.033786 ms (enqueue 0.00786133 ms)
[07/23/2026-02:07:04] [I] Average on 10 runs - GPU latency: 0.03367 ms - Host latency: 0.03367 ms (enqueue 0.00770569 ms)
[07/23/2026-02:07:04] [I] Average on 10 runs - GPU latency: 0.0337097 ms - Host latency: 0.0337097 ms (enqueue 0.00856628 ms)
[07/23/2026-02:07:04] [I] Average on 10 runs - GPU latency: 0.0340942 ms - Host latency: 0.0340942 ms (enqueue 0.00783386 ms)
[07/23/2026-02:07:04] [I] Average on 10 runs - GPU latency: 0.0339447 ms - Host latency: 0.0339447 ms (enqueue 0.00795593 ms)
[07/23/2026-02:07:04] [I] Average on 10 runs - GPU latency: 0.0343781 ms - Host latency: 0.0343781 ms (enqueue 0.00783691 ms)
[07/23/2026-02:07:04] [I] Average on 10 runs - GPU latency: 0.0338287 ms - Host latency: 0.0338287 ms (enqueue 0.00772705 ms)
[07/23/2026-02:07:04] [I] Average on 10 runs - GPU latency: 0.0337982 ms - Host latency: 0.0337982 ms (enqueue 0.00796814 ms)
[07/23/2026-02:07:04] [I] Average on 10 runs - GPU latency: 0.0414246 ms - Host latency: 0.0414246 ms (enqueue 0.014978 ms)
[07/23/2026-02:07:04] [I] Average on 10 runs - GPU latency: 0.0336426 ms - Host latency: 0.0336426 ms (enqueue 0.00779419 ms)
[07/23/2026-02:07:04] [I] Average on 10 runs - GPU latency: 0.0338043 ms - Host latency: 0.0338043 ms (enqueue 0.00780334 ms)
[07/23/2026-02:07:04] [I] Average on 10 runs - GPU latency: 0.0340698 ms - Host latency: 0.0340698 ms (enqueue 0.00776672 ms)
[07/23/2026-02:07:04] [I] Average on 10 runs - GPU latency: 0.0346558 ms - Host latency: 0.0346558 ms (enqueue 0.00797424 ms)
[07/23/2026-02:07:04] [I] Average on 10 runs - GPU latency: 0.0341949 ms - Host latency: 0.0341949 ms (enqueue 0.00789795 ms)
[07/23/2026-02:07:04] [I] Average on 10 runs - GPU latency: 0.0340607 ms - Host latency: 0.0340607 ms (enqueue 0.0078186 ms)
[07/23/2026-02:07:04] [I] Average on 10 runs - GPU latency: 0.0342285 ms - Host latency: 0.0342285 ms (enqueue 0.00812378 ms)
[07/23/2026-02:07:04] [I] Average on 10 runs - GPU latency: 0.0354034 ms - Host latency: 0.0354034 ms (enqueue 0.00908813 ms)
[07/23/2026-02:07:04] [I] Average on 10 runs - GPU latency: 0.0338074 ms - Host latency: 0.0338074 ms (enqueue 0.00796204 ms)
[07/23/2026-02:07:04] [I] Average on 10 runs - GPU latency: 0.0337799 ms - Host latency: 0.0337799 ms (enqueue 0.00779114 ms)
[07/23/2026-02:07:04] [I] Average on 10 runs - GPU latency: 0.0339355 ms - Host latency: 0.0339355 ms (enqueue 0.00776367 ms)
[07/23/2026-02:07:04] [I] Average on 10 runs - GPU latency: 0.0339386 ms - Host latency: 0.0339386 ms (enqueue 0.00776672 ms)
[07/23/2026-02:07:04] [I] Average on 10 runs - GPU latency: 0.0341034 ms - Host latency: 0.0341034 ms (enqueue 0.00779419 ms)
[07/23/2026-02:07:04] [I] Average on 10 runs - GPU latency: 0.0347351 ms - Host latency: 0.0347351 ms (enqueue 0.00858154 ms)
[07/23/2026-02:07:04] [I] Average on 10 runs - GPU latency: 0.0337158 ms - Host latency: 0.0337158 ms (enqueue 0.00778503 ms)
[07/23/2026-02:07:04] [I] ... Omitting 74703 lines
[07/23/2026-02:07:04] [I] Average on 10 runs - GPU latency: 0.0338135 ms - Host latency: 0.0338135 ms (enqueue 0.00786133 ms)
[07/23/2026-02:07:04] [I] Average on 10 runs - GPU latency: 0.0335938 ms - Host latency: 0.0335938 ms (enqueue 0.00761719 ms)
[07/23/2026-02:07:04] [I] Average on 10 runs - GPU latency: 0.0336182 ms - Host latency: 0.0336182 ms (enqueue 0.00776367 ms)
[07/23/2026-02:07:04] [I] Average on 10 runs - GPU latency: 0.0341309 ms - Host latency: 0.0341309 ms (enqueue 0.00793457 ms)
[07/23/2026-02:07:04] [I] Average on 10 runs - GPU latency: 0.0337158 ms - Host latency: 0.0337158 ms (enqueue 0.00759277 ms)
[07/23/2026-02:07:04] [I] Average on 10 runs - GPU latency: 0.0341309 ms - Host latency: 0.0341309 ms (enqueue 0.0078125 ms)
[07/23/2026-02:07:04] [I] Average on 10 runs - GPU latency: 0.0344482 ms - Host latency: 0.0344482 ms (enqueue 0.00839844 ms)
[07/23/2026-02:07:04] [I] Average on 10 runs - GPU latency: 0.0339355 ms - Host latency: 0.0339355 ms (enqueue 0.00773926 ms)
[07/23/2026-02:07:04] [I] Average on 10 runs - GPU latency: 0.0337891 ms - Host latency: 0.0337891 ms (enqueue 0.00773926 ms)
[07/23/2026-02:07:04] [I] Average on 10 runs - GPU latency: 0.0339355 ms - Host latency: 0.0339355 ms (enqueue 0.00761719 ms)
[07/23/2026-02:07:04] [I] Average on 10 runs - GPU latency: 0.0337891 ms - Host latency: 0.0337891 ms (enqueue 0.00778809 ms)
[07/23/2026-02:07:04] [I] Average on 10 runs - GPU latency: 0.0338135 ms - Host latency: 0.0338135 ms (enqueue 0.00759277 ms)
[07/23/2026-02:07:04] [I] Average on 10 runs - GPU latency: 0.0334961 ms - Host latency: 0.0334961 ms (enqueue 0.00778809 ms)
[07/23/2026-02:07:04] [I] Average on 10 runs - GPU latency: 0.0341309 ms - Host latency: 0.0341309 ms (enqueue 0.00773926 ms)
[07/23/2026-02:07:04] [I] Average on 10 runs - GPU latency: 0.0338623 ms - Host latency: 0.0338623 ms (enqueue 0.00810547 ms)
[07/23/2026-02:07:04] [I] Average on 10 runs - GPU latency: 0.0336182 ms - Host latency: 0.0336182 ms (enqueue 0.0076416 ms)
[07/23/2026-02:07:04] [I] Average on 10 runs - GPU latency: 0.0338623 ms - Host latency: 0.0338623 ms (enqueue 0.00769043 ms)
[07/23/2026-02:07:04] [I] Average on 10 runs - GPU latency: 0.0338623 ms - Host latency: 0.0338623 ms (enqueue 0.00783691 ms)
[07/23/2026-02:07:04] [I] Average on 10 runs - GPU latency: 0.0338623 ms - Host latency: 0.0338623 ms (enqueue 0.0081543 ms)
[07/23/2026-02:07:04] [I] Average on 10 runs - GPU latency: 0.0337402 ms - Host latency: 0.0337402 ms (enqueue 0.00773926 ms)
[07/23/2026-02:07:04] [I] Average on 10 runs - GPU latency: 0.0336426 ms - Host latency: 0.0336426 ms (enqueue 0.00771484 ms)
[07/23/2026-02:07:04] [I] Average on 10 runs - GPU latency: 0.033667 ms - Host latency: 0.033667 ms (enqueue 0.00771484 ms)
[07/23/2026-02:07:04] [I] Average on 10 runs - GPU latency: 0.0337891 ms - Host latency: 0.0337891 ms (enqueue 0.00786133 ms)
[07/23/2026-02:07:04] [I] Average on 10 runs - GPU latency: 0.0341064 ms - Host latency: 0.0341064 ms (enqueue 0.0079834 ms)
[07/23/2026-02:07:04] [I] Average on 10 runs - GPU latency: 0.0338135 ms - Host latency: 0.0338135 ms (enqueue 0.00766602 ms)
[07/23/2026-02:07:04] [I] Average on 10 runs - GPU latency: 0.03396 ms - Host latency: 0.03396 ms (enqueue 0.00761719 ms)
[07/23/2026-02:07:04] [I] Average on 10 runs - GPU latency: 0.033667 ms - Host latency: 0.033667 ms (enqueue 0.00766602 ms)
[07/23/2026-02:07:04] [I] Average on 10 runs - GPU latency: 0.0334961 ms - Host latency: 0.0334961 ms (enqueue 0.00769043 ms)
[07/23/2026-02:07:04] [I] Average on 10 runs - GPU latency: 0.0336426 ms - Host latency: 0.0336426 ms (enqueue 0.00756836 ms)
[07/23/2026-02:07:04] [I] Average on 10 runs - GPU latency: 0.0337646 ms - Host latency: 0.0337646 ms (enqueue 0.00773926 ms)
[07/23/2026-02:07:04] [I] Average on 10 runs - GPU latency: 0.0344727 ms - Host latency: 0.0344727 ms (enqueue 0.00830078 ms)
[07/23/2026-02:07:04] [I] Average on 10 runs - GPU latency: 0.0336914 ms - Host latency: 0.0336914 ms (enqueue 0.0078125 ms)
[07/23/2026-02:07:04] [I] Average on 10 runs - GPU latency: 0.0341064 ms - Host latency: 0.0341064 ms (enqueue 0.00791016 ms)
[07/23/2026-02:07:04] [I] Average on 10 runs - GPU latency: 0.0338623 ms - Host latency: 0.0338623 ms (enqueue 0.00756836 ms)
[07/23/2026-02:07:04] [I] Average on 10 runs - GPU latency: 0.03396 ms - Host latency: 0.03396 ms (enqueue 0.00773926 ms)
[07/23/2026-02:07:04] [I] Average on 10 runs - GPU latency: 0.0338379 ms - Host latency: 0.0338379 ms (enqueue 0.00769043 ms)
[07/23/2026-02:07:04] [I] Average on 10 runs - GPU latency: 0.0338379 ms - Host latency: 0.0338379 ms (enqueue 0.00756836 ms)
[07/23/2026-02:07:04] [I] Average on 10 runs - GPU latency: 0.0336426 ms - Host latency: 0.0336426 ms (enqueue 0.00771484 ms)
[07/23/2026-02:07:04] [I] Average on 10 runs - GPU latency: 0.0338135 ms - Host latency: 0.0338135 ms (enqueue 0.00771484 ms)
[07/23/2026-02:07:04] [I] Average on 10 runs - GPU latency: 0.0337646 ms - Host latency: 0.0337646 ms (enqueue 0.00788574 ms)
[07/23/2026-02:07:04] [I] Average on 10 runs - GPU latency: 0.03396 ms - Host latency: 0.03396 ms (enqueue 0.0076416 ms)
[07/23/2026-02:07:04] [I] Average on 10 runs - GPU latency: 0.0340088 ms - Host latency: 0.0340088 ms (enqueue 0.00769043 ms)
[07/23/2026-02:07:04] [I] Average on 10 runs - GPU latency: 0.0338867 ms - Host latency: 0.0338867 ms (enqueue 0.00776367 ms)
[07/23/2026-02:07:04] [I] Average on 10 runs - GPU latency: 0.0341553 ms - Host latency: 0.0341553 ms (enqueue 0.00817871 ms)
[07/23/2026-02:07:04] [I] Average on 10 runs - GPU latency: 0.0337158 ms - Host latency: 0.0337158 ms (enqueue 0.00771484 ms)
[07/23/2026-02:07:04] [I] Average on 10 runs - GPU latency: 0.0337891 ms - Host latency: 0.0337891 ms (enqueue 0.00783691 ms)
[07/23/2026-02:07:04] [I] Average on 10 runs - GPU latency: 0.0338867 ms - Host latency: 0.0338867 ms (enqueue 0.00771484 ms)
[07/23/2026-02:07:04] [I] Average on 10 runs - GPU latency: 0.0336182 ms - Host latency: 0.0336182 ms (enqueue 0.00766602 ms)
[07/23/2026-02:07:04] [I] Average on 10 runs - GPU latency: 0.0341553 ms - Host latency: 0.0341553 ms (enqueue 0.00822754 ms)
[07/23/2026-02:07:04] [I] Average on 10 runs - GPU latency: 0.0340088 ms - Host latency: 0.0340088 ms (enqueue 0.00783691 ms)
[07/23/2026-02:07:04] [I] Average on 10 runs - GPU latency: 0.0341797 ms - Host latency: 0.0341797 ms (enqueue 0.00771484 ms)
[07/23/2026-02:07:04] [I] Average on 10 runs - GPU latency: 0.0337891 ms - Host latency: 0.0337891 ms (enqueue 0.00783691 ms)
[07/23/2026-02:07:04] [I] Average on 10 runs - GPU latency: 0.0336426 ms - Host latency: 0.0336426 ms (enqueue 0.00756836 ms)
[07/23/2026-02:07:04] [I] Average on 10 runs - GPU latency: 0.0338867 ms - Host latency: 0.0338867 ms (enqueue 0.00783691 ms)
[07/23/2026-02:07:04] [I] Average on 10 runs - GPU latency: 0.0334473 ms - Host latency: 0.0334473 ms (enqueue 0.00769043 ms)
[07/23/2026-02:07:04] [I] Average on 10 runs - GPU latency: 0.0347656 ms - Host latency: 0.0347656 ms (enqueue 0.00825195 ms)
[07/23/2026-02:07:04] [I] Average on 10 runs - GPU latency: 0.03396 ms - Host latency: 0.03396 ms (enqueue 0.00783691 ms)
[07/23/2026-02:07:04] [I] Average on 10 runs - GPU latency: 0.03396 ms - Host latency: 0.03396 ms (enqueue 0.00771484 ms)
[07/23/2026-02:07:04] [I] Average on 10 runs - GPU latency: 0.0336426 ms - Host latency: 0.0336426 ms (enqueue 0.0078125 ms)
[07/23/2026-02:07:04] [I] Average on 10 runs - GPU latency: 0.0342041 ms - Host latency: 0.0342041 ms (enqueue 0.00778809 ms)
[07/23/2026-02:07:04] [I] Average on 10 runs - GPU latency: 0.0335938 ms - Host latency: 0.0335938 ms (enqueue 0.00761719 ms)
[07/23/2026-02:07:04] [I] Average on 10 runs - GPU latency: 0.0338135 ms - Host latency: 0.0338135 ms (enqueue 0.00773926 ms)
[07/23/2026-02:07:04] [I] Average on 10 runs - GPU latency: 0.0339355 ms - Host latency: 0.0339355 ms (enqueue 0.00773926 ms)
[07/23/2026-02:07:04] [I] Average on 10 runs - GPU latency: 0.0343506 ms - Host latency: 0.0343506 ms (enqueue 0.00803223 ms)
[07/23/2026-02:07:04] [I] Average on 10 runs - GPU latency: 0.0338623 ms - Host latency: 0.0338623 ms (enqueue 0.00778809 ms)
[07/23/2026-02:07:04] [I] Average on 10 runs - GPU latency: 0.0336914 ms - Host latency: 0.0336914 ms (enqueue 0.0076416 ms)
[07/23/2026-02:07:04] [I] Average on 10 runs - GPU latency: 0.0339111 ms - Host latency: 0.0339111 ms (enqueue 0.00771484 ms)
[07/23/2026-02:07:04] [I] Average on 10 runs - GPU latency: 0.0347412 ms - Host latency: 0.0347412 ms (enqueue 0.00856934 ms)
[07/23/2026-02:07:04] [I] Average on 10 runs - GPU latency: 0.0339111 ms - Host latency: 0.0339111 ms (enqueue 0.00776367 ms)
[07/23/2026-02:07:04] [I] Average on 10 runs - GPU latency: 0.0338623 ms - Host latency: 0.0338623 ms (enqueue 0.00773926 ms)
[07/23/2026-02:07:04] [I] Average on 10 runs - GPU latency: 0.0341797 ms - Host latency: 0.0341797 ms (enqueue 0.00771484 ms)
[07/23/2026-02:07:04] [I] Average on 10 runs - GPU latency: 0.0345947 ms - Host latency: 0.0345947 ms (enqueue 0.00805664 ms)
[07/23/2026-02:07:04] [I] Average on 10 runs - GPU latency: 0.0336914 ms - Host latency: 0.0336914 ms (enqueue 0.00761719 ms)
[07/23/2026-02:07:04] [I] Average on 10 runs - GPU latency: 0.0338623 ms - Host latency: 0.0338623 ms (enqueue 0.00800781 ms)
[07/23/2026-02:07:04] [I] Average on 10 runs - GPU latency: 0.0336426 ms - Host latency: 0.0336426 ms (enqueue 0.00766602 ms)
[07/23/2026-02:07:04] [I] Average on 10 runs - GPU latency: 0.0335205 ms - Host latency: 0.0335205 ms (enqueue 0.00766602 ms)
[07/23/2026-02:07:04] [I] Average on 10 runs - GPU latency: 0.034082 ms - Host latency: 0.034082 ms (enqueue 0.00778809 ms)
[07/23/2026-02:07:04] [I] Average on 10 runs - GPU latency: 0.0341309 ms - Host latency: 0.0341309 ms (enqueue 0.00778809 ms)
[07/23/2026-02:07:04] [I] Average on 10 runs - GPU latency: 0.0338135 ms - Host latency: 0.0338135 ms (enqueue 0.00771484 ms)
[07/23/2026-02:07:04] [I] Average on 10 runs - GPU latency: 0.0339355 ms - Host latency: 0.0339355 ms (enqueue 0.00783691 ms)
[07/23/2026-02:07:04] [I] Average on 10 runs - GPU latency: 0.0344971 ms - Host latency: 0.0344971 ms (enqueue 0.00825195 ms)
[07/23/2026-02:07:04] [I] Average on 10 runs - GPU latency: 0.0337891 ms - Host latency: 0.0337891 ms (enqueue 0.0078125 ms)
[07/23/2026-02:07:04] [I] Average on 10 runs - GPU latency: 0.0338867 ms - Host latency: 0.0338867 ms (enqueue 0.00791016 ms)
[07/23/2026-02:07:04] [I] Average on 10 runs - GPU latency: 0.03396 ms - Host latency: 0.03396 ms (enqueue 0.00761719 ms)
[07/23/2026-02:07:04] [I] Average on 10 runs - GPU latency: 0.0337402 ms - Host latency: 0.0337402 ms (enqueue 0.0078125 ms)
[07/23/2026-02:07:04] [I] Average on 10 runs - GPU latency: 0.0335938 ms - Host latency: 0.0335938 ms (enqueue 0.0076416 ms)
[07/23/2026-02:07:04] [I] Average on 10 runs - GPU latency: 0.03396 ms - Host latency: 0.03396 ms (enqueue 0.00773926 ms)
[07/23/2026-02:07:04] [I] Average on 10 runs - GPU latency: 0.0340576 ms - Host latency: 0.0340576 ms (enqueue 0.00800781 ms)
[07/23/2026-02:07:04] [I] Average on 10 runs - GPU latency: 0.0337646 ms - Host latency: 0.0337646 ms (enqueue 0.00773926 ms)
[07/23/2026-02:07:04] [I] Average on 10 runs - GPU latency: 0.0336914 ms - Host latency: 0.0336914 ms (enqueue 0.0076416 ms)
[07/23/2026-02:07:04] [I] Average on 10 runs - GPU latency: 0.0338379 ms - Host latency: 0.0338379 ms (enqueue 0.00766602 ms)
[07/23/2026-02:07:04] [I] Average on 10 runs - GPU latency: 0.0338623 ms - Host latency: 0.0338623 ms (enqueue 0.00769043 ms)
[07/23/2026-02:07:04] [I] Average on 10 runs - GPU latency: 0.0345459 ms - Host latency: 0.0345459 ms (enqueue 0.00856934 ms)
[07/23/2026-02:07:04] [I] Average on 10 runs - GPU latency: 0.0337891 ms - Host latency: 0.0337891 ms (enqueue 0.00773926 ms)
[07/23/2026-02:07:04] [I] Average on 10 runs - GPU latency: 0.0342041 ms - Host latency: 0.0342041 ms (enqueue 0.00786133 ms)
[07/23/2026-02:07:04] [I] Average on 10 runs - GPU latency: 0.0343506 ms - Host latency: 0.0343506 ms (enqueue 0.0081543 ms)
[07/23/2026-02:07:04] [I] Average on 10 runs - GPU latency: 0.0339111 ms - Host latency: 0.0339111 ms (enqueue 0.00769043 ms)
[07/23/2026-02:07:04] [I] Average on 10 runs - GPU latency: 0.0341553 ms - Host latency: 0.0341553 ms (enqueue 0.00805664 ms)
[07/23/2026-02:07:04] [I] Average on 10 runs - GPU latency: 0.0339111 ms - Host latency: 0.0339111 ms (enqueue 0.00776367 ms)
[07/23/2026-02:07:04] [I] Average on 10 runs - GPU latency: 0.0335449 ms - Host latency: 0.0335449 ms (enqueue 0.00766602 ms)
[07/23/2026-02:07:04] [I] Average on 10 runs - GPU latency: 0.0342041 ms - Host latency: 0.0342041 ms (enqueue 0.00791016 ms)
[07/23/2026-02:07:04] [I] Average on 10 runs - GPU latency: 0.0338379 ms - Host latency: 0.0338379 ms (enqueue 0.0076416 ms)
[07/23/2026-02:07:04] [I] Average on 10 runs - GPU latency: 0.0338379 ms - Host latency: 0.0338379 ms (enqueue 0.00778809 ms)
[07/23/2026-02:07:04] [I] Average on 10 runs - GPU latency: 0.03396 ms - Host latency: 0.03396 ms (enqueue 0.00783691 ms)
[07/23/2026-02:07:04] [I] Average on 10 runs - GPU latency: 0.0341309 ms - Host latency: 0.0341309 ms (enqueue 0.00766602 ms)
[07/23/2026-02:07:04] [I] Average on 10 runs - GPU latency: 0.0337646 ms - Host latency: 0.0337646 ms (enqueue 0.00771484 ms)
[07/23/2026-02:07:04] [I] Average on 10 runs - GPU latency: 0.034375 ms - Host latency: 0.034375 ms (enqueue 0.00771484 ms)
[07/23/2026-02:07:04] [I] Average on 10 runs - GPU latency: 0.0339355 ms - Host latency: 0.0339355 ms (enqueue 0.00788574 ms)
[07/23/2026-02:07:04] [I] Average on 10 runs - GPU latency: 0.0338623 ms - Host latency: 0.0338623 ms (enqueue 0.00788574 ms)
[07/23/2026-02:07:04] [I] Average on 10 runs - GPU latency: 0.0336182 ms - Host latency: 0.0336182 ms (enqueue 0.0076416 ms)
[07/23/2026-02:07:04] [I] Average on 10 runs - GPU latency: 0.0347412 ms - Host latency: 0.0347412 ms (enqueue 0.00871582 ms)
[07/23/2026-02:07:04] [I] Average on 10 runs - GPU latency: 0.0338867 ms - Host latency: 0.0338867 ms (enqueue 0.00783691 ms)
[07/23/2026-02:07:04] [I] Average on 10 runs - GPU latency: 0.0341553 ms - Host latency: 0.0341553 ms (enqueue 0.00773926 ms)
[07/23/2026-02:07:04] [I] Average on 10 runs - GPU latency: 0.0337891 ms - Host latency: 0.0337891 ms (enqueue 0.00759277 ms)
[07/23/2026-02:07:04] [I] Average on 10 runs - GPU latency: 0.0339844 ms - Host latency: 0.0339844 ms (enqueue 0.00800781 ms)
[07/23/2026-02:07:04] [I] Average on 10 runs - GPU latency: 0.0336426 ms - Host latency: 0.0336426 ms (enqueue 0.00786133 ms)
[07/23/2026-02:07:04] [I] Average on 10 runs - GPU latency: 0.0344238 ms - Host latency: 0.0344238 ms (enqueue 0.00793457 ms)
[07/23/2026-02:07:04] [I] Average on 10 runs - GPU latency: 0.0337891 ms - Host latency: 0.0337891 ms (enqueue 0.00766602 ms)
[07/23/2026-02:07:04] [I] Average on 10 runs - GPU latency: 0.0337402 ms - Host latency: 0.0337402 ms (enqueue 0.00769043 ms)
[07/23/2026-02:07:04] [I] Average on 10 runs - GPU latency: 0.0337891 ms - Host latency: 0.0337891 ms (enqueue 0.00771484 ms)
[07/23/2026-02:07:04] [I] Average on 10 runs - GPU latency: 0.0338379 ms - Host latency: 0.0338379 ms (enqueue 0.00783691 ms)
[07/23/2026-02:07:04] [I] Average on 10 runs - GPU latency: 0.0339844 ms - Host latency: 0.0339844 ms (enqueue 0.0078125 ms)
[07/23/2026-02:07:04] [I] Average on 10 runs - GPU latency: 0.0348145 ms - Host latency: 0.0348145 ms (enqueue 0.00869141 ms)
[07/23/2026-02:07:04] [I] Average on 10 runs - GPU latency: 0.0337646 ms - Host latency: 0.0337646 ms (enqueue 0.00778809 ms)
[07/23/2026-02:07:04] [I] Average on 10 runs - GPU latency: 0.0342529 ms - Host latency: 0.0342529 ms (enqueue 0.0079834 ms)
[07/23/2026-02:07:04] [I] Average on 10 runs - GPU latency: 0.0338379 ms - Host latency: 0.0338379 ms (enqueue 0.00771484 ms)
[07/23/2026-02:07:04] [I] Average on 10 runs - GPU latency: 0.0339111 ms - Host latency: 0.0339111 ms (enqueue 0.0076416 ms)
[07/23/2026-02:07:04] [I] Average on 10 runs - GPU latency: 0.0338623 ms - Host latency: 0.0338623 ms (enqueue 0.00776367 ms)
[07/23/2026-02:07:04] [I] Average on 10 runs - GPU latency: 0.0341309 ms - Host latency: 0.0341309 ms (enqueue 0.00776367 ms)
[07/23/2026-02:07:04] [I] Average on 10 runs - GPU latency: 0.0339844 ms - Host latency: 0.0339844 ms (enqueue 0.00773926 ms)
[07/23/2026-02:07:04] [I] Average on 10 runs - GPU latency: 0.0338623 ms - Host latency: 0.0338623 ms (enqueue 0.0078125 ms)
[07/23/2026-02:07:04] [I] Average on 10 runs - GPU latency: 0.033667 ms - Host latency: 0.033667 ms (enqueue 0.00761719 ms)
[07/23/2026-02:07:04] [I] Average on 10 runs - GPU latency: 0.034375 ms - Host latency: 0.034375 ms (enqueue 0.00803223 ms)
[07/23/2026-02:07:04] [I] Average on 10 runs - GPU latency: 0.0340332 ms - Host latency: 0.0340332 ms (enqueue 0.00791016 ms)
[07/23/2026-02:07:04] [I] Average on 10 runs - GPU latency: 0.0337646 ms - Host latency: 0.0337646 ms (enqueue 0.0076416 ms)
[07/23/2026-02:07:04] [I] Average on 10 runs - GPU latency: 0.0337402 ms - Host latency: 0.0337402 ms (enqueue 0.00769043 ms)
[07/23/2026-02:07:04] [I] Average on 10 runs - GPU latency: 0.0340576 ms - Host latency: 0.0340576 ms (enqueue 0.00776367 ms)
[07/23/2026-02:07:04] [I] Average on 10 runs - GPU latency: 0.0337158 ms - Host latency: 0.0337158 ms (enqueue 0.00766602 ms)
[07/23/2026-02:07:04] [I] Average on 10 runs - GPU latency: 0.0342041 ms - Host latency: 0.0342041 ms (enqueue 0.00793457 ms)
[07/23/2026-02:07:04] [I] Average on 10 runs - GPU latency: 0.0341064 ms - Host latency: 0.0341064 ms (enqueue 0.00771484 ms)
[07/23/2026-02:07:04] [I] Average on 10 runs - GPU latency: 0.0337891 ms - Host latency: 0.0337891 ms (enqueue 0.00773926 ms)
[07/23/2026-02:07:04] [I] Average on 10 runs - GPU latency: 0.0339111 ms - Host latency: 0.0339111 ms (enqueue 0.00795898 ms)
[07/23/2026-02:07:04] [I] Average on 10 runs - GPU latency: 0.0340332 ms - Host latency: 0.0340332 ms (enqueue 0.0081543 ms)
[07/23/2026-02:07:04] [I] Average on 10 runs - GPU latency: 0.0341064 ms - Host latency: 0.0341064 ms (enqueue 0.00800781 ms)
[07/23/2026-02:07:04] [I] Average on 10 runs - GPU latency: 0.0336182 ms - Host latency: 0.0336182 ms (enqueue 0.00766602 ms)
[07/23/2026-02:07:04] [I] Average on 10 runs - GPU latency: 0.03396 ms - Host latency: 0.03396 ms (enqueue 0.00771484 ms)
[07/23/2026-02:07:04] [I] Average on 10 runs - GPU latency: 0.0343262 ms - Host latency: 0.0343262 ms (enqueue 0.00803223 ms)
[07/23/2026-02:07:04] [I] Average on 10 runs - GPU latency: 0.0338867 ms - Host latency: 0.0338867 ms (enqueue 0.00773926 ms)
[07/23/2026-02:07:04] [I] Average on 10 runs - GPU latency: 0.0337402 ms - Host latency: 0.0337402 ms (enqueue 0.00788574 ms)
[07/23/2026-02:07:04] [I] Average on 10 runs - GPU latency: 0.0340088 ms - Host latency: 0.0340088 ms (enqueue 0.00776367 ms)
[07/23/2026-02:07:04] [I] Average on 10 runs - GPU latency: 0.0338623 ms - Host latency: 0.0338623 ms (enqueue 0.00795898 ms)
[07/23/2026-02:07:04] [I] Average on 10 runs - GPU latency: 0.0337158 ms - Host latency: 0.0337158 ms (enqueue 0.00769043 ms)
[07/23/2026-02:07:04] [I] Average on 10 runs - GPU latency: 0.0342041 ms - Host latency: 0.0342041 ms (enqueue 0.0078125 ms)
[07/23/2026-02:07:04] [I] Average on 10 runs - GPU latency: 0.0340576 ms - Host latency: 0.0340576 ms (enqueue 0.0079834 ms)
[07/23/2026-02:07:04] [I] Average on 10 runs - GPU latency: 0.0340576 ms - Host latency: 0.0340576 ms (enqueue 0.00766602 ms)
[07/23/2026-02:07:04] [I] Average on 10 runs - GPU latency: 0.0340576 ms - Host latency: 0.0340576 ms (enqueue 0.00800781 ms)
[07/23/2026-02:07:04] [I] Average on 10 runs - GPU latency: 0.0339111 ms - Host latency: 0.0339111 ms (enqueue 0.0079834 ms)
[07/23/2026-02:07:04] [I] Average on 10 runs - GPU latency: 0.0337158 ms - Host latency: 0.0337158 ms (enqueue 0.0076416 ms)
[07/23/2026-02:07:04] [I] Average on 10 runs - GPU latency: 0.0343262 ms - Host latency: 0.0343262 ms (enqueue 0.0079834 ms)
[07/23/2026-02:07:04] [I] Average on 10 runs - GPU latency: 0.0348145 ms - Host latency: 0.0348145 ms (enqueue 0.00878906 ms)
[07/23/2026-02:07:04] [I] Average on 10 runs - GPU latency: 0.0338135 ms - Host latency: 0.0338135 ms (enqueue 0.00766602 ms)
[07/23/2026-02:07:04] [I] Average on 10 runs - GPU latency: 0.03396 ms - Host latency: 0.03396 ms (enqueue 0.00769043 ms)
[07/23/2026-02:07:04] [I] Average on 10 runs - GPU latency: 0.0340088 ms - Host latency: 0.0340088 ms (enqueue 0.00778809 ms)
[07/23/2026-02:07:04] [I] Average on 10 runs - GPU latency: 0.0339844 ms - Host latency: 0.0339844 ms (enqueue 0.0076416 ms)
[07/23/2026-02:07:04] [I] Average on 10 runs - GPU latency: 0.0337646 ms - Host latency: 0.0337646 ms (enqueue 0.00786133 ms)
[07/23/2026-02:07:04] [I] Average on 10 runs - GPU latency: 0.0337402 ms - Host latency: 0.0337402 ms (enqueue 0.00769043 ms)
[07/23/2026-02:07:04] [I] Average on 10 runs - GPU latency: 0.0344482 ms - Host latency: 0.0344482 ms (enqueue 0.00832519 ms)
[07/23/2026-02:07:04] [I] Average on 10 runs - GPU latency: 0.0337891 ms - Host latency: 0.0337891 ms (enqueue 0.00761719 ms)
[07/23/2026-02:07:04] [I] Average on 10 runs - GPU latency: 0.0340576 ms - Host latency: 0.0340576 ms (enqueue 0.00812988 ms)
[07/23/2026-02:07:04] [I] Average on 10 runs - GPU latency: 0.0336914 ms - Host latency: 0.0336914 ms (enqueue 0.00771484 ms)
[07/23/2026-02:07:04] [I] Average on 10 runs - GPU latency: 0.0339111 ms - Host latency: 0.0339111 ms (enqueue 0.00793457 ms)
[07/23/2026-02:07:04] [I] Average on 10 runs - GPU latency: 0.0342529 ms - Host latency: 0.0342529 ms (enqueue 0.00800781 ms)
[07/23/2026-02:07:04] [I] Average on 10 runs - GPU latency: 0.0341064 ms - Host latency: 0.0341064 ms (enqueue 0.00771484 ms)
[07/23/2026-02:07:04] [I] Average on 10 runs - GPU latency: 0.0337646 ms - Host latency: 0.0337646 ms (enqueue 0.00776367 ms)
[07/23/2026-02:07:04] [I] Average on 10 runs - GPU latency: 0.0334961 ms - Host latency: 0.0334961 ms (enqueue 0.00786133 ms)
[07/23/2026-02:07:04] [I] Average on 10 runs - GPU latency: 0.0336182 ms - Host latency: 0.0336182 ms (enqueue 0.00766602 ms)
[07/23/2026-02:07:04] [I] Average on 10 runs - GPU latency: 0.0340332 ms - Host latency: 0.0340332 ms (enqueue 0.00803223 ms)
[07/23/2026-02:07:04] [I] Average on 10 runs - GPU latency: 0.0339844 ms - Host latency: 0.0339844 ms (enqueue 0.00771484 ms)
[07/23/2026-02:07:04] [I] Average on 10 runs - GPU latency: 0.0339111 ms - Host latency: 0.0339111 ms (enqueue 0.00783691 ms)
[07/23/2026-02:07:04] [I] Average on 10 runs - GPU latency: 0.0338135 ms - Host latency: 0.0338135 ms (enqueue 0.0076416 ms)
[07/23/2026-02:07:04] [I] Average on 10 runs - GPU latency: 0.034375 ms - Host latency: 0.034375 ms (enqueue 0.00808105 ms)
[07/23/2026-02:07:04] [I] Average on 10 runs - GPU latency: 0.0340576 ms - Host latency: 0.0340576 ms (enqueue 0.00769043 ms)
[07/23/2026-02:07:04] [I] Average on 10 runs - GPU latency: 0.0340088 ms - Host latency: 0.0340088 ms (enqueue 0.00761719 ms)
[07/23/2026-02:07:04] [I] Average on 10 runs - GPU latency: 0.0343018 ms - Host latency: 0.0343018 ms (enqueue 0.00771484 ms)
[07/23/2026-02:07:04] [I] Average on 10 runs - GPU latency: 0.0345947 ms - Host latency: 0.0345947 ms (enqueue 0.00847168 ms)
[07/23/2026-02:07:04] [I] Average on 10 runs - GPU latency: 0.0335693 ms - Host latency: 0.0335693 ms (enqueue 0.00761719 ms)
[07/23/2026-02:07:04] [I] Average on 10 runs - GPU latency: 0.033667 ms - Host latency: 0.033667 ms (enqueue 0.00766602 ms)
[07/23/2026-02:07:04] [I] Average on 10 runs - GPU latency: 0.0344727 ms - Host latency: 0.0344727 ms (enqueue 0.00812988 ms)
[07/23/2026-02:07:04] [I] Average on 10 runs - GPU latency: 0.0338135 ms - Host latency: 0.0338135 ms (enqueue 0.0076416 ms)
[07/23/2026-02:07:04] [I] Average on 10 runs - GPU latency: 0.0345703 ms - Host latency: 0.0345703 ms (enqueue 0.00825195 ms)
[07/23/2026-02:07:04] [I] Average on 10 runs - GPU latency: 0.0339111 ms - Host latency: 0.0339111 ms (enqueue 0.00766602 ms)
[07/23/2026-02:07:04] [I] Average on 10 runs - GPU latency: 0.0341797 ms - Host latency: 0.0341797 ms (enqueue 0.0079834 ms)
[07/23/2026-02:07:04] [I] Average on 10 runs - GPU latency: 0.0340332 ms - Host latency: 0.0340332 ms (enqueue 0.00769043 ms)
[07/23/2026-02:07:04] [I] Average on 10 runs - GPU latency: 0.0338867 ms - Host latency: 0.0338867 ms (enqueue 0.00778809 ms)
[07/23/2026-02:07:04] [I] Average on 10 runs - GPU latency: 0.0338867 ms - Host latency: 0.0338867 ms (enqueue 0.00761719 ms)
[07/23/2026-02:07:04] [I] Average on 10 runs - GPU latency: 0.0336426 ms - Host latency: 0.0336426 ms (enqueue 0.00771484 ms)
[07/23/2026-02:07:04] [I] Average on 10 runs - GPU latency: 0.0337402 ms - Host latency: 0.0337402 ms (enqueue 0.00783691 ms)
[07/23/2026-02:07:04] [I] Average on 10 runs - GPU latency: 0.0345703 ms - Host latency: 0.0345703 ms (enqueue 0.00808105 ms)
[07/23/2026-02:07:04] [I] Average on 10 runs - GPU latency: 0.0340088 ms - Host latency: 0.0340088 ms (enqueue 0.00776367 ms)
[07/23/2026-02:07:04] [I] Average on 10 runs - GPU latency: 0.0340332 ms - Host latency: 0.0340332 ms (enqueue 0.00761719 ms)
[07/23/2026-02:07:04] [I]
[07/23/2026-02:07:04] [I] === Performance summary ===
[07/23/2026-02:07:04] [I] Throughput: 26233.6 qps
[07/23/2026-02:07:04] [I] Latency: min = 0.0319824 ms, max = 1.27344 ms, mean = 0.0339466 ms, median = 0.0336914 ms, percentile(90%) = 0.0349731 ms, percentile(95%) = 0.0352783 ms, percentile(99%) = 0.0368652 ms
[07/23/2026-02:07:04] [I] Enqueue Time: min = 0.00708008 ms, max = 1.24854 ms, mean = 0.00784151 ms, median = 0.00769043 ms, percentile(90%) = 0.00805664 ms, percentile(95%) = 0.00827026 ms, percentile(99%) = 0.0107422 ms
[07/23/2026-02:07:04] [I] H2D Latency: min = 0 ms, max = 0 ms, mean = 0 ms, median = 0 ms, percentile(90%) = 0 ms, percentile(95%) = 0 ms, percentile(99%) = 0 ms
[07/23/2026-02:07:04] [I] GPU Compute Time: min = 0.0319824 ms, max = 1.27344 ms, mean = 0.0339466 ms, median = 0.0336914 ms, percentile(90%) = 0.0349731 ms, percentile(95%) = 0.0352783 ms, percentile(99%) = 0.0368652 ms
[07/23/2026-02:07:04] [I] D2H Latency: min = 0 ms, max = 0 ms, mean = 0 ms, median = 0 ms, percentile(90%) = 0 ms, percentile(95%) = 0 ms, percentile(99%) = 0 ms
[07/23/2026-02:07:04] [I] Total Host Walltime: 3.00009 s
[07/23/2026-02:07:04] [I] Total GPU Compute Time: 2.6717 s
[07/23/2026-02:07:04] [I] Explanations of the performance metrics are printed in the verbose logs.
[07/23/2026-02:07:04] [I]
&&&& PASSED TensorRT.trtexec [TensorRT v110000] [b114] # /usr/bin/trtexec --loadEngine=model-trained.trt
[07/23/2026-02:07:04] [W] * GPU compute time is unstable, with coefficient of variance = 13.6883%.
[07/23/2026-02:07:04] [W]   If not already in use, locking GPU clock frequency may improve the stability.
Collecting data...
Generating '/tmp/nsys-wili/nsys-report-1f5b.qdstrm'
[1/1] [0%                          ] LoadAndRun.nsys-rep[1/1] [0%                          ] LoadAndRun.nsys-rep[1/1] [5%                          ] LoadAndRun.nsys-rep[1/1] [6%                          ] LoadAndRun.nsys-rep[1/1] [7%                          ] LoadAndRun.nsys-rep[1/1] [8%                          ] LoadAndRun.nsys-rep[1/1] [9%                          ] LoadAndRun.nsys-rep[1/1] [10%                         ] LoadAndRun.nsys-rep[1/1] [11%                         ] LoadAndRun.nsys-rep[1/1] [12%                         ] LoadAndRun.nsys-rep[1/1] [13%                         ] LoadAndRun.nsys-rep[1/1] [14%                         ] LoadAndRun.nsys-rep[1/1] [=15%                        ] LoadAndRun.nsys-rep[1/1] [=16%                        ] LoadAndRun.nsys-rep[1/1] [=17%                        ] LoadAndRun.nsys-rep[1/1] [==18%                       ] LoadAndRun.nsys-rep[1/1] [==19%                       ] LoadAndRun.nsys-rep[1/1] [==20%                       ] LoadAndRun.nsys-rep[1/1] [=======================93%  ] LoadAndRun.nsys-rep[1/1] [=======================96%  ] LoadAndRun.nsys-rep[1/1] [========================98% ] LoadAndRun.nsys-rep[1/1] [========================100%] LoadAndRun.nsys-rep[1/1] [========================100%] LoadAndRun.nsys-rep[1/1] [========================100%] LoadAndRun.nsys-rep
Generated:
	/work/trt-samples-for-hackathon-cn/cookbook/07-Tool/NsightSystems/LoadAndRun.nsys-rep
