&&&& RUNNING TensorRT.trtexec [TensorRT v110000] [b114] # /usr/bin/trtexec --onnx=/work/trt-samples-for-hackathon-cn/cookbook/00-Data/model/model-trained.onnx --saveEngine=model-trained.trt
[07/23/2026-02:06:30] [I] === Model Options ===
[07/23/2026-02:06:30] [I] Format: ONNX
[07/23/2026-02:06:30] [I] Model: /work/trt-samples-for-hackathon-cn/cookbook/00-Data/model/model-trained.onnx
[07/23/2026-02:06:30] [I] Output:
[07/23/2026-02:06:30] [I] === Build Options ===
[07/23/2026-02:06:30] [I] Memory Pools: workspace: default, dlaSRAM: default, dlaLocalDRAM: default, dlaGlobalDRAM: default, tacticSharedMem: default
[07/23/2026-02:06:30] [I] avgTiming: 8
[07/23/2026-02:06:30] [I] Precision: Strongly Typed
[07/23/2026-02:06:30] [I] Layer Device Types:
[07/23/2026-02:06:30] [I] Decomposable Attentions:
[07/23/2026-02:06:30] [I] Refit: Disabled
[07/23/2026-02:06:30] [I] Strip weights: Disabled
[07/23/2026-02:06:30] [I] Version Compatible: Disabled
[07/23/2026-02:06:30] [I] ONNX Plugin InstanceNorm: Disabled
[07/23/2026-02:06:30] [I] ONNX kENABLE_UINT8_AND_ASYMMETRIC_QUANTIZATION_DLA flag: Disabled
[07/23/2026-02:06:30] [I] ONNX kREPORT_CAPABILITY_DLA flag: Disabled
[07/23/2026-02:06:30] [I] ONNX kADJUST_FOR_DLA flag: Disabled
[07/23/2026-02:06:30] [I] ONNX kENABLE_PLUGIN_OVERRIDE flag: Disabled
[07/23/2026-02:06:30] [I] TensorRT runtime: full
[07/23/2026-02:06:30] [I] Lean DLL Path:
[07/23/2026-02:06:30] [I] Tempfile Controls: { in_memory: allow, temporary: allow }
[07/23/2026-02:06:30] [I] Exclude Lean Runtime: Disabled
[07/23/2026-02:06:30] [I] Sparsity: Disabled
[07/23/2026-02:06:30] [I] Safe mode: Disabled
[07/23/2026-02:06:30] [I] Build DLA standalone loadable: Disabled
[07/23/2026-02:06:30] [I] Allow GPU fallback for DLA: Disabled
[07/23/2026-02:06:30] [I] DirectIO mode: Disabled
[07/23/2026-02:06:30] [I] Skip inference: Disabled
[07/23/2026-02:06:30] [I] Save engine: model-trained.trt
[07/23/2026-02:06:30] [I] Load engine:
[07/23/2026-02:06:30] [I] Profiling verbosity: 0
[07/23/2026-02:06:30] [I] Tactic sources: Using default tactic sources
[07/23/2026-02:06:30] [I] timingCacheMode: local
[07/23/2026-02:06:30] [I] timingCacheFile:
[07/23/2026-02:06:30] [I] Enable Compilation Cache: Enabled
[07/23/2026-02:06:30] [I] Enable Monitor Memory: Disabled
[07/23/2026-02:06:30] [I] CPU Only Mode: Disabled
[07/23/2026-02:06:30] [I] errorOnTimingCacheMiss: Disabled
[07/23/2026-02:06:30] [I] Preview Features: Use default preview flags.
[07/23/2026-02:06:30] [I] MaxAuxStreams: -1
[07/23/2026-02:06:30] [I] BuilderOptimizationLevel: -1
[07/23/2026-02:06:30] [I] MaxTactics: -1
[07/23/2026-02:06:30] [I] Weight Streaming: Disabled
[07/23/2026-02:06:30] [I] Runtime Platform: Same As Build
[07/23/2026-02:06:30] [I] Debug Tensors:
[07/23/2026-02:06:30] [I] Distributive Independence: Disabled
[07/23/2026-02:06:30] [I] Mark Unfused Tensors As Debug Tensors: Disabled
[07/23/2026-02:06:30] [I] Input(s)s format: CHW
[07/23/2026-02:06:30] [I] Output(s)s format: CHW
[07/23/2026-02:06:30] [I] Input build shapes: model
[07/23/2026-02:06:30] [I] === System Options ===
[07/23/2026-02:06:30] [I] Device: 0
[07/23/2026-02:06:30] [I] DLACore:
[07/23/2026-02:06:30] [I] Loaded static plugins:
[07/23/2026-02:06:30] [I] setPluginsToSerialize:
[07/23/2026-02:06:30] [I] dynamicPlugins:
[07/23/2026-02:06:30] [I] ignoreParsedPluginLibs: 0
[07/23/2026-02:06:30] [I]
[07/23/2026-02:06:30] [I] === Inference Options ===
[07/23/2026-02:06:30] [I] Batch: Explicit
[07/23/2026-02:06:30] [I] Input inference shapes: model
[07/23/2026-02:06:30] [I] Iterations: 10
[07/23/2026-02:06:30] [I] Duration: 3s (+ 200ms warm up)
[07/23/2026-02:06:30] [I] Sleep time: 0ms
[07/23/2026-02:06:30] [I] Idle time: 0ms
[07/23/2026-02:06:30] [I] Inference Streams: 1
[07/23/2026-02:06:30] [I] ExposeDMA: Disabled
[07/23/2026-02:06:30] [I] Data transfers: Disabled
[07/23/2026-02:06:30] [I] Spin-wait: Enabled
[07/23/2026-02:06:30] [I] Multithreading: Disabled
[07/23/2026-02:06:30] [I] CUDA Graph: Enabled
[07/23/2026-02:06:30] [I] Time Deserialize: Disabled
[07/23/2026-02:06:30] [I] Time Refit: Disabled
[07/23/2026-02:06:30] [I] NVTX verbosity: 0
[07/23/2026-02:06:30] [I] Persistent Cache Ratio: 0
[07/23/2026-02:06:30] [I] Optimization Profile Index: 0
[07/23/2026-02:06:30] [I] Weight Streaming Budget: 100.000000%
[07/23/2026-02:06:30] [I] Inputs:
[07/23/2026-02:06:30] [I] Debug Tensor Save Destinations:
[07/23/2026-02:06:30] [I] Dump All Debug Tensor in Formats:
[07/23/2026-02:06:30] [I] === Reporting Options ===
[07/23/2026-02:06:30] [I] Verbose: Disabled
[07/23/2026-02:06:30] [I] Averages: 10 inferences
[07/23/2026-02:06:30] [I] Percentiles: 90,95,99
[07/23/2026-02:06:30] [I] Dump refittable layers:Disabled
[07/23/2026-02:06:30] [I] Dump output: Disabled
[07/23/2026-02:06:30] [I] Profile: Disabled
[07/23/2026-02:06:30] [I] Export timing to JSON file:
[07/23/2026-02:06:30] [I] Export output to JSON file:
[07/23/2026-02:06:30] [I] Export profile to JSON file:
[07/23/2026-02:06:30] [I]
[07/23/2026-02:06:30] [I] === Device Information ===
[07/23/2026-02:06:30] [I] Available Devices:
[07/23/2026-02:06:30] [I]   Device 0: "NVIDIA B200" UUID: GPU-e444a79a-d4ca-e2b4-6020-af2095e4fa49
[07/23/2026-02:06:30] [I]   Device 1: "NVIDIA B200" UUID: GPU-7f2ab67a-1309-b444-00cc-3639f1acdfac
[07/23/2026-02:06:30] [I]   Device 2: "NVIDIA B200" UUID: GPU-09967c82-6ecf-45f9-5428-dbd53a1d8965
[07/23/2026-02:06:30] [I]   Device 3: "NVIDIA B200" UUID: GPU-73e0e281-34ef-0573-9625-3638190414b7
[07/23/2026-02:06:31] [I] Selected Device: NVIDIA B200
[07/23/2026-02:06:31] [I] Selected Device ID: 0
[07/23/2026-02:06:31] [I] Selected Device UUID: GPU-e444a79a-d4ca-e2b4-6020-af2095e4fa49
[07/23/2026-02:06:31] [I] Compute Capability: 10.0
[07/23/2026-02:06:31] [I] SMs: 148
[07/23/2026-02:06:31] [I] Device Global Memory: 182624 MiB
[07/23/2026-02:06:31] [I] Shared Memory per SM: 228 KiB
[07/23/2026-02:06:31] [I] Memory Bus Width: 7680 bits (ECC enabled)
[07/23/2026-02:06:31] [I] Application Compute Clock Rate: 1.965 GHz
[07/23/2026-02:06:31] [I] Application Memory Clock Rate: 3.996 GHz
[07/23/2026-02:06:31] [I]
[07/23/2026-02:06:31] [I] Note: The application clock rates do not reflect the actual clock rates that the GPU is currently running at.
[07/23/2026-02:06:31] [I]
[07/23/2026-02:06:31] [I] TensorRT version: 11.0.0
[07/23/2026-02:06:31] [I] Loading standard plugins
[07/23/2026-02:06:31] [I] [TRT] [MemUsageChange] Init CUDA: CPU +0, GPU +0, now: CPU 86, GPU 639 (MiB)
[07/23/2026-02:06:31] [I] Start parsing network model.
[07/23/2026-02:06:31] [I] [TRT] ----------------------------------------------------------------
[07/23/2026-02:06:31] [I] [TRT] Input filename:   /work/trt-samples-for-hackathon-cn/cookbook/00-Data/model/model-trained.onnx
[07/23/2026-02:06:31] [I] [TRT] ONNX IR version:  0.0.10
[07/23/2026-02:06:31] [I] [TRT] Opset version:    18
[07/23/2026-02:06:31] [I] [TRT] Producer name:    pytorch
[07/23/2026-02:06:31] [I] [TRT] Producer version: 2.11.0a0+a6c236b9fd.nv26.03.46836102
[07/23/2026-02:06:31] [I] [TRT] Domain:
[07/23/2026-02:06:31] [I] [TRT] Model version:    0
[07/23/2026-02:06:31] [I] [TRT] Doc string:
[07/23/2026-02:06:31] [I] [TRT] ----------------------------------------------------------------
[07/23/2026-02:06:31] [I] Finished parsing network model. Parse time: 0.0182123
[07/23/2026-02:06:31] [I] Set shape of input tensor x for optimization profile 0 to: MIN=1x1x28x28 OPT=1x1x28x28 MAX=1x1x28x28
[07/23/2026-02:06:31] [W] [TRT] ModelImporter.cpp:1047: Make sure output z has Int64 binding.
[07/23/2026-02:06:31] [W] Dynamic dimensions required for input: x, but no shapes were provided. Automatically overriding shape to: 1x1x28x28
[07/23/2026-02:06:31] [I] [TRT] [MemUsageChange] Init builder kernel library: CPU +329, GPU +8, now: CPU 693, GPU 649 (MiB)
[07/23/2026-02:06:31] [I] [TRT] Local timing cache in use. Profiling results in this builder pass will not be stored.
[07/23/2026-02:06:31] [I] [TRT] Compiler backend is used during engine build.
[07/23/2026-02:06:38] [I] [TRT] Detected 1 inputs and 2 output network tensors.
[07/23/2026-02:06:38] [I] [TRT] Total Host Persistent Memory: 80 bytes
[07/23/2026-02:06:38] [I] [TRT] Total Device Persistent Memory: 0 bytes
[07/23/2026-02:06:38] [I] [TRT] Max Scratch Memory: 131072 bytes
[07/23/2026-02:06:38] [I] [TRT] [BlockAssignment] Started assigning block shifts. This will take 1 steps to complete.
[07/23/2026-02:06:38] [I] [TRT] [BlockAssignment] Algorithm ShiftNTopDown took 0.006584ms to assign 1 blocks to 1 nodes requiring 131072 bytes.
[07/23/2026-02:06:38] [I] [TRT] Total Activation Memory: 131072 bytes
[07/23/2026-02:06:38] [I] [TRT] Total Weights Memory: 13098880 bytes
[07/23/2026-02:06:38] [I] [TRT] Compiler backend is used during engine execution.
[07/23/2026-02:06:38] [I] [TRT] Engine generation completed in 6.27445 seconds.
[07/23/2026-02:06:38] [I] [TRT] [MemUsageStats] Peak memory usage of TRT CPU/GPU memory allocators: CPU 0 MiB, GPU 12 MiB
[07/23/2026-02:06:38] [I] Created engine with size: 12.627 MiB
[07/23/2026-02:06:38] [I] Engine built in 6.74745 sec.
[07/23/2026-02:06:39] [I] Engine deserialized in 0.10176 sec.
[07/23/2026-02:06:39] [I] [TRT] [MemUsageChange] TensorRT-managed allocation in IExecutionContext creation: CPU +0, GPU +0, now: CPU 0, GPU 12 (MiB)
[07/23/2026-02:06:39] [I] Setting persistentCacheLimit to 0 bytes.
[07/23/2026-02:06:39] [I] Created execution context with device memory size: 0.125 MiB
[07/23/2026-02:06:39] [I] Using random values for input x
[07/23/2026-02:06:39] [I] Input binding for x with dimensions 1x1x28x28 and type fp32 is created.
[07/23/2026-02:06:39] [I] Output binding for y with dimensions 1x10 and type fp32 is created.
[07/23/2026-02:06:39] [I] Output binding for z with dimensions 1 and type int64 is created.
[07/23/2026-02:06:39] [I] Starting inference
[07/23/2026-02:06:39] [I] Capturing CUDA graph for the current execution context
[07/23/2026-02:06:39] [I] Successfully captured CUDA graph for the current execution context. When profiling with Nsight Systems, add "--cuda-graph-trace=node" to the nsys command to see per-kernel execution times.
[07/23/2026-02:06:42] [I] Warmup completed 4939 queries over 200 ms
[07/23/2026-02:06:42] [I] Timing trace has 74713 queries over 3.00009 s
[07/23/2026-02:06:42] [I]
[07/23/2026-02:06:42] [I] === Trace details ===
[07/23/2026-02:06:42] [I] Trace averages of 10 runs:
[07/23/2026-02:06:42] [I] Average on 10 runs - GPU latency: 0.033493 ms - Host latency: 0.033493 ms (enqueue 0.00763855 ms)
[07/23/2026-02:06:42] [I] Average on 10 runs - GPU latency: 0.0338028 ms - Host latency: 0.0338028 ms (enqueue 0.00795441 ms)
[07/23/2026-02:06:42] [I] Average on 10 runs - GPU latency: 0.0333405 ms - Host latency: 0.0333405 ms (enqueue 0.00760651 ms)
[07/23/2026-02:06:42] [I] Average on 10 runs - GPU latency: 0.0335922 ms - Host latency: 0.0335922 ms (enqueue 0.00761414 ms)
[07/23/2026-02:06:42] [I] Average on 10 runs - GPU latency: 0.0334961 ms - Host latency: 0.0334961 ms (enqueue 0.00798798 ms)
[07/23/2026-02:06:42] [I] Average on 10 runs - GPU latency: 0.0338425 ms - Host latency: 0.0338425 ms (enqueue 0.00765076 ms)
[07/23/2026-02:06:42] [I] Average on 10 runs - GPU latency: 0.0337479 ms - Host latency: 0.0337479 ms (enqueue 0.00768433 ms)
[07/23/2026-02:06:42] [I] Average on 10 runs - GPU latency: 0.0339645 ms - Host latency: 0.0339645 ms (enqueue 0.00760956 ms)
[07/23/2026-02:06:42] [I] Average on 10 runs - GPU latency: 0.0349548 ms - Host latency: 0.0349548 ms (enqueue 0.00887909 ms)
[07/23/2026-02:06:42] [I] Average on 10 runs - GPU latency: 0.0335739 ms - Host latency: 0.0335739 ms (enqueue 0.00769501 ms)
[07/23/2026-02:06:42] [I] Average on 10 runs - GPU latency: 0.0337235 ms - Host latency: 0.0337235 ms (enqueue 0.00767517 ms)
[07/23/2026-02:06:42] [I] Average on 10 runs - GPU latency: 0.0333664 ms - Host latency: 0.0333664 ms (enqueue 0.00762177 ms)
[07/23/2026-02:06:42] [I] Average on 10 runs - GPU latency: 0.0336349 ms - Host latency: 0.0336349 ms (enqueue 0.00764771 ms)
[07/23/2026-02:06:42] [I] Average on 10 runs - GPU latency: 0.0336884 ms - Host latency: 0.0336884 ms (enqueue 0.0077713 ms)
[07/23/2026-02:06:42] [I] Average on 10 runs - GPU latency: 0.0335175 ms - Host latency: 0.0335175 ms (enqueue 0.0076767 ms)
[07/23/2026-02:06:42] [I] Average on 10 runs - GPU latency: 0.0332687 ms - Host latency: 0.0332687 ms (enqueue 0.00759277 ms)
[07/23/2026-02:06:42] [I] Average on 10 runs - GPU latency: 0.0333954 ms - Host latency: 0.0333954 ms (enqueue 0.00786743 ms)
[07/23/2026-02:06:42] [I] Average on 10 runs - GPU latency: 0.0335037 ms - Host latency: 0.0335037 ms (enqueue 0.00767364 ms)
[07/23/2026-02:06:42] [I] Average on 10 runs - GPU latency: 0.0334244 ms - Host latency: 0.0334244 ms (enqueue 0.00764923 ms)
[07/23/2026-02:06:42] [I] Average on 10 runs - GPU latency: 0.0341446 ms - Host latency: 0.0341446 ms (enqueue 0.00802765 ms)
[07/23/2026-02:06:42] [I] Average on 10 runs - GPU latency: 0.033757 ms - Host latency: 0.033757 ms (enqueue 0.00767364 ms)
[07/23/2026-02:06:42] [I] Average on 10 runs - GPU latency: 0.033551 ms - Host latency: 0.033551 ms (enqueue 0.0076355 ms)
[07/23/2026-02:06:42] [I] Average on 10 runs - GPU latency: 0.0334808 ms - Host latency: 0.0334808 ms (enqueue 0.00768127 ms)
[07/23/2026-02:06:42] [I] Average on 10 runs - GPU latency: 0.0334732 ms - Host latency: 0.0334732 ms (enqueue 0.00764008 ms)
[07/23/2026-02:06:42] [I] Average on 10 runs - GPU latency: 0.0336151 ms - Host latency: 0.0336151 ms (enqueue 0.00766449 ms)
[07/23/2026-02:06:42] [I] Average on 10 runs - GPU latency: 0.0334015 ms - Host latency: 0.0334015 ms (enqueue 0.00762939 ms)
[07/23/2026-02:06:42] [I] Average on 10 runs - GPU latency: 0.0338593 ms - Host latency: 0.0338593 ms (enqueue 0.00801849 ms)
[07/23/2026-02:06:42] [I] Average on 10 runs - GPU latency: 0.0335175 ms - Host latency: 0.0335175 ms (enqueue 0.00787964 ms)
[07/23/2026-02:06:42] [I] Average on 10 runs - GPU latency: 0.0334015 ms - Host latency: 0.0334015 ms (enqueue 0.00760956 ms)
[07/23/2026-02:06:42] [I] Average on 10 runs - GPU latency: 0.0336227 ms - Host latency: 0.0336227 ms (enqueue 0.00758972 ms)
[07/23/2026-02:06:42] [I] Average on 10 runs - GPU latency: 0.0334854 ms - Host latency: 0.0334854 ms (enqueue 0.00762482 ms)
[07/23/2026-02:06:42] [I] Average on 10 runs - GPU latency: 0.0336945 ms - Host latency: 0.0336945 ms (enqueue 0.00765076 ms)
[07/23/2026-02:06:42] [I] Average on 10 runs - GPU latency: 0.0340668 ms - Host latency: 0.0340668 ms (enqueue 0.00813293 ms)
[07/23/2026-02:06:42] [I] Average on 10 runs - GPU latency: 0.0333176 ms - Host latency: 0.0333176 ms (enqueue 0.00761261 ms)
[07/23/2026-02:06:42] [I] Average on 10 runs - GPU latency: 0.0336029 ms - Host latency: 0.0336029 ms (enqueue 0.00783539 ms)
[07/23/2026-02:06:42] [I] Average on 10 runs - GPU latency: 0.033609 ms - Host latency: 0.033609 ms (enqueue 0.00766449 ms)
[07/23/2026-02:06:42] [I] Average on 10 runs - GPU latency: 0.0335281 ms - Host latency: 0.0335281 ms (enqueue 0.00765991 ms)
[07/23/2026-02:06:42] [I] Average on 10 runs - GPU latency: 0.033432 ms - Host latency: 0.033432 ms (enqueue 0.00761566 ms)
[07/23/2026-02:06:42] [I] Average on 10 runs - GPU latency: 0.0335464 ms - Host latency: 0.0335464 ms (enqueue 0.0076889 ms)
[07/23/2026-02:06:42] [I] Average on 10 runs - GPU latency: 0.0335632 ms - Host latency: 0.0335632 ms (enqueue 0.00762329 ms)
[07/23/2026-02:06:42] [I] Average on 10 runs - GPU latency: 0.0335449 ms - Host latency: 0.0335449 ms (enqueue 0.00757904 ms)
[07/23/2026-02:06:42] [I] Average on 10 runs - GPU latency: 0.0336945 ms - Host latency: 0.0336945 ms (enqueue 0.00784302 ms)
[07/23/2026-02:06:42] [I] Average on 10 runs - GPU latency: 0.03349 ms - Host latency: 0.03349 ms (enqueue 0.00762787 ms)
[07/23/2026-02:06:42] [I] Average on 10 runs - GPU latency: 0.0334564 ms - Host latency: 0.0334564 ms (enqueue 0.00767364 ms)
[07/23/2026-02:06:42] [I] Average on 10 runs - GPU latency: 0.0340515 ms - Host latency: 0.0340515 ms (enqueue 0.00813751 ms)
[07/23/2026-02:06:42] [I] Average on 10 runs - GPU latency: 0.0333313 ms - Host latency: 0.0333313 ms (enqueue 0.00762634 ms)
[07/23/2026-02:06:42] [I] Average on 10 runs - GPU latency: 0.0338409 ms - Host latency: 0.0338409 ms (enqueue 0.00810394 ms)
[07/23/2026-02:06:42] [I] Average on 10 runs - GPU latency: 0.0335495 ms - Host latency: 0.0335495 ms (enqueue 0.00771332 ms)
[07/23/2026-02:06:42] [I] Average on 10 runs - GPU latency: 0.0335831 ms - Host latency: 0.0335831 ms (enqueue 0.00769653 ms)
[07/23/2026-02:06:42] [I] Average on 10 runs - GPU latency: 0.0335175 ms - Host latency: 0.0335175 ms (enqueue 0.00766907 ms)
[07/23/2026-02:06:42] [I] Average on 10 runs - GPU latency: 0.0334229 ms - Host latency: 0.0334229 ms (enqueue 0.00762939 ms)
[07/23/2026-02:06:42] [I] Average on 10 runs - GPU latency: 0.0335815 ms - Host latency: 0.0335815 ms (enqueue 0.00799255 ms)
[07/23/2026-02:06:42] [I] Average on 10 runs - GPU latency: 0.0335846 ms - Host latency: 0.0335846 ms (enqueue 0.00763855 ms)
[07/23/2026-02:06:42] [I] Average on 10 runs - GPU latency: 0.0334366 ms - Host latency: 0.0334366 ms (enqueue 0.00763855 ms)
[07/23/2026-02:06:42] [I] Average on 10 runs - GPU latency: 0.0333298 ms - Host latency: 0.0333298 ms (enqueue 0.00762177 ms)
[07/23/2026-02:06:42] [I] Average on 10 runs - GPU latency: 0.0333328 ms - Host latency: 0.0333328 ms (enqueue 0.00756836 ms)
[07/23/2026-02:06:42] [I] Average on 10 runs - GPU latency: 0.0334412 ms - Host latency: 0.0334412 ms (enqueue 0.00766907 ms)
[07/23/2026-02:06:42] [I] Average on 10 runs - GPU latency: 0.0335815 ms - Host latency: 0.0335815 ms (enqueue 0.00762329 ms)
[07/23/2026-02:06:42] [I] Average on 10 runs - GPU latency: 0.033725 ms - Host latency: 0.033725 ms (enqueue 0.00760498 ms)
[07/23/2026-02:06:42] [I] Average on 10 runs - GPU latency: 0.0337235 ms - Host latency: 0.0337235 ms (enqueue 0.00765228 ms)
[07/23/2026-02:06:42] [I] Average on 10 runs - GPU latency: 0.0334763 ms - Host latency: 0.0334763 ms (enqueue 0.00772705 ms)
[07/23/2026-02:06:42] [I] Average on 10 runs - GPU latency: 0.033255 ms - Host latency: 0.033255 ms (enqueue 0.00761108 ms)
[07/23/2026-02:06:42] [I] Average on 10 runs - GPU latency: 0.0335373 ms - Host latency: 0.0335373 ms (enqueue 0.00771027 ms)
[07/23/2026-02:06:42] [I] Average on 10 runs - GPU latency: 0.033786 ms - Host latency: 0.033786 ms (enqueue 0.00785065 ms)
[07/23/2026-02:06:42] [I] Average on 10 runs - GPU latency: 0.0335693 ms - Host latency: 0.0335693 ms (enqueue 0.00773926 ms)
[07/23/2026-02:06:42] [I] Average on 10 runs - GPU latency: 0.0339005 ms - Host latency: 0.0339005 ms (enqueue 0.0079422 ms)
[07/23/2026-02:06:42] [I] Average on 10 runs - GPU latency: 0.0335632 ms - Host latency: 0.0335632 ms (enqueue 0.00764771 ms)
[07/23/2026-02:06:42] [I] Average on 10 runs - GPU latency: 0.0334732 ms - Host latency: 0.0334732 ms (enqueue 0.00765686 ms)
[07/23/2026-02:06:42] [I] Average on 10 runs - GPU latency: 0.0337112 ms - Host latency: 0.0337112 ms (enqueue 0.00769348 ms)
[07/23/2026-02:06:42] [I] Average on 10 runs - GPU latency: 0.0338242 ms - Host latency: 0.0338242 ms (enqueue 0.00763702 ms)
[07/23/2026-02:06:42] [I] Average on 10 runs - GPU latency: 0.0334579 ms - Host latency: 0.0334579 ms (enqueue 0.00766144 ms)
[07/23/2026-02:06:42] [I] Average on 10 runs - GPU latency: 0.0334793 ms - Host latency: 0.0334793 ms (enqueue 0.00762177 ms)
[07/23/2026-02:06:42] [I] Average on 10 runs - GPU latency: 0.033609 ms - Host latency: 0.033609 ms (enqueue 0.00765839 ms)
[07/23/2026-02:06:42] [I] Average on 10 runs - GPU latency: 0.0336014 ms - Host latency: 0.0336014 ms (enqueue 0.00761566 ms)
[07/23/2026-02:06:42] [I] Average on 10 runs - GPU latency: 0.033551 ms - Host latency: 0.033551 ms (enqueue 0.00764008 ms)
[07/23/2026-02:06:42] [I] Average on 10 runs - GPU latency: 0.0335922 ms - Host latency: 0.0335922 ms (enqueue 0.00767212 ms)
[07/23/2026-02:06:42] [I] Average on 10 runs - GPU latency: 0.0335587 ms - Host latency: 0.0335587 ms (enqueue 0.00765991 ms)
[07/23/2026-02:06:42] [I] Average on 10 runs - GPU latency: 0.0339264 ms - Host latency: 0.0339264 ms (enqueue 0.00795593 ms)
[07/23/2026-02:06:42] [I] Average on 10 runs - GPU latency: 0.0346329 ms - Host latency: 0.0346329 ms (enqueue 0.00855713 ms)
[07/23/2026-02:06:42] [I] Average on 10 runs - GPU latency: 0.0338287 ms - Host latency: 0.0338287 ms (enqueue 0.00763397 ms)
[07/23/2026-02:06:42] [I] Average on 10 runs - GPU latency: 0.0340454 ms - Host latency: 0.0340454 ms (enqueue 0.00806427 ms)
[07/23/2026-02:06:42] [I] Average on 10 runs - GPU latency: 0.0335617 ms - Host latency: 0.0335617 ms (enqueue 0.00768585 ms)
[07/23/2026-02:06:42] [I] Average on 10 runs - GPU latency: 0.0332382 ms - Host latency: 0.0332382 ms (enqueue 0.00757904 ms)
[07/23/2026-02:06:42] [I] Average on 10 runs - GPU latency: 0.033609 ms - Host latency: 0.033609 ms (enqueue 0.00767212 ms)
[07/23/2026-02:06:42] [I] Average on 10 runs - GPU latency: 0.0338532 ms - Host latency: 0.0338532 ms (enqueue 0.00775452 ms)
[07/23/2026-02:06:42] [I] Average on 10 runs - GPU latency: 0.0335037 ms - Host latency: 0.0335037 ms (enqueue 0.00759125 ms)
[07/23/2026-02:06:42] [I] Average on 10 runs - GPU latency: 0.0334641 ms - Host latency: 0.0334641 ms (enqueue 0.00773468 ms)
[07/23/2026-02:06:42] [I] Average on 10 runs - GPU latency: 0.0336822 ms - Host latency: 0.0336822 ms (enqueue 0.00769653 ms)
[07/23/2026-02:06:42] [I] Average on 10 runs - GPU latency: 0.0334579 ms - Host latency: 0.0334579 ms (enqueue 0.00766144 ms)
[07/23/2026-02:06:42] [I] Average on 10 runs - GPU latency: 0.033638 ms - Host latency: 0.033638 ms (enqueue 0.00774384 ms)
[07/23/2026-02:06:42] [I] Average on 10 runs - GPU latency: 0.0339767 ms - Host latency: 0.0339767 ms (enqueue 0.00824127 ms)
[07/23/2026-02:06:42] [I] Average on 10 runs - GPU latency: 0.0340302 ms - Host latency: 0.0340302 ms (enqueue 0.00818787 ms)
[07/23/2026-02:06:42] [I] Average on 10 runs - GPU latency: 0.0336182 ms - Host latency: 0.0336182 ms (enqueue 0.00768433 ms)
[07/23/2026-02:06:42] [I] Average on 10 runs - GPU latency: 0.033754 ms - Host latency: 0.033754 ms (enqueue 0.00777893 ms)
[07/23/2026-02:06:42] [I] Average on 10 runs - GPU latency: 0.0341354 ms - Host latency: 0.0341354 ms (enqueue 0.00818481 ms)
[07/23/2026-02:06:42] [I] Average on 10 runs - GPU latency: 0.033522 ms - Host latency: 0.033522 ms (enqueue 0.00768433 ms)
[07/23/2026-02:06:42] [I] Average on 10 runs - GPU latency: 0.033432 ms - Host latency: 0.033432 ms (enqueue 0.00776215 ms)
[07/23/2026-02:06:42] [I] Average on 10 runs - GPU latency: 0.0335556 ms - Host latency: 0.0335556 ms (enqueue 0.00775146 ms)
[07/23/2026-02:06:42] [I] Average on 10 runs - GPU latency: 0.033551 ms - Host latency: 0.033551 ms (enqueue 0.00763702 ms)
[07/23/2026-02:06:42] [I] Average on 10 runs - GPU latency: 0.0334564 ms - Host latency: 0.0334564 ms (enqueue 0.00766602 ms)
[07/23/2026-02:06:42] [I] Average on 10 runs - GPU latency: 0.0335358 ms - Host latency: 0.0335358 ms (enqueue 0.0077652 ms)
[07/23/2026-02:06:42] [I] Average on 10 runs - GPU latency: 0.0334259 ms - Host latency: 0.0334259 ms (enqueue 0.00762634 ms)
[07/23/2026-02:06:42] [I] Average on 10 runs - GPU latency: 0.0335114 ms - Host latency: 0.0335114 ms (enqueue 0.00765076 ms)
[07/23/2026-02:06:42] [I] Average on 10 runs - GPU latency: 0.0335373 ms - Host latency: 0.0335373 ms (enqueue 0.00758514 ms)
[07/23/2026-02:06:42] [I] Average on 10 runs - GPU latency: 0.0335205 ms - Host latency: 0.0335205 ms (enqueue 0.00758514 ms)
[07/23/2026-02:06:42] [I] Average on 10 runs - GPU latency: 0.0335114 ms - Host latency: 0.0335114 ms (enqueue 0.00771484 ms)
[07/23/2026-02:06:42] [I] Average on 10 runs - GPU latency: 0.0334641 ms - Host latency: 0.0334641 ms (enqueue 0.0075592 ms)
[07/23/2026-02:06:42] [I] Average on 10 runs - GPU latency: 0.0337418 ms - Host latency: 0.0337418 ms (enqueue 0.00770874 ms)
[07/23/2026-02:06:42] [I] Average on 10 runs - GPU latency: 0.033963 ms - Host latency: 0.033963 ms (enqueue 0.00786896 ms)
[07/23/2026-02:06:42] [I] Average on 10 runs - GPU latency: 0.0338623 ms - Host latency: 0.0338623 ms (enqueue 0.00758972 ms)
[07/23/2026-02:06:42] [I] Average on 10 runs - GPU latency: 0.0335602 ms - Host latency: 0.0335602 ms (enqueue 0.00765381 ms)
[07/23/2026-02:06:42] [I] Average on 10 runs - GPU latency: 0.0334366 ms - Host latency: 0.0334366 ms (enqueue 0.0075943 ms)
[07/23/2026-02:06:42] [I] Average on 10 runs - GPU latency: 0.0334183 ms - Host latency: 0.0334183 ms (enqueue 0.00757751 ms)
[07/23/2026-02:06:42] [I] Average on 10 runs - GPU latency: 0.033577 ms - Host latency: 0.033577 ms (enqueue 0.00753021 ms)
[07/23/2026-02:06:42] [I] Average on 10 runs - GPU latency: 0.0333115 ms - Host latency: 0.0333115 ms (enqueue 0.00753174 ms)
[07/23/2026-02:06:42] [I] Average on 10 runs - GPU latency: 0.0337372 ms - Host latency: 0.0337372 ms (enqueue 0.00772858 ms)
[07/23/2026-02:06:42] [I] Average on 10 runs - GPU latency: 0.0336624 ms - Host latency: 0.0336624 ms (enqueue 0.00758057 ms)
[07/23/2026-02:06:42] [I] Average on 10 runs - GPU latency: 0.0333633 ms - Host latency: 0.0333633 ms (enqueue 0.00758514 ms)
[07/23/2026-02:06:42] [I] Average on 10 runs - GPU latency: 0.0335999 ms - Host latency: 0.0335999 ms (enqueue 0.0076767 ms)
[07/23/2026-02:06:42] [I] Average on 10 runs - GPU latency: 0.034436 ms - Host latency: 0.034436 ms (enqueue 0.00836945 ms)
[07/23/2026-02:06:42] [I] Average on 10 runs - GPU latency: 0.0338425 ms - Host latency: 0.0338425 ms (enqueue 0.00792542 ms)
[07/23/2026-02:06:42] [I] Average on 10 runs - GPU latency: 0.0334488 ms - Host latency: 0.0334488 ms (enqueue 0.00764008 ms)
[07/23/2026-02:06:42] [I] Average on 10 runs - GPU latency: 0.0334656 ms - Host latency: 0.0334656 ms (enqueue 0.00776978 ms)
[07/23/2026-02:06:42] [I] Average on 10 runs - GPU latency: 0.0335388 ms - Host latency: 0.0335388 ms (enqueue 0.00767822 ms)
[07/23/2026-02:06:42] [I] Average on 10 runs - GPU latency: 0.0334503 ms - Host latency: 0.0334503 ms (enqueue 0.00756683 ms)
[07/23/2026-02:06:42] [I] Average on 10 runs - GPU latency: 0.0348755 ms - Host latency: 0.0348755 ms (enqueue 0.00872192 ms)
[07/23/2026-02:06:42] [I] Average on 10 runs - GPU latency: 0.0340179 ms - Host latency: 0.0340179 ms (enqueue 0.00806274 ms)
[07/23/2026-02:06:42] [I] Average on 10 runs - GPU latency: 0.0334 ms - Host latency: 0.0334 ms (enqueue 0.00755463 ms)
[07/23/2026-02:06:42] [I] Average on 10 runs - GPU latency: 0.033844 ms - Host latency: 0.033844 ms (enqueue 0.00761871 ms)
[07/23/2026-02:06:42] [I] Average on 10 runs - GPU latency: 0.0337555 ms - Host latency: 0.0337555 ms (enqueue 0.0079483 ms)
[07/23/2026-02:06:42] [I] Average on 10 runs - GPU latency: 0.0333237 ms - Host latency: 0.0333237 ms (enqueue 0.00758972 ms)
[07/23/2026-02:06:42] [I] Average on 10 runs - GPU latency: 0.033429 ms - Host latency: 0.033429 ms (enqueue 0.00763397 ms)
[07/23/2026-02:06:42] [I] Average on 10 runs - GPU latency: 0.0335144 ms - Host latency: 0.0335144 ms (enqueue 0.00773315 ms)
[07/23/2026-02:06:42] [I] Average on 10 runs - GPU latency: 0.0333267 ms - Host latency: 0.0333267 ms (enqueue 0.00758362 ms)
[07/23/2026-02:06:42] [I] Average on 10 runs - GPU latency: 0.0335068 ms - Host latency: 0.0335068 ms (enqueue 0.0076355 ms)
[07/23/2026-02:06:42] [I] Average on 10 runs - GPU latency: 0.0335648 ms - Host latency: 0.0335648 ms (enqueue 0.00756989 ms)
[07/23/2026-02:06:42] [I] Average on 10 runs - GPU latency: 0.0334991 ms - Host latency: 0.0334991 ms (enqueue 0.0075943 ms)
[07/23/2026-02:06:42] [I] Average on 10 runs - GPU latency: 0.0332657 ms - Host latency: 0.0332657 ms (enqueue 0.00764008 ms)
[07/23/2026-02:06:42] [I] Average on 10 runs - GPU latency: 0.0336121 ms - Host latency: 0.0336121 ms (enqueue 0.00754852 ms)
[07/23/2026-02:06:42] [I] Average on 10 runs - GPU latency: 0.0334671 ms - Host latency: 0.0334671 ms (enqueue 0.00760498 ms)
[07/23/2026-02:06:42] [I] Average on 10 runs - GPU latency: 0.0336822 ms - Host latency: 0.0336822 ms (enqueue 0.00777588 ms)
[07/23/2026-02:06:42] [I] Average on 10 runs - GPU latency: 0.0341644 ms - Host latency: 0.0341644 ms (enqueue 0.00802307 ms)
[07/23/2026-02:06:42] [I] Average on 10 runs - GPU latency: 0.0334473 ms - Host latency: 0.0334473 ms (enqueue 0.00769043 ms)
[07/23/2026-02:06:42] [I] Average on 10 runs - GPU latency: 0.0334686 ms - Host latency: 0.0334686 ms (enqueue 0.00761108 ms)
[07/23/2026-02:06:42] [I] Average on 10 runs - GPU latency: 0.0333191 ms - Host latency: 0.0333191 ms (enqueue 0.00762939 ms)
[07/23/2026-02:06:42] [I] Average on 10 runs - GPU latency: 0.0334778 ms - Host latency: 0.0334778 ms (enqueue 0.00754089 ms)
[07/23/2026-02:06:42] [I] Average on 10 runs - GPU latency: 0.0336334 ms - Host latency: 0.0336334 ms (enqueue 0.00768433 ms)
[07/23/2026-02:06:42] [I] Average on 10 runs - GPU latency: 0.0334869 ms - Host latency: 0.0334869 ms (enqueue 0.00763855 ms)
[07/23/2026-02:06:42] [I] Average on 10 runs - GPU latency: 0.0335114 ms - Host latency: 0.0335114 ms (enqueue 0.00761414 ms)
[07/23/2026-02:06:42] [I] Average on 10 runs - GPU latency: 0.0336395 ms - Host latency: 0.0336395 ms (enqueue 0.00765076 ms)
[07/23/2026-02:06:42] [I] Average on 10 runs - GPU latency: 0.033313 ms - Host latency: 0.033313 ms (enqueue 0.0076355 ms)
[07/23/2026-02:06:42] [I] Average on 10 runs - GPU latency: 0.0333221 ms - Host latency: 0.0333221 ms (enqueue 0.00760498 ms)
[07/23/2026-02:06:42] [I] Average on 10 runs - GPU latency: 0.0335876 ms - Host latency: 0.0335876 ms (enqueue 0.00770874 ms)
[07/23/2026-02:06:42] [I] Average on 10 runs - GPU latency: 0.0335571 ms - Host latency: 0.0335571 ms (enqueue 0.00780945 ms)
[07/23/2026-02:06:42] [I] Average on 10 runs - GPU latency: 0.0337769 ms - Host latency: 0.0337769 ms (enqueue 0.00768433 ms)
[07/23/2026-02:06:42] [I] Average on 10 runs - GPU latency: 0.0335144 ms - Host latency: 0.0335144 ms (enqueue 0.00761719 ms)
[07/23/2026-02:06:42] [I] Average on 10 runs - GPU latency: 0.0335052 ms - Host latency: 0.0335052 ms (enqueue 0.00773315 ms)
[07/23/2026-02:06:42] [I] Average on 10 runs - GPU latency: 0.0336761 ms - Host latency: 0.0336761 ms (enqueue 0.00768738 ms)
[07/23/2026-02:06:42] [I] Average on 10 runs - GPU latency: 0.0339966 ms - Host latency: 0.0339966 ms (enqueue 0.00777893 ms)
[07/23/2026-02:06:42] [I] Average on 10 runs - GPU latency: 0.0338318 ms - Host latency: 0.0338318 ms (enqueue 0.00758362 ms)
[07/23/2026-02:06:42] [I] Average on 10 runs - GPU latency: 0.0333496 ms - Host latency: 0.0333496 ms (enqueue 0.00760193 ms)
[07/23/2026-02:06:42] [I] Average on 10 runs - GPU latency: 0.0335022 ms - Host latency: 0.0335022 ms (enqueue 0.00758057 ms)
[07/23/2026-02:06:42] [I] Average on 10 runs - GPU latency: 0.0334564 ms - Host latency: 0.0334564 ms (enqueue 0.00760498 ms)
[07/23/2026-02:06:42] [I] Average on 10 runs - GPU latency: 0.0334198 ms - Host latency: 0.0334198 ms (enqueue 0.00765991 ms)
[07/23/2026-02:06:42] [I] Average on 10 runs - GPU latency: 0.0333923 ms - Host latency: 0.0333923 ms (enqueue 0.00762634 ms)
[07/23/2026-02:06:42] [I] Average on 10 runs - GPU latency: 0.0337921 ms - Host latency: 0.0337921 ms (enqueue 0.00776978 ms)
[07/23/2026-02:06:42] [I] Average on 10 runs - GPU latency: 0.0336853 ms - Host latency: 0.0336853 ms (enqueue 0.00764771 ms)
[07/23/2026-02:06:42] [I] Average on 10 runs - GPU latency: 0.0334961 ms - Host latency: 0.0334961 ms (enqueue 0.00765991 ms)
[07/23/2026-02:06:42] [I] Average on 10 runs - GPU latency: 0.0333862 ms - Host latency: 0.0333862 ms (enqueue 0.00753784 ms)
[07/23/2026-02:06:42] [I] Average on 10 runs - GPU latency: 0.0338287 ms - Host latency: 0.0338287 ms (enqueue 0.0079895 ms)
[07/23/2026-02:06:42] [I] Average on 10 runs - GPU latency: 0.0335602 ms - Host latency: 0.0335602 ms (enqueue 0.00777283 ms)
[07/23/2026-02:06:42] [I] Average on 10 runs - GPU latency: 0.0338013 ms - Host latency: 0.0338013 ms (enqueue 0.00800171 ms)
[07/23/2026-02:06:42] [I] Average on 10 runs - GPU latency: 0.0334198 ms - Host latency: 0.0334198 ms (enqueue 0.00760803 ms)
[07/23/2026-02:06:42] [I] Average on 10 runs - GPU latency: 0.0333069 ms - Host latency: 0.0333069 ms (enqueue 0.0075592 ms)
[07/23/2026-02:06:42] [I] Average on 10 runs - GPU latency: 0.0333252 ms - Host latency: 0.0333252 ms (enqueue 0.00756226 ms)
[07/23/2026-02:06:42] [I] Average on 10 runs - GPU latency: 0.0335236 ms - Host latency: 0.0335236 ms (enqueue 0.00760803 ms)
[07/23/2026-02:06:42] [I] Average on 10 runs - GPU latency: 0.0334808 ms - Host latency: 0.0334808 ms (enqueue 0.00760193 ms)
[07/23/2026-02:06:42] [I] Average on 10 runs - GPU latency: 0.0340637 ms - Host latency: 0.0340637 ms (enqueue 0.008255 ms)
[07/23/2026-02:06:42] [I] Average on 10 runs - GPU latency: 0.0335602 ms - Host latency: 0.0335602 ms (enqueue 0.00761108 ms)
[07/23/2026-02:06:42] [I] Average on 10 runs - GPU latency: 0.0336945 ms - Host latency: 0.0336945 ms (enqueue 0.00785522 ms)
[07/23/2026-02:06:42] [I] Average on 10 runs - GPU latency: 0.0333923 ms - Host latency: 0.0333923 ms (enqueue 0.00762939 ms)
[07/23/2026-02:06:42] [I] Average on 10 runs - GPU latency: 0.0336639 ms - Host latency: 0.0336639 ms (enqueue 0.00768433 ms)
[07/23/2026-02:06:42] [I] Average on 10 runs - GPU latency: 0.0335876 ms - Host latency: 0.0335876 ms (enqueue 0.00767822 ms)
[07/23/2026-02:06:42] [I] Average on 10 runs - GPU latency: 0.0347534 ms - Host latency: 0.0347534 ms (enqueue 0.00875549 ms)
[07/23/2026-02:06:42] [I] Average on 10 runs - GPU latency: 0.0334167 ms - Host latency: 0.0334167 ms (enqueue 0.00764771 ms)
[07/23/2026-02:06:42] [I] Average on 10 runs - GPU latency: 0.033316 ms - Host latency: 0.033316 ms (enqueue 0.00762024 ms)
[07/23/2026-02:06:42] [I] Average on 10 runs - GPU latency: 0.0336609 ms - Host latency: 0.0336609 ms (enqueue 0.00775757 ms)
[07/23/2026-02:06:42] [I] Average on 10 runs - GPU latency: 0.0335022 ms - Host latency: 0.0335022 ms (enqueue 0.00762634 ms)
[07/23/2026-02:06:42] [I] Average on 10 runs - GPU latency: 0.0333008 ms - Host latency: 0.0333008 ms (enqueue 0.00766907 ms)
[07/23/2026-02:06:42] [I] Average on 10 runs - GPU latency: 0.0345551 ms - Host latency: 0.0345551 ms (enqueue 0.00870666 ms)
[07/23/2026-02:06:42] [I] Average on 10 runs - GPU latency: 0.0335754 ms - Host latency: 0.0335754 ms (enqueue 0.00756531 ms)
[07/23/2026-02:06:42] [I] Average on 10 runs - GPU latency: 0.0337097 ms - Host latency: 0.0337097 ms (enqueue 0.00762329 ms)
[07/23/2026-02:06:42] [I] Average on 10 runs - GPU latency: 0.0334564 ms - Host latency: 0.0334564 ms (enqueue 0.00762939 ms)
[07/23/2026-02:06:42] [I] Average on 10 runs - GPU latency: 0.0334259 ms - Host latency: 0.0334259 ms (enqueue 0.007724 ms)
[07/23/2026-02:06:42] [I] Average on 10 runs - GPU latency: 0.0335785 ms - Host latency: 0.0335785 ms (enqueue 0.0076355 ms)
[07/23/2026-02:06:42] [I] Average on 10 runs - GPU latency: 0.0341614 ms - Host latency: 0.0341614 ms (enqueue 0.00821838 ms)
[07/23/2026-02:06:42] [I] Average on 10 runs - GPU latency: 0.033429 ms - Host latency: 0.033429 ms (enqueue 0.00762939 ms)
[07/23/2026-02:06:42] [I] Average on 10 runs - GPU latency: 0.0333405 ms - Host latency: 0.0333405 ms (enqueue 0.00754089 ms)
[07/23/2026-02:06:42] [I] Average on 10 runs - GPU latency: 0.0334839 ms - Host latency: 0.0334839 ms (enqueue 0.00775146 ms)
[07/23/2026-02:06:42] [I] Average on 10 runs - GPU latency: 0.0335052 ms - Host latency: 0.0335052 ms (enqueue 0.00758057 ms)
[07/23/2026-02:06:42] [I] ... Omitting 70713 lines
[07/23/2026-02:06:42] [I] Average on 10 runs - GPU latency: 0.0334717 ms - Host latency: 0.0334717 ms (enqueue 0.00769043 ms)
[07/23/2026-02:06:42] [I] Average on 10 runs - GPU latency: 0.0341797 ms - Host latency: 0.0341797 ms (enqueue 0.00825195 ms)
[07/23/2026-02:06:42] [I] Average on 10 runs - GPU latency: 0.0345215 ms - Host latency: 0.0345215 ms (enqueue 0.00847168 ms)
[07/23/2026-02:06:42] [I] Average on 10 runs - GPU latency: 0.033374 ms - Host latency: 0.033374 ms (enqueue 0.00759277 ms)
[07/23/2026-02:06:42] [I] Average on 10 runs - GPU latency: 0.0341309 ms - Host latency: 0.0341309 ms (enqueue 0.00820312 ms)
[07/23/2026-02:06:42] [I] Average on 10 runs - GPU latency: 0.0338135 ms - Host latency: 0.0338135 ms (enqueue 0.00805664 ms)
[07/23/2026-02:06:42] [I] Average on 10 runs - GPU latency: 0.0336426 ms - Host latency: 0.0336426 ms (enqueue 0.00761719 ms)
[07/23/2026-02:06:42] [I] Average on 10 runs - GPU latency: 0.0334717 ms - Host latency: 0.0334717 ms (enqueue 0.0076416 ms)
[07/23/2026-02:06:42] [I] Average on 10 runs - GPU latency: 0.0339111 ms - Host latency: 0.0339111 ms (enqueue 0.00756836 ms)
[07/23/2026-02:06:42] [I] Average on 10 runs - GPU latency: 0.0342041 ms - Host latency: 0.0342041 ms (enqueue 0.00791016 ms)
[07/23/2026-02:06:42] [I] Average on 10 runs - GPU latency: 0.0337158 ms - Host latency: 0.0337158 ms (enqueue 0.00766602 ms)
[07/23/2026-02:06:42] [I] Average on 10 runs - GPU latency: 0.0334717 ms - Host latency: 0.0334717 ms (enqueue 0.00756836 ms)
[07/23/2026-02:06:42] [I] Average on 10 runs - GPU latency: 0.0335205 ms - Host latency: 0.0335205 ms (enqueue 0.00759277 ms)
[07/23/2026-02:06:42] [I] Average on 10 runs - GPU latency: 0.033667 ms - Host latency: 0.033667 ms (enqueue 0.00754395 ms)
[07/23/2026-02:06:42] [I] Average on 10 runs - GPU latency: 0.0335449 ms - Host latency: 0.0335449 ms (enqueue 0.00754395 ms)
[07/23/2026-02:06:42] [I] Average on 10 runs - GPU latency: 0.0334229 ms - Host latency: 0.0334229 ms (enqueue 0.00791016 ms)
[07/23/2026-02:06:42] [I] Average on 10 runs - GPU latency: 0.0334229 ms - Host latency: 0.0334229 ms (enqueue 0.0076416 ms)
[07/23/2026-02:06:42] [I] Average on 10 runs - GPU latency: 0.0337646 ms - Host latency: 0.0337646 ms (enqueue 0.00771484 ms)
[07/23/2026-02:06:42] [I] Average on 10 runs - GPU latency: 0.0335938 ms - Host latency: 0.0335938 ms (enqueue 0.00783691 ms)
[07/23/2026-02:06:42] [I] Average on 10 runs - GPU latency: 0.0337646 ms - Host latency: 0.0337646 ms (enqueue 0.00756836 ms)
[07/23/2026-02:06:42] [I] Average on 10 runs - GPU latency: 0.033667 ms - Host latency: 0.033667 ms (enqueue 0.00786133 ms)
[07/23/2026-02:06:42] [I] Average on 10 runs - GPU latency: 0.0334717 ms - Host latency: 0.0334717 ms (enqueue 0.00769043 ms)
[07/23/2026-02:06:42] [I] Average on 10 runs - GPU latency: 0.0336426 ms - Host latency: 0.0336426 ms (enqueue 0.00773926 ms)
[07/23/2026-02:06:42] [I] Average on 10 runs - GPU latency: 0.0334717 ms - Host latency: 0.0334717 ms (enqueue 0.00759277 ms)
[07/23/2026-02:06:42] [I] Average on 10 runs - GPU latency: 0.0335449 ms - Host latency: 0.0335449 ms (enqueue 0.00759277 ms)
[07/23/2026-02:06:42] [I] Average on 10 runs - GPU latency: 0.0335205 ms - Host latency: 0.0335205 ms (enqueue 0.00769043 ms)
[07/23/2026-02:06:42] [I] Average on 10 runs - GPU latency: 0.0334961 ms - Host latency: 0.0334961 ms (enqueue 0.00756836 ms)
[07/23/2026-02:06:42] [I] Average on 10 runs - GPU latency: 0.0338379 ms - Host latency: 0.0338379 ms (enqueue 0.00786133 ms)
[07/23/2026-02:06:42] [I] Average on 10 runs - GPU latency: 0.0334961 ms - Host latency: 0.0334961 ms (enqueue 0.00756836 ms)
[07/23/2026-02:06:42] [I] Average on 10 runs - GPU latency: 0.0335693 ms - Host latency: 0.0335693 ms (enqueue 0.00766602 ms)
[07/23/2026-02:06:42] [I] Average on 10 runs - GPU latency: 0.0333984 ms - Host latency: 0.0333984 ms (enqueue 0.00771484 ms)
[07/23/2026-02:06:42] [I] Average on 10 runs - GPU latency: 0.0332764 ms - Host latency: 0.0332764 ms (enqueue 0.00761719 ms)
[07/23/2026-02:06:42] [I] Average on 10 runs - GPU latency: 0.0334473 ms - Host latency: 0.0334473 ms (enqueue 0.00766602 ms)
[07/23/2026-02:06:42] [I] Average on 10 runs - GPU latency: 0.033252 ms - Host latency: 0.033252 ms (enqueue 0.00754395 ms)
[07/23/2026-02:06:42] [I] Average on 10 runs - GPU latency: 0.0336426 ms - Host latency: 0.0336426 ms (enqueue 0.00776367 ms)
[07/23/2026-02:06:42] [I] Average on 10 runs - GPU latency: 0.0336914 ms - Host latency: 0.0336914 ms (enqueue 0.00769043 ms)
[07/23/2026-02:06:42] [I] Average on 10 runs - GPU latency: 0.0334961 ms - Host latency: 0.0334961 ms (enqueue 0.00759277 ms)
[07/23/2026-02:06:42] [I] Average on 10 runs - GPU latency: 0.0335449 ms - Host latency: 0.0335449 ms (enqueue 0.00756836 ms)
[07/23/2026-02:06:42] [I] Average on 10 runs - GPU latency: 0.0335205 ms - Host latency: 0.0335205 ms (enqueue 0.00744629 ms)
[07/23/2026-02:06:42] [I] Average on 10 runs - GPU latency: 0.0333984 ms - Host latency: 0.0333984 ms (enqueue 0.00756836 ms)
[07/23/2026-02:06:42] [I] Average on 10 runs - GPU latency: 0.0337158 ms - Host latency: 0.0337158 ms (enqueue 0.00761719 ms)
[07/23/2026-02:06:42] [I] Average on 10 runs - GPU latency: 0.0331055 ms - Host latency: 0.0331055 ms (enqueue 0.00751953 ms)
[07/23/2026-02:06:42] [I] Average on 10 runs - GPU latency: 0.0334473 ms - Host latency: 0.0334473 ms (enqueue 0.00759277 ms)
[07/23/2026-02:06:42] [I] Average on 10 runs - GPU latency: 0.0333496 ms - Host latency: 0.0333496 ms (enqueue 0.00756836 ms)
[07/23/2026-02:06:42] [I] Average on 10 runs - GPU latency: 0.0335693 ms - Host latency: 0.0335693 ms (enqueue 0.00761719 ms)
[07/23/2026-02:06:42] [I] Average on 10 runs - GPU latency: 0.0340088 ms - Host latency: 0.0340088 ms (enqueue 0.00791016 ms)
[07/23/2026-02:06:42] [I] Average on 10 runs - GPU latency: 0.0337891 ms - Host latency: 0.0337891 ms (enqueue 0.00759277 ms)
[07/23/2026-02:06:42] [I] Average on 10 runs - GPU latency: 0.0342529 ms - Host latency: 0.0342529 ms (enqueue 0.00825195 ms)
[07/23/2026-02:06:42] [I] Average on 10 runs - GPU latency: 0.0335693 ms - Host latency: 0.0335693 ms (enqueue 0.00759277 ms)
[07/23/2026-02:06:42] [I] Average on 10 runs - GPU latency: 0.0336182 ms - Host latency: 0.0336182 ms (enqueue 0.00778809 ms)
[07/23/2026-02:06:42] [I] Average on 10 runs - GPU latency: 0.0336182 ms - Host latency: 0.0336182 ms (enqueue 0.00761719 ms)
[07/23/2026-02:06:42] [I] Average on 10 runs - GPU latency: 0.0335693 ms - Host latency: 0.0335693 ms (enqueue 0.00791016 ms)
[07/23/2026-02:06:42] [I] Average on 10 runs - GPU latency: 0.033374 ms - Host latency: 0.033374 ms (enqueue 0.00756836 ms)
[07/23/2026-02:06:42] [I] Average on 10 runs - GPU latency: 0.0334961 ms - Host latency: 0.0334961 ms (enqueue 0.0074707 ms)
[07/23/2026-02:06:42] [I] Average on 10 runs - GPU latency: 0.0334717 ms - Host latency: 0.0334717 ms (enqueue 0.00759277 ms)
[07/23/2026-02:06:42] [I] Average on 10 runs - GPU latency: 0.0333008 ms - Host latency: 0.0333008 ms (enqueue 0.00756836 ms)
[07/23/2026-02:06:42] [I] Average on 10 runs - GPU latency: 0.0335205 ms - Host latency: 0.0335205 ms (enqueue 0.00759277 ms)
[07/23/2026-02:06:42] [I] Average on 10 runs - GPU latency: 0.0335205 ms - Host latency: 0.0335205 ms (enqueue 0.00759277 ms)
[07/23/2026-02:06:42] [I] Average on 10 runs - GPU latency: 0.0338379 ms - Host latency: 0.0338379 ms (enqueue 0.00761719 ms)
[07/23/2026-02:06:42] [I] Average on 10 runs - GPU latency: 0.0339111 ms - Host latency: 0.0339111 ms (enqueue 0.00756836 ms)
[07/23/2026-02:06:42] [I] Average on 10 runs - GPU latency: 0.0337402 ms - Host latency: 0.0337402 ms (enqueue 0.0078125 ms)
[07/23/2026-02:06:42] [I] Average on 10 runs - GPU latency: 0.0334229 ms - Host latency: 0.0334229 ms (enqueue 0.00773926 ms)
[07/23/2026-02:06:42] [I] Average on 10 runs - GPU latency: 0.0337646 ms - Host latency: 0.0337646 ms (enqueue 0.00776367 ms)
[07/23/2026-02:06:42] [I] Average on 10 runs - GPU latency: 0.0335693 ms - Host latency: 0.0335693 ms (enqueue 0.00769043 ms)
[07/23/2026-02:06:42] [I] Average on 10 runs - GPU latency: 0.0336182 ms - Host latency: 0.0336182 ms (enqueue 0.00756836 ms)
[07/23/2026-02:06:42] [I] Average on 10 runs - GPU latency: 0.0334229 ms - Host latency: 0.0334229 ms (enqueue 0.00761719 ms)
[07/23/2026-02:06:42] [I] Average on 10 runs - GPU latency: 0.0334961 ms - Host latency: 0.0334961 ms (enqueue 0.00756836 ms)
[07/23/2026-02:06:42] [I] Average on 10 runs - GPU latency: 0.0336182 ms - Host latency: 0.0336182 ms (enqueue 0.00751953 ms)
[07/23/2026-02:06:42] [I] Average on 10 runs - GPU latency: 0.0335693 ms - Host latency: 0.0335693 ms (enqueue 0.0076416 ms)
[07/23/2026-02:06:42] [I] Average on 10 runs - GPU latency: 0.0339355 ms - Host latency: 0.0339355 ms (enqueue 0.0076416 ms)
[07/23/2026-02:06:42] [I] Average on 10 runs - GPU latency: 0.0334961 ms - Host latency: 0.0334961 ms (enqueue 0.00751953 ms)
[07/23/2026-02:06:42] [I] Average on 10 runs - GPU latency: 0.0332764 ms - Host latency: 0.0332764 ms (enqueue 0.0076416 ms)
[07/23/2026-02:06:42] [I] Average on 10 runs - GPU latency: 0.0335938 ms - Host latency: 0.0335938 ms (enqueue 0.00759277 ms)
[07/23/2026-02:06:42] [I] Average on 10 runs - GPU latency: 0.0334473 ms - Host latency: 0.0334473 ms (enqueue 0.00778809 ms)
[07/23/2026-02:06:42] [I] Average on 10 runs - GPU latency: 0.0334717 ms - Host latency: 0.0334717 ms (enqueue 0.00761719 ms)
[07/23/2026-02:06:42] [I] Average on 10 runs - GPU latency: 0.0335449 ms - Host latency: 0.0335449 ms (enqueue 0.00761719 ms)
[07/23/2026-02:06:42] [I] Average on 10 runs - GPU latency: 0.033374 ms - Host latency: 0.033374 ms (enqueue 0.00761719 ms)
[07/23/2026-02:06:42] [I] Average on 10 runs - GPU latency: 0.0337402 ms - Host latency: 0.0337402 ms (enqueue 0.00788574 ms)
[07/23/2026-02:06:42] [I] Average on 10 runs - GPU latency: 0.0335938 ms - Host latency: 0.0335938 ms (enqueue 0.00759277 ms)
[07/23/2026-02:06:42] [I] Average on 10 runs - GPU latency: 0.0338135 ms - Host latency: 0.0338135 ms (enqueue 0.00766602 ms)
[07/23/2026-02:06:42] [I] Average on 10 runs - GPU latency: 0.0336426 ms - Host latency: 0.0336426 ms (enqueue 0.00761719 ms)
[07/23/2026-02:06:42] [I] Average on 10 runs - GPU latency: 0.0332275 ms - Host latency: 0.0332275 ms (enqueue 0.0076416 ms)
[07/23/2026-02:06:42] [I] Average on 10 runs - GPU latency: 0.0333496 ms - Host latency: 0.0333496 ms (enqueue 0.00744629 ms)
[07/23/2026-02:06:42] [I] Average on 10 runs - GPU latency: 0.0334961 ms - Host latency: 0.0334961 ms (enqueue 0.0076416 ms)
[07/23/2026-02:06:42] [I] Average on 10 runs - GPU latency: 0.0334717 ms - Host latency: 0.0334717 ms (enqueue 0.00761719 ms)
[07/23/2026-02:06:42] [I] Average on 10 runs - GPU latency: 0.0339355 ms - Host latency: 0.0339355 ms (enqueue 0.0081543 ms)
[07/23/2026-02:06:42] [I] Average on 10 runs - GPU latency: 0.0337891 ms - Host latency: 0.0337891 ms (enqueue 0.00791016 ms)
[07/23/2026-02:06:42] [I] Average on 10 runs - GPU latency: 0.0337402 ms - Host latency: 0.0337402 ms (enqueue 0.00783691 ms)
[07/23/2026-02:06:42] [I] Average on 10 runs - GPU latency: 0.0334961 ms - Host latency: 0.0334961 ms (enqueue 0.00761719 ms)
[07/23/2026-02:06:42] [I] Average on 10 runs - GPU latency: 0.0334473 ms - Host latency: 0.0334473 ms (enqueue 0.00761719 ms)
[07/23/2026-02:06:42] [I] Average on 10 runs - GPU latency: 0.0333496 ms - Host latency: 0.0333496 ms (enqueue 0.00766602 ms)
[07/23/2026-02:06:42] [I] Average on 10 runs - GPU latency: 0.03396 ms - Host latency: 0.03396 ms (enqueue 0.00820312 ms)
[07/23/2026-02:06:42] [I] Average on 10 runs - GPU latency: 0.0335205 ms - Host latency: 0.0335205 ms (enqueue 0.0074707 ms)
[07/23/2026-02:06:42] [I] Average on 10 runs - GPU latency: 0.0334717 ms - Host latency: 0.0334717 ms (enqueue 0.00769043 ms)
[07/23/2026-02:06:42] [I] Average on 10 runs - GPU latency: 0.0337158 ms - Host latency: 0.0337158 ms (enqueue 0.00795898 ms)
[07/23/2026-02:06:42] [I] Average on 10 runs - GPU latency: 0.0334961 ms - Host latency: 0.0334961 ms (enqueue 0.00766602 ms)
[07/23/2026-02:06:42] [I] Average on 10 runs - GPU latency: 0.0343262 ms - Host latency: 0.0343262 ms (enqueue 0.00842285 ms)
[07/23/2026-02:06:42] [I] Average on 10 runs - GPU latency: 0.0335938 ms - Host latency: 0.0335938 ms (enqueue 0.00791016 ms)
[07/23/2026-02:06:42] [I] Average on 10 runs - GPU latency: 0.0336426 ms - Host latency: 0.0336426 ms (enqueue 0.00788574 ms)
[07/23/2026-02:06:42] [I] Average on 10 runs - GPU latency: 0.0334717 ms - Host latency: 0.0334717 ms (enqueue 0.0076416 ms)
[07/23/2026-02:06:42] [I] Average on 10 runs - GPU latency: 0.0335205 ms - Host latency: 0.0335205 ms (enqueue 0.00766602 ms)
[07/23/2026-02:06:42] [I] Average on 10 runs - GPU latency: 0.0335693 ms - Host latency: 0.0335693 ms (enqueue 0.00756836 ms)
[07/23/2026-02:06:42] [I] Average on 10 runs - GPU latency: 0.0334229 ms - Host latency: 0.0334229 ms (enqueue 0.00771484 ms)
[07/23/2026-02:06:42] [I] Average on 10 runs - GPU latency: 0.0337158 ms - Host latency: 0.0337158 ms (enqueue 0.0076416 ms)
[07/23/2026-02:06:42] [I] Average on 10 runs - GPU latency: 0.0334229 ms - Host latency: 0.0334229 ms (enqueue 0.00756836 ms)
[07/23/2026-02:06:42] [I] Average on 10 runs - GPU latency: 0.0334961 ms - Host latency: 0.0334961 ms (enqueue 0.0076416 ms)
[07/23/2026-02:06:42] [I] Average on 10 runs - GPU latency: 0.0335449 ms - Host latency: 0.0335449 ms (enqueue 0.00761719 ms)
[07/23/2026-02:06:42] [I] Average on 10 runs - GPU latency: 0.0334961 ms - Host latency: 0.0334961 ms (enqueue 0.00754395 ms)
[07/23/2026-02:06:42] [I] Average on 10 runs - GPU latency: 0.0336914 ms - Host latency: 0.0336914 ms (enqueue 0.00754395 ms)
[07/23/2026-02:06:42] [I] Average on 10 runs - GPU latency: 0.0337158 ms - Host latency: 0.0337158 ms (enqueue 0.00754395 ms)
[07/23/2026-02:06:42] [I] Average on 10 runs - GPU latency: 0.0336426 ms - Host latency: 0.0336426 ms (enqueue 0.00776367 ms)
[07/23/2026-02:06:42] [I] Average on 10 runs - GPU latency: 0.0337402 ms - Host latency: 0.0337402 ms (enqueue 0.0079834 ms)
[07/23/2026-02:06:42] [I] Average on 10 runs - GPU latency: 0.0336426 ms - Host latency: 0.0336426 ms (enqueue 0.0076416 ms)
[07/23/2026-02:06:42] [I] Average on 10 runs - GPU latency: 0.0333252 ms - Host latency: 0.0333252 ms (enqueue 0.00771484 ms)
[07/23/2026-02:06:42] [I] Average on 10 runs - GPU latency: 0.0334473 ms - Host latency: 0.0334473 ms (enqueue 0.00756836 ms)
[07/23/2026-02:06:42] [I] Average on 10 runs - GPU latency: 0.0342529 ms - Host latency: 0.0342529 ms (enqueue 0.0081543 ms)
[07/23/2026-02:06:42] [I] Average on 10 runs - GPU latency: 0.0333496 ms - Host latency: 0.0333496 ms (enqueue 0.00756836 ms)
[07/23/2026-02:06:42] [I] Average on 10 runs - GPU latency: 0.0335205 ms - Host latency: 0.0335205 ms (enqueue 0.00771484 ms)
[07/23/2026-02:06:42] [I] Average on 10 runs - GPU latency: 0.0334229 ms - Host latency: 0.0334229 ms (enqueue 0.00776367 ms)
[07/23/2026-02:06:42] [I] Average on 10 runs - GPU latency: 0.0338379 ms - Host latency: 0.0338379 ms (enqueue 0.00773926 ms)
[07/23/2026-02:06:42] [I] Average on 10 runs - GPU latency: 0.0349609 ms - Host latency: 0.0349609 ms (enqueue 0.00900879 ms)
[07/23/2026-02:06:42] [I] Average on 10 runs - GPU latency: 0.0335205 ms - Host latency: 0.0335205 ms (enqueue 0.00761719 ms)
[07/23/2026-02:06:42] [I] Average on 10 runs - GPU latency: 0.0333496 ms - Host latency: 0.0333496 ms (enqueue 0.00759277 ms)
[07/23/2026-02:06:42] [I] Average on 10 runs - GPU latency: 0.0333496 ms - Host latency: 0.0333496 ms (enqueue 0.00761719 ms)
[07/23/2026-02:06:42] [I] Average on 10 runs - GPU latency: 0.0336914 ms - Host latency: 0.0336914 ms (enqueue 0.00773926 ms)
[07/23/2026-02:06:42] [I] Average on 10 runs - GPU latency: 0.0336426 ms - Host latency: 0.0336426 ms (enqueue 0.00766602 ms)
[07/23/2026-02:06:42] [I] Average on 10 runs - GPU latency: 0.035376 ms - Host latency: 0.035376 ms (enqueue 0.0095459 ms)
[07/23/2026-02:06:42] [I] Average on 10 runs - GPU latency: 0.0331787 ms - Host latency: 0.0331787 ms (enqueue 0.00759277 ms)
[07/23/2026-02:06:42] [I] Average on 10 runs - GPU latency: 0.0334717 ms - Host latency: 0.0334717 ms (enqueue 0.00759277 ms)
[07/23/2026-02:06:42] [I] Average on 10 runs - GPU latency: 0.033252 ms - Host latency: 0.033252 ms (enqueue 0.00754395 ms)
[07/23/2026-02:06:42] [I] Average on 10 runs - GPU latency: 0.0336914 ms - Host latency: 0.0336914 ms (enqueue 0.00761719 ms)
[07/23/2026-02:06:42] [I] Average on 10 runs - GPU latency: 0.0334961 ms - Host latency: 0.0334961 ms (enqueue 0.00751953 ms)
[07/23/2026-02:06:42] [I] Average on 10 runs - GPU latency: 0.0334229 ms - Host latency: 0.0334229 ms (enqueue 0.00778809 ms)
[07/23/2026-02:06:42] [I] Average on 10 runs - GPU latency: 0.0339111 ms - Host latency: 0.0339111 ms (enqueue 0.0078125 ms)
[07/23/2026-02:06:42] [I] Average on 10 runs - GPU latency: 0.0335449 ms - Host latency: 0.0335449 ms (enqueue 0.00749512 ms)
[07/23/2026-02:06:42] [I] Average on 10 runs - GPU latency: 0.0335449 ms - Host latency: 0.0335449 ms (enqueue 0.00754395 ms)
[07/23/2026-02:06:42] [I] Average on 10 runs - GPU latency: 0.033374 ms - Host latency: 0.033374 ms (enqueue 0.00756836 ms)
[07/23/2026-02:06:42] [I] Average on 10 runs - GPU latency: 0.0342285 ms - Host latency: 0.0342285 ms (enqueue 0.00805664 ms)
[07/23/2026-02:06:42] [I] Average on 10 runs - GPU latency: 0.033374 ms - Host latency: 0.033374 ms (enqueue 0.0076416 ms)
[07/23/2026-02:06:42] [I] Average on 10 runs - GPU latency: 0.0336426 ms - Host latency: 0.0336426 ms (enqueue 0.00769043 ms)
[07/23/2026-02:06:42] [I] Average on 10 runs - GPU latency: 0.033667 ms - Host latency: 0.033667 ms (enqueue 0.00771484 ms)
[07/23/2026-02:06:42] [I] Average on 10 runs - GPU latency: 0.0334229 ms - Host latency: 0.0334229 ms (enqueue 0.0076416 ms)
[07/23/2026-02:06:42] [I] Average on 10 runs - GPU latency: 0.0336182 ms - Host latency: 0.0336182 ms (enqueue 0.0076416 ms)
[07/23/2026-02:06:42] [I] Average on 10 runs - GPU latency: 0.0333496 ms - Host latency: 0.0333496 ms (enqueue 0.00761719 ms)
[07/23/2026-02:06:42] [I] Average on 10 runs - GPU latency: 0.0335693 ms - Host latency: 0.0335693 ms (enqueue 0.00778809 ms)
[07/23/2026-02:06:42] [I] Average on 10 runs - GPU latency: 0.0335205 ms - Host latency: 0.0335205 ms (enqueue 0.00756836 ms)
[07/23/2026-02:06:42] [I] Average on 10 runs - GPU latency: 0.0335449 ms - Host latency: 0.0335449 ms (enqueue 0.0076416 ms)
[07/23/2026-02:06:42] [I] Average on 10 runs - GPU latency: 0.0334961 ms - Host latency: 0.0334961 ms (enqueue 0.00761719 ms)
[07/23/2026-02:06:42] [I] Average on 10 runs - GPU latency: 0.0334717 ms - Host latency: 0.0334717 ms (enqueue 0.0076416 ms)
[07/23/2026-02:06:42] [I] Average on 10 runs - GPU latency: 0.0336426 ms - Host latency: 0.0336426 ms (enqueue 0.00769043 ms)
[07/23/2026-02:06:42] [I] Average on 10 runs - GPU latency: 0.0336426 ms - Host latency: 0.0336426 ms (enqueue 0.00778809 ms)
[07/23/2026-02:06:42] [I] Average on 10 runs - GPU latency: 0.0334229 ms - Host latency: 0.0334229 ms (enqueue 0.00756836 ms)
[07/23/2026-02:06:42] [I] Average on 10 runs - GPU latency: 0.0337158 ms - Host latency: 0.0337158 ms (enqueue 0.0076416 ms)
[07/23/2026-02:06:42] [I] Average on 10 runs - GPU latency: 0.0337402 ms - Host latency: 0.0337402 ms (enqueue 0.00783691 ms)
[07/23/2026-02:06:42] [I] Average on 10 runs - GPU latency: 0.0333252 ms - Host latency: 0.0333252 ms (enqueue 0.00759277 ms)
[07/23/2026-02:06:42] [I] Average on 10 runs - GPU latency: 0.0340576 ms - Host latency: 0.0340576 ms (enqueue 0.00820312 ms)
[07/23/2026-02:06:42] [I] Average on 10 runs - GPU latency: 0.0334717 ms - Host latency: 0.0334717 ms (enqueue 0.00751953 ms)
[07/23/2026-02:06:42] [I] Average on 10 runs - GPU latency: 0.0334229 ms - Host latency: 0.0334229 ms (enqueue 0.00761719 ms)
[07/23/2026-02:06:42] [I] Average on 10 runs - GPU latency: 0.0338379 ms - Host latency: 0.0338379 ms (enqueue 0.00756836 ms)
[07/23/2026-02:06:42] [I] Average on 10 runs - GPU latency: 0.0338623 ms - Host latency: 0.0338623 ms (enqueue 0.00766602 ms)
[07/23/2026-02:06:42] [I] Average on 10 runs - GPU latency: 0.0334961 ms - Host latency: 0.0334961 ms (enqueue 0.00766602 ms)
[07/23/2026-02:06:42] [I] Average on 10 runs - GPU latency: 0.0349121 ms - Host latency: 0.0349121 ms (enqueue 0.00883789 ms)
[07/23/2026-02:06:42] [I] Average on 10 runs - GPU latency: 0.0339111 ms - Host latency: 0.0339111 ms (enqueue 0.00771484 ms)
[07/23/2026-02:06:42] [I] Average on 10 runs - GPU latency: 0.0337891 ms - Host latency: 0.0337891 ms (enqueue 0.00786133 ms)
[07/23/2026-02:06:42] [I] Average on 10 runs - GPU latency: 0.0335205 ms - Host latency: 0.0335205 ms (enqueue 0.00773926 ms)
[07/23/2026-02:06:42] [I] Average on 10 runs - GPU latency: 0.0335693 ms - Host latency: 0.0335693 ms (enqueue 0.00759277 ms)
[07/23/2026-02:06:42] [I] Average on 10 runs - GPU latency: 0.0335449 ms - Host latency: 0.0335449 ms (enqueue 0.00766602 ms)
[07/23/2026-02:06:42] [I] Average on 10 runs - GPU latency: 0.0334473 ms - Host latency: 0.0334473 ms (enqueue 0.00759277 ms)
[07/23/2026-02:06:42] [I] Average on 10 runs - GPU latency: 0.0333496 ms - Host latency: 0.0333496 ms (enqueue 0.00759277 ms)
[07/23/2026-02:06:42] [I] Average on 10 runs - GPU latency: 0.0337891 ms - Host latency: 0.0337891 ms (enqueue 0.0076416 ms)
[07/23/2026-02:06:42] [I] Average on 10 runs - GPU latency: 0.0335693 ms - Host latency: 0.0335693 ms (enqueue 0.0076416 ms)
[07/23/2026-02:06:42] [I] Average on 10 runs - GPU latency: 0.0334229 ms - Host latency: 0.0334229 ms (enqueue 0.00756836 ms)
[07/23/2026-02:06:42] [I] Average on 10 runs - GPU latency: 0.0334473 ms - Host latency: 0.0334473 ms (enqueue 0.00761719 ms)
[07/23/2026-02:06:42] [I] Average on 10 runs - GPU latency: 0.0338867 ms - Host latency: 0.0338867 ms (enqueue 0.0079834 ms)
[07/23/2026-02:06:42] [I] Average on 10 runs - GPU latency: 0.0333496 ms - Host latency: 0.0333496 ms (enqueue 0.00766602 ms)
[07/23/2026-02:06:42] [I] Average on 10 runs - GPU latency: 0.0336426 ms - Host latency: 0.0336426 ms (enqueue 0.00771484 ms)
[07/23/2026-02:06:42] [I] Average on 10 runs - GPU latency: 0.0335205 ms - Host latency: 0.0335205 ms (enqueue 0.00771484 ms)
[07/23/2026-02:06:42] [I] Average on 10 runs - GPU latency: 0.0333984 ms - Host latency: 0.0333984 ms (enqueue 0.00759277 ms)
[07/23/2026-02:06:42] [I] Average on 10 runs - GPU latency: 0.0334473 ms - Host latency: 0.0334473 ms (enqueue 0.00759277 ms)
[07/23/2026-02:06:42] [I] Average on 10 runs - GPU latency: 0.0342773 ms - Host latency: 0.0342773 ms (enqueue 0.00834961 ms)
[07/23/2026-02:06:42] [I] Average on 10 runs - GPU latency: 0.0334717 ms - Host latency: 0.0334717 ms (enqueue 0.0078125 ms)
[07/23/2026-02:06:42] [I] Average on 10 runs - GPU latency: 0.0335449 ms - Host latency: 0.0335449 ms (enqueue 0.00769043 ms)
[07/23/2026-02:06:42] [I] Average on 10 runs - GPU latency: 0.0334717 ms - Host latency: 0.0334717 ms (enqueue 0.0076416 ms)
[07/23/2026-02:06:42] [I] Average on 10 runs - GPU latency: 0.0335205 ms - Host latency: 0.0335205 ms (enqueue 0.0076416 ms)
[07/23/2026-02:06:42] [I] Average on 10 runs - GPU latency: 0.0344727 ms - Host latency: 0.0344727 ms (enqueue 0.00866699 ms)
[07/23/2026-02:06:42] [I] Average on 10 runs - GPU latency: 0.033374 ms - Host latency: 0.033374 ms (enqueue 0.00759277 ms)
[07/23/2026-02:06:42] [I] Average on 10 runs - GPU latency: 0.0336426 ms - Host latency: 0.0336426 ms (enqueue 0.00761719 ms)
[07/23/2026-02:06:42] [I] Average on 10 runs - GPU latency: 0.0335693 ms - Host latency: 0.0335693 ms (enqueue 0.00754395 ms)
[07/23/2026-02:06:42] [I] Average on 10 runs - GPU latency: 0.0339355 ms - Host latency: 0.0339355 ms (enqueue 0.00803223 ms)
[07/23/2026-02:06:42] [I] Average on 10 runs - GPU latency: 0.0335693 ms - Host latency: 0.0335693 ms (enqueue 0.00766602 ms)
[07/23/2026-02:06:42] [I] Average on 10 runs - GPU latency: 0.0334961 ms - Host latency: 0.0334961 ms (enqueue 0.00759277 ms)
[07/23/2026-02:06:42] [I] Average on 10 runs - GPU latency: 0.0336426 ms - Host latency: 0.0336426 ms (enqueue 0.00766602 ms)
[07/23/2026-02:06:42] [I] Average on 10 runs - GPU latency: 0.0334961 ms - Host latency: 0.0334961 ms (enqueue 0.0076416 ms)
[07/23/2026-02:06:42] [I] Average on 10 runs - GPU latency: 0.0335449 ms - Host latency: 0.0335449 ms (enqueue 0.00759277 ms)
[07/23/2026-02:06:42] [I] Average on 10 runs - GPU latency: 0.0334229 ms - Host latency: 0.0334229 ms (enqueue 0.0076416 ms)
[07/23/2026-02:06:42] [I] Average on 10 runs - GPU latency: 0.0333008 ms - Host latency: 0.0333008 ms (enqueue 0.0076416 ms)
[07/23/2026-02:06:42] [I] Average on 10 runs - GPU latency: 0.0335449 ms - Host latency: 0.0335449 ms (enqueue 0.00761719 ms)
[07/23/2026-02:06:42] [I] Average on 10 runs - GPU latency: 0.0334473 ms - Host latency: 0.0334473 ms (enqueue 0.0076416 ms)
[07/23/2026-02:06:42] [I] Average on 10 runs - GPU latency: 0.0334473 ms - Host latency: 0.0334473 ms (enqueue 0.00769043 ms)
[07/23/2026-02:06:42] [I] Average on 10 runs - GPU latency: 0.0336426 ms - Host latency: 0.0336426 ms (enqueue 0.00778809 ms)
[07/23/2026-02:06:42] [I]
[07/23/2026-02:06:42] [I] === Performance summary ===
[07/23/2026-02:06:42] [I] Throughput: 24903.6 qps
[07/23/2026-02:06:42] [I] Latency: min = 0.0307617 ms, max = 3.08691 ms, mean = 0.0336874 ms, median = 0.0335083 ms, percentile(90%) = 0.0341797 ms, percentile(95%) = 0.0344238 ms, percentile(99%) = 0.0366211 ms
[07/23/2026-02:06:42] [I] Enqueue Time: min = 0.00683594 ms, max = 3.06348 ms, mean = 0.00777288 ms, median = 0.00756836 ms, percentile(90%) = 0.00791931 ms, percentile(95%) = 0.00805664 ms, percentile(99%) = 0.0107422 ms
[07/23/2026-02:06:42] [I] H2D Latency: min = 0 ms, max = 0 ms, mean = 0 ms, median = 0 ms, percentile(90%) = 0 ms, percentile(95%) = 0 ms, percentile(99%) = 0 ms
[07/23/2026-02:06:42] [I] GPU Compute Time: min = 0.0307617 ms, max = 3.08691 ms, mean = 0.0336874 ms, median = 0.0335083 ms, percentile(90%) = 0.0341797 ms, percentile(95%) = 0.0344238 ms, percentile(99%) = 0.0366211 ms
[07/23/2026-02:06:42] [I] D2H Latency: min = 0 ms, max = 0 ms, mean = 0 ms, median = 0 ms, percentile(90%) = 0 ms, percentile(95%) = 0 ms, percentile(99%) = 0 ms
[07/23/2026-02:06:42] [I] Total Host Walltime: 3.00009 s
[07/23/2026-02:06:42] [I] Total GPU Compute Time: 2.51688 s
[07/23/2026-02:06:42] [I] Explanations of the performance metrics are printed in the verbose logs.
[07/23/2026-02:06:42] [I]
&&&& PASSED TensorRT.trtexec [TensorRT v110000] [b114] # /usr/bin/trtexec --onnx=/work/trt-samples-for-hackathon-cn/cookbook/00-Data/model/model-trained.onnx --saveEngine=model-trained.trt
[07/23/2026-02:06:42] [W] * GPU compute time is unstable, with coefficient of variance = 40.0435%.
[07/23/2026-02:06:42] [W]   If not already in use, locking GPU clock frequency may improve the stability.
Collecting data...
Generating '/tmp/nsys-wili/nsys-report-e53f.qdstrm'
[1/1] [0%                          ] BuildAndRun.nsys-rep[1/1] [0%                          ] BuildAndRun.nsys-rep[1/1] [5%                          ] BuildAndRun.nsys-rep[1/1] [6%                          ] BuildAndRun.nsys-rep[1/1] [7%                          ] BuildAndRun.nsys-rep[1/1] [8%                          ] BuildAndRun.nsys-rep[1/1] [9%                          ] BuildAndRun.nsys-rep[1/1] [10%                         ] BuildAndRun.nsys-rep[1/1] [11%                         ] BuildAndRun.nsys-rep[1/1] [12%                         ] BuildAndRun.nsys-rep[1/1] [13%                         ] BuildAndRun.nsys-rep[1/1] [14%                         ] BuildAndRun.nsys-rep[1/1] [=15%                        ] BuildAndRun.nsys-rep[1/1] [=16%                        ] BuildAndRun.nsys-rep[1/1] [=17%                        ] BuildAndRun.nsys-rep[1/1] [==18%                       ] BuildAndRun.nsys-rep[1/1] [==19%                       ] BuildAndRun.nsys-rep[1/1] [==20%                       ] BuildAndRun.nsys-rep[1/1] [=======================93%  ] BuildAndRun.nsys-rep[1/1] [=======================96%  ] BuildAndRun.nsys-rep[1/1] [========================98% ] BuildAndRun.nsys-rep[1/1] [========================100%] BuildAndRun.nsys-rep[1/1] [========================100%] BuildAndRun.nsys-rep[1/1] [========================100%] BuildAndRun.nsys-rep
Generated:
	/work/trt-samples-for-hackathon-cn/cookbook/07-Tool/NsightSystems/BuildAndRun.nsys-rep
