[TensorRT-Cookbook] Version: 1.0.0
[07/22/2026-00:24:44] [TRT] [W] Using default stream in enqueueV3() may lead to performance issues due to additional calls to cudaStreamSynchronize() by TensorRT to ensure correct synchronization. Please use non-default stream instead.
[07/22/2026-00:24:44] [TRT] [W] Using default stream in enqueueV3() may lead to performance issues due to additional calls to cudaStreamSynchronize() by TensorRT to ensure correct synchronization. Please use non-default stream instead.
============================== Start [case_simple,(),{}]

================ Public members of <tensorrt.tensorrt.INMSLayer object at 0x77bc4862a330> (instance)
 0 Callback members: []
 0 Callable methods: []
 3 Non-callable attributions: ['bounding_box_format', 'indices_type', 'topk_box_limit']
Input ->DataType.FLOAT, (5, 3, 4), (5, 3, 4), tensor
Input ->DataType.FLOAT, (5, 3, 10), (5, 3, 10), tensor1
Output->DataType.INT64, (-1, 3), (-1, 3), (Unnamed Layer* 1) [NMS]_output
Output->DataType.INT32, (), (), (Unnamed Layer* 1) [NMS]_output (1)
tensor
[[[0.46304235 0.26689342 0.69844943 0.45507738]
  [0.48514038 0.07888635 0.3900732  0.7155675 ]
  [0.8125856  0.9350078  0.27933747 0.07143683]]

 [[0.4308798  0.35706472 0.7189922  0.380732  ]
  [0.20110835 0.10704149 0.21943738 0.43121004]
  [0.51366746 0.18845268 0.69437844 0.7297317 ]]

 [[0.01092859 0.74968064 0.8755025  0.79473823]
  [0.86224604 0.6218809  0.5222905  0.7472927 ]
  [0.20129885 0.7862729  0.80036175 0.49977356]]

 [[0.97298145 0.85155094 0.5213481  0.6679321 ]
  [0.9878454  0.9954541  0.7053576  0.13834961]
  [0.45008639 0.70371854 0.26094663 0.23265675]]

 [[0.59179854 0.6522949  0.23466791 0.8639907 ]
  [0.37987646 0.81805617 0.97418594 0.83535045]
  [0.18895292 0.18318585 0.75281495 0.6202247 ]]]
tensor1
[[[0.14989662 0.29997146 0.76624745 0.05257967 0.37968674 0.10051752
   0.20132601 0.5172828  0.7005293  0.38801754]
  [0.04998814 0.05314492 0.4654628  0.38963    0.03797552 0.8887645
   0.602147   0.7713813  0.01043652 0.9990868 ]
  [0.53302336 0.9281107  0.09508437 0.60185045 0.64413315 0.16474722
   0.5044468  0.4850114  0.64263934 0.17668098]]

 [[0.02414162 0.7488857  0.79733795 0.46165633 0.57289445 0.13099156
   0.01025522 0.07424297 0.859856   0.0434193 ]
  [0.14295794 0.5218731  0.03101343 0.15457903 0.84343404 0.25137874
   0.26849988 0.5804549  0.70575386 0.24513736]
  [0.06513688 0.24436544 0.7924397  0.12094301 0.63550276 0.9569572
   0.56067264 0.98703617 0.98028034 0.56146896]]

 [[0.48499006 0.7090859  0.75319606 0.6433356  0.2840493  0.47237396
   0.5217314  0.17806771 0.28353214 0.28694952]
  [0.21064577 0.02854822 0.48820806 0.08008219 0.8012723  0.02066242
   0.9390747  0.02402177 0.8429172  0.8676508 ]
  [0.87418634 0.68450457 0.8605182  0.75513124 0.05052708 0.90111184
   0.09886748 0.23860806 0.4131548  0.7618354 ]]

 [[0.9850731  0.05329811 0.00158658 0.3027406  0.7823665  0.7153892
   0.66599405 0.03747073 0.50220877 0.8635293 ]
  [0.5889513  0.49142647 0.13916896 0.30799097 0.6023804  0.38857907
   0.7654013  0.1795762  0.43227172 0.3786953 ]
  [0.9374291  0.91498196 0.71501714 0.2827276  0.5372726  0.9920879
   0.91344035 0.8158029  0.7403834  0.9878481 ]]

 [[0.48718295 0.43913475 0.73493534 0.8801881  0.127398   0.36945477
   0.12143206 0.5340921  0.76847136 0.56298393]
  [0.14854789 0.7446774  0.880008   0.46656546 0.05489339 0.8114428
   0.70814025 0.2790956  0.47918856 0.4968119 ]
  [0.6814604  0.8037702  0.96208227 0.34254184 0.34755337 0.58826804
   0.8163943  0.0539334  0.29104137 0.39175433]]]
(Unnamed Layer* 1) [NMS]_output
[[0 9 1]
 [0 1 2]
 [0 5 1]
 [0 7 1]
 [0 2 0]
 [0 8 0]
 [0 4 2]
 [0 8 2]
 [0 6 1]
 [0 3 2]
 [0 0 2]
 [0 6 2]
 [0 7 2]
 [0 3 1]
 [0 4 0]
 [0 1 0]
 [0 9 2]
 [0 5 2]
 [0 0 0]
 [0 2 2]
 [1 7 2]
 [1 8 2]
 [1 5 2]
 [1 4 1]
 [1 2 0]
 [1 1 0]
 [1 9 2]
 [1 6 2]
 [1 3 0]
 [1 0 1]
 [2 6 1]
 [2 5 2]
 [2 0 2]
 [2 9 1]
 [2 2 2]
 [2 8 1]
 [2 4 1]
 [2 3 2]
 [2 1 0]
 [2 6 0]
 [2 9 0]
 [2 4 0]
 [2 8 0]
 [2 7 2]
 [2 1 1]
 [3 5 2]
 [3 9 2]
 [3 0 0]
 [3 0 2]
 [3 1 2]
 [3 6 2]
 [3 9 0]
 [3 7 2]
 [3 4 0]
 [3 6 1]
 [3 8 2]
 [3 5 0]
 [3 2 2]
 [3 4 2]
 [3 8 0]
 [3 1 1]
 [3 3 1]
 [3 3 2]
 [3 7 1]
 [3 2 1]
 [4 2 2]
 [4 3 0]
 [4 6 2]
 [4 5 1]
 [4 1 2]
 [4 8 0]
 [4 0 2]
 [4 9 0]
 [4 7 0]
 [4 4 2]]
(Unnamed Layer* 1) [NMS]_output (1)
75
============================== End   [case_simple]
============================== Start [case_deprecated,(),{}]
Input ->DataType.FLOAT, (5, 3, 4), (5, 3, 4), tensor
Input ->DataType.FLOAT, (5, 3, 10), (5, 3, 10), tensor1
Output->DataType.INT64, (-1, 3), (-1, 3), (Unnamed Layer* 1) [NMS]_output
Output->DataType.INT32, (), (), (Unnamed Layer* 1) [NMS]_output (1)
tensor
[[[0.67947465 0.22488436 0.8822323  0.2286676 ]
  [0.8349227  0.5869227  0.16084023 0.2988113 ]
  [0.52002585 0.3841554  0.25718573 0.9817853 ]]

 [[0.39010274 0.32628578 0.70256245 0.32461995]
  [0.5160076  0.13617654 0.44809392 0.5260618 ]
  [0.47514063 0.2295658  0.64322305 0.41557935]]

 [[0.48259005 0.03042929 0.27178952 0.7601528 ]
  [0.24278198 0.11340108 0.38388383 0.2307102 ]
  [0.13916951 0.26077756 0.580407   0.21532445]]

 [[0.48482144 0.885478   0.20934471 0.5146994 ]
  [0.8932687  0.8585601  0.34578288 0.8134968 ]
  [0.49917856 0.2778409  0.7831335  0.38186353]]

 [[0.53506553 0.43266964 0.60889304 0.63110924]
  [0.21758136 0.5932096  0.10283931 0.9229825 ]
  [0.59843564 0.2746448  0.82908535 0.1666987 ]]]
tensor1
[[[0.8667717  0.42447597 0.1595598  0.06397537 0.85667807 0.66539097
   0.25522918 0.89600253 0.9070395  0.5319299 ]
  [0.79659694 0.8274942  0.25417373 0.709857   0.7809797  0.92012215
   0.6959499  0.6547429  0.84105855 0.18674667]
  [0.9966594  0.07598641 0.66206473 0.6898702  0.84450686 0.8670962
   0.13945156 0.9653558  0.37843835 0.8249722 ]]

 [[0.6811971  0.5521592  0.9489554  0.0956007  0.75926137 0.1324102
   0.7935996  0.04754081 0.7277533  0.8789458 ]
  [0.9030039  0.8731245  0.4496549  0.14625603 0.8736081  0.6181532
   0.45090574 0.9613373  0.8996333  0.85435957]
  [0.17502052 0.69590485 0.5758519  0.33517268 0.37304392 0.2147596
   0.42975232 0.28880888 0.9435763  0.6124504 ]]

 [[0.2727582  0.26419172 0.7973166  0.77595687 0.868335   0.564826
   0.8570615  0.15284534 0.90522426 0.53260356]
  [0.07737172 0.97149676 0.78771615 0.4732296  0.83780885 0.4241131
   0.0186698  0.7298049  0.01018804 0.9600043 ]
  [0.9638961  0.49152377 0.8253665  0.33634308 0.6054435  0.7499195
   0.05341966 0.46595988 0.49483246 0.26206887]]

 [[0.22411984 0.799726   0.56436247 0.00189788 0.44762698 0.7884013
   0.7816941  0.8715149  0.6629941  0.10931451]
  [0.24298353 0.03570455 0.7631859  0.03215524 0.9029109  0.08569761
   0.42672706 0.24712108 0.34416744 0.23705271]
  [0.63164485 0.3448001  0.9828567  0.29029417 0.7692762  0.66599965
   0.24154988 0.09754908 0.9013789  0.12515317]]

 [[0.24176447 0.66357327 0.41572982 0.21269819 0.99388236 0.9197698
   0.39079446 0.8706121  0.78715944 0.19489077]
  [0.6967666  0.44317937 0.51665336 0.34968558 0.33607152 0.12807879
   0.51969576 0.2800507  0.36404252 0.67446786]
  [0.6955972  0.4536337  0.7661721  0.8570418  0.7900315  0.13594285
   0.28989798 0.11793192 0.35390484 0.9843423 ]]]
(Unnamed Layer* 1) [NMS]_output
[[0 0 2]
 [0 7 2]
 [0 5 1]
 [0 8 0]
 [0 5 2]
 [0 4 0]
 [0 8 1]
 [0 1 1]
 [0 9 2]
 [0 0 1]
 [0 4 1]
 [0 3 1]
 [0 6 1]
 [0 3 2]
 [0 2 2]
 [0 7 1]
 [0 1 0]
 [0 6 0]
 [0 2 1]
 [0 9 1]
 [1 7 1]
 [1 2 0]
 [1 8 2]
 [1 0 1]
 [1 9 0]
 [1 4 1]
 [1 1 1]
 [1 6 0]
 [1 5 1]
 [1 3 2]
 [2 1 1]
 [2 0 2]
 [2 9 1]
 [2 8 0]
 [2 4 0]
 [2 6 0]
 [2 2 2]
 [2 3 0]
 [2 5 2]
 [2 7 1]
 [3 2 2]
 [3 4 1]
 [3 8 2]
 [3 7 0]
 [3 1 0]
 [3 5 0]
 [3 6 0]
 [3 5 2]
 [3 8 0]
 [3 0 2]
 [3 2 0]
 [3 4 0]
 [3 6 1]
 [3 1 2]
 [3 3 2]
 [3 7 1]
 [3 9 1]
 [3 0 0]
 [3 9 0]
 [3 3 0]
 [4 4 0]
 [4 9 2]
 [4 5 0]
 [4 7 0]
 [4 3 2]
 [4 8 0]
 [4 2 2]
 [4 0 1]
 [4 1 0]
 [4 6 1]]
(Unnamed Layer* 1) [NMS]_output (1)
70
============================== End   [case_deprecated]
Members of tensorrt.tensorrt.BoundingBoxFormat:
 0 -> CORNER_PAIRS
 1 -> CENTER_SIZES
Finish
