[I] RUNNING | Command: /usr/local/bin/polygraphy surgeon weight-reconstruct model-trained-WS.onnx -o model-trained-WR.onnx
[I] Loading model: /work/trt-samples-for-hackathon-cn-wili/cookbook/07-Tool/Polygraphy/Surgeon/model-trained-WS.onnx
[I] Original Model:
    Name: main_graph | ONNX Opset: 18

    ---- 1 Graph Input(s) ----
    {x [dtype=float32, shape=('nBS', 1, 28, 28)]}

    ---- 2 Graph Output(s) ----
    {y [dtype=float32, shape=('nBS', 10)],
     z [dtype=int64, shape=('nBS',)]}

    ---- 9 Initializer(s) ----

    ---- 12 Node(s) ----

[I] Beginning weight reconstruction...
[I] Calling Sparsity Pruner to prune selected weights
[W] (relu_2) produced by node_relu_2 type: Relu is unsupported!
[W] Skipping tensor: conv1.weight since it was marked to skip pruning
[W] Skipping tensor: conv2.weight since it was marked to skip pruning
[W] Skipping tensor: gemm1.weight since it was marked to skip pruning
[W] Skipping tensor: gemm2.weight since it was marked to skip pruning
[I] Found: 0 weight tensor(s) eligible for pruning.
[I] Pruning 0 tensors.
[I] Finished pruning 0 tensors.
[I] Finished reconstructing 8 weights
[I] Saving ONNX model to: model-trained-WR.onnx
[I] New Model:
    Name: main_graph | ONNX Opset: 18

    ---- 1 Graph Input(s) ----
    {x [dtype=float32, shape=('nBS', 1, 28, 28)]}

    ---- 2 Graph Output(s) ----
    {y [dtype=float32, shape=('nBS', 10)],
     z [dtype=int64, shape=('nBS',)]}

    ---- 9 Initializer(s) ----

    ---- 12 Node(s) ----

[I] PASSED | Runtime: 0.272s | Command: /usr/local/bin/polygraphy surgeon weight-reconstruct model-trained-WS.onnx -o model-trained-WR.onnx
-rw-r--r-- 1 wili dip 13110597 Aug 27 10:28 model-trained-WR.onnx
-rw-r--r-- 1 wili dip    12037 Aug 27 10:28 model-trained-WS.onnx
[I] Loading model: /work/trt-samples-for-hackathon-cn-wili/cookbook/07-Tool/Polygraphy/Surgeon/model-trained-WS.onnx
[E] Failed to load weights.
    Note: Error was: cannot reshape array of size 0 into shape (32,1,5,5)
[E] Failed to load weights.
    Note: Error was: cannot reshape array of size 0 into shape (32,)
[E] Failed to load weights.
    Note: Error was: cannot reshape array of size 0 into shape (64,32,5,5)
[E] Failed to load weights.
    Note: Error was: cannot reshape array of size 0 into shape (64,)
[E] Failed to load weights.
    Note: Error was: cannot reshape array of size 0 into shape (1024,3136)
[E] Failed to load weights.
    Note: Error was: cannot reshape array of size 0 into shape (1024,)
[E] Failed to load weights.
    Note: Error was: cannot reshape array of size 0 into shape (10,1024)
[E] Failed to load weights.
    Note: Error was: cannot reshape array of size 0 into shape (10,)
[I] ==== ONNX Model ====
    Name: main_graph | ONNX Opset: 18

    ---- 1 Graph Input(s) ----
    {x [dtype=float32, shape=('nBS', 1, 28, 28)]}

    ---- 2 Graph Output(s) ----
    {y [dtype=float32, shape=('nBS', 10)],
     z [dtype=int64, shape=('nBS',)]}

    ---- 9 Initializer(s) ----
    Initializer | conv1.weight [dtype=float32, shape=[32, 1, 5, 5]] | Values:
        <error: failed to load weights>

    Initializer | conv1.bias [dtype=float32, shape=[32]] | Values:
        <error: failed to load weights>

    Initializer | conv2.weight [dtype=float32, shape=[64, 32, 5, 5]] | Values:
        <error: failed to load weights>

    Initializer | conv2.bias [dtype=float32, shape=[64]] | Values:
        <error: failed to load weights>

    Initializer | gemm1.weight [dtype=float32, shape=[1024, 3136]] | Values:
        <error: failed to load weights>

    Initializer | gemm1.bias [dtype=float32, shape=[1024]] | Values:
        <error: failed to load weights>

    Initializer | gemm2.weight [dtype=float32, shape=[10, 1024]] | Values:
        <error: failed to load weights>

    Initializer | gemm2.bias [dtype=float32, shape=[10]] | Values:
        <error: failed to load weights>

    Initializer | val_5 [dtype=int64, shape=[2]] | Values:
        [  -1 3136]

    ---- 12 Node(s) ----
[I] Loading model: /work/trt-samples-for-hackathon-cn-wili/cookbook/07-Tool/Polygraphy/Surgeon/model-trained-WR.onnx
[I] ==== ONNX Model ====
    Name: main_graph | ONNX Opset: 18

    ---- 1 Graph Input(s) ----
    {x [dtype=float32, shape=('nBS', 1, 28, 28)]}

    ---- 2 Graph Output(s) ----
    {y [dtype=float32, shape=('nBS', 10)],
     z [dtype=int64, shape=('nBS',)]}

    ---- 9 Initializer(s) ----
    Initializer | conv1.weight [dtype=float32, shape=[32, 1, 5, 5]] | Values:
        [[[[-0.19735669  0.9438971   1.2078568  -1.5425901  -0.37630877]
           [-0.352533   -0.9569553   0.83386904 -0.14647764 -0.81992   ]
           [ 0.06074635 -0.97328675  1.5092031   0.0689093  -0.17461465]
           [-2.4339044   0.3044154  -0.00752992  0.3887519   0.7256523 ]
           [-0.4304402  -1.4297757  -1.1027073  -0.30884555  0.7948433 ]]]


         [[[-0.60603136 -0.73916066 -0.08153395  0.32900184  1.3458899 ]
           [ 0.04644155  0.22709927 -0.76661927  1.1301998   2.4688716 ]
           [-1.3657993  -0.7835686  -1.2807595   0.31064156 -0.6743833 ]
           [ 0.06739723  0.24005651 -0.20905566  0.79355574  1.0342425 ]
           [ 0.20969297 -0.3575957   0.28203332 -1.8892949   0.7508713 ]]]


         [[[ 0.3851216  -0.07546978 -0.33300176 -1.0482653  -1.0146154 ]
           [ 0.8560044  -1.188996    0.9031553  -0.22631907  1.091999  ]
           [-0.75081116 -0.04527876  0.81695646 -1.0944746   1.2673167 ]
           [-0.0772908   0.76561856  0.43059528  0.05781063 -0.06240197]
           [ 0.69029504 -0.99036217  0.25314134  0.59817344 -0.0553625 ]]]


         [[[ 1.372228    0.40724358 -0.22590353 -1.1330572  -0.32608372]
           [ 0.8813773   0.8132365   1.117088   -0.67559373 -0.40416014]
           [-0.2326      1.8513924   0.70225686  0.44972125  0.32185134]
           [-0.43750754  0.2190304  -0.4799191   0.43297938 -0.08184302]
           [ 1.3533723  -1.1200526  -0.93382853  1.4469523   1.5289829 ]]]


         [[[ 0.3703027  -0.7127418   0.14862873 -1.9918467  -0.73599726]
           [-1.571066    0.8413086   2.0317998   0.14473782 -0.36875167]
           [ 0.22206098  0.42694464 -0.5621359  -1.8175161  -0.08994237]
           [-1.1407517  -0.39931977  0.32285488 -0.45590815 -0.12649976]
           [-1.146913    1.2645099   0.02797861  0.23545325  0.30097908]]]


         [[[-1.7717923   0.6568353   0.0869933   0.7466175   1.0158036 ]
           [-0.8953957  -0.28126645 -0.11715752 -1.5552216  -0.12325319]
           [-0.9707082   1.0478988  -0.46047425 -1.7263081  -0.5860894 ]
           [ 1.7014881  -0.5544765  -1.2042357   0.21629068 -0.2004511 ]
           [ 0.2201737  -1.0790861  -0.6803834  -0.7483794   0.90337205]]]


         [[[ 0.18729883 -0.0125548  -1.9222306   0.31257528 -0.40743154]
           [ 0.6415718   0.12554348  0.641437    0.15481377 -0.07702904]
           [-0.75086164 -1.2799064   0.7780526  -0.54915863  0.28830653]
           [ 2.2575085   2.0754113  -2.2782125   0.796156   -0.447565  ]
           [-0.02371071  0.47231722  0.7577933   1.1046908  -0.38488254]]]


         [[[-0.5419464   1.0160842  -0.5496442  -1.6684353  -0.41006818]
           [ 0.8199791  -1.8696673  -0.18769021 -0.9891226   0.8844076 ]
           [-0.8309761  -0.00896898 -0.9491405  -0.09203014  0.5650663 ]
           [-0.36055148 -1.3066436  -2.2804515   0.573064   -0.34959304]
           [-0.91012293 -0.01157163 -0.389767    1.3645833  -0.13495253]]]


         [[[ 1.4686644   0.512413   -1.8025966   0.38644475 -0.5601954 ]
           [ 1.2980047  -0.8750442   1.1157693  -2.312687    0.9414515 ]
           [ 0.66921663  0.06017298  0.23428404  1.1653867   0.18177508]
           [-0.0933112   1.922894    0.13992259  2.4173443   0.935959  ]
           [-1.1417015   0.08993715 -0.6964479   1.5397706  -0.36652684]]]


         [[[ 0.29792857 -1.500544    0.77548915 -1.215357    0.5749291 ]
           [ 0.11317372 -0.7864991  -0.5377205   1.1781094  -0.624812  ]
           [ 0.61577356 -2.413132   -1.3323582  -0.11884018 -0.6100015 ]
           [ 1.5609161   1.7290535   0.9037167  -1.3669691   1.1448325 ]
           [-0.7945552   2.2801256  -2.0871751   0.27890715  0.13907456]]]


         [[[-1.1001694  -2.028045   -0.7174364   0.01305834 -0.8256962 ]
           [ 0.26392817  1.2726226  -0.71612865  1.7299117  -0.17664915]
           [-0.21559802  0.08876812 -0.7042989   0.24353057 -2.1240394 ]
           [ 1.5791283   0.64351726 -0.36314493  2.870357   -0.1574885 ]
           [ 1.4637173  -0.61315185  1.2325165   2.0341797  -0.4901312 ]]]


         [[[-0.06237653 -0.2116549  -1.6593038  -0.3689849   1.541163  ]
           [ 1.0258273  -1.1807307  -0.64475244  0.31208625  1.8165362 ]
           [ 0.15475398 -1.5397193   0.73987645  0.23059493 -0.9714244 ]
           [-0.452608   -0.41073146 -0.03282143  0.79878855  1.2794774 ]
           [-1.4967769  -0.32567495  0.5163535   1.8999574  -1.228795  ]]]


         [[[ 1.1206124   0.7826868  -0.18746446  0.0230869  -0.18962249]
           [ 1.5170479  -0.858931   -1.1220813  -0.29556367  0.66250604]
           [-0.14137748 -2.5052128   2.0197806   0.6523834  -1.3510996 ]
           [ 0.0871321   0.8120377   0.8006463   2.5109522  -0.75342643]
           [ 1.6022745   0.55750436  0.13005957 -1.1395996   0.45091248]]]


         [[[-0.70448685  1.0440089  -0.23170255  1.6902696   1.4142131 ]
           [ 1.4743309   0.43491605 -0.50046504  2.41801     0.45219433]
           [-1.4856155  -0.65125906  0.5205413   1.8535283   1.4623692 ]
           [-0.37964317  0.23431984  0.8654612  -1.517477   -0.505268  ]
           [-0.48036444  0.59896106  0.88679403  0.73050797  1.5244634 ]]]


         [[[-0.292107   -0.13301732  0.4268829   0.92998666 -1.7067541 ]
           [ 1.5530992   1.0754014   0.72662103 -1.9203233   0.7138707 ]
           [ 0.5914334  -0.47098306 -0.88192683 -1.1244236  -0.8653067 ]
           [-0.35258684 -0.07482248 -0.20420484  1.6251967  -1.0161179 ]
           [ 1.1533681  -0.04810678 -0.94107485 -0.15329966 -0.2138622 ]]]


         [[[-1.8993859  -1.2772721   0.8084622   0.9773713   0.82119143]
           [ 0.27082995  0.5702947  -1.8395033  -0.73783517  0.4762661 ]
           [ 1.6460565  -0.5565097   0.17226426 -2.0677288  -0.32603946]
           [ 1.5059336   0.8299569   1.3303628  -0.4735039   1.4474635 ]
           [-1.4435495   0.21548209  0.20936446 -0.02921982  1.086304  ]]]


         [[[-0.26824522 -1.302078    3.2402163  -2.5050128   1.3028253 ]
           [ 0.35436472  1.1740929   0.3274477   1.3879268   0.99448895]
           [ 1.7279025  -1.474373   -0.15282883  1.3751103   0.02995102]
           [ 0.8490665  -0.45153305 -0.05701382  0.5689849  -2.1063526 ]
           [-0.37974322 -0.13236716 -0.70349014 -2.3569553   1.3939981 ]]]


         [[[-0.52825195  1.2186781   0.01716618 -0.8432821  -0.73368   ]
           [ 0.7981135   1.1500803   0.62869066  1.0733852   0.5605351 ]
           [-0.64006805  1.7256403  -0.403104    0.2720806   1.2947139 ]
           [-0.34385487 -0.84574044 -0.3954992   2.1372635   1.257297  ]
           [-0.68278384 -2.5717487  -0.15935418  0.4184671   0.20850621]]]


         [[[ 0.04129591 -0.41357994 -0.20003213 -0.26077443  1.1444592 ]
           [-2.4090242   0.40890035  0.22784509  0.73998606 -0.8525073 ]
           [-0.46310857  2.3519666  -1.4503146   0.48316938 -0.5828276 ]
           [-0.21501759 -0.1287167   0.8865782   0.20899512  0.33322778]
           [-0.44391906  0.85226053 -0.81220925  0.5385816   0.67671806]]]


         [[[ 0.35245863 -0.26918608 -0.09316646  0.1661709  -0.27443162]
           [-0.02889762  2.9622672  -1.135837   -0.21886607  0.24603547]
           [ 1.2359457   0.64983404  0.35787544  0.7620151   0.77541506]
           [ 2.552403    1.0070081   0.31018376  1.2166091   0.46642166]
           [ 2.1150384   0.3840004   1.0076561   0.9173028  -0.08498959]]]


         [[[ 0.31526434  0.5230978  -0.16488928 -0.01590712  1.0509567 ]
           [ 1.0175827  -1.0867361  -0.5099911  -1.1395414  -0.68033177]
           [ 1.1241963   0.0393333   0.5489996   0.64232993 -1.3651017 ]
           [ 0.5747777   0.5953764   0.23364839 -0.93611205  0.29914746]
           [ 0.03040365  0.8316984  -0.22171983  0.16248289 -0.41200164]]]


         [[[-0.5362005  -0.51630855  1.1853693  -1.5202551   0.7146053 ]
           [ 0.32318416  2.0256326  -0.66165364 -0.10451432  0.10427919]
           [-0.624865    1.6386893  -0.70479125  0.5794418  -2.4826827 ]
           [ 2.3238904  -1.3713925  -0.43868232 -0.02238952  1.2081379 ]
           [-0.8944672  -1.3779522  -0.18506572 -0.74824905 -0.84319264]]]


         [[[-0.40254042 -1.0520048  -1.3867596   0.15868682  1.7807853 ]
           [ 0.35227326  1.3835064   0.6893593   1.9138331   1.0152779 ]
           [-0.91398025 -0.52068156 -0.09429626  0.26699576 -0.27019963]
           [ 0.5685317  -0.9902167   0.6972037   0.53816456  0.17510904]
           [-0.5708584  -1.2691443  -0.6454178  -0.58046395  0.6734216 ]]]


         [[[ 0.61986464 -1.0057081   0.9709977   0.2581725   0.7484907 ]
           [-0.78023297  1.1075492   0.5426216   0.30377543 -1.5334764 ]
           [-0.21522835  0.15612815 -0.8974172   0.6693717  -1.4804348 ]
           [ 1.3022428   0.73865503 -0.9600728  -1.2630047   0.37534955]
           [-0.16831248 -0.8265811   0.6764674   1.36278     0.44982094]]]


         [[[-0.6366116  -0.5038007   2.3237123   1.6749499  -1.5568866 ]
           [ 1.6578156  -3.1540813  -0.8347829   1.0952783  -0.08725703]
           [-0.217176   -0.6723405  -0.4476658  -0.6041136  -0.20019642]
           [ 0.3319751   2.3396473   3.361269   -0.6448644  -0.7720523 ]
           [ 1.451364   -0.6727067  -0.02578445  0.66850823  0.6210107 ]]]


         [[[ 0.78694093  1.208352    0.8828681   0.09570338 -0.8434256 ]
           [-2.6785195   0.18412647 -0.5057469   0.4698324  -0.8188279 ]
           [-1.1799859  -0.79421544  1.1729715   1.3557218   1.0409318 ]
           [ 0.37591907 -1.4149085   1.271814    0.74813944 -1.6066462 ]
           [-0.29947445  0.2688743  -2.0127468  -2.8511417  -2.120262  ]]]


         [[[ 0.62819266 -0.4972663  -1.7194262   0.8905688   0.43926382]
           [ 0.27426973  0.9998138  -1.2264328   0.28605264 -0.74824184]
           [-0.5607931  -0.21318845 -0.260656    0.8971548   0.6164758 ]
           [ 1.6383053   1.0510406   0.30757397  2.540106    0.40501526]
           [-0.20695578  0.07226983 -0.788137    0.11245205 -1.9017073 ]]]


         [[[ 1.6775721  -0.9969086  -1.0831887   1.426177   -0.17304534]
           [ 0.6798012   0.44630066 -0.8961926  -0.43129915  1.2563998 ]
           [-0.730699   -1.8999926   2.2577457  -0.18417369 -0.2722196 ]
           [-1.3606721  -1.403379   -0.9867996   0.50784296 -0.34855   ]
           [ 1.1140488   0.9393418  -1.0725763  -1.9527912  -0.15823156]]]


         [[[ 0.07333579  0.68799496 -1.3008071  -1.6341308   0.23682235]
           [ 1.0985801  -0.0452541   1.0168078   0.6331629  -0.85409033]
           [-0.28684324  0.23838232  0.32833797 -1.2783318   1.7942582 ]
           [ 0.03432623  0.52444285 -1.0512344  -1.136845    0.9504237 ]
           [-0.19785902  0.3396437   1.125213    0.4395381  -0.7642322 ]]]


         [[[-2.4376009  -0.00376096 -1.1262923  -0.80472183  1.1853622 ]
           [ 0.12747984  2.0546885  -0.9667036   0.99167377  1.3495246 ]
           [-0.08804148 -1.7845268  -0.49451256  1.0858583  -0.20852321]
           [-0.42630494 -0.23061699  1.0329797   1.0878766   0.75155795]
           [-0.9975995   0.4933228  -0.43056157 -0.76914877 -0.5739784 ]]]


         [[[-1.5221089   0.10051767  1.0651282   1.2604717  -0.30441594]
           [ 0.28650126 -0.42316067  1.1071662  -0.5876247  -0.39184165]
           [ 0.81427044  1.1677004   0.5337532   2.431696    0.10610361]
           [-0.16410758  0.53686285  0.34908524  0.26022202 -0.20845692]
           [-1.4832301   0.17968942  1.8485688   0.60254437 -0.80060035]]]


         [[[ 0.5783614  -0.50287336 -0.01507836 -1.0783079  -1.5432237 ]
           [-0.56299365 -0.40505692  0.7249311  -0.47309974 -0.90431315]
           [-1.9579931   0.6229364   0.24963522 -0.8737714   0.8730653 ]
           [ 0.5164624  -1.4899197  -0.1946444   0.3589586   0.30244014]
           [ 1.1050029  -0.29017708  0.8672711  -0.38390496  1.8269572 ]]]]

    Initializer | conv1.bias [dtype=float32, shape=[32]] | Values:
        [ 1.0983053   0.7718843  -0.2996102   0.27434373  0.08440749 -0.720991
         -0.6293374  -0.03687229  0.38619143  0.19287376  0.14169583  1.5451021
         -1.7396793  -0.10914606  0.2351329  -0.6408934  -1.2350084  -1.9786947
          1.9870952   0.623393    1.4955958   0.08592104  0.2402285   0.42785066
         -0.809125   -0.5293718   0.61899775  2.256587   -0.82891846 -1.6035249
         -1.7525136  -0.1017909 ]

    Initializer | conv2.weight [dtype=float32, shape=[64, 32, 5, 5]] | Values:
        [[[[ 1.55885220e+00 -1.35351682e+00 -1.11316121e+00 -2.57230222e-01
             2.02829584e-01]
           [-4.37895745e-01 -8.63775015e-01  5.86147726e-01 -2.06028867e+00
            -2.00456476e+00]
           [ 6.03774905e-01 -1.49103844e+00  4.60029952e-02  1.03118789e+00
             2.25151753e+00]
           [ 2.47522429e-01 -7.08691061e-01 -5.60207739e-02  6.84197426e-01
             5.74805856e-01]
           [-9.16988075e-01  1.32870638e+00  1.47492337e+00 -7.26776183e-01
             1.13957155e+00]]

          [[ 1.49472392e+00  1.18958986e+00 -1.00926912e+00 -3.54624093e-01
            -9.60541889e-03]
           [-1.23149681e+00  1.15739107e-01 -8.93908083e-01  1.07784741e-01
            -1.11084306e+00]
           [ 2.30568290e+00 -1.68242753e+00 -5.95450342e-01 -1.35871208e+00
             1.21529126e+00]
           [ 3.34700227e-01 -1.48427415e+00  3.70538384e-01 -2.71993071e-01
             2.20489001e+00]
           [-1.93625644e-01 -8.64082634e-01  6.83455586e-01  9.93423820e-01
             1.67056692e+00]]

          [[ 9.16309476e-01 -1.41904235e+00 -9.93730307e-01  3.49956512e-01
             1.38434291e+00]
           [-4.85309333e-01 -2.27754757e-01 -4.43366021e-01  1.31096494e+00
             2.98114324e+00]
           [-7.64750898e-01  9.74176228e-02 -6.21325374e-01  1.96392798e+00
            -5.07145047e-01]
           [-2.34546006e-01 -7.97919929e-01  1.40593147e+00  2.73788124e-01
             3.43251973e-01]
           [ 1.38969398e+00 -2.09526137e-01  3.91068697e-01  1.86227751e+00
            -5.44294119e-01]]

          ...

          [[ 4.96853709e-01  4.87227082e-01 -2.10703421e+00 -1.17405780e-01
            -1.08851457e+00]
           [-4.11427110e-01 -4.43802863e-01  6.36142865e-02  8.76159430e-01
             1.00953424e+00]
           [-6.76821947e-01 -6.07388198e-01  6.19254708e-01  5.44987619e-01
            -7.59686410e-01]
           [-1.64139366e+00  1.72270942e+00  3.78029585e-01  5.57803929e-01
            -2.18040749e-01]
           [ 3.23911786e-01 -1.71579206e+00  9.29169804e-02  9.08898234e-01
            -1.03600755e-01]]

          [[ 1.13207757e+00  2.63203591e-01 -1.82256579e+00  1.67100877e-01
             1.55317724e+00]
           [-7.27013767e-01  8.85378838e-01 -2.61062860e-01  4.18948352e-01
             1.11443365e+00]
           [ 6.59619987e-01  6.03764534e-01 -4.55692232e-01 -1.10433424e+00
            -8.86226475e-01]
           [-8.35775137e-02 -4.55121815e-01 -6.68269396e-01 -1.91030312e+00
            -1.57177418e-01]
           [-6.84774220e-01  5.44487059e-01 -4.51950401e-01  8.99547338e-01
            -7.74982750e-01]]

          [[-1.09988749e-01 -3.40612859e-01  1.09032348e-01  1.88851088e-01
            -1.62168100e-01]
           [-7.73416102e-01 -3.98623377e-01  1.53740788e+00  8.72087121e-01
            -9.39255133e-02]
           [ 8.33045244e-01  7.46652186e-01 -2.55291522e-01 -9.48980987e-01
            -9.66925740e-01]
           [-1.88333616e-02 -1.33172259e-01 -5.76688945e-01  7.67700076e-01
            -1.66763175e+00]
           [ 1.73128688e+00  4.76891100e-01 -1.87884820e+00 -1.75938451e+00
             1.80755198e-01]]]


         [[[ 4.87123042e-01  4.77306247e-01  1.42044878e+00  1.31633234e+00
            -7.74774492e-01]
           [ 7.06732154e-01 -1.30294219e-01  1.19088304e+00  9.52667594e-01
             9.57767785e-01]
           [-9.03335392e-01  1.82943106e+00 -3.00582290e+00  3.30908954e-01
             7.48062253e-01]
           [ 1.40087560e-01 -2.52451122e-01 -1.25048530e+00 -1.79892883e-01
            -5.76119423e-01]
           [ 4.11389172e-01 -3.49536375e-03  2.47753310e+00 -1.48051238e+00
             2.79288799e-01]]

          [[-1.13873780e+00  3.45234007e-01 -1.47014761e+00  1.59109128e+00
            -2.51132178e+00]
           [ 3.18380713e-01 -2.30598044e+00  5.22059143e-01 -1.41776472e-01
             9.19528902e-01]
           [-9.92891550e-01 -1.02673359e-02 -9.25804973e-01  1.17497849e+00
            -2.43098497e-01]
           [ 7.73913503e-01 -1.98031411e-01  2.05861673e-01  1.78995028e-01
            -1.91364539e+00]
           [ 8.81877899e-01 -6.60999298e-01  3.26155663e-01 -1.57579434e+00
            -6.79825187e-01]]

          [[-3.12593073e-01  2.39943194e+00 -1.58138704e+00  1.09552884e+00
             3.65883768e-01]
           [-4.22752261e-01 -3.42937082e-01  5.94110370e-01 -7.76421130e-01
             8.46462548e-01]
           [ 8.33734214e-01  1.66092288e+00 -1.69676638e+00  1.04130995e+00
             9.99293089e-01]
           [-6.58649683e-01  4.02326643e-01 -2.81610399e-01  7.75404215e-01
             4.03246939e-01]
           [ 6.40037537e-01  1.61974847e+00  1.08619213e+00  3.91075574e-02
             5.52282095e-01]]

          ...

          [[ 1.57509363e+00 -1.02750385e+00 -7.82166302e-01 -6.66478395e-01
            -7.18298674e-01]
           [ 4.17881072e-01 -1.28078008e+00 -1.03191805e+00 -2.82497525e-01
             6.74197912e-01]
           [ 6.21799707e-01  2.35413504e+00  8.31214726e-01 -4.87281948e-01
             1.33021247e+00]
           [-3.27475876e-01  3.77761245e-01 -9.92501259e-01 -1.65299311e-01
             8.16594422e-01]
           [ 2.80338200e-03 -3.22658032e-01 -1.11107254e+00  2.51123810e+00
            -1.51959050e+00]]

          [[-6.32111251e-01 -2.21838045e+00 -1.99483246e-01  1.61455023e+00
            -1.11360633e+00]
           [-1.04027855e+00  1.43620145e+00 -9.35599566e-01  1.20612681e+00
             1.93878010e-01]
           [-1.16090953e+00  1.95016253e+00  9.45918739e-01  1.10361367e-01
             1.48820841e+00]
           [ 1.80087221e+00 -2.08233312e-01 -1.26030490e-01  1.15553224e+00
             1.05150063e-02]
           [ 8.90928447e-01 -8.05905342e-01  1.66764998e+00  5.43769360e-01
            -9.27830219e-01]]

          [[-6.56415224e-02 -5.34688048e-02 -8.88187110e-01  1.60216913e-01
            -5.90131462e-01]
           [-5.36328852e-01  6.33949816e-01  6.03196472e-02 -1.48352003e+00
            -1.17347944e+00]
           [ 3.79075438e-01 -1.13848373e-01  7.05664933e-01 -9.66471791e-01
            -9.44171131e-01]
           [-1.05340767e+00 -7.75476515e-01  1.21867728e+00 -1.68124902e+00
             7.87153721e-01]
           [ 8.00202489e-02 -1.17738914e+00 -1.00374424e+00  1.27658856e+00
             1.63197309e-01]]]


         [[[ 7.79011786e-01  2.43764251e-01  1.33430314e+00 -1.71182573e+00
             7.45629668e-01]
           [-1.88506246e-01 -1.00075984e-02  1.35232127e+00  3.90464604e-01
             6.01193666e-01]
           [-7.45275766e-02  1.29832900e+00  2.27167770e-01 -7.75250077e-01
            -1.83447802e+00]
           [ 3.37608528e+00 -7.66170144e-01  8.47447455e-01 -7.73684859e-01
             1.67694020e+00]
           [-6.07637346e-01  2.64113736e+00 -4.07798976e-01  2.60960143e-02
             1.81148779e+00]]

          [[ 9.06312227e-01 -2.68837601e-01 -1.79089084e-01 -1.44188389e-01
             3.50472569e-01]
           [ 1.54090092e-01  1.81227341e-01 -1.01929736e+00 -1.83617139e+00
            -7.75681734e-01]
           [ 7.01436877e-01  8.17006886e-01 -9.19420347e-02  4.45449725e-02
            -1.23128676e+00]
           [ 1.98621941e+00 -3.58033001e-01 -8.63848925e-01 -1.10828114e+00
             8.92227352e-01]
           [ 5.27626276e-01 -3.06890696e-01 -4.49629694e-01  8.08589280e-01
             3.18591774e-01]]

          [[-5.24776876e-01 -7.91507244e-01  8.52703691e-01  1.13392794e+00
             1.61857641e+00]
           [ 4.24389511e-01 -1.89955570e-02 -1.12018192e+00 -1.94297090e-01
             9.46570262e-02]
           [ 2.89583832e-01  1.30757225e+00 -5.90507984e-01 -1.09606707e+00
             4.47793007e-02]
           [-1.27028525e+00  8.61075297e-02 -1.04526438e-01 -3.56300622e-01
             1.01370633e+00]
           [ 3.51814449e-01  2.71724671e-01 -4.94018912e-01  4.15060818e-01
            -5.65545321e-01]]

          ...

          [[-3.84835899e-01 -1.00076556e+00  1.22099316e+00  5.41378200e-01
            -1.30667114e+00]
           [-8.52535665e-01 -8.66668522e-01 -4.12408590e-01  4.13720071e-01
            -1.58898866e+00]
           [ 7.46192098e-01  8.69693279e-01 -5.28524101e-01 -1.14633605e-01
            -2.76249290e-01]
           [ 9.13567543e-01  5.94306029e-02 -7.77750611e-01 -3.62146854e-01
            -8.47835779e-01]
           [ 2.28698039e+00  1.59949529e+00  2.89306641e+00  1.14524460e+00
            -7.10448205e-01]]

          [[ 1.01375990e-01 -7.12632895e-01 -5.04444949e-02  5.74751675e-01
             6.62479639e-01]
           [-9.96265352e-01 -9.83062208e-01 -5.31450868e-01 -1.98188114e+00
             6.55139834e-02]
           [ 9.29753542e-01 -6.87507391e-01  2.51137614e-01  7.33367801e-01
            -1.61187490e-03]
           [ 1.29044914e+00 -9.92876053e-01  7.14769840e-01 -3.53022695e-01
             1.72934204e-01]
           [-1.12990975e-01  7.57406652e-01 -1.65073025e+00  9.66732204e-03
             1.39601064e+00]]

          [[-9.74534392e-01 -7.07649827e-01 -2.12720558e-01 -6.26343966e-01
            -1.59852430e-01]
           [-1.67642324e-03  1.00622249e+00 -4.11784410e-01 -6.47955656e-01
             8.17878604e-01]
           [ 1.38561976e+00  5.03769577e-01  9.95163381e-01 -2.23216915e+00
             3.15746427e-01]
           [-9.73708987e-01  5.39686382e-01  1.20732188e+00  1.25320518e+00
            -7.87219286e-01]
           [-1.98484540e-01 -4.31095511e-01 -3.35716933e-01  1.24033737e+00
             1.08237135e+00]]]


         ...


         [[[-1.04078919e-01  1.28375196e+00 -1.46573138e+00 -2.66409755e-01
             5.99552453e-01]
           [ 6.41817570e-01 -3.25387836e-01 -6.53983504e-02 -6.97481930e-01
             3.39608073e-01]
           [-3.16407800e-01  7.01016009e-01  3.58118713e-01  6.14727736e-01
             1.96774292e+00]
           [ 1.54402927e-01  5.07864177e-01 -2.02434921e+00 -8.96340191e-01
            -4.84573096e-01]
           [-4.43225712e-01 -3.47099900e-01  1.94620430e+00 -4.36174661e-01
            -3.32377940e-01]]

          [[-4.37926382e-01 -6.24537349e-01  6.02233171e-01 -3.38547945e-01
             4.96733516e-01]
           [ 5.27607739e-01  1.65714812e+00 -1.32523000e+00  7.36848593e-01
             2.58663028e-01]
           [-1.00689256e+00  5.36785182e-03  3.09683293e-01 -9.17980075e-02
            -1.16957235e+00]
           [-2.36554563e-01  1.84030855e+00  5.81923604e-01 -1.45487809e+00
             5.30175567e-01]
           [ 6.24423265e-01  8.45675409e-01  3.77920270e-01 -1.36887491e-01
             7.54975140e-01]]

          [[-7.82400429e-01 -1.24546850e+00 -5.10352194e-01 -1.83977342e+00
            -1.60077512e+00]
           [-9.26944375e-01 -1.57079637e+00 -1.03869438e+00  9.75636303e-01
             2.08951011e-01]
           [ 1.44009799e-01  7.60135353e-01  6.87149882e-01  1.80315822e-01
            -3.87474000e-02]
           [ 2.10595608e+00 -5.05841732e-01  6.40097260e-02 -1.03676188e+00
            -1.48729968e+00]
           [-6.57544360e-02 -1.68356371e+00  3.81433874e-01 -4.92789030e-01
             7.03891098e-01]]

          ...

          [[-1.61678755e+00 -4.83860821e-01 -1.29075181e+00  4.43241626e-01
             1.36613742e-01]
           [ 2.47682378e-01 -4.66195941e-01 -6.60023034e-01 -3.60099733e-01
             1.09049201e-01]
           [ 9.11915004e-01 -2.70202368e-01 -6.90383971e-01  1.02238965e+00
             1.46220219e+00]
           [-3.09373069e+00  3.62792581e-01 -2.23843843e-01 -9.18809772e-01
            -1.20794165e+00]
           [-1.43353271e+00  5.91666400e-01  1.14121425e+00  2.00274393e-01
            -3.66870046e-01]]

          [[ 9.89895701e-01  8.62222537e-02  3.22476551e-02 -1.23445046e+00
            -4.80285943e-01]
           [-2.11599636e+00  1.98530883e-01 -4.73878890e-01 -3.81982923e-02
            -9.67981637e-01]
           [-2.56709290e+00 -2.49869153e-01  9.66624677e-01 -1.68268353e-01
             9.15914357e-01]
           [ 4.68382388e-01  2.07718039e+00  1.46461472e-01  1.34344637e+00
             3.80703360e-01]
           [ 7.62286901e-01  2.20297813e-01  2.07187012e-02  1.08075261e+00
             2.04437181e-01]]

          [[ 5.38727283e-01  1.30356932e+00  7.16212571e-01  1.66355014e+00
             5.92608452e-01]
           [ 4.54532295e-01 -4.05635238e-02 -1.33477628e+00  4.06863131e-02
             2.59205967e-01]
           [ 4.44559604e-01 -2.37591937e-02 -1.29345921e-03 -5.73568523e-01
             3.77501488e-01]
           [ 9.11415040e-01  5.06845951e-01  1.74848163e+00  1.98593140e-01
             9.81817305e-01]
           [ 5.08870304e-01 -1.03683674e+00  3.93711999e-02  6.47066176e-01
             9.36333716e-01]]]


         [[[ 2.31929079e-01  5.73629081e-01  1.97165561e+00 -1.53170511e-01
            -7.91234851e-01]
           [-6.36293471e-01 -4.48791325e-01 -2.03583136e-01  1.91446376e+00
            -2.04677653e+00]
           [-8.32201362e-01 -6.78028345e-01  1.60035729e-01 -4.34414536e-01
            -2.65334785e-01]
           [ 3.92846733e-01 -1.74853936e-01 -8.86922002e-01  1.14271450e+00
             1.24710035e+00]
           [-1.66995034e-01  2.70349413e-01 -1.05544722e+00  1.89924335e+00
             6.00609183e-01]]

          [[ 1.64749533e-01 -2.17192508e-02  8.86117518e-01 -7.81707287e-01
             3.77328515e-01]
           [-1.05125666e+00 -2.98534012e+00  1.28094292e+00 -3.16581607e-01
             2.78271174e+00]
           [-2.18591765e-01  2.88086385e-01  3.25686634e-01  1.53193876e-01
            -6.90442741e-01]
           [ 9.30226684e-01  6.28956676e-01  1.09674489e+00 -2.19047284e+00
            -7.99041212e-01]
           [ 7.26254359e-02  6.83135986e-01  2.87793577e-01 -2.03645870e-01
            -7.24570453e-01]]

          [[-4.16357722e-03  6.52534842e-01  8.87901247e-01  1.69084102e-01
             3.71187955e-01]
           [-4.06679899e-01  6.23058498e-01 -1.52163815e+00  1.54856205e+00
             3.88987243e-01]
           [-1.29052913e+00  3.72620255e-01 -2.07286775e-01  1.93748891e-01
            -1.27524757e+00]
           [-2.44006872e+00 -7.31269300e-01 -1.09001398e+00 -1.29618311e+00
             1.17774701e+00]
           [-5.94329774e-01  4.52249616e-01  2.48091862e-01  2.71227896e-01
             1.22980475e+00]]

          ...

          [[ 5.46282232e-01 -7.59794652e-01 -1.79844034e+00  2.08779526e+00
            -3.83001447e-01]
           [ 9.61586118e-01 -5.21342903e-02 -1.97422969e+00 -5.71614802e-01
            -1.21595418e+00]
           [ 9.55449343e-01  4.48412038e-02  2.61065140e-02  4.23659176e-01
            -5.12512885e-02]
           [ 1.87204492e+00  7.60305464e-01 -1.91863313e-01  7.84525946e-02
            -3.70426252e-02]
           [-1.38596749e+00 -4.21504408e-01 -1.87086964e+00  3.80213737e-01
             9.43603635e-01]]

          [[-5.87520897e-01  9.50387120e-01 -1.28727019e+00  8.75112936e-02
            -3.18032861e-01]
           [-7.06679881e-01 -1.22647357e+00 -1.83406547e-02  6.43580675e-01
             2.17147693e-01]
           [-8.17470968e-01 -1.05166531e+00  9.63372588e-01 -6.94507360e-01
             2.06383204e+00]
           [-4.38207895e-01  1.32237482e+00  6.24122143e-01 -2.69853204e-01
            -5.34137547e-01]
           [-1.78835973e-01 -1.09516966e+00 -7.42346108e-01 -3.09317518e-04
            -1.02660990e+00]]

          [[-5.54555237e-01  3.21162522e-01 -5.34746163e-02  1.11514376e-02
            -7.73022711e-01]
           [-1.36154935e-01 -4.29705501e-01 -1.12485461e-01 -1.19990063e+00
            -4.42608118e-01]
           [ 1.54216099e+00 -4.09762830e-01 -1.56629488e-01 -1.81818140e+00
             1.00517392e-01]
           [ 7.98086584e-01 -7.87517548e-01  1.74453151e+00 -5.27743578e-01
             9.05356333e-02]
           [ 1.12276602e+00 -7.92516887e-01 -4.64753509e-02  3.38490784e-01
             5.85761487e-01]]]


         [[[ 1.15668929e+00 -6.44703489e-03  7.08230555e-01 -7.29610622e-01
            -7.18598545e-01]
           [ 2.33000815e-01 -5.36339760e-01 -2.23111317e-01  1.56694746e+00
            -3.56667727e-01]
           [ 1.91036952e+00  5.21874242e-02  1.52150023e+00 -5.71191430e-01
             7.61335850e-01]
           [-3.66575152e-01 -1.21937275e+00  9.17481035e-02 -1.15583658e+00
            -5.14325537e-02]
           [ 1.13608670e+00 -1.40080333e+00 -7.76330233e-02 -6.17820144e-01
            -1.11205626e+00]]

          [[ 1.68396130e-01 -1.11927676e+00 -5.58539391e-01 -4.50358577e-02
            -5.44547021e-01]
           [-7.35921621e-01 -2.11026859e+00 -1.02329120e-01 -1.84102440e+00
            -9.69361961e-01]
           [-1.25130689e+00 -6.92874312e-01  1.96384683e-01 -1.68255436e+00
             3.21874470e-01]
           [ 5.51093757e-01 -1.00874615e+00  4.71534759e-01  1.22405715e-01
             9.59859371e-01]
           [ 1.23739779e+00  1.36350310e+00  6.89896107e-01 -1.66076243e+00
             9.21661794e-01]]

          [[-1.24085271e+00 -9.50302303e-01  2.41411105e-01 -2.85318911e-01
             1.93056428e+00]
           [ 6.37338817e-01  2.00735474e+00  1.12969317e-01  1.94715440e-01
             1.34750831e+00]
           [-2.22632185e-01 -5.66747189e-01  5.66219211e-01  1.66088784e+00
            -2.86409289e-01]
           [-1.59165180e+00 -1.61340415e+00  1.16692030e+00  9.20692146e-01
            -1.64506018e+00]
           [ 1.47717237e+00  2.20563084e-01  3.91113430e-01 -9.22313333e-01
             6.54849768e-01]]

          ...

          [[-3.57812762e-01 -6.33730471e-01  1.18844473e+00 -1.07611692e+00
             3.00215185e-01]
           [-5.09285569e-01  1.56447399e+00  6.45316541e-01  1.02859879e+00
             1.35781795e-01]
           [ 2.18904242e-01 -1.21929324e+00  1.21412620e-01  4.63501513e-01
            -2.22138137e-01]
           [ 2.16054857e-01  1.81218565e+00  7.06847847e-01  8.41307938e-01
             5.82547903e-01]
           [-1.57150424e+00 -1.84196949e-01 -4.57487404e-02  1.28912830e+00
            -2.62126803e-01]]

          [[ 1.16332603e+00  7.78334618e-01  8.44053924e-01  8.14473450e-01
             1.12018955e+00]
           [ 2.42657256e+00 -1.12293983e+00  3.31121713e-01 -5.32510400e-01
             4.82300252e-01]
           [-1.09045398e+00 -8.39559495e-01  1.11027324e+00 -6.38139129e-01
             1.34399641e+00]
           [-4.30724710e-01 -1.14994913e-01 -1.34823501e+00  1.17187691e+00
             6.81276143e-01]
           [-9.67619181e-01 -1.84714067e+00 -4.49295610e-01  5.11011064e-01
            -1.31478751e+00]]

          [[-1.47098536e-02 -2.08106971e+00 -7.34526575e-01  1.84778607e+00
            -1.46295264e-01]
           [ 1.44341314e+00 -5.78835607e-01 -7.56022453e-01  1.03873253e+00
             1.52187419e+00]
           [ 6.43528283e-01 -6.88447297e-01 -7.14348704e-02  8.12494040e-01
             1.14622641e+00]
           [ 4.93091136e-01 -8.82569730e-01 -1.66406798e+00 -4.85363722e-01
            -9.79903564e-02]
           [-4.06143755e-01  1.61089432e+00  3.59453112e-02  8.26463938e-01
             1.07078159e+00]]]]

    Initializer | conv2.bias [dtype=float32, shape=[64]] | Values:
        [ 0.05878745  0.05559902  0.7873277  -0.5433261   0.2426377  -0.79733205
         -1.7403753  -0.13317569  0.37833402 -1.8524612   0.4492493   0.22850376
          0.70984393 -0.33634666 -1.609019    0.60644805  0.20653869  0.03582542
         -0.6662046   1.2244145  -1.4656618   0.6105659   2.1834056   0.558516
         -0.2112192   0.02155561 -0.33854377  1.1485134  -0.31460512 -0.5636822
          0.65314364 -0.5365236   0.2463359  -0.34038287  1.5219554   0.4671264
         -1.4498653  -0.4721878   0.93421155 -0.9340777  -1.2458498   0.21151741
         -2.4475398   1.1443636   0.26375282  0.13290973 -0.82559323 -0.56913185
         -0.17367533 -1.6202031   1.2834568  -1.4126395  -0.265682    1.420282
          0.97858053  0.00416506  2.3146214   0.15043642 -1.4534106   1.1518812
          1.0929558   0.24149026  0.33761778 -0.3527456 ]

    Initializer | gemm1.weight [dtype=float32, shape=[1024, 3136]] | Values:
        [[ 0.9880743  -0.5505193  -1.0051718  ... -1.2646009   1.217578
          -1.1983389 ]
         [-0.9386165   1.201362   -0.4794375  ...  0.77842635 -0.12222414
           0.27120003]
         [-1.1093756   1.5929178  -0.879685   ...  0.48830664  1.1205615
           0.941531  ]
         ...
         [-1.2763321  -0.43243185  0.21347494 ...  0.7278426  -1.3954071
          -0.07779674]
         [-0.6654001   0.55835503 -1.3730111  ...  2.4060605   1.4749655
          -0.441172  ]
         [-0.31014103 -0.13722274  0.6291819  ... -0.661107    0.7880551
           0.00477555]]

    Initializer | gemm1.bias [dtype=float32, shape=[1024]] | Values:
        [-0.00535082 -0.5067658   0.07800113 ... -0.263933   -1.1857219
          0.52734804]

    Initializer | gemm2.weight [dtype=float32, shape=[10, 1024]] | Values:
        [[-0.77605313 -1.6226343  -0.8116543  ...  0.306061    0.23666237
           0.8793033 ]
         [ 0.9102837   0.9913046  -0.35021806 ... -1.5410249   1.6113473
           0.82684946]
         [-0.384782   -1.1145022  -0.8708274  ... -0.532679   -0.77707064
           1.2462642 ]
         ...
         [ 1.5659326  -0.11945213  0.9769501  ... -0.20164865 -0.7709685
           0.10055611]
         [-0.0986187  -0.68119276 -2.0272217  ...  0.3197926   0.41791105
          -0.7701506 ]
         [-0.80401534 -0.2737613  -0.10563184 ...  0.4767716  -0.27675474
           0.336096  ]]

    Initializer | gemm2.bias [dtype=float32, shape=[10]] | Values:
        [ 0.4720475  -0.4973501  -0.54178566 -0.04925086  1.0357897   1.8093132
         -0.06539631  2.0784962  -0.8110004  -1.560767  ]

    Initializer | val_5 [dtype=int64, shape=[2]] | Values:
        [  -1 3136]

    ---- 12 Node(s) ----
