[TensorRT-Cookbook] Version: 1.0.0
[07/22/2026-00:26:45] [TRT] [W] Using default stream in enqueueV3() may lead to performance issues due to additional calls to cudaStreamSynchronize() by TensorRT to ensure correct synchronization. Please use non-default stream instead.
[07/22/2026-00:26:45] [TRT] [W] Using default stream in enqueueV3() may lead to performance issues due to additional calls to cudaStreamSynchronize() by TensorRT to ensure correct synchronization. Please use non-default stream instead.
[07/22/2026-00:26:46] [TRT] [W] Using default stream in enqueueV3() may lead to performance issues due to additional calls to cudaStreamSynchronize() by TensorRT to ensure correct synchronization. Please use non-default stream instead.
[07/22/2026-00:26:47] [TRT] [W] Using default stream in enqueueV3() may lead to performance issues due to additional calls to cudaStreamSynchronize() by TensorRT to ensure correct synchronization. Please use non-default stream instead.
============================== Start [case_simple,(),{}]

================ Public members of <tensorrt.tensorrt.ITopKLayer object at 0x737de2706cf0> (instance)
 0 Callback members: []
 0 Callable methods: []
 4 Non-callable attributions: ['axes', 'indices_type', 'k', 'op']
Input ->DataType.FLOAT, (3, 4, 5), (3, 4, 5), tensor
Output->DataType.FLOAT, (3, 2, 5), (3, 2, 5), (Unnamed Layer* 0) [TopK]_output
Output->DataType.INT64, (3, 2, 5), (3, 2, 5), (Unnamed Layer* 0) [TopK]_output (1)
tensor
[[[12. 47. 42. 43.  8.]
  [39. 23. 36. 38. 14.]
  [32. 58.  0. 37. 56.]
  [13. 52. 55. 45. 33.]]

 [[29.  4. 20. 34. 24.]
  [ 3. 15. 44. 30.  6.]
  [ 7. 54. 26. 22. 57.]
  [31.  9. 41. 51. 17.]]

 [[25. 48. 27. 18. 21.]
  [59. 19. 46. 49. 35.]
  [ 1. 10. 28.  5. 40.]
  [53.  2. 16. 50. 11.]]]
(Unnamed Layer* 0) [TopK]_output
[[[39. 58. 55. 45. 56.]
  [32. 52. 42. 43. 33.]]

 [[31. 54. 44. 51. 57.]
  [29. 15. 41. 34. 24.]]

 [[59. 48. 46. 50. 40.]
  [53. 19. 28. 49. 35.]]]
(Unnamed Layer* 0) [TopK]_output (1)
[[[1 2 3 3 2]
  [2 3 0 0 3]]

 [[3 2 1 3 2]
  [0 1 3 0 0]]

 [[1 0 1 3 2]
  [3 1 2 1 1]]]
============================== End   [case_simple]
============================== Start [case_deprecated,(),{}]
Input ->DataType.FLOAT, (3, 4, 5), (3, 4, 5), tensor
Output->DataType.FLOAT, (3, 2, 5), (3, 2, 5), (Unnamed Layer* 0) [TopK]_output
Output->DataType.INT64, (3, 2, 5), (3, 2, 5), (Unnamed Layer* 0) [TopK]_output (1)
tensor
[[[31. 15.  1. 59. 26.]
  [ 7. 29. 53. 58. 43.]
  [ 3. 25. 57. 35. 17.]
  [42. 37. 47. 19. 10.]]

 [[11. 54. 46. 12. 41.]
  [21. 32. 56. 52.  2.]
  [28.  5. 18. 24. 44.]
  [39. 22. 30. 34. 40.]]

 [[33. 20. 45.  9. 49.]
  [ 4. 50. 23. 36. 27.]
  [14. 38.  0. 48.  6.]
  [16. 55. 13. 51.  8.]]]
(Unnamed Layer* 0) [TopK]_output
[[[42. 37. 57. 59. 43.]
  [31. 29. 53. 58. 26.]]

 [[39. 54. 56. 52. 44.]
  [28. 32. 46. 34. 41.]]

 [[33. 55. 45. 51. 49.]
  [16. 50. 23. 48. 27.]]]
(Unnamed Layer* 0) [TopK]_output (1)
[[[3 3 2 0 1]
  [0 1 1 1 0]]

 [[3 0 1 1 2]
  [2 1 0 3 0]]

 [[0 3 0 3 0]
  [3 1 1 2 1]]]
============================== End   [case_deprecated]
============================== Start [case_shape_input,(),{}]
Input ->DataType.FLOAT, (3, 4, 5), (3, 4, 5), tensor
Input ->DataType.INT32, (), (), tensor1
Output->DataType.FLOAT, (3, -1, 5), (3, 2, 5), (Unnamed Layer* 0) [TopK]_output
Output->DataType.INT32, (3, -1, 5), (3, 2, 5), (Unnamed Layer* 0) [TopK]_output (1)
tensor
[[[23. 51. 29. 46. 40.]
  [15. 19. 47.  6. 20.]
  [28. 22. 18. 36. 38.]
  [ 3. 33. 52. 55. 26.]]

 [[53.  8. 34. 17.  7.]
  [ 5. 54. 30. 21.  4.]
  [14. 58. 42.  2. 32.]
  [31. 41. 25. 39. 45.]]

 [[37. 56. 16. 49. 43.]
  [ 1. 24. 48. 57.  0.]
  [35. 11. 44. 59. 13.]
  [ 9. 50. 12. 10. 27.]]]
tensor1
[2]
(Unnamed Layer* 0) [TopK]_output
[[[28. 51. 52. 55. 40.]
  [23. 33. 47. 46. 38.]]

 [[53. 58. 42. 39. 45.]
  [31. 54. 34. 21. 32.]]

 [[37. 56. 48. 59. 43.]
  [35. 50. 44. 57. 27.]]]
(Unnamed Layer* 0) [TopK]_output (1)
[[[2 0 3 3 0]
  [0 3 1 0 2]]

 [[0 2 2 3 3]
  [3 1 0 1 2]]

 [[0 0 1 2 0]
  [2 3 2 1 3]]]
============================== End   [case_shape_input]
============================== Start [case_dds,(),{}]
Input ->DataType.FLOAT, (3, 4, 5), (3, 4, 5), tensor
Input ->DataType.INT32, (-1,), (2,), tensor1
Output->DataType.FLOAT, (3, -1, 5), (3, -1, 5), (Unnamed Layer* 1) [TopK]_output
Output->DataType.INT32, (3, -1, 5), (3, -1, 5), (Unnamed Layer* 1) [TopK]_output (1)
tensor
[[[14. 35. 38. 21. 44.]
  [31. 39. 19. 47.  9.]
  [59. 26.  7. 27. 32.]
  [54. 11. 20. 55.  2.]]

 [[52. 24. 22.  1. 12.]
  [48. 37. 15. 40. 16.]
  [57.  0.  8. 33. 43.]
  [18.  4. 46. 29. 36.]]

 [[30. 50. 25. 28. 58.]
  [45. 42. 13. 23. 49.]
  [10.  5. 34. 53. 56.]
  [ 3. 51.  6. 41. 17.]]]
tensor1
[ 3 -1]
(Unnamed Layer* 1) [TopK]_output
[[[59. 39. 38. 55. 44.]
  [54. 35. 20. 47. 32.]]

 [[57. 37. 46. 40. 43.]
  [52. 24. 22. 33. 36.]]

 [[45. 51. 34. 53. 58.]
  [30. 50. 25. 41. 56.]]]
(Unnamed Layer* 1) [TopK]_output (1)
[[[2 1 0 3 0]
  [3 0 3 1 2]]

 [[2 1 3 1 2]
  [0 0 0 2 3]]

 [[1 3 2 2 0]
  [0 0 0 3 2]]]
============================== End   [case_dds]
Members of tensorrt.tensorrt.TopKOperation:
 0 -> MAX
 1 -> MIN
Members of tensorrt.tensorrt.ReduceOperation:
 0 -> SUM
 1 -> PROD
 2 -> MAX
 3 -> MIN
 4 -> AVG
 5 -> NONE
Finish
