[TensorRT-Cookbook] Version: 1.0.0
[07/22/2026-00:23:39] [TRT] [W] Using default stream in enqueueV3() may lead to performance issues due to additional calls to cudaStreamSynchronize() by TensorRT to ensure correct synchronization. Please use non-default stream instead.
[07/22/2026-00:23:39] [TRT] [W] Using default stream in enqueueV3() may lead to performance issues due to additional calls to cudaStreamSynchronize() by TensorRT to ensure correct synchronization. Please use non-default stream instead.
============================== Start [case_simple,(),{}]

================ Public members of <tensorrt.tensorrt.IIdentityLayer object at 0x70edaf12b570> (instance)
 0 Callback members: []
 0 Callable methods: []
 0 Non-callable attributions: []
Input ->DataType.FLOAT, (1, 3, 4, 5), (1, 3, 4, 5), tensor
Output->DataType.FLOAT, (1, 3, 4, 5), (1, 3, 4, 5), (Unnamed Layer* 0) [Identity]_output
tensor
[[[[ 0.  1.  2.  3.  4.]
   [ 5.  6.  7.  8.  9.]
   [10. 11. 12. 13. 14.]
   [15. 16. 17. 18. 19.]]

  [[20. 21. 22. 23. 24.]
   [25. 26. 27. 28. 29.]
   [30. 31. 32. 33. 34.]
   [35. 36. 37. 38. 39.]]

  [[40. 41. 42. 43. 44.]
   [45. 46. 47. 48. 49.]
   [50. 51. 52. 53. 54.]
   [55. 56. 57. 58. 59.]]]]
(Unnamed Layer* 0) [Identity]_output
[[[[ 0.  1.  2.  3.  4.]
   [ 5.  6.  7.  8.  9.]
   [10. 11. 12. 13. 14.]
   [15. 16. 17. 18. 19.]]

  [[20. 21. 22. 23. 24.]
   [25. 26. 27. 28. 29.]
   [30. 31. 32. 33. 34.]
   [35. 36. 37. 38. 39.]]

  [[40. 41. 42. 43. 44.]
   [45. 46. 47. 48. 49.]
   [50. 51. 52. 53. 54.]
   [55. 56. 57. 58. 59.]]]]
============================== End   [case_simple]
============================== Start [case_datatype_conversion,(),{}]
Input ->DataType.FLOAT, (1, 3, 4, 5), (1, 3, 4, 5), tensor
Output->DataType.HALF, (1, 3, 4, 5), (1, 3, 4, 5), (Unnamed Layer* 0) [Cast]_output
Output->DataType.INT32, (1, 3, 4, 5), (1, 3, 4, 5), (Unnamed Layer* 1) [Cast]_output
Output->DataType.INT64, (1, 3, 4, 5), (1, 3, 4, 5), (Unnamed Layer* 2) [Cast]_output
Output->DataType.UINT8, (1, 3, 4, 5), (1, 3, 4, 5), (Unnamed Layer* 3) [Cast]_output
Output->DataType.BOOL, (1, 3, 4, 5), (1, 3, 4, 5), (Unnamed Layer* 4) [Cast]_output
tensor
[[[[ 0.  1.  2.  3.  4.]
   [ 5.  6.  7.  8.  9.]
   [10. 11. 12. 13. 14.]
   [15. 16. 17. 18. 19.]]

  [[20. 21. 22. 23. 24.]
   [25. 26. 27. 28. 29.]
   [30. 31. 32. 33. 34.]
   [35. 36. 37. 38. 39.]]

  [[40. 41. 42. 43. 44.]
   [45. 46. 47. 48. 49.]
   [50. 51. 52. 53. 54.]
   [55. 56. 57. 58. 59.]]]]
(Unnamed Layer* 0) [Cast]_output
[[[[ 0.  1.  2.  3.  4.]
   [ 5.  6.  7.  8.  9.]
   [10. 11. 12. 13. 14.]
   [15. 16. 17. 18. 19.]]

  [[20. 21. 22. 23. 24.]
   [25. 26. 27. 28. 29.]
   [30. 31. 32. 33. 34.]
   [35. 36. 37. 38. 39.]]

  [[40. 41. 42. 43. 44.]
   [45. 46. 47. 48. 49.]
   [50. 51. 52. 53. 54.]
   [55. 56. 57. 58. 59.]]]]
(Unnamed Layer* 1) [Cast]_output
[[[[ 0  1  2  3  4]
   [ 5  6  7  8  9]
   [10 11 12 13 14]
   [15 16 17 18 19]]

  [[20 21 22 23 24]
   [25 26 27 28 29]
   [30 31 32 33 34]
   [35 36 37 38 39]]

  [[40 41 42 43 44]
   [45 46 47 48 49]
   [50 51 52 53 54]
   [55 56 57 58 59]]]]
(Unnamed Layer* 2) [Cast]_output
[[[[ 0  1  2  3  4]
   [ 5  6  7  8  9]
   [10 11 12 13 14]
   [15 16 17 18 19]]

  [[20 21 22 23 24]
   [25 26 27 28 29]
   [30 31 32 33 34]
   [35 36 37 38 39]]

  [[40 41 42 43 44]
   [45 46 47 48 49]
   [50 51 52 53 54]
   [55 56 57 58 59]]]]
(Unnamed Layer* 3) [Cast]_output
[[[[ 0  1  2  3  4]
   [ 5  6  7  8  9]
   [10 11 12 13 14]
   [15 16 17 18 19]]

  [[20 21 22 23 24]
   [25 26 27 28 29]
   [30 31 32 33 34]
   [35 36 37 38 39]]

  [[40 41 42 43 44]
   [45 46 47 48 49]
   [50 51 52 53 54]
   [55 56 57 58 59]]]]
(Unnamed Layer* 4) [Cast]_output
[[[[False  True  True  True  True]
   [ True  True  True  True  True]
   [ True  True  True  True  True]
   [ True  True  True  True  True]]

  [[ True  True  True  True  True]
   [ True  True  True  True  True]
   [ True  True  True  True  True]
   [ True  True  True  True  True]]

  [[ True  True  True  True  True]
   [ True  True  True  True  True]
   [ True  True  True  True  True]
   [ True  True  True  True  True]]]]
============================== End   [case_datatype_conversion]
Finish
