[V] Loaded Module: polygraphy | Version: 0.50.3 | Path: ['/usr/local/lib/python3.12/dist-packages/polygraphy']
[V] Loaded Module: tensorrt | Version: 11.1.0.106 | Path: ['/usr/local/lib/python3.12/dist-packages/tensorrt']
[I] TF32 is disabled by default. Turn on TF32 for better performance with minor accuracy differences.
[V] [MemUsageChange] Init CUDA: CPU +30, GPU +0, now: CPU 43, GPU 458 (MiB)
[V] ----------------------------------------------------------------
[V] Input filename:   /work/trt-samples-for-hackathon-cn-wili/cookbook/00-Data/model/model-trained.onnx
[V] ONNX IR version:  0.0.10
[V] Opset version:    18
[V] Producer name:    pytorch
[V] Producer version: 2.11.0a0+a6c236b9fd.nv26.03.46836102
[V] Domain:
[V] Model version:    0
[V] Doc string:
[V] ----------------------------------------------------------------
[W] ModelImporter.cpp:1047: Make sure output z has Int64 binding.
[V] Setting TensorRT Optimization Profiles
[V] Input tensor: x (dtype=DataType.FLOAT, shape=(-1, 1, 28, 28)) | Setting input tensor shapes to: (min=[1, 1, 28, 28], opt=[4, 1, 28, 28], max=[16, 1, 28, 28])
[I] Configuring with profiles:[
        Profile 0:
            {x [min=[1, 1, 28, 28], opt=[4, 1, 28, 28], max=[16, 1, 28, 28]]}
    ]
[I] Building engine with configuration:
    Flags                  | [STRONGLY_TYPED]
    Engine Capability      | EngineCapability.STANDARD
    Memory Pools           | [WORKSPACE: 1024.00 MiB, TACTIC_DRAM: 81071.25 MiB, TACTIC_SHARED_MEMORY: 1024.00 MiB]
    Tactic Sources         | [EDGE_MASK_CONVOLUTIONS, JIT_CONVOLUTIONS]
    Profiling Verbosity    | ProfilingVerbosity.DETAILED
[V] [MemUsageChange] Init builder kernel library: CPU +522, GPU +10, now: CPU 777, GPU 470 (MiB)
[V] Global timing cache in use. Profiling results in this builder pass will be stored.
[V] Compiler backend is used during engine build.
[V] [MS] Multi stream is disabled as cannot find an opportunity to leverage it
[W] [MS] Multi stream is disabled because the stream assignment failed.
[V] Detected 1 inputs and 2 output network tensors.
[V] Total Host Persistent Memory: 19728 bytes
[V] Total Device Persistent Memory: 0 bytes
[V] Max Scratch Memory: 984576 bytes
[V] [BlockAssignment] Started assigning block shifts. This will take 5 steps to complete.
[V] [BlockAssignment] Algorithm ShiftNTopDown took 0.02826ms to assign 2 blocks to 5 nodes requiring 2007040 bytes.
[V] Total Activation Memory: 2007040 bytes
[V] Total Weights Memory: 13100672 bytes
[V] Compiler backend is used during engine execution.
[V] Engine generation completed in 6.74242 seconds.
[V] [MemUsageStats] Peak memory usage of TRT CPU/GPU memory allocators: CPU 0 MiB, GPU 13 MiB
[I] Finished engine building in 7.404 seconds
[V] Loaded Module: fcntl
[V] Serialized 321 bytes of code generator cache.
[V] Serialized 42391 bytes of compilation cache.
[V] Serialized 29 timing cache entries
[I] Saving tactic timing cache to model-trained.TimingCache
