CUDA device count: 4
================================================================ Device 0
L2_cache_size                            = 132644864
clock_rate                               = 1965000
gcnArchName                              = NVIDIA B200
is_integrated                            = 0
is_multi_gpu_board                       = 0
major                                    = 10
max_threads_per_block                    = 1024
max_threads_per_multi_processor          = 2048
memory_bus_width                         = 7680
memory_clock_rate                        = 3996000
minor                                    = 0
multi_processor_count                    = 148
name                                     = NVIDIA B200
pci_bus_id                               = 27
pci_device_id                            = 0
pci_domain_id                            = 0
regs_per_multiprocessor                  = 65536
shared_memory_per_block                  = 49152
shared_memory_per_block_optin            = 232448
shared_memory_per_multiprocessor         = 233472
total_memory                             = 191495471104
uuid                                     = 9981c060-f42d-322d-04c6-c5e6c3adfe98
warp_size                                = 32
================================================================ Device 1
L2_cache_size                            = 132644864
clock_rate                               = 1965000
gcnArchName                              = NVIDIA B200
is_integrated                            = 0
is_multi_gpu_board                       = 0
major                                    = 10
max_threads_per_block                    = 1024
max_threads_per_multi_processor          = 2048
memory_bus_width                         = 7680
memory_clock_rate                        = 3996000
minor                                    = 0
multi_processor_count                    = 148
name                                     = NVIDIA B200
pci_bus_id                               = 97
pci_device_id                            = 0
pci_domain_id                            = 0
regs_per_multiprocessor                  = 65536
shared_memory_per_block                  = 49152
shared_memory_per_block_optin            = 232448
shared_memory_per_multiprocessor         = 233472
total_memory                             = 191495471104
uuid                                     = 3bec38ee-7c61-37c0-2c6b-a79e74fb69a3
warp_size                                = 32
================================================================ Device 2
L2_cache_size                            = 132644864
clock_rate                               = 1965000
gcnArchName                              = NVIDIA B200
is_integrated                            = 0
is_multi_gpu_board                       = 0
major                                    = 10
max_threads_per_block                    = 1024
max_threads_per_multi_processor          = 2048
memory_bus_width                         = 7680
memory_clock_rate                        = 3996000
minor                                    = 0
multi_processor_count                    = 148
name                                     = NVIDIA B200
pci_bus_id                               = 157
pci_device_id                            = 0
pci_domain_id                            = 0
regs_per_multiprocessor                  = 65536
shared_memory_per_block                  = 49152
shared_memory_per_block_optin            = 232448
shared_memory_per_multiprocessor         = 233472
total_memory                             = 191495471104
uuid                                     = 81eddf3c-ebe4-ac1c-9efa-8e6eb0650af6
warp_size                                = 32
================================================================ Device 3
L2_cache_size                            = 132644864
clock_rate                               = 1965000
gcnArchName                              = NVIDIA B200
is_integrated                            = 0
is_multi_gpu_board                       = 0
major                                    = 10
max_threads_per_block                    = 1024
max_threads_per_multi_processor          = 2048
memory_bus_width                         = 7680
memory_clock_rate                        = 3996000
minor                                    = 0
multi_processor_count                    = 148
name                                     = NVIDIA B200
pci_bus_id                               = 195
pci_device_id                            = 0
pci_domain_id                            = 0
regs_per_multiprocessor                  = 65536
shared_memory_per_block                  = 49152
shared_memory_per_block_optin            = 232448
shared_memory_per_multiprocessor         = 233472
total_memory                             = 191495471104
uuid                                     = a1fe1032-f9c5-5051-43d7-f3a910796e4e
warp_size                                = 32
Finish
