CUDA device count: 4
================================================================ Device 0
ECCEnabled                               = 1
accessPolicyMaxWindowSize                = 134217728
asyncEngineCount                         = 4
canMapHostMemory                         = 1
canUseHostPointerForRegisteredMem        = 1
clusterLaunch                            = 1
computePreemptionSupported               = 1
concurrentKernels                        = 1
concurrentManagedAccess                  = 1
cooperativeLaunch                        = 1
deferredMappingCudaArraySupported        = 1
deviceNumaConfig                         = 0
deviceNumaId                             = -1
directManagedMemAccessFromHost           = 0
getPtr()                                 = 710189056
globalL1CacheSupported                   = 1
gpuDirectRDMAFlushWritesOptions          = 1
gpuDirectRDMASupported                   = 1
gpuDirectRDMAWritesOrdering              = 100
gpuPciDeviceID                           = 687935710
gpuPciSubsystemID                        = 429461726
hostNativeAtomicSupported                = 0
hostNumaId                               = 1
hostNumaMultinodeIpcSupported            = 0
hostRegisterReadOnlySupported            = 0
hostRegisterSupported                    = 1
integrated                               = 0
ipcEventSupported                        = 1
isMultiGpuBoard                          = 0
l2CacheSize                              = 132644864
localL1CacheSupported                    = 1
luid                                     = b'\x00\x00\x00\x00\x00\x00\x00\x00'
luidDeviceNodeMask                       = 0
major                                    = 10
managedMemory                            = 1
maxBlocksPerMultiProcessor               = 32
maxGridSize                              = [2147483647, 65535, 65535]
maxSurface1D                             = 32768
maxSurface1DLayered                      = [32768, 2048]
maxSurface2D                             = [131072, 65536]
maxSurface2DLayered                      = [32768, 32768, 2048]
maxSurface3D                             = [16384, 16384, 16384]
maxSurfaceCubemap                        = 32768
maxSurfaceCubemapLayered                 = [32768, 2046]
maxTexture1D                             = 131072
maxTexture1DLayered                      = [32768, 2048]
maxTexture1DMipmap                       = 32768
maxTexture2D                             = [131072, 65536]
maxTexture2DGather                       = [32768, 32768]
maxTexture2DLayered                      = [32768, 32768, 2048]
maxTexture2DLinear                       = [131072, 65000, 2097120]
maxTexture2DMipmap                       = [32768, 32768]
maxTexture3D                             = [16384, 16384, 16384]
maxTexture3DAlt                          = [8192, 8192, 32768]
maxTextureCubemap                        = 32768
maxTextureCubemapLayered                 = [32768, 2046]
maxThreadsDim                            = [1024, 1024, 64]
maxThreadsPerBlock                       = 1024
maxThreadsPerMultiProcessor              = 2048
memPitch                                 = 2147483647
memoryBusWidth                           = 7680
memoryPoolSupportedHandleTypes           = 9
memoryPoolsSupported                     = 1
minor                                    = 0
mpsEnabled                               = 0
multiGpuBoardGroupID                     = 0
multiProcessorCount                      = 148
name                                     = b'NVIDIA B200'
pageableMemoryAccess                     = 1
pageableMemoryAccessUsesHostPageTables   = 0
pciBusID                                 = 157
pciDeviceID                              = 0
pciDomainID                              = 0
persistingL2CacheMaxSize                 = 82903040
regsPerBlock                             = 65536
regsPerMultiprocessor                    = 65536
reserved                                 = [0, 0, 0, 0, 0, 0, 0, 0, 0, 0, 0, 0, 0, 0, 0, 0, 0, 0, 0, 0, 0, 0, 0, 0, 0, 0, 0, 0, 0, 0, 0, 0, 0, 0, 0, 0, 0, 0, 0, 0, 0, 0, 0, 0, 0, 0, 0, 0, 0, 0, 0, 0, 0, 0, 0, 0]
reservedSharedMemPerBlock                = 1024
sharedMemPerBlock                        = 49152
sharedMemPerBlockOptin                   = 232448
sharedMemPerMultiprocessor               = 233472
sparseCudaArraySupported                 = 1
streamPrioritiesSupported                = 1
surfaceAlignment                         = 512
tccDriver                                = 0
textureAlignment                         = 512
texturePitchAlignment                    = 32
timelineSemaphoreInteropSupported        = 1
totalConstMem                            = 65536
totalGlobalMem                           = 191495471104
unifiedAddressing                        = 1
unifiedFunctionPointers                  = 1
uuid                                     = bytes : e444a79ad4cae2b46020af2095e4fa49
warpSize                                 = 32
================================================================ Device 1
ECCEnabled                               = 1
accessPolicyMaxWindowSize                = 134217728
asyncEngineCount                         = 4
canMapHostMemory                         = 1
canUseHostPointerForRegisteredMem        = 1
clusterLaunch                            = 1
computePreemptionSupported               = 1
concurrentKernels                        = 1
concurrentManagedAccess                  = 1
cooperativeLaunch                        = 1
deferredMappingCudaArraySupported        = 1
deviceNumaConfig                         = 0
deviceNumaId                             = -1
directManagedMemAccessFromHost           = 0
getPtr()                                 = 710194304
globalL1CacheSupported                   = 1
gpuDirectRDMAFlushWritesOptions          = 1
gpuDirectRDMASupported                   = 1
gpuDirectRDMAWritesOrdering              = 100
gpuPciDeviceID                           = 687935710
gpuPciSubsystemID                        = 429461726
hostNativeAtomicSupported                = 0
hostNumaId                               = 1
hostNumaMultinodeIpcSupported            = 0
hostRegisterReadOnlySupported            = 0
hostRegisterSupported                    = 1
integrated                               = 0
ipcEventSupported                        = 1
isMultiGpuBoard                          = 0
l2CacheSize                              = 132644864
localL1CacheSupported                    = 1
luid                                     = b'\x00\x00\x00\x00\x00\x00\x00\x00'
luidDeviceNodeMask                       = 0
major                                    = 10
managedMemory                            = 1
maxBlocksPerMultiProcessor               = 32
maxGridSize                              = [2147483647, 65535, 65535]
maxSurface1D                             = 32768
maxSurface1DLayered                      = [32768, 2048]
maxSurface2D                             = [131072, 65536]
maxSurface2DLayered                      = [32768, 32768, 2048]
maxSurface3D                             = [16384, 16384, 16384]
maxSurfaceCubemap                        = 32768
maxSurfaceCubemapLayered                 = [32768, 2046]
maxTexture1D                             = 131072
maxTexture1DLayered                      = [32768, 2048]
maxTexture1DMipmap                       = 32768
maxTexture2D                             = [131072, 65536]
maxTexture2DGather                       = [32768, 32768]
maxTexture2DLayered                      = [32768, 32768, 2048]
maxTexture2DLinear                       = [131072, 65000, 2097120]
maxTexture2DMipmap                       = [32768, 32768]
maxTexture3D                             = [16384, 16384, 16384]
maxTexture3DAlt                          = [8192, 8192, 32768]
maxTextureCubemap                        = 32768
maxTextureCubemapLayered                 = [32768, 2046]
maxThreadsDim                            = [1024, 1024, 64]
maxThreadsPerBlock                       = 1024
maxThreadsPerMultiProcessor              = 2048
memPitch                                 = 2147483647
memoryBusWidth                           = 7680
memoryPoolSupportedHandleTypes           = 9
memoryPoolsSupported                     = 1
minor                                    = 0
mpsEnabled                               = 0
multiGpuBoardGroupID                     = 1
multiProcessorCount                      = 148
name                                     = b'NVIDIA B200'
pageableMemoryAccess                     = 1
pageableMemoryAccessUsesHostPageTables   = 0
pciBusID                                 = 195
pciDeviceID                              = 0
pciDomainID                              = 0
persistingL2CacheMaxSize                 = 82903040
regsPerBlock                             = 65536
regsPerMultiprocessor                    = 65536
reserved                                 = [0, 0, 0, 0, 0, 0, 0, 0, 0, 0, 0, 0, 0, 0, 0, 0, 0, 0, 0, 0, 0, 0, 0, 0, 0, 0, 0, 0, 0, 0, 0, 0, 0, 0, 0, 0, 0, 0, 0, 0, 0, 0, 0, 0, 0, 0, 0, 0, 0, 0, 0, 0, 0, 0, 0, 0]
reservedSharedMemPerBlock                = 1024
sharedMemPerBlock                        = 49152
sharedMemPerBlockOptin                   = 232448
sharedMemPerMultiprocessor               = 233472
sparseCudaArraySupported                 = 1
streamPrioritiesSupported                = 1
surfaceAlignment                         = 512
tccDriver                                = 0
textureAlignment                         = 512
texturePitchAlignment                    = 32
timelineSemaphoreInteropSupported        = 1
totalConstMem                            = 65536
totalGlobalMem                           = 191495471104
unifiedAddressing                        = 1
unifiedFunctionPointers                  = 1
uuid                                     = bytes : 7f2ab67a1309b44400cc3639f1acdfac
warpSize                                 = 32
================================================================ Device 2
ECCEnabled                               = 1
accessPolicyMaxWindowSize                = 134217728
asyncEngineCount                         = 4
canMapHostMemory                         = 1
canUseHostPointerForRegisteredMem        = 1
clusterLaunch                            = 1
computePreemptionSupported               = 1
concurrentKernels                        = 1
concurrentManagedAccess                  = 1
cooperativeLaunch                        = 1
deferredMappingCudaArraySupported        = 1
deviceNumaConfig                         = 0
deviceNumaId                             = -1
directManagedMemAccessFromHost           = 0
getPtr()                                 = 710192688
globalL1CacheSupported                   = 1
gpuDirectRDMAFlushWritesOptions          = 1
gpuDirectRDMASupported                   = 1
gpuDirectRDMAWritesOrdering              = 100
gpuPciDeviceID                           = 687935710
gpuPciSubsystemID                        = 429461726
hostNativeAtomicSupported                = 0
hostNumaId                               = 1
hostNumaMultinodeIpcSupported            = 0
hostRegisterReadOnlySupported            = 0
hostRegisterSupported                    = 1
integrated                               = 0
ipcEventSupported                        = 1
isMultiGpuBoard                          = 0
l2CacheSize                              = 132644864
localL1CacheSupported                    = 1
luid                                     = b'\x00\x00\x00\x00\x00\x00\x00\x00'
luidDeviceNodeMask                       = 0
major                                    = 10
managedMemory                            = 1
maxBlocksPerMultiProcessor               = 32
maxGridSize                              = [2147483647, 65535, 65535]
maxSurface1D                             = 32768
maxSurface1DLayered                      = [32768, 2048]
maxSurface2D                             = [131072, 65536]
maxSurface2DLayered                      = [32768, 32768, 2048]
maxSurface3D                             = [16384, 16384, 16384]
maxSurfaceCubemap                        = 32768
maxSurfaceCubemapLayered                 = [32768, 2046]
maxTexture1D                             = 131072
maxTexture1DLayered                      = [32768, 2048]
maxTexture1DMipmap                       = 32768
maxTexture2D                             = [131072, 65536]
maxTexture2DGather                       = [32768, 32768]
maxTexture2DLayered                      = [32768, 32768, 2048]
maxTexture2DLinear                       = [131072, 65000, 2097120]
maxTexture2DMipmap                       = [32768, 32768]
maxTexture3D                             = [16384, 16384, 16384]
maxTexture3DAlt                          = [8192, 8192, 32768]
maxTextureCubemap                        = 32768
maxTextureCubemapLayered                 = [32768, 2046]
maxThreadsDim                            = [1024, 1024, 64]
maxThreadsPerBlock                       = 1024
maxThreadsPerMultiProcessor              = 2048
memPitch                                 = 2147483647
memoryBusWidth                           = 7680
memoryPoolSupportedHandleTypes           = 9
memoryPoolsSupported                     = 1
minor                                    = 0
mpsEnabled                               = 0
multiGpuBoardGroupID                     = 2
multiProcessorCount                      = 148
name                                     = b'NVIDIA B200'
pageableMemoryAccess                     = 1
pageableMemoryAccessUsesHostPageTables   = 0
pciBusID                                 = 209
pciDeviceID                              = 0
pciDomainID                              = 0
persistingL2CacheMaxSize                 = 82903040
regsPerBlock                             = 65536
regsPerMultiprocessor                    = 65536
reserved                                 = [0, 0, 0, 0, 0, 0, 0, 0, 0, 0, 0, 0, 0, 0, 0, 0, 0, 0, 0, 0, 0, 0, 0, 0, 0, 0, 0, 0, 0, 0, 0, 0, 0, 0, 0, 0, 0, 0, 0, 0, 0, 0, 0, 0, 0, 0, 0, 0, 0, 0, 0, 0, 0, 0, 0, 0]
reservedSharedMemPerBlock                = 1024
sharedMemPerBlock                        = 49152
sharedMemPerBlockOptin                   = 232448
sharedMemPerMultiprocessor               = 233472
sparseCudaArraySupported                 = 1
streamPrioritiesSupported                = 1
surfaceAlignment                         = 512
tccDriver                                = 0
textureAlignment                         = 512
texturePitchAlignment                    = 32
timelineSemaphoreInteropSupported        = 1
totalConstMem                            = 65536
totalGlobalMem                           = 191495471104
unifiedAddressing                        = 1
unifiedFunctionPointers                  = 1
uuid                                     = bytes : 09967c826ecf45f95428dbd53a1d8965
warpSize                                 = 32
================================================================ Device 3
ECCEnabled                               = 1
accessPolicyMaxWindowSize                = 134217728
asyncEngineCount                         = 4
canMapHostMemory                         = 1
canUseHostPointerForRegisteredMem        = 1
clusterLaunch                            = 1
computePreemptionSupported               = 1
concurrentKernels                        = 1
concurrentManagedAccess                  = 1
cooperativeLaunch                        = 1
deferredMappingCudaArraySupported        = 1
deviceNumaConfig                         = 0
deviceNumaId                             = -1
directManagedMemAccessFromHost           = 0
getPtr()                                 = 710196880
globalL1CacheSupported                   = 1
gpuDirectRDMAFlushWritesOptions          = 1
gpuDirectRDMASupported                   = 1
gpuDirectRDMAWritesOrdering              = 100
gpuPciDeviceID                           = 687935710
gpuPciSubsystemID                        = 429461726
hostNativeAtomicSupported                = 0
hostNumaId                               = 1
hostNumaMultinodeIpcSupported            = 0
hostRegisterReadOnlySupported            = 0
hostRegisterSupported                    = 1
integrated                               = 0
ipcEventSupported                        = 1
isMultiGpuBoard                          = 0
l2CacheSize                              = 132644864
localL1CacheSupported                    = 1
luid                                     = b'\x00\x00\x00\x00\x00\x00\x00\x00'
luidDeviceNodeMask                       = 0
major                                    = 10
managedMemory                            = 1
maxBlocksPerMultiProcessor               = 32
maxGridSize                              = [2147483647, 65535, 65535]
maxSurface1D                             = 32768
maxSurface1DLayered                      = [32768, 2048]
maxSurface2D                             = [131072, 65536]
maxSurface2DLayered                      = [32768, 32768, 2048]
maxSurface3D                             = [16384, 16384, 16384]
maxSurfaceCubemap                        = 32768
maxSurfaceCubemapLayered                 = [32768, 2046]
maxTexture1D                             = 131072
maxTexture1DLayered                      = [32768, 2048]
maxTexture1DMipmap                       = 32768
maxTexture2D                             = [131072, 65536]
maxTexture2DGather                       = [32768, 32768]
maxTexture2DLayered                      = [32768, 32768, 2048]
maxTexture2DLinear                       = [131072, 65000, 2097120]
maxTexture2DMipmap                       = [32768, 32768]
maxTexture3D                             = [16384, 16384, 16384]
maxTexture3DAlt                          = [8192, 8192, 32768]
maxTextureCubemap                        = 32768
maxTextureCubemapLayered                 = [32768, 2046]
maxThreadsDim                            = [1024, 1024, 64]
maxThreadsPerBlock                       = 1024
maxThreadsPerMultiProcessor              = 2048
memPitch                                 = 2147483647
memoryBusWidth                           = 7680
memoryPoolSupportedHandleTypes           = 9
memoryPoolsSupported                     = 1
minor                                    = 0
mpsEnabled                               = 0
multiGpuBoardGroupID                     = 3
multiProcessorCount                      = 148
name                                     = b'NVIDIA B200'
pageableMemoryAccess                     = 1
pageableMemoryAccessUsesHostPageTables   = 0
pciBusID                                 = 223
pciDeviceID                              = 0
pciDomainID                              = 0
persistingL2CacheMaxSize                 = 82903040
regsPerBlock                             = 65536
regsPerMultiprocessor                    = 65536
reserved                                 = [0, 0, 0, 0, 0, 0, 0, 0, 0, 0, 0, 0, 0, 0, 0, 0, 0, 0, 0, 0, 0, 0, 0, 0, 0, 0, 0, 0, 0, 0, 0, 0, 0, 0, 0, 0, 0, 0, 0, 0, 0, 0, 0, 0, 0, 0, 0, 0, 0, 0, 0, 0, 0, 0, 0, 0]
reservedSharedMemPerBlock                = 1024
sharedMemPerBlock                        = 49152
sharedMemPerBlockOptin                   = 232448
sharedMemPerMultiprocessor               = 233472
sparseCudaArraySupported                 = 1
streamPrioritiesSupported                = 1
surfaceAlignment                         = 512
tccDriver                                = 0
textureAlignment                         = 512
texturePitchAlignment                    = 32
timelineSemaphoreInteropSupported        = 1
totalConstMem                            = 65536
totalGlobalMem                           = 191495471104
unifiedAddressing                        = 1
unifiedFunctionPointers                  = 1
uuid                                     = bytes : 73e0e28134ef057396253638190414b7
warpSize                                 = 32
Finish
