[TensorRT-Cookbook] Version: 1.0.0
============================== Start [case_,(8, 64, 128, 128, 1, 3, 3),{}]
Input ->DataType.FLOAT, (-1, 64, 128, 128), (8, 64, 128, 128), inputT0
Output->DataType.FLOAT, (-1, 1, 128, 128), (8, 1, 128, 128), outputT0
 1.856ms - 1 stream, DataCopyHtoD
 0.045ms - 1 stream, Inference
 0.053ms - 1 stream, DataCopyDtoH
 1.970ms - 1 stream, DataCopy + Inference
 0.614ms - 2 stream, DataCopy + Inference
============================== End   [case_]
============================== Start [case_,(8, 64, 128, 128, 64, 16, 16),{}]
Input ->DataType.FLOAT, (-1, 64, 128, 128), (8, 64, 128, 128), inputT0
Output->DataType.FLOAT, (-1, 64, 129, 129), (8, 64, 129, 129), outputT0
 1.857ms - 1 stream, DataCopyHtoD
 0.667ms - 1 stream, Inference
 1.925ms - 1 stream, DataCopyDtoH
 4.499ms - 1 stream, DataCopy + Inference
 1.221ms - 2 stream, DataCopy + Inference
============================== End   [case_]
============================== Start [case_,(8, 64, 128, 128, 64, 3, 3),{}]
Input ->DataType.FLOAT, (-1, 64, 128, 128), (8, 64, 128, 128), inputT0
Output->DataType.FLOAT, (-1, 64, 128, 128), (8, 64, 128, 128), outputT0
 1.856ms - 1 stream, DataCopyHtoD
 0.059ms - 1 stream, Inference
 1.880ms - 1 stream, DataCopyDtoH
 3.828ms - 1 stream, DataCopy + Inference
 0.743ms - 2 stream, DataCopy + Inference
============================== End   [case_]
Finish
