[08/27/2026-03:02:06] [TRT] [I] [MemUsageChange] Init CUDA: CPU +0, GPU +0, now: CPU 73, GPU 462 (MiB)
[08/27/2026-03:02:07] [TRT] [I] [MemUsageChange] Init builder kernel library: CPU +523, GPU +10, now: CPU 808, GPU 472 (MiB)
[08/27/2026-03:02:07] [TRT] [I] Local timing cache in use. Profiling results in this builder pass will not be stored.
[08/27/2026-03:02:09] [TRT] [I] Compiler backend is used during engine build.
[08/27/2026-03:02:17] [TRT] [I] Detected 1 inputs and 1 output network tensors.
[08/27/2026-03:02:17] [TRT] [I] Total Host Persistent Memory: 21136 bytes
[08/27/2026-03:02:17] [TRT] [I] Total Device Persistent Memory: 0 bytes
[08/27/2026-03:02:17] [TRT] [I] Max Scratch Memory: 952320 bytes
[08/27/2026-03:02:17] [TRT] [I] [BlockAssignment] Started assigning block shifts. This will take 9 steps to complete.
[08/27/2026-03:02:17] [TRT] [I] [BlockAssignment] Algorithm ShiftNTopDown took 0.036711ms to assign 3 blocks to 9 nodes requiring 1077760 bytes.
[08/27/2026-03:02:17] [TRT] [I] Total Activation Memory: 1077760 bytes
[08/27/2026-03:02:17] [TRT] [I] Total Weights Memory: 13100672 bytes
[08/27/2026-03:02:17] [TRT] [I] Compiler backend is used during engine execution.
[08/27/2026-03:02:17] [TRT] [I] Engine generation completed in 9.85279 seconds.
[08/27/2026-03:02:17] [TRT] [I] [MemUsageStats] Peak memory usage of TRT CPU/GPU memory allocators: CPU 0 MiB, GPU 13 MiB
[08/27/2026-03:02:17] [TRT] [I] Loaded engine size: 12 MiB
[08/27/2026-03:02:17] [TRT] [I] [MemUsageChange] TensorRT-managed allocation in IExecutionContext creation: CPU +0, GPU +1, now: CPU 0, GPU 13 (MiB)
[08/27/2026-03:02:17] [TRT] [W] Using default stream in enqueueV3() may lead to performance issues due to additional calls to cudaStreamSynchronize() by TensorRT to ensure correct synchronization. Please use non-default stream instead.
[08/27/2026-03:02:19] [TRT] [I] [MemUsageChange] Init builder kernel library: CPU -519, GPU +6, now: CPU 8103, GPU 570 (MiB)
[08/27/2026-03:02:19] [TRT] [I] Local timing cache in use. Profiling results in this builder pass will not be stored.
[08/27/2026-03:02:21] [TRT] [I] Compiler backend is used during engine build.
[08/27/2026-03:02:27] [TRT] [I] Detected 1 inputs and 1 output network tensors.
[08/27/2026-03:02:27] [TRT] [I] Total Host Persistent Memory: 21200 bytes
[08/27/2026-03:02:27] [TRT] [I] Total Device Persistent Memory: 0 bytes
[08/27/2026-03:02:27] [TRT] [I] Max Scratch Memory: 952320 bytes
[08/27/2026-03:02:27] [TRT] [I] [BlockAssignment] Started assigning block shifts. This will take 9 steps to complete.
[08/27/2026-03:02:27] [TRT] [I] [BlockAssignment] Algorithm ShiftNTopDown took 0.045371ms to assign 3 blocks to 9 nodes requiring 1077760 bytes.
[08/27/2026-03:02:27] [TRT] [I] Total Activation Memory: 1077760 bytes
[08/27/2026-03:02:27] [TRT] [I] Total Weights Memory: 13100672 bytes
[08/27/2026-03:02:27] [TRT] [I] Compiler backend is used during engine execution.
[08/27/2026-03:02:27] [TRT] [I] Engine generation completed in 7.91546 seconds.
[08/27/2026-03:02:27] [TRT] [I] [MemUsageStats] Peak memory usage of TRT CPU/GPU memory allocators: CPU 0 MiB, GPU 13 MiB
[08/27/2026-03:02:27] [TRT] [I] Loaded engine size: 12 MiB
[08/27/2026-03:02:27] [TRT] [I] [MemUsageChange] TensorRT-managed allocation in IExecutionContext creation: CPU +0, GPU +1, now: CPU 0, GPU 13 (MiB)
[08/27/2026-03:02:27] [TRT] [W] Using default stream in enqueueV3() may lead to performance issues due to additional calls to cudaStreamSynchronize() by TensorRT to ensure correct synchronization. Please use non-default stream instead.
[ 0]Input -> DataType.FLOAT (-1, 1, 28, 28) (1, 1, 28, 28) inputT0
[ 1]Output-> DataType.INT32 (-1, 1) (1, 1) (Unnamed Layer* 17) [TopK]_output (1)
inputT0
[[[[-0.938  0.914  0.294 -0.567  0.952  0.497  0.427  0.982  0.966 -0.118 -0.176 -0.785  0.441 -0.934  0.355 -0.656 -0.593  0.661 -0.303  0.742 -0.593  0.147 -0.931  0.89   0.209 -0.966 -0.116
    -0.16 ]
   [ 0.788  0.284  0.256 -0.02  -0.674 -0.29   0.343  0.328 -0.422  0.244  0.808 -0.673  0.417 -0.974  0.523 -0.865 -0.517 -0.618 -0.758  0.525 -0.418 -0.172 -0.242  0.694  0.499  0.696 -0.296
    -0.738]
   [-0.196 -0.178  0.563 -0.895 -0.797  0.385 -0.551 -0.692  0.699  0.777  0.637  0.078 -0.352  0.611  0.062 -0.128  0.484  0.481  0.974 -0.068  0.166 -0.935 -0.526  0.403 -0.303 -0.976  0.195
     0.369]
   [ 0.43  -0.879  0.854  0.887  0.681  0.283  0.443  0.699 -0.037  0.291 -0.926  0.968 -0.525  0.239  0.737  0.147 -0.52   0.505 -0.94   0.317  0.414 -0.229  0.35  -0.314 -0.723 -0.391  0.315
    -0.995]
   [-0.582  0.992 -0.37   0.799 -0.381 -0.587  0.455 -0.478  0.333 -0.024  0.285  0.096 -0.406 -0.395  0.92  -0.8    0.407 -0.126 -0.237 -0.029 -0.548 -0.288 -0.381  0.776 -0.598  0.603 -0.578
     0.697]
   [-0.152  0.814 -0.738  0.035 -0.926 -0.807  0.536 -0.89   0.165 -0.418  0.584  0.31  -0.42  -0.43  -0.168  0.953  0.994 -0.206  0.073  0.271 -0.519  0.706  0.857  0.526 -0.285 -0.373 -0.742
     0.881]
   [-0.438 -0.965  0.079  0.215  0.77  -0.953  0.639 -0.394  0.073 -0.532  0.91  -0.5    0.944  0.025 -0.105  0.786  0.917 -0.469 -0.205  0.932 -0.4    0.508 -0.551  0.184 -0.002  0.232  0.257
    -0.058]
   [ 0.93   0.029 -0.569 -0.647 -0.961  0.389 -0.004 -0.607 -0.631  0.492 -0.973  0.334 -0.45  -0.568  0.39  -0.78  -0.469 -0.503  0.876  0.892 -0.251 -0.61   0.779  0.883  0.687  0.609 -0.452
     0.543]
   [-0.576 -0.842  0.126 -0.207  0.775 -0.195  0.035 -0.26  -0.191  0.386 -0.443 -0.612 -0.884  0.501 -0.185  0.913  0.006  0.587  0.216 -0.971 -0.64  -0.995  0.486 -0.048  0.172 -0.622 -0.984
    -0.97 ]
   [ 0.554  0.234 -0.116 -0.194 -0.568 -0.578 -0.314  0.955  0.471 -0.311 -0.972 -0.756  0.096 -0.54  -0.027 -0.948  0.739  0.067 -0.37   0.14   0.718  0.71   0.003  0.034  0.31   0.924 -0.565
     0.657]
   [ 0.151 -0.831 -0.563  0.446 -0.223  0.918  0.531  0.777 -0.589  0.217 -0.314 -0.403 -0.124 -0.078 -0.828 -0.976  0.967  0.328  0.732 -0.111 -0.537  0.189  0.704  0.732  0.45   0.607 -0.025
    -0.592]
   [-0.85  -0.23   0.237  0.423  0.014 -0.229 -0.039 -0.231  0.143  0.896 -0.164  0.968  0.095  0.617 -0.808 -0.248 -0.326 -0.317 -0.095 -0.733 -0.169  0.598  0.068  0.389  0.966 -0.089  0.651
     0.927]
   [-0.582  0.222  0.359  0.797 -0.772 -0.823 -0.935 -0.901 -0.647  0.837  0.993  0.429  0.076  0.998  0.327 -0.465 -0.057 -0.527 -0.22  -0.381 -0.531  0.779  0.957  0.487 -0.061  0.911  0.79
     0.33 ]
   [-0.846  0.093  0.681 -0.857 -0.627 -0.863 -0.475 -0.024  0.14   0.463  0.861  0.291 -0.727  0.684  0.001  0.994 -0.331  0.916  0.319  0.818  0.71   0.223 -0.77   0.402  0.417 -0.011  0.905
    -0.536]
   [-0.307 -0.32   0.167 -0.638 -0.436 -0.959  0.867 -0.414  0.024 -0.367  0.231  0.771  0.088 -0.449  0.207  0.729 -0.702 -0.243  0.416 -0.367 -0.666 -0.638  0.105 -0.311 -0.1   -0.914  0.021
    -0.504]
   [ 0.146 -0.536  0.915  0.539  0.214  0.303 -0.071  0.216  0.877  0.592  0.92  -0.717 -0.737  0.029  0.932 -0.839 -0.212 -0.174  0.921  0.883  0.933 -0.83   0.249 -0.303  0.176  0.419  0.34
    -0.068]
   [ 0.938 -0.832 -0.405 -0.986  0.01   0.978 -0.821 -0.336  0.467 -0.497 -0.773 -0.028  0.882  0.36   0.641 -0.242  0.139  0.207 -0.068  0.996 -0.131 -0.848  0.519  0.706  0.805 -0.156  0.096
    -0.828]
   [-0.147 -0.613 -0.008 -0.085  0.401 -0.727  0.893  0.195 -0.487 -0.842 -0.62  -0.369 -0.845 -0.416 -0.476 -0.611  0.313 -0.277 -0.044  0.398 -0.374 -0.966  0.384  0.757  0.242  0.957 -0.515
     0.282]
   [ 0.642 -0.478  0.716 -0.681 -0.691 -0.549  0.764  0.94  -0.051 -0.77   0.681  0.566  0.593 -0.939 -0.355  0.488  0.841 -0.125 -0.35   0.773 -0.102 -0.112 -0.135 -0.247 -0.308  0.988  0.439
    -0.689]
   [-0.119 -0.788 -0.498  0.417  0.162 -0.091  0.368 -0.399 -0.952  0.783 -0.178 -0.558  0.127  0.47   0.217 -0.522  0.939 -0.323  0.818 -0.517 -0.048 -0.447  0.224 -0.978  0.155  0.998  0.281
     0.767]
   [-0.516 -0.732  0.415  0.073  0.131 -0.903  0.921 -0.09   0.621  0.018 -0.814 -0.132  0.335 -0.642  0.574 -0.592  0.881  0.225 -0.208  0.698 -0.083  0.32  -0.959 -0.747 -0.387 -0.669 -0.921
    -0.855]
   [-0.855  0.351 -0.736  0.859 -0.211  0.334 -0.096 -0.875  0.113 -0.375 -0.268 -0.806  0.648 -0.189 -0.882 -0.412 -0.454 -0.667  0.315  0.282 -0.534  0.35  -0.02  -0.898 -0.874  0.506 -0.762
    -0.107]
   [-0.42  -0.837 -0.494  0.764  0.216 -0.451  0.152  0.76  -0.591  0.172 -0.947  0.25   0.675 -0.499 -0.722  0.061  0.377  0.69   0.811 -0.739 -0.149 -0.433 -0.524  0.46  -0.658 -0.112 -0.786
     0.465]
   [ 0.628 -0.202  0.205 -0.973 -0.418  0.61  -0.557  0.697  0.784  0.36   0.811  0.632  0.64  -0.514  0.732 -0.656  0.801 -0.846  0.286  0.67  -0.443  0.196 -0.306  0.44  -0.138  0.085 -0.971
     0.328]
   [-0.87   0.022  0.858 -0.875  0.153  0.989 -0.851 -0.73  -0.229  0.318 -0.639 -0.268  0.635  0.865  0.461  0.056 -0.585  0.665  0.137 -0.047 -0.392  0.637 -0.733 -0.778 -0.647 -0.777  0.32
     0.518]
   [ 0.022 -0.729 -0.445  0.627  0.382 -0.197  0.261 -0.594  0.699  0.555 -0.836  0.788 -0.605  0.665  0.729 -0.783  0.558  0.417 -0.519  0.246  0.073 -0.575 -0.433  0.902  0.764  0.089 -0.044
     0.968]
   [-0.029  0.997  0.273  0.714 -0.333  0.518 -0.715 -0.863 -0.512 -0.453 -0.27  -0.74   0.864  0.172 -0.163  0.326 -0.305  0.066  0.879 -0.71   0.815 -0.658 -0.919 -0.033 -0.147 -0.386  0.074
     0.606]
   [-0.936 -0.248 -0.459 -0.42  -0.442  0.057  0.157  0.452  0.852  0.435 -0.618 -0.582 -0.841  0.639  0.487 -0.609 -0.465  0.69   0.866 -0.832 -0.939  0.33  -0.231  0.907 -0.374 -0.52  -0.932
    -0.471]]]]
(Unnamed Layer* 17) [TopK]_output (1)
[[4]]
Timing:0.564575 ms
[ 0]Input -> DataType.FLOAT (-1, 1, 28, 28) (1, 1, 28, 28) inputT0
[ 1]Output-> DataType.INT32 (-1, 1) (1, 1) (Unnamed Layer* 17) [TopK]_output (1)
inputT0
[[[[-0.938  0.914  0.294 -0.567  0.952  0.497  0.427  0.982  0.966 -0.118 -0.176 -0.785  0.441 -0.934  0.355 -0.656 -0.593  0.661 -0.303  0.742 -0.593  0.147 -0.931  0.89   0.209 -0.966 -0.116
    -0.16 ]
   [ 0.788  0.284  0.256 -0.02  -0.674 -0.29   0.343  0.328 -0.422  0.244  0.808 -0.673  0.417 -0.974  0.523 -0.865 -0.517 -0.618 -0.758  0.525 -0.418 -0.172 -0.242  0.694  0.499  0.696 -0.296
    -0.738]
   [-0.196 -0.178  0.563 -0.895 -0.797  0.385 -0.551 -0.692  0.699  0.777  0.637  0.078 -0.352  0.611  0.062 -0.128  0.484  0.481  0.974 -0.068  0.166 -0.935 -0.526  0.403 -0.303 -0.976  0.195
     0.369]
   [ 0.43  -0.879  0.854  0.887  0.681  0.283  0.443  0.699 -0.037  0.291 -0.926  0.968 -0.525  0.239  0.737  0.147 -0.52   0.505 -0.94   0.317  0.414 -0.229  0.35  -0.314 -0.723 -0.391  0.315
    -0.995]
   [-0.582  0.992 -0.37   0.799 -0.381 -0.587  0.455 -0.478  0.333 -0.024  0.285  0.096 -0.406 -0.395  0.92  -0.8    0.407 -0.126 -0.237 -0.029 -0.548 -0.288 -0.381  0.776 -0.598  0.603 -0.578
     0.697]
   [-0.152  0.814 -0.738  0.035 -0.926 -0.807  0.536 -0.89   0.165 -0.418  0.584  0.31  -0.42  -0.43  -0.168  0.953  0.994 -0.206  0.073  0.271 -0.519  0.706  0.857  0.526 -0.285 -0.373 -0.742
     0.881]
   [-0.438 -0.965  0.079  0.215  0.77  -0.953  0.639 -0.394  0.073 -0.532  0.91  -0.5    0.944  0.025 -0.105  0.786  0.917 -0.469 -0.205  0.932 -0.4    0.508 -0.551  0.184 -0.002  0.232  0.257
    -0.058]
   [ 0.93   0.029 -0.569 -0.647 -0.961  0.389 -0.004 -0.607 -0.631  0.492 -0.973  0.334 -0.45  -0.568  0.39  -0.78  -0.469 -0.503  0.876  0.892 -0.251 -0.61   0.779  0.883  0.687  0.609 -0.452
     0.543]
   [-0.576 -0.842  0.126 -0.207  0.775 -0.195  0.035 -0.26  -0.191  0.386 -0.443 -0.612 -0.884  0.501 -0.185  0.913  0.006  0.587  0.216 -0.971 -0.64  -0.995  0.486 -0.048  0.172 -0.622 -0.984
    -0.97 ]
   [ 0.554  0.234 -0.116 -0.194 -0.568 -0.578 -0.314  0.955  0.471 -0.311 -0.972 -0.756  0.096 -0.54  -0.027 -0.948  0.739  0.067 -0.37   0.14   0.718  0.71   0.003  0.034  0.31   0.924 -0.565
     0.657]
   [ 0.151 -0.831 -0.563  0.446 -0.223  0.918  0.531  0.777 -0.589  0.217 -0.314 -0.403 -0.124 -0.078 -0.828 -0.976  0.967  0.328  0.732 -0.111 -0.537  0.189  0.704  0.732  0.45   0.607 -0.025
    -0.592]
   [-0.85  -0.23   0.237  0.423  0.014 -0.229 -0.039 -0.231  0.143  0.896 -0.164  0.968  0.095  0.617 -0.808 -0.248 -0.326 -0.317 -0.095 -0.733 -0.169  0.598  0.068  0.389  0.966 -0.089  0.651
     0.927]
   [-0.582  0.222  0.359  0.797 -0.772 -0.823 -0.935 -0.901 -0.647  0.837  0.993  0.429  0.076  0.998  0.327 -0.465 -0.057 -0.527 -0.22  -0.381 -0.531  0.779  0.957  0.487 -0.061  0.911  0.79
     0.33 ]
   [-0.846  0.093  0.681 -0.857 -0.627 -0.863 -0.475 -0.024  0.14   0.463  0.861  0.291 -0.727  0.684  0.001  0.994 -0.331  0.916  0.319  0.818  0.71   0.223 -0.77   0.402  0.417 -0.011  0.905
    -0.536]
   [-0.307 -0.32   0.167 -0.638 -0.436 -0.959  0.867 -0.414  0.024 -0.367  0.231  0.771  0.088 -0.449  0.207  0.729 -0.702 -0.243  0.416 -0.367 -0.666 -0.638  0.105 -0.311 -0.1   -0.914  0.021
    -0.504]
   [ 0.146 -0.536  0.915  0.539  0.214  0.303 -0.071  0.216  0.877  0.592  0.92  -0.717 -0.737  0.029  0.932 -0.839 -0.212 -0.174  0.921  0.883  0.933 -0.83   0.249 -0.303  0.176  0.419  0.34
    -0.068]
   [ 0.938 -0.832 -0.405 -0.986  0.01   0.978 -0.821 -0.336  0.467 -0.497 -0.773 -0.028  0.882  0.36   0.641 -0.242  0.139  0.207 -0.068  0.996 -0.131 -0.848  0.519  0.706  0.805 -0.156  0.096
    -0.828]
   [-0.147 -0.613 -0.008 -0.085  0.401 -0.727  0.893  0.195 -0.487 -0.842 -0.62  -0.369 -0.845 -0.416 -0.476 -0.611  0.313 -0.277 -0.044  0.398 -0.374 -0.966  0.384  0.757  0.242  0.957 -0.515
     0.282]
   [ 0.642 -0.478  0.716 -0.681 -0.691 -0.549  0.764  0.94  -0.051 -0.77   0.681  0.566  0.593 -0.939 -0.355  0.488  0.841 -0.125 -0.35   0.773 -0.102 -0.112 -0.135 -0.247 -0.308  0.988  0.439
    -0.689]
   [-0.119 -0.788 -0.498  0.417  0.162 -0.091  0.368 -0.399 -0.952  0.783 -0.178 -0.558  0.127  0.47   0.217 -0.522  0.939 -0.323  0.818 -0.517 -0.048 -0.447  0.224 -0.978  0.155  0.998  0.281
     0.767]
   [-0.516 -0.732  0.415  0.073  0.131 -0.903  0.921 -0.09   0.621  0.018 -0.814 -0.132  0.335 -0.642  0.574 -0.592  0.881  0.225 -0.208  0.698 -0.083  0.32  -0.959 -0.747 -0.387 -0.669 -0.921
    -0.855]
   [-0.855  0.351 -0.736  0.859 -0.211  0.334 -0.096 -0.875  0.113 -0.375 -0.268 -0.806  0.648 -0.189 -0.882 -0.412 -0.454 -0.667  0.315  0.282 -0.534  0.35  -0.02  -0.898 -0.874  0.506 -0.762
    -0.107]
   [-0.42  -0.837 -0.494  0.764  0.216 -0.451  0.152  0.76  -0.591  0.172 -0.947  0.25   0.675 -0.499 -0.722  0.061  0.377  0.69   0.811 -0.739 -0.149 -0.433 -0.524  0.46  -0.658 -0.112 -0.786
     0.465]
   [ 0.628 -0.202  0.205 -0.973 -0.418  0.61  -0.557  0.697  0.784  0.36   0.811  0.632  0.64  -0.514  0.732 -0.656  0.801 -0.846  0.286  0.67  -0.443  0.196 -0.306  0.44  -0.138  0.085 -0.971
     0.328]
   [-0.87   0.022  0.858 -0.875  0.153  0.989 -0.851 -0.73  -0.229  0.318 -0.639 -0.268  0.635  0.865  0.461  0.056 -0.585  0.665  0.137 -0.047 -0.392  0.637 -0.733 -0.778 -0.647 -0.777  0.32
     0.518]
   [ 0.022 -0.729 -0.445  0.627  0.382 -0.197  0.261 -0.594  0.699  0.555 -0.836  0.788 -0.605  0.665  0.729 -0.783  0.558  0.417 -0.519  0.246  0.073 -0.575 -0.433  0.902  0.764  0.089 -0.044
     0.968]
   [-0.029  0.997  0.273  0.714 -0.333  0.518 -0.715 -0.863 -0.512 -0.453 -0.27  -0.74   0.864  0.172 -0.163  0.326 -0.305  0.066  0.879 -0.71   0.815 -0.658 -0.919 -0.033 -0.147 -0.386  0.074
     0.606]
   [-0.936 -0.248 -0.459 -0.42  -0.442  0.057  0.157  0.452  0.852  0.435 -0.618 -0.582 -0.841  0.639  0.487 -0.609 -0.465  0.69   0.866 -0.832 -0.939  0.33  -0.231  0.907 -0.374 -0.52  -0.932
    -0.471]]]]
(Unnamed Layer* 17) [TopK]_output (1)
[[2]]
Timing:0.577450 ms
Finish
