[TensorRT-Cookbook] Version: 1.0.0
/work/trt-samples-for-hackathon-cn-wili/cookbook/07-Tool/OnnxVisualization/04-LoopBackend/main.py:73: DeprecationWarning: You are using the legacy TorchScript-based ONNX export. Starting in PyTorch 2.9, the new torch.export-based ONNX exporter has become the default. Learn more about the new export logic: https://docs.pytorch.org/docs/stable/onnx_export.html. For exporting control flow: https://pytorch.org/tutorials/beginner/onnx/export_control_flow_model_to_onnx_tutorial.html
  torch.onnx.export(model, (torch.randn(N_B, N_SEQ, N_MODEL), ), flat_file, dynamo=False, opset_version=OPSET, input_names=["x"], output_names=["y"])
============================== Start [case_compare,(),{}]
    function : main graph  12 nodes, pattern 41 nodes x 12 instances, backend=function, onnxruntime={'status': 'pass', 'max_abs_diff': 0.0, 'max_rel_diff': 0.0, 'bit_exact': True}
    loop     : main graph   1 nodes, pattern 41 nodes x 12 instances, backend=loop, onnxruntime={'status': 'pass', 'max_abs_diff': 4.470348358154297e-08, 'max_rel_diff': 3.55975131577308e-07, 'bit_exact': False}

    ===============================================================================================
                ONNXnode  function  TRTlayer  build(s)  engine(MB)  latency(ms)   ORTdiff   TRTdiff
    -----------------------------------------------------------------------------------------------
    flat             492         0       858     12.35         9.5        0.476   0.0e+00   0.0e+00
    function          12         1       858      9.68         9.5        0.484   0.0e+00   2.1e-06
    loop               1         0       115      8.16         9.2        0.659   3.0e-08   2.3e-06
    ===============================================================================================

    Loop vs flat: TRT layers 858 -> 115 (7.5x fewer), build 12.4s -> 8.2s, engine 9.5MB -> 9.2MB, latency 0.476ms -> 0.659ms (1.4x slower)
    The function version is inlined by the parser, so it matches `flat` layer for layer.
============================== End   [case_compare]
============================== Start [case_large_model,(),{}]
    input: batch 1 x sequence 64, 2 inputs / 49 outputs
    function : main graph  45 nodes, onnxruntime rel=0.0e+00
    loop     : main graph  70 nodes, onnxruntime rel=4.5e-06
                24 iterations, 2 loop variable(s), 2 scan output(s), 48 slice nodes, 12 stacked initializers

    =====================================================================================
                ONNXnode  TRTlayer  build(s)  engine(MB)  latency(ms)    TRTabs    TRTrel
    -------------------------------------------------------------------------------------
    function          45      5899     22.39      1551.3        2.305   0.0e+00   0.0e+00
    loop              70       503     13.95      1550.4        5.276   7.0e-02   5.3e-04
    =====================================================================================
    `logits` ranges up to 132.4, which is what the relative column divides by.

    With TF32 disabled the same comparison gives rel=8.1e-07, 655x smaller than the 5.3e-04 above.
    So the TensorRT-side difference is TF32, not the folding: at plain FP32 the `Loop`
    version agrees with the flat one to a few ULP, same order as the onnxruntime check.

    Loop vs function: TRT layers 5899 -> 503 (11.7x fewer), build 22.4s -> 14.0s, engine 1551MB -> 1550MB, latency 2.305ms -> 5.276ms
    `function` is the flat network as far as TensorRT is concerned, the parser inlines it.
============================== End   [case_large_model]

Finish
